Archive member included because of file (symbol)

build/sky///contiki-ng-sky.a(uart1-putchar.o)
                              build/sky///obj/contiki-main.o (putchar)
build/sky///contiki-ng-sky.a(platform.o)
                              build/sky///obj/contiki-main.o (platform_init_stage_one)
build/sky///contiki-ng-sky.a(msp430.o)
                              build/sky///contiki-ng-sky.a(platform.o) (msp430_dco_required)
build/sky///contiki-ng-sky.a(clock.o)
                              build/sky///obj/contiki-main.o (clock_init)
build/sky///contiki-ng-sky.a(leds.o)
                              build/sky///contiki-ng-sky.a(platform.o) (leds_init)
build/sky///contiki-ng-sky.a(leds-arch.o)
                              build/sky///contiki-ng-sky.a(leds.o) (leds_arch_init)
build/sky///contiki-ng-sky.a(watchdog.o)
                              build/sky///obj/contiki-main.o (watchdog_start)
build/sky///contiki-ng-sky.a(serial-shell.o)
                              build/sky///obj/contiki-main.o (serial_shell_init)
build/sky///contiki-ng-sky.a(shell.o)
                              build/sky///contiki-ng-sky.a(serial-shell.o) (shell_input)
build/sky///contiki-ng-sky.a(shell-commands.)
                              sf-plugtest.o (shell_commands_set_6top_sub_cmd)
build/sky///contiki-ng-sky.a(sixp.o)
                              sf-plugtest.o (sixp_output)
build/sky///contiki-ng-sky.a(sixp-nbr.o)
                              sf-plugtest.o (sixp_nbr_find)
build/sky///contiki-ng-sky.a(sixp-pkt.o)
                              sf-plugtest.o (sixp_pkt_set_cell_options)
build/sky///contiki-ng-sky.a(sixp-trans.o)
                              build/sky///contiki-ng-sky.a(sixp.o) (sixp_trans_transit_state)
build/sky///contiki-ng-sky.a(sixtop.o)
                              build/sky///contiki-ng-sky.a(sixp.o) (sixtop_find_sf)
build/sky///contiki-ng-sky.a(autostart.o)
                              build/sky///obj/contiki-main.o (autostart_start)
build/sky///contiki-ng-sky.a(ctimer.o)
                              build/sky///obj/contiki-main.o (ctimer_init)
build/sky///contiki-ng-sky.a(energest.o)
                              build/sky///obj/contiki-main.o (energest_init)
build/sky///contiki-ng-sky.a(etimer.o)
                              build/sky///contiki-ng-sky.a(clock.o) (etimer_request_poll)
build/sky///contiki-ng-sky.a(log.o)
                              build/sky///obj/contiki-main.o (log_6addr)
build/sky///contiki-ng-sky.a(node-id.o)
                              build/sky///obj/contiki-main.o (node_id_init)
build/sky///contiki-ng-sky.a(process.o)
                              build/sky///contiki-ng-sky.a(shell-commands.) (process_current)
build/sky///contiki-ng-sky.a(rtimer.o)
                              build/sky///obj/contiki-main.o (rtimer_init)
build/sky///contiki-ng-sky.a(timer.o)
                              build/sky///contiki-ng-sky.a(etimer.o) (timer_set)
build/sky///contiki-ng-sky.a(serial-line.o)
                              build/sky///contiki-ng-sky.a(serial-shell.o) (serial_line_event_message)
build/sky///contiki-ng-sky.a(assert.o)
                              sf-plugtest.o (_xassert)
build/sky///contiki-ng-sky.a(list.o)
                              build/sky///contiki-ng-sky.a(shell-commands.) (list_init)
build/sky///contiki-ng-sky.a(memb.o)
                              build/sky///contiki-ng-sky.a(sixp-trans.o) (memb_init)
build/sky///contiki-ng-sky.a(random.o)
                              build/sky///contiki-ng-sky.a(platform.o) (random_init)
build/sky///contiki-ng-sky.a(ringbuf.o)
                              build/sky///contiki-ng-sky.a(serial-line.o) (ringbuf_init)
build/sky///contiki-ng-sky.a(linkaddr.o)
                              build/sky///contiki-ng-sky.a(platform.o) (linkaddr_copy)
build/sky///contiki-ng-sky.a(nbr-table.o)
                              build/sky///contiki-ng-sky.a(sixp-nbr.o) (nbr_table_is_registered)
build/sky///contiki-ng-sky.a(netstack.o)
                              build/sky///obj/contiki-main.o (netstack_init)
build/sky///contiki-ng-sky.a(packetbuf.o)
                              build/sky///contiki-ng-sky.a(sixtop.o) (packetbuf_hdrreduce)
build/sky///contiki-ng-sky.a(queuebuf.o)
                              build/sky///obj/contiki-main.o (queuebuf_init)
build/sky///contiki-ng-sky.a(frame802154.o)
                              build/sky///contiki-ng-sky.a(shell-commands.) (frame802154_get_pan_id)
build/sky///contiki-ng-sky.a(frame802154e-ie)
                              build/sky///contiki-ng-sky.a(sixtop.o) (frame80215e_create_ie_header_list_termination_1)
build/sky///contiki-ng-sky.a(tsch-adaptive-t)
                              build/sky///contiki-ng-sky.a(shell-commands.) (tsch_adaptive_timesync_get_drift_ppm)
build/sky///contiki-ng-sky.a(tsch.o)
                              build/sky///contiki-ng-sky.a(shell-commands.) (tsch_is_associated)
build/sky///contiki-ng-sky.a(tsch-log.o)
[...]
Memory Configuration

Name             Origin             Length             Attributes
sfr              0x00000000         0x00000010
peripheral_8bit  0x00000010         0x000000f0
peripheral_16bit 0x00000100         0x00000100
ram_mirror       0x00000200         0x00000800         xw
infomem          0x00001000         0x00000100
infob            0x00001000         0x00000080
infoa            0x00001080         0x00000080
ram              0x00001100         0x00002800         xw
rom              0x00004000         0x0000bfe0         xr
vectors          0x0000ffe0         0x00000020
bsl              0x00000000         0x00000000
infoc            0x00000000         0x00000000
infod            0x00000000         0x00000000
ram2             0x00000000         0x00000000         xw
usbram           0x00000000         0x00000000         xw
far_rom          0x00000000         0x00000000
*default*        0x00000000         0xffffffff

Linker script and memory map

LOAD /usr/local/msp430/bin/../lib/gcc/msp430/4.7.0/mmpy-16/crt0ivtbl16.o
                0x00003352                _stack = _end
LOAD sf-plugtest.o
LOAD build/sky///obj/sf-plugtest.o
LOAD build/sky///obj/contiki-main.o
LOAD build/sky///contiki-ng-sky.a
LOAD /usr/local/msp430/bin/../lib/gcc/msp430/4.7.0/mmpy-16/libgcc.a
LOAD /usr/local/msp430/bin/../lib/gcc/msp430/4.7.0/../../../../msp430/lib/mmpy-16/libc.a
LOAD /usr/local/msp430/bin/../lib/gcc/msp430/4.7.0/mmpy-16/libgcc.a
LOAD /usr/local/msp430/bin/../lib/gcc/msp430/4.7.0/mmpy-16/libcrt0.a
                0x00000080                PROVIDE (__info_segment_size, 0x80)
                0x00001000                PROVIDE (__infob, 0x1000)
                0x00001080                PROVIDE (__infoa, 0x1080)
                0x00000000                __IE1 = 0x0
                0x00000002                __IFG1 = 0x2
                0x00000004                __ME1 = 0x4
                0x00000001                __IE2 = 0x1
                0x00000003                __IFG2 = 0x3
                0x00000005                __ME2 = 0x5
                0x00000120                __WDTCTL = 0x120
                0x00000130                __MPY = 0x130
                0x00000132                __MPYS = 0x132
                0x00000134                __MAC = 0x134
                0x00000136                __MACS = 0x136
                0x00000138                __OP2 = 0x138
                0x0000013a                __RESLO = 0x13a
                0x0000013c                __RESHI = 0x13c
                0x0000013e                __SUMEXT = 0x13e
                0x00000020                __P1IN = 0x20
                0x00000021                __P1OUT = 0x21
                0x00000022                __P1DIR = 0x22
                0x00000023                __P1IFG = 0x23
                0x00000024                __P1IES = 0x24
                0x00000025                __P1IE = 0x25
                0x00000026                __P1SEL = 0x26
                0x00000028                __P2IN = 0x28
                0x00000029                __P2OUT = 0x29
                0x0000002a                __P2DIR = 0x2a
                0x0000002b                __P2IFG = 0x2b
                0x0000002c                __P2IES = 0x2c
                0x0000002d                __P2IE = 0x2d
                0x0000002e                __P2SEL = 0x2e
                0x00000018                __P3IN = 0x18
                0x00000019                __P3OUT = 0x19
                0x0000001a                __P3DIR = 0x1a
                0x0000001b                __P3SEL = 0x1b
                0x0000001c                __P4IN = 0x1c
                0x0000001d                __P4OUT = 0x1d
                0x0000001e                __P4DIR = 0x1e
                0x0000001f                __P4SEL = 0x1f
                0x00000030                __P5IN = 0x30
                0x00000031                __P5OUT = 0x31
                0x00000032                __P5DIR = 0x32
                0x00000033                __P5SEL = 0x33
                0x00000034                __P6IN = 0x34
                0x00000035                __P6OUT = 0x35
                0x00000036                __P6DIR = 0x36
                0x00000037                __P6SEL = 0x37
                0x00000070                __U0CTL = 0x70
                0x00000071                __U0TCTL = 0x71
                0x00000072                __U0RCTL = 0x72
                0x00000073                __U0MCTL = 0x73
                0x00000074                __U0BR0 = 0x74
                0x00000075                __U0BR1 = 0x75
                0x00000076                __U0RXBUF = 0x76
                0x00000077                __U0TXBUF = 0x77
                0x00000078                __U1CTL = 0x78
                0x00000079                __U1TCTL = 0x79
                0x0000007a                __U1RCTL = 0x7a
                0x0000007b                __U1MCTL = 0x7b
                0x0000007c                __U1BR0 = 0x7c
                0x0000007d                __U1BR1 = 0x7d
                0x0000007e                __U1RXBUF = 0x7e
                0x0000007f                __U1TXBUF = 0x7f
                0x00000050                __I2CIE = 0x50
                0x00000051                __I2CIFG = 0x51
                0x00000052                __I2CNDAT = 0x52
                0x00000071                __I2CTCTL = 0x71
                0x00000072                __I2CDCTL = 0x72
                0x00000073                __I2CPSC = 0x73
                0x00000074                __I2CSCLH = 0x74
                0x00000075                __I2CSCLL = 0x75
                0x00000076                __I2CDRB = 0x76
                0x00000076                __I2CDRW = 0x76
                0x00000118                __I2COA = 0x118
                0x0000011a                __I2CSA = 0x11a
                0x0000011c                __I2CIV = 0x11c
                0x0000012e                __TAIV = 0x12e
                0x00000160                __TACTL = 0x160
                0x00000162                __TACCTL0 = 0x162
                0x00000164                __TACCTL1 = 0x164
                0x00000166                __TACCTL2 = 0x166
                0x00000170                __TAR = 0x170
                0x00000172                __TACCR0 = 0x172
                0x00000174                __TACCR1 = 0x174
                0x00000176                __TACCR2 = 0x176
                0x0000011e                __TBIV = 0x11e
                0x00000180                __TBCTL = 0x180
                0x00000182                __TBCCTL0 = 0x182
                0x00000184                __TBCCTL1 = 0x184
                0x00000186                __TBCCTL2 = 0x186
                0x00000188                __TBCCTL3 = 0x188
                0x0000018a                __TBCCTL4 = 0x18a
                0x0000018c                __TBCCTL5 = 0x18c
                0x0000018e                __TBCCTL6 = 0x18e
                0x00000190                __TBR = 0x190
                0x00000192                __TBCCR0 = 0x192
                0x00000194                __TBCCR1 = 0x194
                0x00000196                __TBCCR2 = 0x196
                0x00000198                __TBCCR3 = 0x198
                0x0000019a                __TBCCR4 = 0x19a
                0x0000019c                __TBCCR5 = 0x19c
                0x0000019e                __TBCCR6 = 0x19e
                0x00000056                __DCOCTL = 0x56
                0x00000057                __BCSCTL1 = 0x57
                0x00000058                __BCSCTL2 = 0x58
                0x00000055                __SVSCTL = 0x55
                0x00000128                __FCTL1 = 0x128
                0x0000012a                __FCTL2 = 0x12a
                0x0000012c                __FCTL3 = 0x12c
                0x00000059                __CACTL1 = 0x59
                0x0000005a                __CACTL2 = 0x5a
                0x0000005b                __CAPD = 0x5b
                0x000001a0                __ADC12CTL0 = 0x1a0
                0x000001a2                __ADC12CTL1 = 0x1a2
                0x000001a4                __ADC12IFG = 0x1a4
                0x000001a6                __ADC12IE = 0x1a6
                0x000001a8                __ADC12IV = 0x1a8
                0x00000140                __ADC12MEM0 = 0x140
                0x00000142                __ADC12MEM1 = 0x142
                0x00000144                __ADC12MEM2 = 0x144
                0x00000146                __ADC12MEM3 = 0x146
                0x00000148                __ADC12MEM4 = 0x148
                0x0000014a                __ADC12MEM5 = 0x14a
                0x0000014c                __ADC12MEM6 = 0x14c
                0x0000014e                __ADC12MEM7 = 0x14e
                0x00000150                __ADC12MEM8 = 0x150
                0x00000152                __ADC12MEM9 = 0x152
                0x00000154                __ADC12MEM10 = 0x154
                0x00000156                __ADC12MEM11 = 0x156
                0x00000158                __ADC12MEM12 = 0x158
                0x0000015a                __ADC12MEM13 = 0x15a
                0x0000015c                __ADC12MEM14 = 0x15c
                0x0000015e                __ADC12MEM15 = 0x15e
                0x00000080                __ADC12MCTL0 = 0x80
                0x00000081                __ADC12MCTL1 = 0x81
                0x00000082                __ADC12MCTL2 = 0x82
                0x00000083                __ADC12MCTL3 = 0x83
                0x00000084                __ADC12MCTL4 = 0x84
                0x00000085                __ADC12MCTL5 = 0x85
                0x00000086                __ADC12MCTL6 = 0x86
                0x00000087                __ADC12MCTL7 = 0x87
                0x00000088                __ADC12MCTL8 = 0x88
                0x00000089                __ADC12MCTL9 = 0x89
                0x0000008a                __ADC12MCTL10 = 0x8a
                0x0000008b                __ADC12MCTL11 = 0x8b
                0x0000008c                __ADC12MCTL12 = 0x8c
                0x0000008d                __ADC12MCTL13 = 0x8d
                0x0000008e                __ADC12MCTL14 = 0x8e
                0x0000008f                __ADC12MCTL15 = 0x8f
                0x000001c0                __DAC12_0CTL = 0x1c0
                0x000001c2                __DAC12_1CTL = 0x1c2
                0x000001c8                __DAC12_0DAT = 0x1c8
                0x000001ca                __DAC12_1DAT = 0x1ca
                0x00000122                __DMACTL0 = 0x122
                0x00000124                __DMACTL1 = 0x124
                0x000001e0                __DMA0CTL = 0x1e0
                0x000001e8                __DMA1CTL = 0x1e8
                0x000001f0                __DMA2CTL = 0x1f0
                0x000001e2                __DMA0SA = 0x1e2
                0x000001e4                __DMA0DA = 0x1e4
                0x000001e6                __DMA0SZ = 0x1e6
                0x000001ea                __DMA1SA = 0x1ea
                0x000001ec                __DMA1DA = 0x1ec
                0x000001ee                __DMA1SZ = 0x1ee
                0x000001f2                __DMA2SA = 0x1f2
                0x000001f4                __DMA2DA = 0x1f4
                0x000001f6                __DMA2SZ = 0x1f6

.hash
 *(.hash)

.dynsym
 *(.dynsym)

.dynstr
 *(.dynstr)

.gnu.version
 *(.gnu.version)

.gnu.version_d
 *(.gnu.version_d)

.gnu.version_r
 *(.gnu.version_r)

.rel.init
 *(.rel.init)

.rela.init
 *(.rela.init)

.rel.fini
 *(.rel.fini)

.rela.fini
 *(.rela.fini)

.rel.text
 *(.rel.text .rel.text.* .rel.gnu.linkonce.t.*)

.rela.text
 *(.rela.text .rela.text.* .rela.gnu.linkonce.t.*)

.rel.rodata
 *(.rel.rodata .rel.rodata.* .rel.gnu.linkonce.r.*)

.rela.rodata
 *(.rela.rodata .rela.rodata.* .rela.gnu.linkonce.r.*)

.rel.data
 *(.rel.data .rel.data.* .rel.gnu.linkonce.d.*)

.rela.data
 *(.rela.data .rela.data.* .rela.gnu.linkonce.d.*)

.rel.bss
 *(.rel.bss .rel.bss.* .rel.gnu.linkonce.b.*)

.rela.bss
 *(.rela.bss .rela.bss.* .rela.gnu.linkonce.b.*)

.rel.ctors
 *(.rel.ctors)

.rela.ctors
 *(.rela.ctors)

.rel.dtors
 *(.rel.dtors)

.rela.dtors
 *(.rela.dtors)

.rel.got
 *(.rel.got)

.rela.got
 *(.rela.got)

.rel.plt
 *(.rel.plt)

.rela.plt
 *(.rela.plt)

.text           0x00004000    0x12cfa
                0x00004000                . = ALIGN (0x2)
 *(.init .init.*)
 *(.init0)
 .init0         0x00004000        0x0 /usr/local/msp430/bin/../lib/gcc/msp430/4.7.0/mmpy-16/libcrt0.a(_reset_vector__.o)
                0x00004000                _reset_vector__
 *(.init1)
 .init1         0x00004000        0xc /usr/local/msp430/bin/../lib/gcc/msp430/4.7.0/mmpy-16/libcrt0.a(__watchdog_support.o)
                0x00004000                __watchdog_support
 *(.init2)
 .init2         0x0000400c        0x4 /usr/local/msp430/bin/../lib/gcc/msp430/4.7.0/mmpy-16/libcrt0.a(__init_stack.o)
                0x0000400c                __init_stack
 *(.init3)
 .init3         0x00004010        0x0 /usr/local/msp430/bin/../lib/gcc/msp430/4.7.0/mmpy-16/libcrt0.a(__low_level_init.o)
                0x00004010                __low_level_init
 *(.init4)
 .init4         0x00004010       0x18 /usr/local/msp430/bin/../lib/gcc/msp430/4.7.0/mmpy-16/libcrt0.a(_copy_data.o)
                0x00004010                __do_copy_data
 .init4         0x00004028       0x16 /usr/local/msp430/bin/../lib/gcc/msp430/4.7.0/mmpy-16/libcrt0.a(_clear_bss.o)
                0x00004028                __do_clear_bss
 *(.init5)
 *(.init6)
 *(.init7)
 *(.init8)
 *(.init9)
 .init9         0x0000403e      0x230 build/sky///obj/contiki-main.o
                0x0000403e                main
 *(.fini9)
 .fini9         0x0000426e        0x0 /usr/local/msp430/bin/../lib/gcc/msp430/4.7.0/mmpy-16/libcrt0.a(__stop_progExec__.o)
                0x0000426e                __stop_progExec__
 *(.fini8)
 *(.fini7)
 *(.fini6)
 *(.fini5)
 *(.fini4)
 *(.fini3)
 *(.fini2)
 *(.fini1)
 *(.fini0)
 .fini0         0x0000426e        0x6 /usr/local/msp430/bin/../lib/gcc/msp430/4.7.0/mmpy-16/libcrt0.a(_endless_loop__.o)
                0x0000426e                _endless_loop__
 *(.fini .fini.*)
                0x00004274                . = ALIGN (0x2)
                0x00004274                __ctors_start = .
 *(.ctors)
                0x00004274                __ctors_end = .
                0x00004274                __dtors_start = .
 *(.dtors)
                0x00004274                __dtors_end = .
                0x00004274                . = ALIGN (0x2)
 *(.text .text.* .gnu.linkonce.t.*)
 .text          0x00004274        0x4 /usr/local/msp430/bin/../lib/gcc/msp430/4.7.0/mmpy-16/crt0ivtbl16.o
                0x00004274                __isr_14
                0x00004274                __isr_11
                0x00004274                __isr_2
                0x00004274                __isr_7
                0x00004274                __isr_0
                0x00004274                __isr_8
                0x00004274                __isr_3
                0x00004274                __isr_13
                0x00004274                __isr_9
 .text.putchar  0x00004278       0x10 build/sky///contiki-ng-sky.a(uart1-putchar.o)
                0x00004278                putchar
 .text.platform_init_stage_one
                0x00004288       0x12 build/sky///contiki-ng-sky.a(platform.o)
                0x00004288                platform_init_stage_one
 .text.platform_init_stage_two
                0x0000429a       0x64 build/sky///contiki-ng-sky.a(platform.o)
                0x0000429a                platform_init_stage_two
 .text.platform_init_stage_three
                0x000042fe       0x6c build/sky///contiki-ng-sky.a(platform.o)
                0x000042fe                platform_init_stage_three
 .text.platform_idle
                0x0000436a       0x38 build/sky///contiki-ng-sky.a(platform.o)
                0x0000436a                platform_idle
 .text.msp430_init_dco
                0x000043a2       0x82 build/sky///contiki-ng-sky.a(msp430.o)
                0x000043a2                msp430_init_dco
 .text.msp430_add_lpm_req
                0x00004424        0xc build/sky///contiki-ng-sky.a(msp430.o)
                0x00004424                msp430_add_lpm_req
 .text.msp430_cpu_init
                0x00004430       0x2a build/sky///contiki-ng-sky.a(msp430.o)
                0x00004430                msp430_cpu_init
 .text.splhigh_
                0x0000445a        0x8 build/sky///contiki-ng-sky.a(msp430.o)
                0x0000445a                splhigh_
 .text.timera1  0x00004462       0xdc build/sky///contiki-ng-sky.a(clock.o)
                0x00004462                __isr_5
                0x00004462                timera1
 .text.clock_time
                0x0000453e       0x1a build/sky///contiki-ng-sky.a(clock.o)
                0x0000453e                clock_time
 .text.clock_init
                0x00004558       0x28 build/sky///contiki-ng-sky.a(clock.o)
                0x00004558                clock_init
 .text.clock_delay
                0x00004580        0xc build/sky///contiki-ng-sky.a(clock.o)
                0x00004580                clock_delay
 .text.clock_seconds
                0x0000458c       0x1a build/sky///contiki-ng-sky.a(clock.o)
                0x0000458c                clock_seconds
 .text.leds_init
                0x000045a6        0x6 build/sky///contiki-ng-sky.a(leds.o)
                0x000045a6                leds_init
 .text.leds_on  0x000045ac       0x12 build/sky///contiki-ng-sky.a(leds.o)
                0x000045ac                leds_on
 .text.leds_off
                0x000045be       0x12 build/sky///contiki-ng-sky.a(leds.o)
                0x000045be                leds_off
 .text.leds_arch_init
                0x000045d0        0xe build/sky///contiki-ng-sky.a(leds-arch.o)
                0x000045d0                leds_arch_init
 .text.leds_arch_get
                0x000045de       0x34 build/sky///contiki-ng-sky.a(leds-arch.o)
                0x000045de                leds_arch_get
 .text.leds_arch_set
                0x00004612       0x3e build/sky///contiki-ng-sky.a(leds-arch.o)
                0x00004612                leds_arch_set
 .text.watchdog_interrupt
                0x00004650        0x6 build/sky///contiki-ng-sky.a(watchdog.o)
                0x00004650                __isr_10
                0x00004650                watchdog_interrupt
 .text.watchdog_start
                0x00004656       0x14 build/sky///contiki-ng-sky.a(watchdog.o)
                0x00004656                watchdog_start
 .text.watchdog_periodic
                0x0000466a       0x12 build/sky///contiki-ng-sky.a(watchdog.o)
                0x0000466a                watchdog_periodic
 .text.watchdog_stop
                0x0000467c       0x16 build/sky///contiki-ng-sky.a(watchdog.o)
                0x0000467c                watchdog_stop
 .text.watchdog_init
                0x00004692       0x12 build/sky///contiki-ng-sky.a(watchdog.o)
                0x00004692                watchdog_init
 .text.watchdog_reboot
                0x000046a4        0x6 build/sky///contiki-ng-sky.a(watchdog.o)
                0x000046a4                watchdog_reboot
 .text.process_thread_serial_shell_process
                0x000046aa       0x62 build/sky///contiki-ng-sky.a(serial-shell.o)
 .text.serial_shell_output
                0x0000470c        0xe build/sky///contiki-ng-sky.a(serial-shell.o)
 .text.serial_shell_init
                0x0000471a        0xc build/sky///contiki-ng-sky.a(serial-shell.o)
                0x0000471a                serial_shell_init
 .text.shell_output_6addr
                0x00004726       0x50 build/sky///contiki-ng-sky.a(shell.o)
                0x00004726                shell_output_6addr
 .text.shell_output_lladdr
                0x00004776       0x88 build/sky///contiki-ng-sky.a(shell.o)
                0x00004776                shell_output_lladdr
 .text.shell_input
                0x000047fe       0xc6 build/sky///contiki-ng-sky.a(shell.o)
                0x000047fe                shell_input
 .text.shell_init
                0x000048c4        0x6 build/sky///contiki-ng-sky.a(shell.o)
                0x000048c4                shell_init
 .text.cmd_rpl_global_repair
                0x000048ca       0x3a build/sky///contiki-ng-sky.a(shell-commands.)
 .text.cmd_rpl_local_repair
                0x00004904       0x3a build/sky///contiki-ng-sky.a(shell-commands.)
 .text.cmd_6top
                0x0000493e       0x72 build/sky///contiki-ng-sky.a(shell-commands.)
 .text.cmd_tsch_status
                0x000049b0      0x1a6 build/sky///contiki-ng-sky.a(shell-commands.)
 .text.cmd_help
                0x00004b56       0x94 build/sky///contiki-ng-sky.a(shell-commands.)
 .text.cmd_tsch_schedule
                0x00004bea      0x11c build/sky///contiki-ng-sky.a(shell-commands.)
 .text.cmd_tsch_set_coordinator
                0x00004d06      0x15e build/sky///contiki-ng-sky.a(shell-commands.)
 .text.cmd_ipaddr
                0x00004e64       0x9a build/sky///contiki-ng-sky.a(shell-commands.)
 .text.cmd_routes
                0x00004efe      0x150 build/sky///contiki-ng-sky.a(shell-commands.)
 .text.cmd_rpl_nbr
                0x0000504e       0xc0 build/sky///contiki-ng-sky.a(shell-commands.)
 .text.cmd_rpl_status
                0x0000510e      0x376 build/sky///contiki-ng-sky.a(shell-commands.)
 .text.cmd_rpl_refresh_routes
                0x00005484       0x3a build/sky///contiki-ng-sky.a(shell-commands.)
 .text.cmd_rpl_set_root
                0x000054be      0x1a2 build/sky///contiki-ng-sky.a(shell-commands.)
 .text.cmd_ping
                0x00005660      0x1b4 build/sky///contiki-ng-sky.a(shell-commands.)
 .text.shell_output_log_levels
                0x00005814       0x78 build/sky///contiki-ng-sky.a(shell-commands.)
 .text.cmd_log  0x0000588c      0x188 build/sky///contiki-ng-sky.a(shell-commands.)
 .text.cmd_ip_neighbors
                0x00005a14      0x118 build/sky///contiki-ng-sky.a(shell-commands.)
 .text.cmd_reboot
                0x00005b2c       0x36 build/sky///contiki-ng-sky.a(shell-commands.)
 .text.echo_reply_handler
                0x00005b62       0x1c build/sky///contiki-ng-sky.a(shell-commands.)
 .text.shell_commands_init
                0x00005b7e       0x22 build/sky///contiki-ng-sky.a(shell-commands.)
                0x00005b7e                shell_commands_init
 .text.shell_command_lookup
                0x00005ba0       0x44 build/sky///contiki-ng-sky.a(shell-commands.)
                0x00005ba0                shell_command_lookup
 .text.send_back_error.constprop.2
                0x00005be4       0x62 build/sky///contiki-ng-sky.a(sixp.o)
 .text.sixp_input
                0x00005c46      0x432 build/sky///contiki-ng-sky.a(sixp.o)
                0x00005c46                sixp_input
 .text.sixp_init
                0x00006078        0xa build/sky///contiki-ng-sky.a(sixp.o)
                0x00006078                sixp_init
 .text.sixp_nbr_find
                0x00006082       0x20 build/sky///contiki-ng-sky.a(sixp-nbr.o)
                0x00006082                sixp_nbr_find
 .text.sixp_nbr_free
                0x000060a2       0x1e build/sky///contiki-ng-sky.a(sixp-nbr.o)
                0x000060a2                sixp_nbr_free
 .text.sixp_nbr_get_next_seqno
                0x000060c0       0x3c build/sky///contiki-ng-sky.a(sixp-nbr.o)
                0x000060c0                sixp_nbr_get_next_seqno
 .text.sixp_nbr_set_next_seqno
                0x000060fc       0x3e build/sky///contiki-ng-sky.a(sixp-nbr.o)
                0x000060fc                sixp_nbr_set_next_seqno
 .text.sixp_nbr_reset_next_seqno
                0x0000613a       0x3e build/sky///contiki-ng-sky.a(sixp-nbr.o)
                0x0000613a                sixp_nbr_reset_next_seqno
 .text.sixp_nbr_increment_next_seqno
                0x00006178       0x4e build/sky///contiki-ng-sky.a(sixp-nbr.o)
                0x00006178                sixp_nbr_increment_next_seqno
 .text.sixp_nbr_init
                0x000061c6       0x48 build/sky///contiki-ng-sky.a(sixp-nbr.o)
                0x000061c6                sixp_nbr_init
 .text.sixp_pkt_get_cell_list
                0x0000620e      0x120 build/sky///contiki-ng-sky.a(sixp-pkt.o)
                0x0000620e                sixp_pkt_get_cell_list
 .text.sixp_pkt_parse
                0x0000632e      0x1da build/sky///contiki-ng-sky.a(sixp-pkt.o)
                0x0000632e                sixp_pkt_parse
 .text.sixp_pkt_create
                0x00006508      0x138 build/sky///contiki-ng-sky.a(sixp-pkt.o)
                0x00006508                sixp_pkt_create
 .text.free_trans
                0x00006640       0x2e build/sky///contiki-ng-sky.a(sixp-trans.o)
 .text.start_trans_timer
                0x0000666e       0x1e build/sky///contiki-ng-sky.a(sixp-trans.o)
 .text.sixp_trans_transit_state
                0x0000668c      0x1be build/sky///contiki-ng-sky.a(sixp-trans.o)
                0x0000668c                sixp_trans_transit_state
 .text.handle_trans_timeout
                0x0000684a       0x3c build/sky///contiki-ng-sky.a(sixp-trans.o)
 .text.process_trans
                0x00006886       0xae build/sky///contiki-ng-sky.a(sixp-trans.o)
 .text.sixp_trans_get_seqno
                0x00006934       0x3c build/sky///contiki-ng-sky.a(sixp-trans.o)
                0x00006934                sixp_trans_get_seqno
 .text.sixp_trans_find
                0x00006970       0x46 build/sky///contiki-ng-sky.a(sixp-trans.o)
                0x00006970                sixp_trans_find
 .text.sixp_trans_alloc
                0x000069b6      0x19a build/sky///contiki-ng-sky.a(sixp-trans.o)
                0x000069b6                sixp_trans_alloc
 .text.sixp_trans_init
                0x00006b50       0x40 build/sky///contiki-ng-sky.a(sixp-trans.o)
                0x00006b50                sixp_trans_init
 .text.strip_payload_termination_ie
                0x00006b90       0x1a build/sky///contiki-ng-sky.a(sixtop.o)
                0x00006b90                strip_payload_termination_ie
 .text.sixtop_find_sf
                0x00006baa       0x12 build/sky///contiki-ng-sky.a(sixtop.o)
                0x00006baa                sixtop_find_sf
 .text.sixtop_output
                0x00006bbc      0x168 build/sky///contiki-ng-sky.a(sixtop.o)
                0x00006bbc                sixtop_output
 .text.sixtop_input
                0x00006d24       0xec build/sky///contiki-ng-sky.a(sixtop.o)
                0x00006d24                sixtop_input
 .text.sixtop_init_sf
                0x00006e10       0x14 build/sky///contiki-ng-sky.a(sixtop.o)
                0x00006e10                sixtop_init_sf
 .text.sixtop_init
                0x00006e24        0xe build/sky///contiki-ng-sky.a(sixtop.o)
                0x00006e24                sixtop_init
 .text.autostart_start
                0x00006e32       0x16 build/sky///contiki-ng-sky.a(autostart.o)
                0x00006e32                autostart_start
 .text.process_thread_ctimer_process
                0x00006e48       0xa8 build/sky///contiki-ng-sky.a(ctimer.o)
 .text.ctimer_init
                0x00006ef0       0x18 build/sky///contiki-ng-sky.a(ctimer.o)
                0x00006ef0                ctimer_init
 .text.ctimer_set_with_process
                0x00006f08       0x4e build/sky///contiki-ng-sky.a(ctimer.o)
                0x00006f08                ctimer_set_with_process
 .text.ctimer_set
                0x00006f56       0x10 build/sky///contiki-ng-sky.a(ctimer.o)
                0x00006f56                ctimer_set
 .text.ctimer_reset
                0x00006f66       0x30 build/sky///contiki-ng-sky.a(ctimer.o)
                0x00006f66                ctimer_reset
 .text.ctimer_stop
                0x00006f96       0x28 build/sky///contiki-ng-sky.a(ctimer.o)
                0x00006f96                ctimer_stop
 .text.ctimer_expired
                0x00006fbe       0x30 build/sky///contiki-ng-sky.a(ctimer.o)
                0x00006fbe                ctimer_expired
 .text.energest_init
                0x00006fee        0x2 build/sky///contiki-ng-sky.a(energest.o)
                0x00006fee                energest_init
 .text.energest_flush
                0x00006ff0        0x2 build/sky///contiki-ng-sky.a(energest.o)
                0x00006ff0                energest_flush
 .text.update_time
                0x00006ff2       0x78 build/sky///contiki-ng-sky.a(etimer.o)
 .text.etimer_request_poll
                0x0000706a        0xa build/sky///contiki-ng-sky.a(etimer.o)
                0x0000706a                etimer_request_poll
 .text.process_thread_etimer_process
                0x00007074       0xcc build/sky///contiki-ng-sky.a(etimer.o)
 .text.add_timer
                0x00007140       0x40 build/sky///contiki-ng-sky.a(etimer.o)
 .text.etimer_set
                0x00007180       0x12 build/sky///contiki-ng-sky.a(etimer.o)
                0x00007180                etimer_set
 .text.etimer_reset
                0x00007192       0x12 build/sky///contiki-ng-sky.a(etimer.o)
                0x00007192                etimer_reset
 .text.etimer_expired
                0x000071a4        0xe build/sky///contiki-ng-sky.a(etimer.o)
                0x000071a4                etimer_expired
 .text.etimer_pending
                0x000071b2        0xc build/sky///contiki-ng-sky.a(etimer.o)
                0x000071b2                etimer_pending
 .text.etimer_next_expiration_time
                0x000071be       0x16 build/sky///contiki-ng-sky.a(etimer.o)
                0x000071be                etimer_next_expiration_time
 .text.etimer_stop
                0x000071d4       0x3e build/sky///contiki-ng-sky.a(etimer.o)
                0x000071d4                etimer_stop
 .text.log_6addr
                0x00007212       0x32 build/sky///contiki-ng-sky.a(log.o)
                0x00007212                log_6addr
 .text.log_lladdr
                0x00007244       0x44 build/sky///contiki-ng-sky.a(log.o)
                0x00007244                log_lladdr
 .text.log_lladdr_compact
                0x00007288       0x3e build/sky///contiki-ng-sky.a(log.o)
                0x00007288                log_lladdr_compact
 .text.log_set_level
                0x000072c6       0x58 build/sky///contiki-ng-sky.a(log.o)
                0x000072c6                log_set_level
 .text.log_get_level
                0x0000731e       0x48 build/sky///contiki-ng-sky.a(log.o)
                0x0000731e                log_get_level
 .text.log_level_to_str
                0x00007366       0x14 build/sky///contiki-ng-sky.a(log.o)
                0x00007366                log_level_to_str
 .text.node_id_init
                0x0000737a       0x14 build/sky///contiki-ng-sky.a(node-id.o)
                0x0000737a                node_id_init
 .text.call_process
                0x0000738e       0x46 build/sky///contiki-ng-sky.a(process.o)
 .text.exit_process
                0x000073d4       0x96 build/sky///contiki-ng-sky.a(process.o)
 .text.do_poll  0x0000746a       0x30 build/sky///contiki-ng-sky.a(process.o)
 .text.process_alloc_event
                0x0000749a        0xe build/sky///contiki-ng-sky.a(process.o)
                0x0000749a                process_alloc_event
 .text.process_init
                0x000074a8       0x18 build/sky///contiki-ng-sky.a(process.o)
                0x000074a8                process_init
 .text.process_run
                0x000074c0       0x92 build/sky///contiki-ng-sky.a(process.o)
                0x000074c0                process_run
 .text.process_nevents
                0x00007552        0xe build/sky///contiki-ng-sky.a(process.o)
                0x00007552                process_nevents
 .text.process_post
                0x00007560       0x42 build/sky///contiki-ng-sky.a(process.o)
                0x00007560                process_post
 .text.process_post_synch
                0x000075a2       0x12 build/sky///contiki-ng-sky.a(process.o)
                0x000075a2                process_post_synch
 .text.process_start
                0x000075b4       0x36 build/sky///contiki-ng-sky.a(process.o)
                0x000075b4                process_start
 .text.process_poll
                0x000075ea       0x18 build/sky///contiki-ng-sky.a(process.o)
                0x000075ea                process_poll
 .text.rtimer_init
                0x00007602        0x6 build/sky///contiki-ng-sky.a(rtimer.o)
                0x00007602                rtimer_init
 .text.rtimer_set
                0x00007608       0x24 build/sky///contiki-ng-sky.a(rtimer.o)
                0x00007608                rtimer_set
 .text.rtimer_run_next
                0x0000762c       0x26 build/sky///contiki-ng-sky.a(rtimer.o)
                0x0000762c                rtimer_run_next
 .text.timer_set
                0x00007652       0x1c build/sky///contiki-ng-sky.a(timer.o)
                0x00007652                timer_set
 .text.timer_expired
                0x0000766e       0x2a build/sky///contiki-ng-sky.a(timer.o)
                0x0000766e                timer_expired
 .text.timer_reset
                0x00007698       0x1c build/sky///contiki-ng-sky.a(timer.o)
                0x00007698                timer_reset
 .text._xassert
                0x000076b4       0x12 build/sky///contiki-ng-sky.a(assert.o)
                0x000076b4                _xassert
 .text.list_init
                0x000076c6        0x6 build/sky///contiki-ng-sky.a(list.o)
                0x000076c6                list_init
 .text.list_head
                0x000076cc        0x4 build/sky///contiki-ng-sky.a(list.o)
                0x000076cc                list_head
 .text.list_tail
                0x000076d0       0x12 build/sky///contiki-ng-sky.a(list.o)
                0x000076d0                list_tail
 .text.list_remove
                0x000076e2       0x34 build/sky///contiki-ng-sky.a(list.o)
                0x000076e2                list_remove
 .text.list_push
                0x00007716       0x1a build/sky///contiki-ng-sky.a(list.o)
                0x00007716                list_push
 .text.list_add
                0x00007730       0x2a build/sky///contiki-ng-sky.a(list.o)
                0x00007730                list_add
 .text.list_item_next
                0x0000775a        0xc build/sky///contiki-ng-sky.a(list.o)
                0x0000775a                list_item_next
 .text.memb_init
                0x00007766       0x36 build/sky///contiki-ng-sky.a(memb.o)
                0x00007766                memb_init
 .text.memb_alloc
                0x0000779c       0x3e build/sky///contiki-ng-sky.a(memb.o)
                0x0000779c                memb_alloc
 .text.memb_free
                0x000077da       0x3a build/sky///contiki-ng-sky.a(memb.o)
                0x000077da                memb_free
 .text.memb_inmemb
                0x00007814       0x2a build/sky///contiki-ng-sky.a(memb.o)
                0x00007814                memb_inmemb
 .text.memb_numfree
                0x0000783e       0x26 build/sky///contiki-ng-sky.a(memb.o)
                0x0000783e                memb_numfree
 .text.random_init
                0x00007864        0x6 build/sky///contiki-ng-sky.a(random.o)
                0x00007864                random_init
 .text.random_rand
                0x0000786a        0x6 build/sky///contiki-ng-sky.a(random.o)
                0x0000786a                random_rand
 .text.linkaddr_copy
                0x00007870        0x8 build/sky///contiki-ng-sky.a(linkaddr.o)
                0x00007870                linkaddr_copy
 .text.linkaddr_cmp
                0x00007878       0x12 build/sky///contiki-ng-sky.a(linkaddr.o)
                0x00007878                linkaddr_cmp
 .text.linkaddr_set_node_addr
                0x0000788a        0xc build/sky///contiki-ng-sky.a(linkaddr.o)
                0x0000788a                linkaddr_set_node_addr
 .text.item_from_index
                0x00007896       0x2a build/sky///contiki-ng-sky.a(nbr-table.o)
 .text.index_from_key
                0x000078c0       0x26 build/sky///contiki-ng-sky.a(nbr-table.o)
 .text.index_from_item
                0x000078e6       0x1e build/sky///contiki-ng-sky.a(nbr-table.o)
 .text.nbr_set_bit
                0x00007904       0x58 build/sky///contiki-ng-sky.a(nbr-table.o)
 .text.index_from_lladdr
                0x0000795c       0x42 build/sky///contiki-ng-sky.a(nbr-table.o)
 .text.nbr_get_bit.constprop.0
                0x0000799e       0x2e build/sky///contiki-ng-sky.a(nbr-table.o)
 .text.nbr_table_is_registered
                0x000079cc       0x22 build/sky///contiki-ng-sky.a(nbr-table.o)
                0x000079cc                nbr_table_is_registered
 .text.nbr_table_register
                0x000079ee       0x40 build/sky///contiki-ng-sky.a(nbr-table.o)
                0x000079ee                nbr_table_register
 .text.nbr_table_next
                0x00007a2e       0x54 build/sky///contiki-ng-sky.a(nbr-table.o)
                0x00007a2e                nbr_table_next
 .text.nbr_table_head
                0x00007a82       0x3a build/sky///contiki-ng-sky.a(nbr-table.o)
                0x00007a82                nbr_table_head
 .text.nbr_table_add_lladdr
                0x00007abc      0x164 build/sky///contiki-ng-sky.a(nbr-table.o)
                0x00007abc                nbr_table_add_lladdr
 .text.nbr_table_get_from_lladdr
                0x00007c20       0x2c build/sky///contiki-ng-sky.a(nbr-table.o)
                0x00007c20                nbr_table_get_from_lladdr
 .text.nbr_table_remove
                0x00007c4c       0x32 build/sky///contiki-ng-sky.a(nbr-table.o)
                0x00007c4c                nbr_table_remove
 .text.nbr_table_lock
                0x00007c7e       0x10 build/sky///contiki-ng-sky.a(nbr-table.o)
                0x00007c7e                nbr_table_lock
 .text.nbr_table_unlock
                0x00007c8e       0x10 build/sky///contiki-ng-sky.a(nbr-table.o)
                0x00007c8e                nbr_table_unlock
 .text.nbr_table_get_lladdr
                0x00007c9e       0x22 build/sky///contiki-ng-sky.a(nbr-table.o)
                0x00007c9e                nbr_table_get_lladdr
 .text.netstack_process_ip_callback
                0x00007cc0       0x4e build/sky///contiki-ng-sky.a(netstack.o)
                0x00007cc0                netstack_process_ip_callback
 .text.netstack_init
                0x00007d0e        0xe build/sky///contiki-ng-sky.a(netstack.o)
                0x00007d0e                netstack_init
 .text.packetbuf_hdrreduce
                0x00007d1c       0x1a build/sky///contiki-ng-sky.a(packetbuf.o)
                0x00007d1c                packetbuf_hdrreduce
 .text.packetbuf_set_datalen
                0x00007d36        0x6 build/sky///contiki-ng-sky.a(packetbuf.o)
                0x00007d36                packetbuf_set_datalen
 .text.packetbuf_hdrptr
                0x00007d3c        0x6 build/sky///contiki-ng-sky.a(packetbuf.o)
                0x00007d3c                packetbuf_hdrptr
 .text.packetbuf_datalen
                0x00007d42        0x6 build/sky///contiki-ng-sky.a(packetbuf.o)
                0x00007d42                packetbuf_datalen
 .text.packetbuf_hdrlen
                0x00007d48        0xa build/sky///contiki-ng-sky.a(packetbuf.o)
                0x00007d48                packetbuf_hdrlen
 .text.packetbuf_dataptr
                0x00007d52        0xc build/sky///contiki-ng-sky.a(packetbuf.o)
                0x00007d52                packetbuf_dataptr
 .text.packetbuf_copyto
                0x00007d5e       0x46 build/sky///contiki-ng-sky.a(packetbuf.o)
                0x00007d5e                packetbuf_copyto
 .text.packetbuf_totlen
                0x00007da4        0xc build/sky///contiki-ng-sky.a(packetbuf.o)
                0x00007da4                packetbuf_totlen
 .text.packetbuf_hdralloc
                0x00007db0       0x3c build/sky///contiki-ng-sky.a(packetbuf.o)
                0x00007db0                packetbuf_hdralloc
 .text.packetbuf_remaininglen
                0x00007dec        0xe build/sky///contiki-ng-sky.a(packetbuf.o)
                0x00007dec                packetbuf_remaininglen
 .text.packetbuf_attr_clear
                0x00007dfa       0x28 build/sky///contiki-ng-sky.a(packetbuf.o)
                0x00007dfa                packetbuf_attr_clear
 .text.packetbuf_clear
                0x00007e22       0x12 build/sky///contiki-ng-sky.a(packetbuf.o)
                0x00007e22                packetbuf_clear
 .text.packetbuf_copyfrom
                0x00007e34       0x2e build/sky///contiki-ng-sky.a(packetbuf.o)
                0x00007e34                packetbuf_copyfrom
 .text.packetbuf_attr_copyto
                0x00007e62       0x22 build/sky///contiki-ng-sky.a(packetbuf.o)
                0x00007e62                packetbuf_attr_copyto
 .text.packetbuf_attr_copyfrom
                0x00007e84       0x24 build/sky///contiki-ng-sky.a(packetbuf.o)
                0x00007e84                packetbuf_attr_copyfrom
 .text.packetbuf_set_attr
                0x00007ea8        0xc build/sky///contiki-ng-sky.a(packetbuf.o)
                0x00007ea8                packetbuf_set_attr
 .text.packetbuf_attr
                0x00007eb4        0xa build/sky///contiki-ng-sky.a(packetbuf.o)
                0x00007eb4                packetbuf_attr
 .text.packetbuf_set_addr
                0x00007ebe       0x18 build/sky///contiki-ng-sky.a(packetbuf.o)
                0x00007ebe                packetbuf_set_addr
 .text.packetbuf_addr
                0x00007ed6       0x12 build/sky///contiki-ng-sky.a(packetbuf.o)
                0x00007ed6                packetbuf_addr
 .text.packetbuf_holds_broadcast
                0x00007ee8        0xe build/sky///contiki-ng-sky.a(packetbuf.o)
                0x00007ee8                packetbuf_holds_broadcast
 .text.queuebuf_init
                0x00007ef6       0x12 build/sky///contiki-ng-sky.a(queuebuf.o)
                0x00007ef6                queuebuf_init
 .text.queuebuf_new_from_packetbuf
                0x00007f08       0x52 build/sky///contiki-ng-sky.a(queuebuf.o)
                0x00007f08                queuebuf_new_from_packetbuf
 .text.queuebuf_free
                0x00007f5a       0x2a build/sky///contiki-ng-sky.a(queuebuf.o)
                0x00007f5a                queuebuf_free
 .text.queuebuf_to_packetbuf
                0x00007f84       0x32 build/sky///contiki-ng-sky.a(queuebuf.o)
                0x00007f84                queuebuf_to_packetbuf
 .text.queuebuf_dataptr
                0x00007fb6       0x1c build/sky///contiki-ng-sky.a(queuebuf.o)
                0x00007fb6                queuebuf_dataptr
 .text.queuebuf_datalen
                0x00007fd2        0x8 build/sky///contiki-ng-sky.a(queuebuf.o)
                0x00007fd2                queuebuf_datalen
 .text.queuebuf_addr
                0x00007fda       0x16 build/sky///contiki-ng-sky.a(queuebuf.o)
                0x00007fda                queuebuf_addr
 .text.queuebuf_attr
                0x00007ff0        0xe build/sky///contiki-ng-sky.a(queuebuf.o)
                0x00007ff0                queuebuf_attr
 .text.frame802154_get_pan_id
                0x00007ffe        0x6 build/sky///contiki-ng-sky.a(frame802154.o)
                0x00007ffe                frame802154_get_pan_id
 .text.frame802154_set_pan_id
                0x00008004        0x6 build/sky///contiki-ng-sky.a(frame802154.o)
                0x00008004                frame802154_set_pan_id
 .text.frame802154_has_panid
                0x0000800a       0xe0 build/sky///contiki-ng-sky.a(frame802154.o)
                0x0000800a                frame802154_has_panid
 .text.field_len
                0x000080ea       0xac build/sky///contiki-ng-sky.a(frame802154.o)
 .text.frame802154_check_dest_panid
                0x00008196       0x3a build/sky///contiki-ng-sky.a(frame802154.o)
                0x00008196                frame802154_check_dest_panid
 .text.frame802154_is_broadcast_addr
                0x000081d0       0x28 build/sky///contiki-ng-sky.a(frame802154.o)
                0x000081d0                frame802154_is_broadcast_addr
 .text.frame802154_extract_linkaddr
                0x000081f8       0x9c build/sky///contiki-ng-sky.a(frame802154.o)
                0x000081f8                frame802154_extract_linkaddr
 .text.frame802154_hdrlen
                0x00008294       0x32 build/sky///contiki-ng-sky.a(frame802154.o)
                0x00008294                frame802154_hdrlen
 .text.frame802154_create_fcf
                0x000082c6       0x96 build/sky///contiki-ng-sky.a(frame802154.o)
                0x000082c6                frame802154_create_fcf
 .text.frame802154_create
                0x0000835c       0xe4 build/sky///contiki-ng-sky.a(frame802154.o)
                0x0000835c                frame802154_create
 .text.frame802154_parse_fcf
                0x00008440       0xbc build/sky///contiki-ng-sky.a(frame802154.o)
                0x00008440                frame802154_parse_fcf
 .text.frame802154_parse
                0x000084fc      0x168 build/sky///contiki-ng-sky.a(frame802154.o)
                0x000084fc                frame802154_parse
 .text.frame80215e_create_ie_header_ack_nack_time_correction
                0x00008664       0x38 build/sky///contiki-ng-sky.a(frame802154e-ie)
                0x00008664                frame80215e_create_ie_header_ack_nack_time_correction
 .text.frame80215e_create_ie_header_list_termination_1
                0x0000869c       0x1c build/sky///contiki-ng-sky.a(frame802154e-ie)
                0x0000869c                frame80215e_create_ie_header_list_termination_1
 .text.frame80215e_create_ie_ietf
                0x000086b8       0x2c build/sky///contiki-ng-sky.a(frame802154e-ie)
                0x000086b8                frame80215e_create_ie_ietf
 .text.frame80215e_create_ie_mlme
                0x000086e4       0x28 build/sky///contiki-ng-sky.a(frame802154e-ie)
                0x000086e4                frame80215e_create_ie_mlme
 .text.frame80215e_create_ie_tsch_synchronization
                0x0000870c       0x56 build/sky///contiki-ng-sky.a(frame802154e-ie)
                0x0000870c                frame80215e_create_ie_tsch_synchronization
 .text.frame80215e_create_ie_tsch_slotframe_and_link
                0x00008762       0xd4 build/sky///contiki-ng-sky.a(frame802154e-ie)
                0x00008762                frame80215e_create_ie_tsch_slotframe_and_link
 .text.frame80215e_create_ie_tsch_timeslot
                0x00008836       0x6a build/sky///contiki-ng-sky.a(frame802154e-ie)
                0x00008836                frame80215e_create_ie_tsch_timeslot
 .text.frame80215e_create_ie_tsch_channel_hopping_sequence
                0x000088a0       0xa0 build/sky///contiki-ng-sky.a(frame802154e-ie)
                0x000088a0                frame80215e_create_ie_tsch_channel_hopping_sequence
 .text.frame802154e_parse_information_elements
                0x00008940      0x684 build/sky///contiki-ng-sky.a(frame802154e-ie)
                0x00008940                frame802154e_parse_information_elements
 .text.tsch_adaptive_timesync_get_drift_ppm
                0x00008fc4       0x22 build/sky///contiki-ng-sky.a(tsch-adaptive-t)
                0x00008fc4                tsch_adaptive_timesync_get_drift_ppm
 .text.tsch_timesync_update
                0x00008fe6      0x208 build/sky///contiki-ng-sky.a(tsch-adaptive-t)
                0x00008fe6                tsch_timesync_update
 .text.tsch_timesync_adaptive_compensate
                0x000091ee      0x290 build/sky///contiki-ng-sky.a(tsch-adaptive-t)
                0x000091ee                tsch_timesync_adaptive_compensate
 .text.turn_off
                0x0000947e        0x8 build/sky///contiki-ng-sky.a(tsch.o)
 .text.max_payload
                0x00009486        0xe build/sky///contiki-ng-sky.a(tsch.o)
 .text.send_packet
                0x00009494      0x1e8 build/sky///contiki-ng-sky.a(tsch.o)
 .text.tsch_reset
                0x0000967c       0x9e build/sky///contiki-ng-sky.a(tsch.o)
 .text.tsch_init
                0x0000971a      0x16e build/sky///contiki-ng-sky.a(tsch.o)
 .text.process_thread_tsch_send_eb_process
                0x00009888      0x1b4 build/sky///contiki-ng-sky.a(tsch.o)
 .text.turn_on  0x00009a3c       0x70 build/sky///contiki-ng-sky.a(tsch.o)
 .text.packet_input
                0x00009aac       0xfe build/sky///contiki-ng-sky.a(tsch.o)
 .text.keepalive_send
                0x00009baa       0x98 build/sky///contiki-ng-sky.a(tsch.o)
 .text.tsch_set_coordinator
                0x00009c42       0x1a build/sky///contiki-ng-sky.a(tsch.o)
                0x00009c42                tsch_set_coordinator
 .text.tsch_set_pan_secured
                0x00009c5c        0x6 build/sky///contiki-ng-sky.a(tsch.o)
                0x00009c5c                tsch_set_pan_secured
 .text.tsch_set_join_priority
                0x00009c62        0x6 build/sky///contiki-ng-sky.a(tsch.o)
                0x00009c62                tsch_set_join_priority
 .text.tsch_set_eb_period
                0x00009c68       0x1a build/sky///contiki-ng-sky.a(tsch.o)
                0x00009c68                tsch_set_eb_period
 .text.tsch_schedule_keepalive
                0x00009c82       0x78 build/sky///contiki-ng-sky.a(tsch.o)
                0x00009c82                tsch_schedule_keepalive
 .text.tsch_set_ka_timeout
                0x00009cfa       0x20 build/sky///contiki-ng-sky.a(tsch.o)
                0x00009cfa                tsch_set_ka_timeout
 .text.tsch_schedule_keepalive_immediately
                0x00009d1a       0x22 build/sky///contiki-ng-sky.a(tsch.o)
                0x00009d1a                tsch_schedule_keepalive_immediately
 .text.tsch_disassociate
                0x00009d3c       0x1a build/sky///contiki-ng-sky.a(tsch.o)
                0x00009d3c                tsch_disassociate
 .text.process_thread_tsch_pending_events_process
                0x00009d56      0x312 build/sky///contiki-ng-sky.a(tsch.o)
 .text.keepalive_packet_sent
                0x0000a068      0x184 build/sky///contiki-ng-sky.a(tsch.o)
 .text.tsch_scan
                0x0000a1ec      0x5a0 build/sky///contiki-ng-sky.a(tsch.o)
                0x0000a1ec                tsch_scan
 .text.process_thread_tsch_process
                0x0000a78c      0x126 build/sky///contiki-ng-sky.a(tsch.o)
 .text.tsch_log_process_pending
                0x0000a8b2      0x202 build/sky///contiki-ng-sky.a(tsch-log.o)
                0x0000a8b2                tsch_log_process_pending
 .text.tsch_log_prepare_add
                0x0000aab4       0x58 build/sky///contiki-ng-sky.a(tsch-log.o)
                0x0000aab4                tsch_log_prepare_add
 .text.tsch_log_commit
                0x0000ab0c       0x18 build/sky///contiki-ng-sky.a(tsch-log.o)
                0x0000ab0c                tsch_log_commit
 .text.tsch_log_init
                0x0000ab24       0x16 build/sky///contiki-ng-sky.a(tsch-log.o)
                0x0000ab24                tsch_log_init
 .text.tsch_log_stop
                0x0000ab3a       0x10 build/sky///contiki-ng-sky.a(tsch-log.o)
                0x0000ab3a                tsch_log_stop
 .text.tsch_packet_eackbuf_attr
                0x0000ab4a        0xa build/sky///contiki-ng-sky.a(tsch-packet.o)
                0x0000ab4a                tsch_packet_eackbuf_attr
 .text.tsch_packet_create_eack
                0x0000ab54       0xd0 build/sky///contiki-ng-sky.a(tsch-packet.o)
                0x0000ab54                tsch_packet_create_eack
 .text.tsch_packet_parse_eack
                0x0000ac24       0xce build/sky///contiki-ng-sky.a(tsch-packet.o)
                0x0000ac24                tsch_packet_parse_eack
 .text.tsch_packet_create_eb
                0x0000acf2      0x1a2 build/sky///contiki-ng-sky.a(tsch-packet.o)
                0x0000acf2                tsch_packet_create_eb
 .text.tsch_packet_update_eb
                0x0000ae94       0x4a build/sky///contiki-ng-sky.a(tsch-packet.o)
                0x0000ae94                tsch_packet_update_eb
 .text.tsch_packet_parse_eb
                0x0000aede      0x186 build/sky///contiki-ng-sky.a(tsch-packet.o)
                0x0000aede                tsch_packet_parse_eb
 .text.tsch_packet_set_frame_pending
                0x0000b064        0x8 build/sky///contiki-ng-sky.a(tsch-packet.o)
                0x0000b064                tsch_packet_set_frame_pending
 .text.tsch_packet_get_frame_pending
                0x0000b06c       0x16 build/sky///contiki-ng-sky.a(tsch-packet.o)
                0x0000b06c                tsch_packet_get_frame_pending
 .text.tsch_queue_get_nbr
                0x0000b082       0x40 build/sky///contiki-ng-sky.a(tsch-queue.o)
                0x0000b082                tsch_queue_get_nbr
 .text.tsch_queue_add_nbr
                0x0000b0c2       0x8c build/sky///contiki-ng-sky.a(tsch-queue.o)
                0x0000b0c2                tsch_queue_add_nbr
 .text.tsch_queue_get_time_source
                0x0000b14e       0x28 build/sky///contiki-ng-sky.a(tsch-queue.o)
                0x0000b14e                tsch_queue_get_time_source
 .text.tsch_queue_update_time_source
                0x0000b176       0xd8 build/sky///contiki-ng-sky.a(tsch-queue.o)
                0x0000b176                tsch_queue_update_time_source
 .text.tsch_queue_add_packet
                0x0000b24e       0xe8 build/sky///contiki-ng-sky.a(tsch-queue.o)
                0x0000b24e                tsch_queue_add_packet
 .text.tsch_queue_global_packet_count
                0x0000b336       0x10 build/sky///contiki-ng-sky.a(tsch-queue.o)
                0x0000b336                tsch_queue_global_packet_count
 .text.tsch_queue_packet_count
                0x0000b346       0x26 build/sky///contiki-ng-sky.a(tsch-queue.o)
                0x0000b346                tsch_queue_packet_count
 .text.tsch_queue_remove_packet_from_queue
                0x0000b36c       0x30 build/sky///contiki-ng-sky.a(tsch-queue.o)
                0x0000b36c                tsch_queue_remove_packet_from_queue
 .text.tsch_queue_free_packet
                0x0000b39c       0x1c build/sky///contiki-ng-sky.a(tsch-queue.o)
                0x0000b39c                tsch_queue_free_packet
 .text.tsch_queue_is_empty
                0x0000b3b8       0x2c build/sky///contiki-ng-sky.a(tsch-queue.o)
                0x0000b3b8                tsch_queue_is_empty
 .text.tsch_queue_flush_nbr_queue
                0x0000b3e4       0x64 build/sky///contiki-ng-sky.a(tsch-queue.o)
 .text.tsch_queue_reset
                0x0000b448       0x3a build/sky///contiki-ng-sky.a(tsch-queue.o)
                0x0000b448                tsch_queue_reset
 .text.tsch_queue_free_unused_neighbors
                0x0000b482       0x68 build/sky///contiki-ng-sky.a(tsch-queue.o)
                0x0000b482                tsch_queue_free_unused_neighbors
 .text.tsch_queue_get_packet_for_nbr
                0x0000b4ea       0x58 build/sky///contiki-ng-sky.a(tsch-queue.o)
                0x0000b4ea                tsch_queue_get_packet_for_nbr
 .text.tsch_queue_get_unicast_packet_for_any
                0x0000b542       0x58 build/sky///contiki-ng-sky.a(tsch-queue.o)
                0x0000b542                tsch_queue_get_unicast_packet_for_any
 .text.tsch_queue_backoff_inc
                0x0000b59a       0x4e build/sky///contiki-ng-sky.a(tsch-queue.o)
                0x0000b59a                tsch_queue_backoff_inc
 .text.tsch_queue_packet_sent
                0x0000b5e8       0x76 build/sky///contiki-ng-sky.a(tsch-queue.o)
                0x0000b5e8                tsch_queue_packet_sent
 .text.tsch_queue_update_all_backoff_windows
                0x0000b65e       0x5e build/sky///contiki-ng-sky.a(tsch-queue.o)
                0x0000b65e                tsch_queue_update_all_backoff_windows
 .text.tsch_queue_init
                0x0000b6bc       0x32 build/sky///contiki-ng-sky.a(tsch-queue.o)
                0x0000b6bc                tsch_queue_init
 .text.tsch_rpl_callback_ka_sent
                0x0000b6ee       0x1e build/sky///contiki-ng-sky.a(tsch-rpl.o)
                0x0000b6ee                tsch_rpl_callback_ka_sent
 .text.tsch_rpl_callback_joining_network
                0x0000b70c        0x2 build/sky///contiki-ng-sky.a(tsch-rpl.o)
                0x0000b70c                tsch_rpl_callback_joining_network
 .text.tsch_rpl_callback_leaving_network
                0x0000b70e        0xe build/sky///contiki-ng-sky.a(tsch-rpl.o)
                0x0000b70e                tsch_rpl_callback_leaving_network
 .text.tsch_rpl_callback_new_dio_interval
                0x0000b71c       0x56 build/sky///contiki-ng-sky.a(tsch-rpl.o)
                0x0000b71c                tsch_rpl_callback_new_dio_interval
 .text.tsch_rpl_callback_parent_switch
                0x0000b772       0x1a build/sky///contiki-ng-sky.a(tsch-rpl.o)
                0x0000b772                tsch_rpl_callback_parent_switch
 .text.print_link_options
                0x0000b78c       0x56 build/sky///contiki-ng-sky.a(tsch-schedule.o)
 .text.tsch_schedule_get_slotframe_by_handle
                0x0000b7e2       0x2e build/sky///contiki-ng-sky.a(tsch-schedule.o)
                0x0000b7e2                tsch_schedule_get_slotframe_by_handle
 .text.tsch_schedule_add_slotframe
                0x0000b810       0xa8 build/sky///contiki-ng-sky.a(tsch-schedule.o)
                0x0000b810                tsch_schedule_add_slotframe
 .text.tsch_schedule_remove_link
                0x0000b8b8      0x12c build/sky///contiki-ng-sky.a(tsch-schedule.o)
                0x0000b8b8                tsch_schedule_remove_link
 .text.tsch_schedule_remove_slotframe
                0x0000b9e4       0x76 build/sky///contiki-ng-sky.a(tsch-schedule.o)
                0x0000b9e4                tsch_schedule_remove_slotframe
 .text.tsch_schedule_remove_all_slotframes
                0x0000ba5a       0x1e build/sky///contiki-ng-sky.a(tsch-schedule.o)
                0x0000ba5a                tsch_schedule_remove_all_slotframes
 .text.tsch_schedule_get_link_by_timeslot
                0x0000ba78       0x38 build/sky///contiki-ng-sky.a(tsch-schedule.o)
                0x0000ba78                tsch_schedule_get_link_by_timeslot
 .text.tsch_schedule_remove_link_by_timeslot
                0x0000bab0       0x26 build/sky///contiki-ng-sky.a(tsch-schedule.o)
                0x0000bab0                tsch_schedule_remove_link_by_timeslot
 .text.tsch_schedule_add_link
                0x0000bad6      0x1d0 build/sky///contiki-ng-sky.a(tsch-schedule.o)
                0x0000bad6                tsch_schedule_add_link
 .text.tsch_schedule_get_next_active_link
                0x0000bca6      0x132 build/sky///contiki-ng-sky.a(tsch-schedule.o)
                0x0000bca6                tsch_schedule_get_next_active_link
 .text.tsch_schedule_init
                0x0000bdd8       0x2c build/sky///contiki-ng-sky.a(tsch-schedule.o)
                0x0000bdd8                tsch_schedule_init
 .text.tsch_schedule_create_minimal
                0x0000be04       0x24 build/sky///contiki-ng-sky.a(tsch-schedule.o)
                0x0000be04                tsch_schedule_create_minimal
 .text.tsch_schedule_slotframe_head
                0x0000be28        0xa build/sky///contiki-ng-sky.a(tsch-schedule.o)
                0x0000be28                tsch_schedule_slotframe_head
 .text.tsch_schedule_slotframe_next
                0x0000be32        0x6 build/sky///contiki-ng-sky.a(tsch-schedule.o)
                0x0000be32                tsch_schedule_slotframe_next
 .text.tsch_schedule_slot_operation
                0x0000be38       0xae build/sky///contiki-ng-sky.a(tsch-slot-opera)
 .text.tsch_radio_on.part.0
                0x0000bee6        0x6 build/sky///contiki-ng-sky.a(tsch-slot-opera)
 .text.tsch_radio_off.part.1
                0x0000beec        0x6 build/sky///contiki-ng-sky.a(tsch-slot-opera)
 .text.get_packet_and_neighbor_for_link.constprop.4
                0x0000bef2       0x68 build/sky///contiki-ng-sky.a(tsch-slot-opera)
 .text.tsch_tx_slot.constprop.3
                0x0000bf5a      0x51e build/sky///contiki-ng-sky.a(tsch-slot-opera)
 .text.tsch_is_locked
                0x0000c478        0x6 build/sky///contiki-ng-sky.a(tsch-slot-opera)
                0x0000c478                tsch_is_locked
 .text.tsch_get_lock
                0x0000c47e       0x9a build/sky///contiki-ng-sky.a(tsch-slot-opera)
                0x0000c47e                tsch_get_lock
 .text.tsch_release_lock
                0x0000c518        0x6 build/sky///contiki-ng-sky.a(tsch-slot-opera)
                0x0000c518                tsch_release_lock
 .text.tsch_calculate_channel
                0x0000c51e       0x62 build/sky///contiki-ng-sky.a(tsch-slot-opera)
                0x0000c51e                tsch_calculate_channel
 .text.tsch_slot_operation
                0x0000c580      0x81a build/sky///contiki-ng-sky.a(tsch-slot-opera)
 .text.tsch_slot_operation_start
                0x0000cd9a       0x88 build/sky///contiki-ng-sky.a(tsch-slot-opera)
                0x0000cd9a                tsch_slot_operation_start
 .text.tsch_slot_operation_sync
                0x0000ce22       0x36 build/sky///contiki-ng-sky.a(tsch-slot-opera)
                0x0000ce22                tsch_slot_operation_sync
 .text.addr_context_lookup_by_number
                0x0000ce58       0x16 build/sky///contiki-ng-sky.a(sicslowpan.o)
 .text.sicslowpan_init
                0x0000ce6e        0x2 build/sky///contiki-ng-sky.a(sicslowpan.o)
                0x0000ce6e                sicslowpan_init
 .text.set_packet_attrs
                0x0000ce70       0x66 build/sky///contiki-ng-sky.a(sicslowpan.o)
 .text.compress_addr_64
                0x0000ced6       0xae build/sky///contiki-ng-sky.a(sicslowpan.o)
 .text.addr_context_lookup_by_prefix
                0x0000cf84       0x20 build/sky///contiki-ng-sky.a(sicslowpan.o)
 .text.packet_sent
                0x0000cfa4       0x56 build/sky///contiki-ng-sky.a(sicslowpan.o)
 .text.uncompress_addr
                0x0000cffa       0xb4 build/sky///contiki-ng-sky.a(sicslowpan.o)
 .text.output   0x0000d0ae      0x854 build/sky///contiki-ng-sky.a(sicslowpan.o)
 .text.input    0x0000d902      0x6dc build/sky///contiki-ng-sky.a(sicslowpan.o)
 .text.tcpip_output
                0x0000dfde       0x22 build/sky///contiki-ng-sky.a(tcpip.o)
                0x0000dfde                tcpip_output
 .text.tcpip_input
                0x0000e000       0x1e build/sky///contiki-ng-sky.a(tcpip.o)
                0x0000e000                tcpip_input
 .text.tcpip_ipv6_output
                0x0000e01e      0x21c build/sky///contiki-ng-sky.a(tcpip.o)
                0x0000e01e                tcpip_ipv6_output
 .text.packet_input.part.2
                0x0000e23a       0x12 build/sky///contiki-ng-sky.a(tcpip.o)
 .text.process_thread_tcpip_process
                0x0000e24c       0xcc build/sky///contiki-ng-sky.a(tcpip.o)
 .text.tcpip_uipcall
                0x0000e318       0x2a build/sky///contiki-ng-sky.a(tcpip.o)
                0x0000e318                tcpip_uipcall
 .text.chksum   0x0000e342       0x32 build/sky///contiki-ng-sky.a(uip6.o)
 .text.upper_layer_chksum
                0x0000e374       0x58 build/sky///contiki-ng-sky.a(uip6.o)
 .text.ext_hdr_options_process
                0x0000e3cc       0xf6 build/sky///contiki-ng-sky.a(uip6.o)
 .text.uip_check_mtu
                0x0000e4c2       0x1e build/sky///contiki-ng-sky.a(uip6.o)
 .text.uip_update_ttl
                0x0000e4e0       0x24 build/sky///contiki-ng-sky.a(uip6.o)
 .text.uip_icmp6chksum
                0x0000e504        0xa build/sky///contiki-ng-sky.a(uip6.o)
                0x0000e504                uip_icmp6chksum
 .text.uip_udpchksum
                0x0000e50e        0xa build/sky///contiki-ng-sky.a(uip6.o)
                0x0000e50e                uip_udpchksum
 .text.uip_init
                0x0000e518       0x3c build/sky///contiki-ng-sky.a(uip6.o)
                0x0000e518                uip_init
 .text.uip_remove_ext_hdr
                0x0000e554       0x78 build/sky///contiki-ng-sky.a(uip6.o)
                0x0000e554                uip_remove_ext_hdr
 .text.uip_process
                0x0000e5cc      0x6be build/sky///contiki-ng-sky.a(uip6.o)
                0x0000e5cc                uip_process
 .text.uip_htonl
                0x0000ec8a       0x2e build/sky///contiki-ng-sky.a(uip6.o)
                0x0000ec8a                uip_htonl
 .text.uipbuf_add_ext_hdr
                0x0000ecb8       0x1c build/sky///contiki-ng-sky.a(uipbuf.o)
                0x0000ecb8                uipbuf_add_ext_hdr
 .text.uipbuf_set_len
                0x0000ecd4       0x12 build/sky///contiki-ng-sky.a(uipbuf.o)
                0x0000ecd4                uipbuf_set_len
 .text.uipbuf_set_len_field
                0x0000ece6        0xe build/sky///contiki-ng-sky.a(uipbuf.o)
                0x0000ece6                uipbuf_set_len_field
 .text.uipbuf_get_len_field
                0x0000ecf4        0xe build/sky///contiki-ng-sky.a(uipbuf.o)
                0x0000ecf4                uipbuf_get_len_field
 .text.uipbuf_get_next_header
                0x0000ed02       0x62 build/sky///contiki-ng-sky.a(uipbuf.o)
                0x0000ed02                uipbuf_get_next_header
 .text.uipbuf_get_last_header
                0x0000ed64       0x3e build/sky///contiki-ng-sky.a(uipbuf.o)
                0x0000ed64                uipbuf_get_last_header
 .text.uipbuf_search_header
                0x0000eda2       0x4e build/sky///contiki-ng-sky.a(uipbuf.o)
                0x0000eda2                uipbuf_search_header
 .text.uipbuf_get_attr
                0x0000edf0       0x14 build/sky///contiki-ng-sky.a(uipbuf.o)
                0x0000edf0                uipbuf_get_attr
 .text.uipbuf_clear_attr
                0x0000ee04       0x12 build/sky///contiki-ng-sky.a(uipbuf.o)
                0x0000ee04                uipbuf_clear_attr
 .text.uipbuf_clear
                0x0000ee16       0x12 build/sky///contiki-ng-sky.a(uipbuf.o)
                0x0000ee16                uipbuf_clear
 .text.uipbuf_init
                0x0000ee28       0x1a build/sky///contiki-ng-sky.a(uipbuf.o)
                0x0000ee28                uipbuf_init
 .text.uip_ds6_list_loop
                0x0000ee42       0x92 build/sky///contiki-ng-sky.a(uip-ds6.o)
                0x0000ee42                uip_ds6_list_loop
 .text.uip_ds6_prefix_add
                0x0000eed4       0x80 build/sky///contiki-ng-sky.a(uip-ds6.o)
                0x0000eed4                uip_ds6_prefix_add
 .text.uip_ds6_is_addr_onlink
                0x0000ef54       0x54 build/sky///contiki-ng-sky.a(uip-ds6.o)
                0x0000ef54                uip_ds6_is_addr_onlink
 .text.uip_ds6_addr_lookup
                0x0000efa8       0x2a build/sky///contiki-ng-sky.a(uip-ds6.o)
                0x0000efa8                uip_ds6_addr_lookup
 .text.uip_ds6_get_link_local
                0x0000efd2       0x3e build/sky///contiki-ng-sky.a(uip-ds6.o)
                0x0000efd2                uip_ds6_get_link_local
 .text.uip_ds6_maddr_add
                0x0000f010       0x4c build/sky///contiki-ng-sky.a(uip-ds6.o)
                0x0000f010                uip_ds6_maddr_add
 .text.uip_ds6_addr_add
                0x0000f05c       0xc4 build/sky///contiki-ng-sky.a(uip-ds6.o)
                0x0000f05c                uip_ds6_addr_add
 .text.uip_ds6_maddr_rm
                0x0000f120        0xa build/sky///contiki-ng-sky.a(uip-ds6.o)
                0x0000f120                uip_ds6_maddr_rm
 .text.uip_ds6_maddr_lookup
                0x0000f12a       0x2a build/sky///contiki-ng-sky.a(uip-ds6.o)
                0x0000f12a                uip_ds6_maddr_lookup
 .text.uip_ds6_addr_rm
                0x0000f154       0x54 build/sky///contiki-ng-sky.a(uip-ds6.o)
                0x0000f154                uip_ds6_addr_rm
 .text.uip_ds6_periodic
                0x0000f1a8       0x46 build/sky///contiki-ng-sky.a(uip-ds6.o)
                0x0000f1a8                uip_ds6_periodic
 .text.uip_ds6_set_addr_iid
                0x0000f1ee       0x14 build/sky///contiki-ng-sky.a(uip-ds6.o)
                0x0000f1ee                uip_ds6_set_addr_iid
 .text.uip_ds6_set_lladdr_from_iid
                0x0000f202       0x14 build/sky///contiki-ng-sky.a(uip-ds6.o)
                0x0000f202                uip_ds6_set_lladdr_from_iid
 .text.get_match_length
                0x0000f216       0x44 build/sky///contiki-ng-sky.a(uip-ds6.o)
                0x0000f216                get_match_length
 .text.uip_ds6_select_src
                0x0000f25a       0xaa build/sky///contiki-ng-sky.a(uip-ds6.o)
                0x0000f25a                uip_ds6_select_src
 .text.uip_ds6_compute_reachable_time
                0x0000f304       0x3e build/sky///contiki-ng-sky.a(uip-ds6.o)
                0x0000f304                uip_ds6_compute_reachable_time
 .text.uip_ds6_init
                0x0000f342      0x152 build/sky///contiki-ng-sky.a(uip-ds6.o)
                0x0000f342                uip_ds6_init
 .text.uip_ds6_nbr_rm
                0x0000f494       0x1e build/sky///contiki-ng-sky.a(uip-ds6-nbr.o)
                0x0000f494                uip_ds6_nbr_rm
 .text.uip_ds6_neighbors_init
                0x0000f4b2       0x12 build/sky///contiki-ng-sky.a(uip-ds6-nbr.o)
                0x0000f4b2                uip_ds6_neighbors_init
 .text.uip_ds6_nbr_add
                0x0000f4c4       0x3e build/sky///contiki-ng-sky.a(uip-ds6-nbr.o)
                0x0000f4c4                uip_ds6_nbr_add
 .text.uip_ds6_nbr_get_ipaddr
                0x0000f502        0x2 build/sky///contiki-ng-sky.a(uip-ds6-nbr.o)
                0x0000f502                uip_ds6_nbr_get_ipaddr
 .text.uip_ds6_nbr_get_ll
                0x0000f504        0xc build/sky///contiki-ng-sky.a(uip-ds6-nbr.o)
                0x0000f504                uip_ds6_nbr_get_ll
 .text.uip_ds6_nbr_head
                0x0000f510        0xa build/sky///contiki-ng-sky.a(uip-ds6-nbr.o)
                0x0000f510                uip_ds6_nbr_head
 .text.uip_ds6_nbr_next
                0x0000f51a        0xc build/sky///contiki-ng-sky.a(uip-ds6-nbr.o)
                0x0000f51a                uip_ds6_nbr_next
 .text.uip_ds6_nbr_lookup
                0x0000f526       0x3a build/sky///contiki-ng-sky.a(uip-ds6-nbr.o)
                0x0000f526                uip_ds6_nbr_lookup
 .text.uip_ds6_nbr_ll_lookup
                0x0000f560        0xc build/sky///contiki-ng-sky.a(uip-ds6-nbr.o)
                0x0000f560                uip_ds6_nbr_ll_lookup
 .text.uip_ds6_nbr_update_ll
                0x0000f56c      0x12c build/sky///contiki-ng-sky.a(uip-ds6-nbr.o)
                0x0000f56c                uip_ds6_nbr_update_ll
 .text.uip_ds6_nbr_ipaddr_from_lladdr
                0x0000f698        0x6 build/sky///contiki-ng-sky.a(uip-ds6-nbr.o)
                0x0000f698                uip_ds6_nbr_ipaddr_from_lladdr
 .text.uip_ds6_nbr_lladdr_from_ipaddr
                0x0000f69e       0x12 build/sky///contiki-ng-sky.a(uip-ds6-nbr.o)
                0x0000f69e                uip_ds6_nbr_lladdr_from_ipaddr
 .text.uip_ds6_link_callback
                0x0000f6b0        0x2 build/sky///contiki-ng-sky.a(uip-ds6-nbr.o)
                0x0000f6b0                uip_ds6_link_callback
 .text.uip_ds6_route_init
                0x0000f6b2       0x12 build/sky///contiki-ng-sky.a(uip-ds6-route.o)
                0x0000f6b2                uip_ds6_route_init
 .text.uip_ds6_route_nexthop
                0x0000f6c4        0x4 build/sky///contiki-ng-sky.a(uip-ds6-route.o)
                0x0000f6c4                uip_ds6_route_nexthop
 .text.uip_ds6_route_lookup
                0x0000f6c8        0x4 build/sky///contiki-ng-sky.a(uip-ds6-route.o)
                0x0000f6c8                uip_ds6_route_lookup
 .text.uip_ds6_route_rm
                0x0000f6cc        0x2 build/sky///contiki-ng-sky.a(uip-ds6-route.o)
                0x0000f6cc                uip_ds6_route_rm
 .text.uip_ds6_defrt_rm
                0x0000f6ce       0x3c build/sky///contiki-ng-sky.a(uip-ds6-route.o)
                0x0000f6ce                uip_ds6_defrt_rm
 .text.uip_ds6_defrt_lookup
                0x0000f70a       0x40 build/sky///contiki-ng-sky.a(uip-ds6-route.o)
                0x0000f70a                uip_ds6_defrt_lookup
 .text.uip_ds6_defrt_add
                0x0000f74a       0xb2 build/sky///contiki-ng-sky.a(uip-ds6-route.o)
                0x0000f74a                uip_ds6_defrt_add
 .text.uip_ds6_defrt_choose
                0x0000f7fc       0x3a build/sky///contiki-ng-sky.a(uip-ds6-route.o)
                0x0000f7fc                uip_ds6_defrt_choose
 .text.uip_ds6_defrt_periodic
                0x0000f836       0x38 build/sky///contiki-ng-sky.a(uip-ds6-route.o)
                0x0000f836                uip_ds6_defrt_periodic
 .text.echo_reply_input
                0x0000f86e       0x68 build/sky///contiki-ng-sky.a(uip-icmp6.o)
 .text.echo_request_input
                0x0000f8d6       0x86 build/sky///contiki-ng-sky.a(uip-icmp6.o)
 .text.uip_icmp6_input
                0x0000f95c       0x48 build/sky///contiki-ng-sky.a(uip-icmp6.o)
                0x0000f95c                uip_icmp6_input
 .text.uip_icmp6_register_input_handler
                0x0000f9a4        0xc build/sky///contiki-ng-sky.a(uip-icmp6.o)
                0x0000f9a4                uip_icmp6_register_input_handler
 .text.uip_icmp6_error_output
                0x0000f9b0      0x1a4 build/sky///contiki-ng-sky.a(uip-icmp6.o)
                0x0000f9b0                uip_icmp6_error_output
 .text.uip_icmp6_send
                0x0000fb54       0x94 build/sky///contiki-ng-sky.a(uip-icmp6.o)
                0x0000fb54                uip_icmp6_send
 .text.uip_icmp6_echo_reply_callback_add
                0x0000fbe8       0x18 build/sky///contiki-ng-sky.a(uip-icmp6.o)
                0x0000fbe8                uip_icmp6_echo_reply_callback_add
 .text.uip_icmp6_init
                0x0000fc00       0x12 build/sky///contiki-ng-sky.a(uip-icmp6.o)
                0x0000fc00                uip_icmp6_init
 .text.uiplib_ip6addrconv
                0x0000fc12      0x10c build/sky///contiki-ng-sky.a(uiplib.o)
                0x0000fc12                uiplib_ip6addrconv
 .text.uiplib_ipaddr_snprint
                0x0000fd1e      0x12c build/sky///contiki-ng-sky.a(uiplib.o)
                0x0000fd1e                uiplib_ipaddr_snprint
 .text.ns_input
                0x0000fe4a      0x2da build/sky///contiki-ng-sky.a(uip-nd6.o)
 .text.uip_nd6_init
                0x00010124        0xa build/sky///contiki-ng-sky.a(uip-nd6.o)
                0x00010124                uip_nd6_init
 .text.node_matches_address.part.0
                0x0001012e       0x2e build/sky///contiki-ng-sky.a(uip-sr.o)
 .text.uip_sr_num_nodes
                0x0001015c        0x6 build/sky///contiki-ng-sky.a(uip-sr.o)
                0x0001015c                uip_sr_num_nodes
 .text.uip_sr_get_node
                0x00010162       0x44 build/sky///contiki-ng-sky.a(uip-sr.o)
                0x00010162                uip_sr_get_node
 .text.uip_sr_is_addr_reachable
                0x000101a6       0x4e build/sky///contiki-ng-sky.a(uip-sr.o)
                0x000101a6                uip_sr_is_addr_reachable
 .text.uip_sr_expire_parent
                0x000101f4       0x42 build/sky///contiki-ng-sky.a(uip-sr.o)
                0x000101f4                uip_sr_expire_parent
 .text.uip_sr_update_node
                0x00010236      0x120 build/sky///contiki-ng-sky.a(uip-sr.o)
                0x00010236                uip_sr_update_node
 .text.uip_sr_init
                0x00010356       0x16 build/sky///contiki-ng-sky.a(uip-sr.o)
                0x00010356                uip_sr_init
 .text.uip_sr_node_head
                0x0001036c        0xa build/sky///contiki-ng-sky.a(uip-sr.o)
                0x0001036c                uip_sr_node_head
 .text.uip_sr_node_next
                0x00010376        0x6 build/sky///contiki-ng-sky.a(uip-sr.o)
                0x00010376                uip_sr_node_next
 .text.uip_sr_periodic
                0x0001037c       0x9a build/sky///contiki-ng-sky.a(uip-sr.o)
                0x0001037c                uip_sr_periodic
 .text.uip_sr_free_all
                0x00010416       0x3c build/sky///contiki-ng-sky.a(uip-sr.o)
                0x00010416                uip_sr_free_all
 .text.uip_sr_link_snprint
                0x00010452       0xd6 build/sky///contiki-ng-sky.a(uip-sr.o)
                0x00010452                uip_sr_link_snprint
 .text.rpl_has_joined
                0x00010528       0x12 build/sky///contiki-ng-sky.a(rpl.o)
                0x00010528                rpl_has_joined
 .text.rpl_is_reachable
                0x0001053a       0x12 build/sky///contiki-ng-sky.a(rpl.o)
                0x0001053a                rpl_is_reachable
 .text.neighbor_state_changed
                0x0001054c        0x2 build/sky///contiki-ng-sky.a(rpl.o)
 .text.drop_route
                0x0001054e        0x2 build/sky///contiki-ng-sky.a(rpl.o)
 .text.get_sr_node_ipaddr
                0x00010550       0x34 build/sky///contiki-ng-sky.a(rpl.o)
 .text.init     0x00010584       0x66 build/sky///contiki-ng-sky.a(rpl.o)
 .text.set_ip_from_prefix
                0x000105ea       0x38 build/sky///contiki-ng-sky.a(rpl.o)
 .text.rpl_link_callback
                0x00010622       0x88 build/sky///contiki-ng-sky.a(rpl.o)
                0x00010622                rpl_link_callback
 .text.rpl_lollipop_greater_than
                0x000106aa       0x3c build/sky///contiki-ng-sky.a(rpl.o)
                0x000106aa                rpl_lollipop_greater_than
 .text.rpl_get_global_address
                0x000106e6       0xbe build/sky///contiki-ng-sky.a(rpl.o)
                0x000106e6                rpl_get_global_address
 .text.rpl_reset_prefix
                0x000107a4       0x70 build/sky///contiki-ng-sky.a(rpl.o)
                0x000107a4                rpl_reset_prefix
 .text.rpl_set_prefix_from_addr
                0x00010814       0xfa build/sky///contiki-ng-sky.a(rpl.o)
                0x00010814                rpl_set_prefix_from_addr
 .text.rpl_get_leaf_only
                0x0001090e        0x6 build/sky///contiki-ng-sky.a(rpl.o)
                0x0001090e                rpl_get_leaf_only
 .text.init_dag
                0x00010914       0xda build/sky///contiki-ng-sky.a(rpl-dag.o)
 .text.init_dag_from_dio
                0x000109ee       0x96 build/sky///contiki-ng-sky.a(rpl-dag.o)
 .text.rpl_dag_state_to_str
                0x00010a84       0x12 build/sky///contiki-ng-sky.a(rpl-dag.o)
                0x00010a84                rpl_dag_state_to_str
 .text.rpl_dag_get_root_ipaddr
                0x00010a96       0x1e build/sky///contiki-ng-sky.a(rpl-dag.o)
                0x00010a96                rpl_dag_get_root_ipaddr
 .text.rpl_dag_leave
                0x00010ab4       0x98 build/sky///contiki-ng-sky.a(rpl-dag.o)
                0x00010ab4                rpl_dag_leave
 .text.rpl_dag_poison_and_leave
                0x00010b4c        0xc build/sky///contiki-ng-sky.a(rpl-dag.o)
                0x00010b4c                rpl_dag_poison_and_leave
 .text.rpl_dag_periodic
                0x00010b58       0xb6 build/sky///contiki-ng-sky.a(rpl-dag.o)
                0x00010b58                rpl_dag_periodic
 .text.rpl_is_addr_in_our_dag
                0x00010c0e       0x34 build/sky///contiki-ng-sky.a(rpl-dag.o)
                0x00010c0e                rpl_is_addr_in_our_dag
 .text.rpl_refresh_routes
                0x00010c42       0x64 build/sky///contiki-ng-sky.a(rpl-dag.o)
                0x00010c42                rpl_refresh_routes
 .text.rpl_local_repair
                0x00010ca6       0x56 build/sky///contiki-ng-sky.a(rpl-dag.o)
                0x00010ca6                rpl_local_repair
 .text.rpl_global_repair
                0x00010cfc       0x74 build/sky///contiki-ng-sky.a(rpl-dag.o)
                0x00010cfc                rpl_global_repair
 .text.rpl_dag_ready_to_advertise
                0x00010d70       0x22 build/sky///contiki-ng-sky.a(rpl-dag.o)
                0x00010d70                rpl_dag_ready_to_advertise
 .text.rpl_dag_update_state
                0x00010d92      0x204 build/sky///contiki-ng-sky.a(rpl-dag.o)
                0x00010d92                rpl_dag_update_state
 .text.rpl_process_dio
                0x00010f96      0x472 build/sky///contiki-ng-sky.a(rpl-dag.o)
                0x00010f96                rpl_process_dio
 .text.rpl_process_dis
                0x00011408       0x4e build/sky///contiki-ng-sky.a(rpl-dag.o)
                0x00011408                rpl_process_dis
 .text.rpl_process_dao
                0x00011456       0x90 build/sky///contiki-ng-sky.a(rpl-dag.o)
                0x00011456                rpl_process_dao
 .text.rpl_process_dao_ack
                0x000114e6       0x86 build/sky///contiki-ng-sky.a(rpl-dag.o)
                0x000114e6                rpl_process_dao_ack
 .text.rpl_process_hbh
                0x0001156c       0x2e build/sky///contiki-ng-sky.a(rpl-dag.o)
                0x0001156c                rpl_process_hbh
 .text.rpl_dag_init_root
                0x0001159a      0x110 build/sky///contiki-ng-sky.a(rpl-dag.o)
                0x0001159a                rpl_dag_init_root
 .text.rpl_dag_init
                0x000116aa       0x10 build/sky///contiki-ng-sky.a(rpl-dag.o)
                0x000116aa                rpl_dag_init
 .text.rpl_dag_root_set_prefix
                0x000116ba      0x11c build/sky///contiki-ng-sky.a(rpl-dag-root.o)
                0x000116ba                rpl_dag_root_set_prefix
 .text.rpl_dag_root_start
                0x000117d6       0xd8 build/sky///contiki-ng-sky.a(rpl-dag-root.o)
                0x000117d6                rpl_dag_root_start
 .text.rpl_dag_root_is_root
                0x000118ae       0x14 build/sky///contiki-ng-sky.a(rpl-dag-root.o)
                0x000118ae                rpl_dag_root_is_root
 .text.rpl_dag_root_print_links
                0x000118c2       0xf0 build/sky///contiki-ng-sky.a(rpl-dag-root.o)
                0x000118c2                rpl_dag_root_print_links
 .text.update_hbh_header
                0x000119b2       0x98 build/sky///contiki-ng-sky.a(rpl-ext-header.)
 .text.rpl_ext_header_srh_get_next_hop
                0x00011a4a       0x84 build/sky///contiki-ng-sky.a(rpl-ext-header.)
                0x00011a4a                rpl_ext_header_srh_get_next_hop
 .text.rpl_ext_header_srh_update
                0x00011ace      0x1c2 build/sky///contiki-ng-sky.a(rpl-ext-header.)
                0x00011ace                rpl_ext_header_srh_update
 .text.rpl_ext_header_hbh_update
                0x00011c90      0x1d0 build/sky///contiki-ng-sky.a(rpl-ext-header.)
                0x00011c90                rpl_ext_header_hbh_update
 .text.rpl_ext_header_remove
                0x00011e60       0xb2 build/sky///contiki-ng-sky.a(rpl-ext-header.)
                0x00011e60                rpl_ext_header_remove
 .text.rpl_ext_header_update
                0x00011f12      0x47a build/sky///contiki-ng-sky.a(rpl-ext-header.)
                0x00011f12                rpl_ext_header_update
 .text.get32    0x0001238c       0x46 build/sky///contiki-ng-sky.a(rpl-icmp6.o)
 .text.set32    0x000123d2       0x2a build/sky///contiki-ng-sky.a(rpl-icmp6.o)
 .text.get16    0x000123fc        0xe build/sky///contiki-ng-sky.a(rpl-icmp6.o)
 .text.set16    0x0001240a       0x10 build/sky///contiki-ng-sky.a(rpl-icmp6.o)
 .text.dao_ack_input
                0x0001241a       0xc2 build/sky///contiki-ng-sky.a(rpl-icmp6.o)
 .text.dao_input
                0x000124dc      0x262 build/sky///contiki-ng-sky.a(rpl-icmp6.o)
 .text.dio_input
                0x0001273e      0x480 build/sky///contiki-ng-sky.a(rpl-icmp6.o)
 .text.dis_input
                0x00012bbe       0x88 build/sky///contiki-ng-sky.a(rpl-icmp6.o)
 .text.rpl_icmp6_update_nbr_table
                0x00012c46       0xa4 build/sky///contiki-ng-sky.a(rpl-icmp6.o)
                0x00012c46                rpl_icmp6_update_nbr_table
 .text.rpl_icmp6_dis_output
                0x00012cea       0x76 build/sky///contiki-ng-sky.a(rpl-icmp6.o)
                0x00012cea                rpl_icmp6_dis_output
 .text.rpl_icmp6_dio_output
                0x00012d60      0x2c4 build/sky///contiki-ng-sky.a(rpl-icmp6.o)
                0x00012d60                rpl_icmp6_dio_output
 .text.rpl_icmp6_dao_output
                0x00013024      0x202 build/sky///contiki-ng-sky.a(rpl-icmp6.o)
                0x00013024                rpl_icmp6_dao_output
 .text.rpl_icmp6_dao_ack_output
                0x00013226       0xa2 build/sky///contiki-ng-sky.a(rpl-icmp6.o)
                0x00013226                rpl_icmp6_dao_ack_output
 .text.rpl_icmp6_init
                0x000132c8       0x22 build/sky///contiki-ng-sky.a(rpl-icmp6.o)
                0x000132c8                rpl_icmp6_init
 .text.update_metric_container
                0x000132ea        0x6 build/sky///contiki-ng-sky.a(rpl-mrhof.o)
 .text.nbr_link_metric
                0x000132f0       0x12 build/sky///contiki-ng-sky.a(rpl-mrhof.o)
 .text.nbr_has_usable_link
                0x00013302       0x14 build/sky///contiki-ng-sky.a(rpl-mrhof.o)
 .text.nbr_path_cost
                0x00013316       0x38 build/sky///contiki-ng-sky.a(rpl-mrhof.o)
 .text.within_hysteresis
                0x0001334e       0x54 build/sky///contiki-ng-sky.a(rpl-mrhof.o)
 .text.nbr_is_acceptable_parent
                0x000133a2       0x2c build/sky///contiki-ng-sky.a(rpl-mrhof.o)
 .text.rank_via_nbr
                0x000133ce       0x48 build/sky///contiki-ng-sky.a(rpl-mrhof.o)
 .text.best_parent
                0x00013416       0x7c build/sky///contiki-ng-sky.a(rpl-mrhof.o)
 .text.reset    0x00013492       0x26 build/sky///contiki-ng-sky.a(rpl-mrhof.o)
 .text.update_state
                0x000134b8       0x78 build/sky///contiki-ng-sky.a(rpl-nbr-policy.)
 .text.rpl_nbr_policy_find_removable
                0x00013530       0x7c build/sky///contiki-ng-sky.a(rpl-nbr-policy.)
                0x00013530                rpl_nbr_policy_find_removable
 .text.max_acceptable_rank
                0x000135ac       0x26 build/sky///contiki-ng-sky.a(rpl-neighbor.o)
 .text.remove_neighbor
                0x000135d2       0x24 build/sky///contiki-ng-sky.a(rpl-neighbor.o)
 .text.rpl_neighbor_count
                0x000135f6       0x2c build/sky///contiki-ng-sky.a(rpl-neighbor.o)
                0x000135f6                rpl_neighbor_count
 .text.rpl_neighbor_get_from_lladdr
                0x00013622        0xc build/sky///contiki-ng-sky.a(rpl-neighbor.o)
                0x00013622                rpl_neighbor_get_from_lladdr
 .text.rpl_neighbor_is_acceptable_parent
                0x0001362e       0x18 build/sky///contiki-ng-sky.a(rpl-neighbor.o)
                0x0001362e                rpl_neighbor_is_acceptable_parent
 .text.rpl_neighbor_get_link_metric
                0x00013646       0x18 build/sky///contiki-ng-sky.a(rpl-neighbor.o)
                0x00013646                rpl_neighbor_get_link_metric
 .text.rpl_neighbor_rank_via_nbr
                0x0001365e       0x18 build/sky///contiki-ng-sky.a(rpl-neighbor.o)
                0x0001365e                rpl_neighbor_rank_via_nbr
 .text.rpl_neighbor_get_lladdr
                0x00013676        0xc build/sky///contiki-ng-sky.a(rpl-neighbor.o)
                0x00013676                rpl_neighbor_get_lladdr
 .text.rpl_neighbor_get_ipaddr
                0x00013682        0xa build/sky///contiki-ng-sky.a(rpl-neighbor.o)
                0x00013682                rpl_neighbor_get_ipaddr
 .text.rpl_neighbor_get_link_stats
                0x0001368c        0xa build/sky///contiki-ng-sky.a(rpl-neighbor.o)
                0x0001368c                rpl_neighbor_get_link_stats
 .text.rpl_neighbor_is_fresh
                0x00013696        0xa build/sky///contiki-ng-sky.a(rpl-neighbor.o)
                0x00013696                rpl_neighbor_is_fresh
 .text.best_parent
                0x000136a0       0x86 build/sky///contiki-ng-sky.a(rpl-neighbor.o)
 .text.rpl_neighbor_snprint
                0x00013726      0x1e6 build/sky///contiki-ng-sky.a(rpl-neighbor.o)
                0x00013726                rpl_neighbor_snprint
 .text.rpl_neighbor_print_list
                0x0001390c      0x13e build/sky///contiki-ng-sky.a(rpl-neighbor.o)
                0x0001390c                rpl_neighbor_print_list
 .text.rpl_neighbor_is_parent
                0x00013a4a       0x18 build/sky///contiki-ng-sky.a(rpl-neighbor.o)
                0x00013a4a                rpl_neighbor_is_parent
 .text.rpl_neighbor_set_preferred_parent
                0x00013a62       0xbe build/sky///contiki-ng-sky.a(rpl-neighbor.o)
                0x00013a62                rpl_neighbor_set_preferred_parent
 .text.rpl_neighbor_remove_all
                0x00013b20       0x4e build/sky///contiki-ng-sky.a(rpl-neighbor.o)
                0x00013b20                rpl_neighbor_remove_all
 .text.rpl_neighbor_get_from_ipaddr
                0x00013b6e       0x14 build/sky///contiki-ng-sky.a(rpl-neighbor.o)
                0x00013b6e                rpl_neighbor_get_from_ipaddr
 .text.rpl_neighbor_select_best
                0x00013b82       0x9c build/sky///contiki-ng-sky.a(rpl-neighbor.o)
                0x00013b82                rpl_neighbor_select_best
 .text.rpl_neighbor_init
                0x00013c1e        0xe build/sky///contiki-ng-sky.a(rpl-neighbor.o)
                0x00013c1e                rpl_neighbor_init
 .text.handle_state_update
                0x00013c2c        0x6 build/sky///contiki-ng-sky.a(rpl-timers.o)
 .text.handle_leaving_timer
                0x00013c32        0xc build/sky///contiki-ng-sky.a(rpl-timers.o)
 .text.handle_unicast_dio_timer
                0x00013c3e       0x12 build/sky///contiki-ng-sky.a(rpl-timers.o)
 .text.handle_dao_ack_timer
                0x00013c50       0x12 build/sky///contiki-ng-sky.a(rpl-timers.o)
 .text.handle_dao_timer
                0x00013c62      0x106 build/sky///contiki-ng-sky.a(rpl-timers.o)
 .text.new_dio_interval
                0x00013d68       0xb2 build/sky///contiki-ng-sky.a(rpl-timers.o)
 .text.handle_dio_timer
                0x00013e1a       0x6e build/sky///contiki-ng-sky.a(rpl-timers.o)
 .text.rpl_timers_schedule_periodic_dis
                0x00013e88       0x40 build/sky///contiki-ng-sky.a(rpl-timers.o)
                0x00013e88                rpl_timers_schedule_periodic_dis
 .text.handle_periodic_timer
                0x00013ec8       0x52 build/sky///contiki-ng-sky.a(rpl-timers.o)
 .text.handle_dis_timer
                0x00013f1a       0x26 build/sky///contiki-ng-sky.a(rpl-timers.o)
 .text.rpl_timers_dio_reset
                0x00013f40       0x4e build/sky///contiki-ng-sky.a(rpl-timers.o)
                0x00013f40                rpl_timers_dio_reset
 .text.rpl_timers_schedule_unicast_dio
                0x00013f8e       0x20 build/sky///contiki-ng-sky.a(rpl-timers.o)
                0x00013f8e                rpl_timers_schedule_unicast_dio
 .text.rpl_timers_schedule_dao
                0x00013fae       0x4a build/sky///contiki-ng-sky.a(rpl-timers.o)
                0x00013fae                rpl_timers_schedule_dao
 .text.rpl_timers_schedule_dao_ack
                0x00013ff8       0x34 build/sky///contiki-ng-sky.a(rpl-timers.o)
                0x00013ff8                rpl_timers_schedule_dao_ack
 .text.get_probing_delay
                0x0001402c       0x1c build/sky///contiki-ng-sky.a(rpl-timers.o)
                0x0001402c                get_probing_delay
 .text.get_probing_target
                0x00014048       0xee build/sky///contiki-ng-sky.a(rpl-timers.o)
                0x00014048                get_probing_target
 .text.rpl_schedule_probing
                0x00014136       0x20 build/sky///contiki-ng-sky.a(rpl-timers.o)
                0x00014136                rpl_schedule_probing
 .text.handle_probing_timer
                0x00014156       0xca build/sky///contiki-ng-sky.a(rpl-timers.o)
 .text.rpl_schedule_probing_now
                0x00014220       0x24 build/sky///contiki-ng-sky.a(rpl-timers.o)
                0x00014220                rpl_schedule_probing_now
 .text.rpl_timers_unschedule_leaving
                0x00014244       0x1c build/sky///contiki-ng-sky.a(rpl-timers.o)
                0x00014244                rpl_timers_unschedule_leaving
 .text.rpl_timers_schedule_leaving
                0x00014260       0x2a build/sky///contiki-ng-sky.a(rpl-timers.o)
                0x00014260                rpl_timers_schedule_leaving
 .text.rpl_timers_init
                0x0001428a       0x1c build/sky///contiki-ng-sky.a(rpl-timers.o)
                0x0001428a                rpl_timers_init
 .text.rpl_timers_stop_dag_timers
                0x000142a6       0x4c build/sky///contiki-ng-sky.a(rpl-timers.o)
                0x000142a6                rpl_timers_stop_dag_timers
 .text.rpl_timers_unschedule_state_update
                0x000142f2       0x10 build/sky///contiki-ng-sky.a(rpl-timers.o)
                0x000142f2                rpl_timers_unschedule_state_update
 .text.rpl_timers_schedule_state_update
                0x00014302       0x1c build/sky///contiki-ng-sky.a(rpl-timers.o)
                0x00014302                rpl_timers_schedule_state_update
 .text.init_platform
                0x0001431e        0xc build/sky///contiki-ng-sky.a(contiki-sky-pla)
                0x0001431e                init_platform
 .text.status   0x0001432a       0x18 build/sky///contiki-ng-sky.a(button-sensor.o)
 .text.value    0x00014342       0x20 build/sky///contiki-ng-sky.a(button-sensor.o)
 .text.configure
                0x00014362       0x4c build/sky///contiki-ng-sky.a(button-sensor.o)
 .text.irq_p2   0x000143ae       0x46 build/sky///contiki-ng-sky.a(button-sensor.o)
                0x000143ae                irq_p2
                0x000143ae                __isr_1
 .text.owreadb  0x000143f4       0x50 build/sky///contiki-ng-sky.a(ds2411.o)
 .text.ds2411_init
                0x00014444      0x120 build/sky///contiki-ng-sky.a(ds2411.o)
                0x00014444                ds2411_init
 .text.xmem_init
                0x00014564       0x3c build/sky///contiki-ng-sky.a(xmem.o)
                0x00014564                xmem_init
 .text.process_thread_sensors_process