Archive member included to satisfy reference by file (symbol)

build/cooja///mtype195.a(simEnvChange.o)
                              build/cooja///mtype195.o (simDontFallAsleep)
build/cooja///mtype195.a(cooja_mt.o)
                              build/cooja///mtype195.o (cooja_mt_start)
build/cooja///mtype195.a(cooja_mtarch.o)
                              build/cooja///mtype195.a(cooja_mt.o) (cooja_mtarch_start)
build/cooja///mtype195.a(rtimer-arch.o)
                              build/cooja///mtype195.o (rtimer_arch_check)
build/cooja///mtype195.a(beep.o)
                              build/cooja///mtype195.o (beep_interface)
build/cooja///mtype195.a(button-sensor.o)
                              build/cooja///mtype195.o (button_interface)
build/cooja///mtype195.a(leds-arch.o)
                              build/cooja///mtype195.o (leds_interface)
build/cooja///mtype195.a(moteid.o)
                              build/cooja///mtype195.o (moteid_interface)
build/cooja///mtype195.a(pir-sensor.o)
                              build/cooja///mtype195.o (pir_interface)
build/cooja///mtype195.a(rs232.o)
                              build/cooja///mtype195.o (rs232_interface)
build/cooja///mtype195.a(vib-sensor.o)
                              build/cooja///mtype195.o (vib_interface)
build/cooja///mtype195.a(clock.o)
                              build/cooja///mtype195.o (clock_interface)
build/cooja///mtype195.a(cooja-log.o)
                              build/cooja///mtype195.o (simlog_interface)
build/cooja///mtype195.a(cfs-cooja.o)
                              build/cooja///mtype195.o (cfs_interface)
build/cooja///mtype195.a(cooja-radio.o)
                              build/cooja///mtype195.o (radio_interface)
build/cooja///mtype195.a(eeprom.o)
                              build/cooja///mtype195.o (eeprom_interface)
build/cooja///mtype195.a(random.o)
                              build/cooja///mtype195.a(moteid.o) (random_init)
build/cooja///mtype195.a(sensors.o)
                              build/cooja///mtype195.a(button-sensor.o) (sensors_changed)
build/cooja///mtype195.a(contiki-main.o)
                              build/cooja///mtype195.o (main)
build/cooja///mtype195.a(autostart.o)
                              build/cooja///mtype195.a(contiki-main.o) (autostart_start)
build/cooja///mtype195.a(ctimer.o)
                              build/cooja///mtype195.a(contiki-main.o) (ctimer_init)
build/cooja///mtype195.a(energest.o)
                              build/cooja///mtype195.a(contiki-main.o) (energest_init)
build/cooja///mtype195.a(etimer.o)
                              build/cooja///mtype195.a(contiki-main.o) (etimer_process)
build/cooja///mtype195.a(log.o)
                              build/cooja///mtype195.a(contiki-main.o) (curr_log_level_main)
build/cooja///mtype195.a(node-id.o)
                              node.o (node_id)
build/cooja///mtype195.a(process.o)
                              build/cooja///mtype195.a(ctimer.o) (process_current)
build/cooja///mtype195.a(rtimer.o)
                              build/cooja///mtype195.a(contiki-main.o) (rtimer_init)
build/cooja///mtype195.a(timer.o)
                              build/cooja///mtype195.a(button-sensor.o) (timer_set)
build/cooja///mtype195.a(serial-line.o)
                              build/cooja///mtype195.a(rs232.o) (serial_line_input_byte)
build/cooja///mtype195.a(list.o)
                              build/cooja///mtype195.a(ctimer.o) (list_init)
build/cooja///mtype195.a(ringbuf.o)
                              build/cooja///mtype195.a(serial-line.o) (ringbuf_init)
build/cooja///mtype195.a(linkaddr.o)
                              build/cooja///mtype195.a(contiki-main.o) (linkaddr_node_addr)
build/cooja///mtype195.a(netstack.o)
                              build/cooja///mtype195.a(contiki-main.o) (netstack_init)
build/cooja///mtype195.a(packetbuf.o)
                              build/cooja///mtype195.a(cooja-radio.o) (packetbuf_clear)
build/cooja///mtype195.a(queuebuf.o)
                              build/cooja///mtype195.a(contiki-main.o) (queuebuf_init)
build/cooja///mtype195.a(tsch.o)
                              node.o (tschmac_driver)
build/cooja///mtype195.a(sicslowpan.o)
                              build/cooja///mtype195.a(contiki-main.o) (sicslowpan_driver)
build/cooja///mtype195.a(tcpip.o)
                              build/cooja///mtype195.a(contiki-main.o) (tcpip_process)
build/cooja///mtype195.a(uip-ds6-nbr.o)
                              build/cooja///mtype195.a(tcpip.o) (uip_ds6_nbr_add)
build/cooja///mtype195.a(uip-ds6-route.o)
                              build/cooja///mtype195.a(tcpip.o) (uip_ds6_route_nexthop)
build/cooja///mtype195.a(uip-ds6.o)
                              build/cooja///mtype195.a(tcpip.o) (uip_ds6_timer_periodic)
build/cooja///mtype195.a(uip-packetqueue)
                              build/cooja///mtype195.a(uip-ds6-nbr.o) (uip_packetqueue_new)
build/cooja///mtype195.a(uip6.o)
[...]
Memory Configuration

Name             Origin             Length             Attributes
*default*        0x0000000000000000 0xffffffffffffffff

Linker script and memory map

LOAD /usr/lib/gcc/i686-linux-gnu/4.8/../../../i386-linux-gnu/crti.o
LOAD /usr/lib/gcc/i686-linux-gnu/4.8/crtbeginS.o
LOAD node.o
LOAD build/cooja///mtype195.o
LOAD build/cooja///mtype195.a
LOAD /usr/lib/gcc/i686-linux-gnu/4.8/libgcc.a
LOAD /usr/lib/gcc/i686-linux-gnu/4.8/libgcc_s.so
LOAD /usr/lib/gcc/i686-linux-gnu/4.8/../../../i386-linux-gnu/libc.so
START GROUP
LOAD /lib/i386-linux-gnu/libc.so.6
LOAD /usr/lib/i386-linux-gnu/libc_nonshared.a
LOAD /lib/i386-linux-gnu/ld-linux.so.2
END GROUP
LOAD /usr/lib/gcc/i686-linux-gnu/4.8/libgcc.a
LOAD /usr/lib/gcc/i686-linux-gnu/4.8/libgcc_s.so
LOAD /usr/lib/gcc/i686-linux-gnu/4.8/crtendS.o
LOAD /usr/lib/gcc/i686-linux-gnu/4.8/../../../i386-linux-gnu/crtn.o
                0x0000000000000114                . = (0x0 + SIZEOF_HEADERS)

.note.gnu.build-id
                0x0000000000000114       0x24
 *(.note.gnu.build-id)
 .note.gnu.build-id
                0x0000000000000114       0x24 /usr/lib/gcc/i686-linux-gnu/4.8/../../../i386-linux-gnu/crti.o

.hash
 *(.hash)

.gnu.hash       0x0000000000000138     0x1550
 *(.gnu.hash)
 .gnu.hash      0x0000000000000138     0x1550 /usr/lib/gcc/i686-linux-gnu/4.8/../../../i386-linux-gnu/crti.o

.dynsym         0x0000000000001688     0x2db0
 *(.dynsym)
 .dynsym        0x0000000000001688     0x2db0 /usr/lib/gcc/i686-linux-gnu/4.8/../../../i386-linux-gnu/crti.o

.dynstr         0x0000000000004438     0x35ac
 *(.dynstr)
 .dynstr        0x0000000000004438     0x35ac /usr/lib/gcc/i686-linux-gnu/4.8/../../../i386-linux-gnu/crti.o

.gnu.version    0x00000000000079e4      0x5b6
 *(.gnu.version)
 .gnu.version   0x00000000000079e4      0x5b6 /usr/lib/gcc/i686-linux-gnu/4.8/../../../i386-linux-gnu/crti.o

.gnu.version_d  0x0000000000007f9c        0x0
 *(.gnu.version_d)
 .gnu.version_d
                0x0000000000000000        0x0 /usr/lib/gcc/i686-linux-gnu/4.8/../../../i386-linux-gnu/crti.o

.gnu.version_r  0x0000000000007f9c       0x40
 *(.gnu.version_r)
 .gnu.version_r
                0x0000000000007f9c       0x40 /usr/lib/gcc/i686-linux-gnu/4.8/../../../i386-linux-gnu/crti.o

.rel.dyn        0x0000000000007fdc     0xe9c8
 *(.rel.init)
 .rel.init      0x0000000000000000        0x0 /usr/lib/gcc/i686-linux-gnu/4.8/../../../i386-linux-gnu/crti.o
 *(.rel.text .rel.text.* .rel.gnu.linkonce.t.*)
 .rel.text      0x0000000000007fdc     0xe150 /usr/lib/gcc/i686-linux-gnu/4.8/../../../i386-linux-gnu/crti.o
 *(.rel.fini)
 .rel.fini      0x0000000000000000        0x0 /usr/lib/gcc/i686-linux-gnu/4.8/../../../i386-linux-gnu/crti.o
 *(.rel.rodata .rel.rodata.* .rel.gnu.linkonce.r.*)
 .rel.rodata    0x000000000001612c      0x4b8 /usr/lib/gcc/i686-linux-gnu/4.8/../../../i386-linux-gnu/crti.o
 *(.rel.data.rel.ro .rel.data.rel.ro.* .rel.gnu.linkonce.d.rel.ro.*)
 *(.rel.data .rel.data.* .rel.gnu.linkonce.d.*)
 .rel.data.rel  0x00000000000165e4        0x8 /usr/lib/gcc/i686-linux-gnu/4.8/../../../i386-linux-gnu/crti.o
 .rel.data      0x00000000000165ec      0x380 /usr/lib/gcc/i686-linux-gnu/4.8/../../../i386-linux-gnu/crti.o
 *(.rel.tdata .rel.tdata.* .rel.gnu.linkonce.td.*)
 *(.rel.tbss .rel.tbss.* .rel.gnu.linkonce.tb.*)
 *(.rel.ctors)
 *(.rel.dtors)
 *(.rel.got)
 .rel.got       0x000000000001696c       0x28 /usr/lib/gcc/i686-linux-gnu/4.8/../../../i386-linux-gnu/crti.o
 *(.rel.bss .rel.bss.* .rel.gnu.linkonce.b.*)
 *(.rel.ifunc)
 .rel.ifunc     0x0000000000000000        0x0 /usr/lib/gcc/i686-linux-gnu/4.8/../../../i386-linux-gnu/crti.o
 .rel.fini_array
                0x0000000000016994        0x8 /usr/lib/gcc/i686-linux-gnu/4.8/../../../i386-linux-gnu/crti.o
 .rel.init_array
                0x000000000001699c        0x8 /usr/lib/gcc/i686-linux-gnu/4.8/../../../i386-linux-gnu/crti.o

.rel.plt        0x00000000000169a4       0x10
 *(.rel.plt)
 .rel.plt       0x00000000000169a4       0x10 /usr/lib/gcc/i686-linux-gnu/4.8/../../../i386-linux-gnu/crti.o
 *(.rel.iplt)

.init           0x00000000000169b4       0x23
 *(SORT(.init))
 .init          0x00000000000169b4       0x1e /usr/lib/gcc/i686-linux-gnu/4.8/../../../i386-linux-gnu/crti.o
                0x00000000000169b4                _init
 .init          0x00000000000169d2        0x5 /usr/lib/gcc/i686-linux-gnu/4.8/../../../i386-linux-gnu/crtn.o

.plt            0x00000000000169e0       0x30
 *(.plt)
 .plt           0x00000000000169e0       0x30 /usr/lib/gcc/i686-linux-gnu/4.8/../../../i386-linux-gnu/crti.o
 *(.iplt)

.text           0x0000000000016a10    0x1f7d4
 *(.text.unlikely .text.*_unlikely .text.unlikely.*)
 *(.text.exit .text.exit.*)
 *(.text.startup .text.startup.*)
 *(.text.hot .text.hot.*)
 *(.text .stub .text.* .gnu.linkonce.t.*)
 .text          0x0000000000016a10        0x0 /usr/lib/gcc/i686-linux-gnu/4.8/../../../i386-linux-gnu/crti.o
 .gnu.linkonce.t.__x86.get_pc_thunk.bx
                0x0000000000016a10        0x4 /usr/lib/gcc/i686-linux-gnu/4.8/../../../i386-linux-gnu/crti.o
                0x0000000000016a10                __x86.get_pc_thunk.bx
 *fill*         0x0000000000016a14        0xc 
 .text          0x0000000000016a20      0x11b /usr/lib/gcc/i686-linux-gnu/4.8/crtbeginS.o
 .text          0x0000000000016b3b       0x5f node.o
 .text          0x0000000000016b9a      0x291 build/cooja///mtype195.o
                0x0000000000016c2c                platform_init_stage_one
                0x0000000000016c32                platform_init_stage_two
                0x0000000000016c3f                platform_init_stage_three
                0x0000000000016c51                platform_main_loop
                0x0000000000016cc3                Java_org_contikios_cooja_corecomm_Lib4_init
                0x0000000000016d03                Java_org_contikios_cooja_corecomm_Lib4_getMemory
                0x0000000000016d43                Java_org_contikios_cooja_corecomm_Lib4_setMemory
                0x0000000000016dba                Java_org_contikios_cooja_corecomm_Lib4_tick
                0x0000000000016e19                Java_org_contikios_cooja_corecomm_Lib4_setReferenceAddress
 .text          0x0000000000016e2b       0x63 build/cooja///mtype195.a(simEnvChange.o)
                0x0000000000016e2b                doActionsBeforeTick
                0x0000000000016e5c                doActionsAfterTick
 .text          0x0000000000016e8e       0x80 build/cooja///mtype195.a(cooja_mt.o)
                0x0000000000016e8e                cooja_mt_start
                0x0000000000016ebb                cooja_mt_exec
                0x0000000000016eec                cooja_mt_yield
 .text          0x0000000000016f0e       0xc3 build/cooja///mtype195.a(cooja_mtarch.o)
                0x0000000000016f0e                cooja_mtarch_start
                0x0000000000016f89                cooja_sw
                0x0000000000016fab                cooja_mtarch_exec
                0x0000000000016fc7                cooja_mtarch_yield
 .text          0x0000000000016fd1       0xc3 build/cooja///mtype195.a(rtimer-arch.o)
                0x0000000000016fd1                rtimer_arch_init
                0x0000000000016ff4                rtimer_arch_schedule
                0x0000000000017023                rtimer_arch_next
                0x0000000000017033                rtimer_arch_pending
                0x000000000001703d                rtimer_arch_check
                0x0000000000017084                rtimer_arch_now
 .text          0x0000000000017094       0x76 build/cooja///mtype195.a(beep.o)
                0x0000000000017094                beep_alarm
                0x00000000000170a0                beep_beep
                0x00000000000170ac                beep
                0x00000000000170b8                beep_down
                0x00000000000170c4                beep_on
                0x00000000000170d0                beep_off
                0x00000000000170dc                beep_spinup
                0x00000000000170e8                beep_quick
                0x00000000000170f4                beep_long
 .text          0x000000000001710a      0x103 build/cooja///mtype195.a(button-sensor.o)
 .text          0x000000000001720d       0x45 build/cooja///mtype195.a(leds-arch.o)
                0x000000000001720d                leds_arch_init
                0x0000000000017219                leds_arch_get
                0x0000000000017225                leds_arch_set
 .text          0x0000000000017252       0x2f build/cooja///mtype195.a(moteid.o)
 .text          0x0000000000017281       0xb1 build/cooja///mtype195.a(pir-sensor.o)
 .text          0x0000000000017332      0x131 build/cooja///mtype195.a(rs232.o)
                0x0000000000017332                rs232_init
                0x0000000000017337                rs232_set_speed
                0x0000000000017345                rs232_set_input
                0x0000000000017352                rs232_send
                0x0000000000017374                rs232_print
                0x000000000001738f                slip_arch_writeb
 .text          0x0000000000017463       0xb1 build/cooja///mtype195.a(vib-sensor.o)
 .text          0x0000000000017514       0x34 build/cooja///mtype195.a(clock.o)
                0x0000000000017514                clock_init
                0x0000000000017519                clock_time
                0x0000000000017523                clock_seconds
                0x0000000000017539                clock_delay
 .text          0x0000000000017548      0x1ed build/cooja///mtype195.a(cooja-log.o)
                0x0000000000017548                simlog_char
                0x000000000001758a                simlog
                0x00000000000175f7                log_message
                0x000000000001761f                log_set_putchar_with_slip
                0x000000000001762c                log_putchar
                0x00000000000176b0                log_puts
                0x00000000000176d4                log_printf
 .text          0x0000000000017735      0x2c4 build/cooja///mtype195.a(cfs-cooja.o)
                0x0000000000017735                cfs_open
                0x000000000001779e                cfs_close
                0x00000000000177aa                cfs_read
                0x0000000000017848                cfs_write
                0x0000000000017925                cfs_seek
                0x00000000000179ad                cfs_remove
                0x00000000000179d6                cfs_opendir
                0x00000000000179e0                cfs_readdir
                0x00000000000179ea                cfs_closedir
 .text          0x00000000000179f9      0x5db build/cooja///mtype195.a(cooja-radio.o)
                0x0000000000017a37                radio_set_channel
                0x0000000000017a44                radio_set_txpower
                0x0000000000017a5b                radio_signal_strength_last
                0x0000000000017a65                radio_signal_strength_current
                0x0000000000017a6f                radio_LQI
 .text          0x0000000000017fd4       0xef build/cooja///mtype195.a(eeprom.o)
                0x0000000000017fd4                eeprom_init
                0x0000000000017fd9                eeprom_read
                0x0000000000018049                eeprom_write
 .text          0x00000000000180c3       0x28 build/cooja///mtype195.a(random.o)
                0x00000000000180c3                random_init
                0x00000000000180de                random_rand
 .text          0x00000000000180eb      0x2a1 build/cooja///mtype195.a(sensors.o)
                0x0000000000018126                sensors_first
                0x0000000000018130                sensors_next
                0x000000000001814d                sensors_changed
                0x000000000001817c                sensors_find
 .text          0x000000000001838c      0x319 build/cooja///mtype195.a(contiki-main.o)
                0x000000000001838c                main
 .text          0x00000000000186a5       0x8e build/cooja///mtype195.a(autostart.o)
                0x00000000000186a5                autostart_start
                0x00000000000186f0                autostart_exit
 .text          0x0000000000018733      0x334 build/cooja///mtype195.a(ctimer.o)
                0x000000000001884a                ctimer_init
                0x000000000001887a                ctimer_set
                0x00000000000188ab                ctimer_set_with_process
                0x0000000000018927                ctimer_reset
                0x0000000000018976                ctimer_restart
                0x00000000000189c5                ctimer_stop
                0x0000000000018a10                ctimer_expired
 .text          0x0000000000018a67       0x19 build/cooja///mtype195.a(energest.o)
                0x0000000000018a67                energest_init
                0x0000000000018a6c                energest_flush
                0x0000000000018a71                energest_get_total_time
 .text          0x0000000000018a80      0x40b build/cooja///mtype195.a(etimer.o)
                0x0000000000018c93                etimer_request_poll
                0x0000000000018d17                etimer_set
                0x0000000000018d3c                etimer_reset_with_new_interval
                0x0000000000018d63                etimer_reset
                0x0000000000018d81                etimer_restart
                0x0000000000018d9f                etimer_adjust
                0x0000000000018dbb                etimer_expired
                0x0000000000018dce                etimer_expiration_time
                0x0000000000018de0                etimer_start_time
                0x0000000000018dea                etimer_pending
                0x0000000000018dfc                etimer_next_expiration_time
                0x0000000000018e16                etimer_stop
 .text          0x0000000000018e8b      0x3a3 build/cooja///mtype195.a(log.o)
                0x0000000000018e8b                log_6addr
                0x0000000000018ee2                log_6addr_compact_snprint
                0x0000000000018f92                log_6addr_compact
                0x0000000000018fe9                log_lladdr
                0x0000000000019052                log_lladdr_compact
                0x00000000000190b4                log_set_level
                0x0000000000019170                log_get_level
                0x00000000000191ec                log_level_to_str
 .text          0x000000000001922e       0x24 build/cooja///mtype195.a(node-id.o)
                0x000000000001922e                node_id_init
 .text          0x0000000000019252      0x51a build/cooja///mtype195.a(process.o)
                0x0000000000019252                process_alloc_event
                0x0000000000019267                process_start
                0x0000000000019450                process_exit
                0x000000000001946c                process_init
                0x000000000001960e                process_run
                0x0000000000019641                process_nevents
                0x000000000001965c                process_post
                0x00000000000196f1                process_post_synch
                0x0000000000019729                process_poll
                0x0000000000019758                process_is_running
 .text          0x000000000001976c       0xe6 build/cooja///mtype195.a(rtimer.o)
                0x000000000001976c                rtimer_init
                0x0000000000019779                rtimer_set
                0x00000000000197f5                rtimer_run_next
 .text          0x0000000000019852       0xa3 build/cooja///mtype195.a(timer.o)
                0x0000000000019852                timer_set
                0x000000000001986d                timer_reset
                0x0000000000019896                timer_restart
                0x00000000000198a8                timer_expired
                0x00000000000198d1                timer_remaining
 .text          0x00000000000198f5      0x1fb build/cooja///mtype195.a(serial-line.o)
                0x00000000000198f5                serial_line_input_byte
                0x0000000000019ab8                serial_line_init
 .text          0x0000000000019af0      0x28a build/cooja///mtype195.a(list.o)
                0x0000000000019af0                list_init
                0x0000000000019afe                list_head
                0x0000000000019b08                list_copy
                0x0000000000019b17                list_tail
                0x0000000000019b4d                list_add
                0x0000000000019b96                list_push
                0x0000000000019bc2                list_chop
                0x0000000000019c2c                list_pop
                0x0000000000019c54                list_remove
                0x0000000000019cbb                list_length
                0x0000000000019ce9                list_insert
                0x0000000000019d2f                list_item_next
                0x0000000000019d46                list_contains
 .text          0x0000000000019d7a      0x155 build/cooja///mtype195.a(ringbuf.o)
                0x0000000000019d7a                ringbuf_init
                0x0000000000019dab                ringbuf_put
                0x0000000000019e29                ringbuf_get
                0x0000000000019e96                ringbuf_size
                0x0000000000019ea8                ringbuf_elements
 .text          0x0000000000019ecf       0x67 build/cooja///mtype195.a(linkaddr.o)
                0x0000000000019ecf                linkaddr_copy
                0x0000000000019ef1                linkaddr_cmp
                0x0000000000019f1b                linkaddr_set_node_addr
 .text          0x0000000000019f36       0xe2 build/cooja///mtype195.a(netstack.o)
                0x0000000000019f36                netstack_process_ip_callback
                0x0000000000019fbd                netstack_ip_packet_processor_add
                0x0000000000019fdf                uip_ds6_ip_packet_processor_rm
                0x0000000000019ffb                netstack_init
 .text          0x000000000001a018      0x3e1 build/cooja///mtype195.a(packetbuf.o)
                0x000000000001a018                packetbuf_clear
                0x000000000001a042                packetbuf_copyfrom
                0x000000000001a094                packetbuf_copyto
                0x000000000001a12b                packetbuf_hdralloc
                0x000000000001a1a8                packetbuf_hdrreduce
                0x000000000001a1f0                packetbuf_set_datalen
                0x000000000001a209                packetbuf_dataptr
                0x000000000001a226                packetbuf_hdrptr
                0x000000000001a230                packetbuf_datalen
                0x000000000001a23c                packetbuf_hdrlen
                0x000000000001a253                packetbuf_totlen
                0x000000000001a269                packetbuf_remaininglen
                0x000000000001a27c                packetbuf_attr_clear
                0x000000000001a2ce                packetbuf_attr_copyto
                0x000000000001a30c                packetbuf_attr_copyfrom
                0x000000000001a34a                packetbuf_set_attr
                0x000000000001a374                packetbuf_attr
                0x000000000001a38e                packetbuf_set_addr
                0x000000000001a3c0                packetbuf_addr
                0x000000000001a3dd                packetbuf_holds_broadcast
 .text          0x000000000001a3f9      0x2b7 build/cooja///mtype195.a(queuebuf.o)
                0x000000000001a403                queuebuf_init
                0x000000000001a423                queuebuf_numfree
                0x000000000001a437                queuebuf_new_from_packetbuf
                0x000000000001a4c7                queuebuf_update_attr_from_packetbuf
                0x000000000001a4fa                queuebuf_update_from_packetbuf
                0x000000000001a544                queuebuf_free
                0x000000000001a58b                queuebuf_to_packetbuf
                0x000000000001a5f1                queuebuf_dataptr
                0x000000000001a628                queuebuf_datalen
                0x000000000001a64b                queuebuf_addr
                0x000000000001a680                queuebuf_attr
                0x000000000001a6ab                queuebuf_debug_print
 .text          0x000000000001a6b0     0x2309 build/cooja///mtype195.a(tsch.o)
                0x000000000001a6b0                tsch_set_coordinator
                0x000000000001a6e0                tsch_set_pan_secured
                0x000000000001a6ef                tsch_set_join_priority
                0x000000000001a706                tsch_set_ka_timeout
                0x000000000001a72f                tsch_set_eb_period
                0x000000000001ab85                tsch_schedule_keepalive
                0x000000000001ac16                tsch_schedule_keepalive_immediately
                0x000000000001b276                tsch_disassociate
                0x000000000001b9b8                tsch_scan
 .text          0x000000000001c9b9     0x25c7 build/cooja///mtype195.a(sicslowpan.o)
                0x000000000001c9b9                netstack_sniffer_add
                0x000000000001c9c6                netstack_sniffer_remove
                0x000000000001ef55                sicslowpan_init
                0x000000000001ef76                sicslowpan_get_last_rssi
 .text          0x000000000001ef80      0x8f7 build/cooja///mtype195.a(tcpip.o)
                0x000000000001ef99                tcpip_output
                0x000000000001f015                udp_attach
                0x000000000001f032                udp_new
                0x000000000001f07c                udp_broadcast_new
                0x000000000001f1e6                tcpip_input
                0x000000000001f417                tcpip_ipv6_output
                0x000000000001f76c                tcpip_poll_udp
                0x000000000001f78f                tcpip_uipcall
 .text          0x000000000001f877      0x478 build/cooja///mtype195.a(uip-ds6-nbr.o)
                0x000000000001f877                uip_ds6_neighbors_init
                0x000000000001f899                uip_ds6_nbr_add
                0x000000000001f923                uip_ds6_nbr_rm
                0x000000000001f967                uip_ds6_nbr_update_ll
                0x000000000001fb78                uip_ds6_nbr_get_ipaddr
                0x000000000001fb8d                uip_ds6_nbr_get_ll
                0x000000000001fba9                uip_ds6_nbr_num
                0x000000000001fbee                uip_ds6_nbr_head
                0x000000000001fc03                uip_ds6_nbr_next
                0x000000000001fc1f                uip_ds6_nbr_lookup
                0x000000000001fc7a                uip_ds6_nbr_ll_lookup
                0x000000000001fc96                uip_ds6_nbr_ipaddr_from_lladdr
                0x000000000001fcbc                uip_ds6_nbr_lladdr_from_ipaddr
                0x000000000001fcea                uip_ds6_link_callback
 .text          0x000000000001fcef      0x376 build/cooja///mtype195.a(uip-ds6-route.o)
                0x000000000001fd38                uip_ds6_route_init
                0x000000000001fd59                uip_ds6_route_nexthop
                0x000000000001fd63                uip_ds6_route_head
                0x000000000001fd6d                uip_ds6_route_next
                0x000000000001fd77                uip_ds6_route_is_nexthop
                0x000000000001fd81                uip_ds6_route_num_routes
                0x000000000001fd8b                uip_ds6_route_lookup
                0x000000000001fd95                uip_ds6_route_add
                0x000000000001fda8                uip_ds6_route_rm
                0x000000000001fdae                uip_ds6_route_rm_by_nexthop
                0x000000000001fdb3                uip_ds6_defrt_head
                0x000000000001fdc8                uip_ds6_defrt_add
                0x000000000001fecd                uip_ds6_defrt_rm
                0x000000000001ff2c                uip_ds6_defrt_lookup
                0x000000000001ff92                uip_ds6_defrt_choose
                0x000000000001fffd                uip_ds6_defrt_periodic
 .text          0x0000000000020065      0xbe8 build/cooja///mtype195.a(uip-ds6.o)
                0x0000000000020065                uip_ds6_init
                0x0000000000020238                uip_ds6_periodic
                0x00000000000202b1                uip_ds6_list_loop
                0x0000000000020374                uip_ds6_prefix_add
                0x0000000000020432                uip_ds6_prefix_rm
                0x0000000000020444                uip_ds6_prefix_lookup
                0x0000000000020495                uip_ds6_is_addr_onlink
                0x0000000000020509                uip_ds6_addr_add
                0x0000000000020637                uip_ds6_addr_rm
                0x00000000000206d7                uip_ds6_addr_lookup
                0x0000000000020722                uip_ds6_get_link_local
                0x00000000000207a1                uip_ds6_get_global
                0x0000000000020820                uip_ds6_maddr_add
                0x0000000000020892                uip_ds6_maddr_rm
                0x00000000000208a4                uip_ds6_maddr_lookup
                0x00000000000208ef                uip_ds6_aaddr_add
                0x0000000000020961                uip_ds6_aaddr_rm
                0x0000000000020973                uip_ds6_aaddr_lookup
                0x00000000000209be                uip_ds6_select_src
                0x0000000000020b03                uip_ds6_set_addr_iid
                0x0000000000020b3a                uip_ds6_set_lladdr_from_iid
                0x0000000000020b6f                get_match_length
                0x0000000000020c01                uip_ds6_compute_reachable_time
 .text          0x0000000000020c4d      0x141 build/cooja///mtype195.a(uip-packetqueue)
                0x0000000000020c79                uip_packetqueue_new
                0x0000000000020c87                uip_packetqueue_alloc
                0x0000000000020ce7                uip_packetqueue_free
                0x0000000000020d28                uip_packetqueue_buf
                0x0000000000020d45                uip_packetqueue_buflen
                0x0000000000020d66                uip_packetqueue_set_buflen
 .text          0x0000000000020d8e     0x1597 build/cooja///mtype195.a(uip6.o)
                0x0000000000020e3d                uip_chksum
                0x0000000000020f16                uip_icmp6chksum
                0x0000000000020f2a                uip_udpchksum
                0x0000000000020f3e                uip_init
                0x0000000000020f86                uip_remove_ext_hdr
                0x0000000000021076                uip_udp_new
                0x0000000000021409                uip_process
                0x00000000000221ff                uip_htons
                0x0000000000022221                uip_htonl
                0x0000000000022261                uip_send
 .text          0x0000000000022325      0x4e6 build/cooja///mtype195.a(uipbuf.o)
                0x0000000000022325                uipbuf_clear
                0x0000000000022349                uipbuf_add_ext_hdr
                0x00000000000223b6                uipbuf_set_len
                0x00000000000223e3                uipbuf_set_len_field
                0x000000000002240e                uipbuf_get_len_field
                0x000000000002242e                uipbuf_get_next_header
                0x0000000000022560                uipbuf_get_last_header
                0x00000000000225f3                uipbuf_search_header
                0x000000000002269f                uipbuf_get_attr
                0x00000000000226c6                uipbuf_set_attr
                0x00000000000226fd                uipbuf_set_default_attr
                0x0000000000022734                uipbuf_clear_attr
                0x0000000000022757                uipbuf_set_attr_flag
                0x0000000000022777                uipbuf_clr_attr_flag
                0x000000000002279b                uipbuf_is_attr_flag
                0x00000000000227bf                uipbuf_init
 .text          0x000000000002280b      0x502 build/cooja///mtype195.a(uiplib.o)
                0x000000000002280b                uiplib_ip6addrconv
                0x00000000000229cb                uiplib_ip4addrconv
                0x0000000000022a8e                uiplib_ipaddr_print
                0x0000000000022ae5                uiplib_ipaddr_snprint
 .text          0x0000000000022d0d      0x696 build/cooja///mtype195.a(rpl.o)
                0x0000000000022d0d                rpl_lollipop_greater_than
                0x0000000000022d6e                rpl_get_global_address
                0x0000000000022e6d                rpl_link_callback
                0x0000000000022f32                rpl_has_joined
                0x0000000000022f57                rpl_is_reachable
                0x0000000000022fe3                rpl_reset_prefix
                0x00000000000230a2                rpl_set_prefix_from_addr
                0x0000000000023224                rpl_set_prefix
                0x0000000000023380                rpl_set_leaf_only
                0x0000000000023397                rpl_get_leaf_only
 .text          0x00000000000233a3       0x2b build/cooja///mtype195.a(watchdog.o)
                0x00000000000233a3                watchdog_init
                0x00000000000233a8                watchdog_start
                0x00000000000233ad                watchdog_periodic
                0x00000000000233c4                watchdog_stop
                0x00000000000233c9                watchdog_reboot
 .text          0x00000000000233ce       0xda build/cooja///mtype195.a(serial-shell.o)
                0x000000000002348c                serial_shell_init
 .text          0x00000000000234a8      0x406 build/cooja///mtype195.a(shell.o)
                0x00000000000234a8                shell_output_6addr
                0x000000000002353a                shell_output_lladdr
                0x00000000000236d4                shell_input
                0x00000000000238a1                shell_init
 .text          0x00000000000238ae       0xb5 build/cooja///mtype195.a(stimer.o)
                0x00000000000238ae                stimer_set
                0x00000000000238c9                stimer_reset
                0x00000000000238f2                stimer_restart
                0x0000000000023904                stimer_expired
                0x000000000002392b                stimer_remaining
                0x000000000002394f                stimer_elapsed
 .text          0x0000000000023963      0x1c1 build/cooja///mtype195.a(memb.o)
                0x0000000000023963                memb_init
                0x00000000000239c1                memb_alloc
                0x0000000000023a26                memb_free
                0x0000000000023aa1                memb_inmemb
                0x0000000000023ae0                memb_numfree
 .text          0x0000000000023b24      0x1eb build/cooja///mtype195.a(ringbufindex.o)
                0x0000000000023b24                ringbufindex_init
                0x0000000000023b4c                ringbufindex_put
                0x0000000000023ba7                ringbufindex_peek_put
                0x0000000000023beb                ringbufindex_get
                0x0000000000023c4b                ringbufindex_peek_get
                0x0000000000023c86                ringbufindex_size
                0x0000000000023c97                ringbufindex_elements
                0x0000000000023cbd                ringbufindex_full
                0x0000000000023cf4                ringbufindex_empty
 .text          0x0000000000023d0f      0x39d build/cooja///mtype195.a(link-stats.o)
                0x0000000000023d0f                link_stats_from_lladdr
                0x0000000000023d2b                link_stats_get_lladdr
                0x0000000000023d47                link_stats_is_fresh
                0x0000000000023d7f                guess_etx_from_rssi
                0x0000000000023dfb                link_stats_packet_sent
                0x0000000000023f11                link_stats_input_callback
                0x0000000000024020                link_stats_reset
                0x000000000002406b                link_stats_init
 .text          0x00000000000240ac      0x7d6 build/cooja///mtype195.a(nbr-table.o)
                0x000000000002451b                nbr_table_register
                0x0000000000024585                nbr_table_is_registered
                0x00000000000245c0                nbr_table_head
                0x000000000002461c                nbr_table_next
                0x0000000000024683                nbr_table_add_lladdr
                0x000000000002475f                nbr_table_get_from_lladdr
                0x00000000000247ac                nbr_table_remove
                0x00000000000247fe                nbr_table_lock
                0x0000000000024828                nbr_table_unlock
                0x0000000000024852                nbr_table_get_lladdr
 .text          0x0000000000024882      0x168 build/cooja///mtype195.a(mac-sequence.o)
                0x0000000000024882                mac_sequence_is_duplicate
                0x0000000000024920                mac_sequence_register_seqno
 .text          0x00000000000249ea       0x27 build/cooja///mtype195.a(mac.o)
                0x00000000000249ea                mac_call_sent_callback
 .text          0x0000000000024a11      0xa8d build/cooja///mtype195.a(frame802154.o)
                0x0000000000024a42                frame802154_get_pan_id
                0x0000000000024a4e                frame802154_set_pan_id
                0x0000000000024a67                frame802154_has_panid
                0x0000000000024c14                frame802154_check_dest_panid
                0x0000000000024c83                frame802154_is_broadcast_addr
                0x0000000000024cd0                frame802154_extract_linkaddr
                0x0000000000024f10                frame802154_hdrlen
                0x0000000000024f61                frame802154_create_fcf
                0x0000000000025018                frame802154_create
                0x0000000000025165                frame802154_parse_fcf
                0x000000000002521e                frame802154_parse
 .text          0x000000000002549e      0x632 build/cooja///mtype195.a(framer-802154.o)
                0x00000000000256f7                framer_802154_setup_params
 .text          0x0000000000025ad0      0x481 build/cooja///mtype195.a(tsch-log.o)
                0x0000000000025ad0                tsch_log_process_pending
                0x0000000000025e54                tsch_log_prepare_add
                0x0000000000025ed7                tsch_log_commit
                0x0000000000025f01                tsch_log_init
                0x0000000000025f30                tsch_log_stop
 .text          0x0000000000025f51      0xa45 build/cooja///mtype195.a(tsch-packet.o)
                0x0000000000025f7b                tsch_packet_eackbuf_attr
                0x0000000000025f95                tsch_packet_create_eack
                0x00000000000261ad                tsch_packet_parse_eack
                0x000000000002636a                tsch_packet_create_eb
                0x000000000002664a                tsch_packet_update_eb
                0x00000000000266d0                tsch_packet_parse_eb
                0x000000000002696d                tsch_packet_set_frame_pending
                0x0000000000026982                tsch_packet_get_frame_pending
 .text          0x0000000000026996      0xa9e build/cooja///mtype195.a(tsch-queue.o)
                0x0000000000026996                tsch_queue_add_nbr
                0x0000000000026a94                tsch_queue_get_nbr
                0x0000000000026aee                tsch_queue_get_time_source
                0x0000000000026b3a                tsch_queue_update_time_source
                0x0000000000026d82                tsch_queue_add_packet
                0x0000000000026ee5                tsch_queue_global_packet_count
                0x0000000000026f02                tsch_queue_packet_count
                0x0000000000026f45                tsch_queue_remove_packet_from_queue
                0x0000000000026f93                tsch_queue_free_packet
                0x0000000000026fc1                tsch_queue_packet_sent
                0x0000000000027076                tsch_queue_reset
                0x00000000000270c9                tsch_queue_free_unused_neighbors
                0x0000000000027141                tsch_queue_is_empty
                0x0000000000027178                tsch_queue_get_packet_for_nbr
                0x00000000000271fa                tsch_queue_get_packet_for_dest_addr
                0x000000000002722c                tsch_queue_get_unicast_packet_for_any
                0x00000000000272b3                tsch_queue_backoff_expired
                0x00000000000272c7                tsch_queue_backoff_reset
                0x00000000000272da                tsch_queue_backoff_inc
                0x0000000000027344                tsch_queue_update_all_backoff_windows
                0x00000000000273e5                tsch_queue_init
 .text          0x0000000000027434      0x110 build/cooja///mtype195.a(tsch-rpl.o)
                0x0000000000027434                tsch_rpl_callback_ka_sent
                0x0000000000027466                tsch_rpl_callback_joining_network
                0x000000000002746b                tsch_rpl_callback_leaving_network
                0x0000000000027486                tsch_rpl_callback_new_dio_interval
                0x0000000000027511                tsch_rpl_callback_parent_switch
 .text          0x0000000000027544      0xe83 build/cooja///mtype195.a(tsch-schedule.o)
                0x0000000000027544                tsch_schedule_add_slotframe
                0x0000000000027671                tsch_schedule_remove_all_slotframes
                0x00000000000276ac                tsch_schedule_remove_slotframe
                0x000000000002777c                tsch_schedule_get_slotframe_by_handle
                0x00000000000277d1                tsch_schedule_get_link_by_handle
                0x0000000000027960                tsch_schedule_add_link
                0x0000000000027c6d                tsch_schedule_remove_link
                0x0000000000027e7c                tsch_schedule_remove_link_by_timeslot
                0x0000000000027ec3                tsch_schedule_get_link_by_timeslot
                0x0000000000027f24                tsch_schedule_get_next_active_link
                0x000000000002813a                tsch_schedule_init
                0x0000000000028181                tsch_schedule_create_minimal
                0x00000000000281d8                tsch_schedule_slotframe_head
                0x00000000000281ed                tsch_schedule_slotframe_next
                0x0000000000028200                tsch_schedule_print
 .text          0x00000000000283c7     0x1d78 build/cooja///mtype195.a(tsch-slot-opera)
                0x00000000000283c7                tsch_is_locked
                0x00000000000283d1                tsch_get_lock
                0x00000000000284e0                tsch_release_lock
                0x00000000000284ef                tsch_calculate_channel
                0x0000000000029fc8                tsch_slot_operation_start
                0x000000000002a0dd                tsch_slot_operation_sync
 .text          0x000000000002a13f        0x0 build/cooja///mtype195.a(tsch-timeslot-t)
 .text          0x000000000002a13f      0x781 build/cooja///mtype195.a(uip-icmp6.o)
                0x000000000002a1ad                uip_icmp6_input
                0x000000000002a203                uip_icmp6_register_input_handler
                0x000000000002a353                uip_icmp6_error_output
                0x000000000002a683                uip_icmp6_send
                0x000000000002a853                uip_icmp6_echo_reply_callback_add
                0x000000000002a884                uip_icmp6_echo_reply_callback_rm
                0x000000000002a8a0                uip_icmp6_init
 .text          0x000000000002a8c0      0x7e6 build/cooja///mtype195.a(uip-nd6.o)
                0x000000000002b092                uip_nd6_init
 .text          0x000000000002b0a6      0x744 build/cooja///mtype195.a(uip-sr.o)
                0x000000000002b0a6                uip_sr_num_nodes
                0x000000000002b13a                uip_sr_get_node
                0x000000000002b18f                uip_sr_is_addr_reachable
                0x000000000002b23a                uip_sr_expire_parent
                0x000000000002b287                uip_sr_update_node
                0x000000000002b460                uip_sr_init
                0x000000000002b48b                uip_sr_node_head
                0x000000000002b4a0                uip_sr_node_next
                0x000000000002b4b3                uip_sr_periodic
                0x000000000002b5a9                uip_sr_free_all
                0x000000000002b611                uip_sr_link_snprint
 .text          0x000000000002b7ea      0x4c9 build/cooja///mtype195.a(rpl-dag-root.o)
                0x000000000002b7ea                rpl_dag_root_print_links
                0x000000000002bb00                rpl_dag_root_set_prefix
                0x000000000002bb2c                rpl_dag_root_start
                0x000000000002bc84                rpl_dag_root_is_root
 .text          0x000000000002bcb3     0x16a4 build/cooja///mtype195.a(rpl-dag.o)
                0x000000000002bcb3                rpl_dag_state_to_str
                0x000000000002bcf2                rpl_dag_get_root_ipaddr
                0x000000000002bd3a                rpl_dag_leave
                0x000000000002be29                rpl_dag_poison_and_leave
                0x000000000002be40                rpl_dag_periodic
                0x000000000002bf34                rpl_is_addr_in_our_dag
                0x000000000002bf7b                rpl_get_default_instance
                0x000000000002bf97                rpl_get_any_dag
                0x000000000002bff0                rpl_refresh_routes
                0x000000000002c090                rpl_global_repair
                0x000000000002c1e6                rpl_local_repair
                0x000000000002c264                rpl_dag_ready_to_advertise
                0x000000000002c2a6                rpl_dag_update_state
                0x000000000002ce6b                rpl_process_dio
                0x000000000002cf26                rpl_process_dis
                0x000000000002cf9e                rpl_process_dao
                0x000000000002d074                rpl_process_dao_ack
                0x000000000002d146                rpl_process_hbh
                0x000000000002d193                rpl_dag_init_root
                0x000000000002d333                rpl_dag_init
 .text          0x000000000002d357     0x10e8 build/cooja///mtype195.a(rpl-ext-header.)
                0x000000000002d357                rpl_ext_header_srh_get_next_hop
                0x000000000002d441                rpl_ext_header_srh_update
                0x000000000002dcd2                rpl_ext_header_hbh_update
                0x000000000002e258                rpl_ext_header_update
                0x000000000002e2dc                rpl_ext_header_remove
 .text          0x000000000002e43f     0x1d0c build/cooja///mtype195.a(rpl-icmp6.o)
                0x000000000002e562                rpl_icmp6_update_nbr_table
                0x000000000002e726                rpl_icmp6_dis_output
                0x000000000002f02f                rpl_icmp6_dio_output
                0x000000000002fa90                rpl_icmp6_dao_output
                0x0000000000030010                rpl_icmp6_dao_ack_output
                0x0000000000030113                rpl_icmp6_init
 .text          0x000000000003014b      0x30d build/cooja///mtype195.a(rpl-mrhof.o)
 .text          0x0000000000030458      0x1df build/cooja///mtype195.a(rpl-nbr-policy.)
                0x00000000000305f5                rpl_nbr_policy_find_removable
 .text          0x0000000000030637      0xb5c build/cooja///mtype195.a(rpl-neighbor.o)
                0x00000000000306b3                rpl_neighbor_snprint
                0x000000000003098e                rpl_neighbor_print_list
                0x0000000000030b96                rpl_neighbor_count
                0x0000000000030c34                rpl_neighbor_get_from_lladdr
                0x0000000000030c50                rpl_neighbor_is_acceptable_parent
                0x0000000000030c81                rpl_neighbor_get_link_metric
                0x0000000000030cb2                rpl_neighbor_rank_via_nbr
                0x0000000000030ce3                rpl_neighbor_get_lladdr
                0x0000000000030cff                rpl_neighbor_get_ipaddr
                0x0000000000030d20                rpl_neighbor_get_link_stats
                0x0000000000030d41                rpl_neighbor_is_fresh
                0x0000000000030d62                rpl_neighbor_is_reachable
                0x0000000000030da6                rpl_neighbor_is_parent
                0x0000000000030dd0                rpl_neighbor_set_preferred_parent
                0x0000000000030eff                rpl_neighbor_remove_all
                0x0000000000030f78                rpl_neighbor_get_from_ipaddr
                0x0000000000031063                rpl_neighbor_select_best
                0x0000000000031176                rpl_neighbor_init
 .text          0x0000000000031193      0xb95 build/cooja///mtype195.a(rpl-timers.o)
                0x0000000000031193                rpl_timers_schedule_periodic_dis
                0x000000000003131a                rpl_timers_dio_reset
                0x000000000003144b                rpl_timers_schedule_unicast_dio
                0x00000000000315ec                rpl_timers_schedule_dao
                0x000000000003172c                rpl_timers_schedule_dao_ack
                0x00000000000317c3                get_probing_delay
                0x00000000000317f7                get_probing_target
                0x0000000000031a93                rpl_schedule_probing
                0x0000000000031acb                rpl_schedule_probing_now
                0x0000000000031b3e                rpl_timers_unschedule_leaving
                0x0000000000031b6d                rpl_timers_schedule_leaving
                0x0000000000031bb4                rpl_timers_init
                0x0000000000031c69                rpl_timers_stop_dag_timers
                0x0000000000031cc5                rpl_timers_unschedule_state_update
                0x0000000000031ce4                rpl_timers_schedule_state_update
 .text          0x0000000000031d28     0x2b00 build/cooja///mtype195.a(shell-commands.)
                0x0000000000034723                shell_commands_init
                0x0000000000034761                shell_command_set_register
                0x000000000003477d                shell_command_set_deregister
                0x00000000000347c0                shell_command_lookup
 .text          0x0000000000034828     0x1312 build/cooja///mtype195.a(frame802154e-ie)
                0x0000000000034931                frame80215e_create_ie_header_ack_nack_time_correction
                0x00000000000349bb                frame80215e_create_ie_header_list_termination_1
                0x0000000000034a03                frame80215e_create_ie_header_list_termination_2
                0x0000000000034a4b                frame80215e_create_ie_payload_list_termination
                0x0000000000034a93                frame80215e_create_ie_mlme
                0x0000000000034ae1                frame80215e_create_ie_tsch_synchronization
                0x0000000000034b8f                frame80215e_create_ie_tsch_slotframe_and_link
                0x0000000000034d70                frame80215e_create_ie_tsch_timeslot
                0x0000000000034e43                frame80215e_create_ie_tsch_channel_hopping_sequence
                0x00000000000353cb                frame802154e_parse_information_elements
 .text          0x0000000000035b3a      0x3f8 build/cooja///mtype195.a(tsch-adaptive-t)
                0x0000000000035b3a                tsch_adaptive_timesync_get_drift_ppm
                0x0000000000035cdb                tsch_timesync_update
                0x0000000000035ec5                tsch_timesync_adaptive_compensate
 *fill*         0x0000000000035f32        0xe 
 .text          0x0000000000035f40      0x172 /usr/lib/gcc/i686-linux-gnu/4.8/libgcc.a(_divdi3.o)
                0x0000000000035f40                __divdi3
 *fill*         0x00000000000360b2        0xe 
 .text          0x00000000000360c0      0x124 /usr/lib/gcc/i686-linux-gnu/4.8/libgcc.a(_udivdi3.o)
                0x00000000000360c0                __udivdi3
 .text          0x00000000000361e4        0x0 /usr/lib/gcc/i686-linux-gnu/4.8/crtendS.o
 .text          0x00000000000361e4        0x0 /usr/lib/gcc/i686-linux-gnu/4.8/../../../i386-linux-gnu/crtn.o
 *(.gnu.warning)

.fini           0x00000000000361e4       0x14
 *(SORT(.fini))
 .fini          0x00000000000361e4        0xf /usr/lib/gcc/i686-linux-gnu/4.8/../../../i386-linux-gnu/crti.o
                0x00000000000361e4                _fini
 .fini          0x00000000000361f3        0x5 /usr/lib/gcc/i686-linux-gnu/4.8/../../../i386-linux-gnu/crtn.o
                0x00000000000361f8                PROVIDE (__etext, .)
                0x00000000000361f8                PROVIDE (_etext, .)
                0x00000000000361f8                PROVIDE (etext, .)

.rodata         0x0000000000036200     0x3bd0
 *(.rodata .rodata.* .gnu.linkonce.r.*)
 .rodata        0x0000000000036200       0x14 node.o
                0x000000000003620c                autostart_processes
 .rodata        0x0000000000036214        0x8 build/cooja///mtype195.a(beep.o)
                0x0000000000036214                beep_interface
 .rodata        0x000000000003621c       0x20 build/cooja///mtype195.a(button-sensor.o)
                0x000000000003621c                button_interface
                0x000000000003622c                button_sensor
 .rodata        0x000000000003623c        0x8 build/cooja///mtype195.a(leds-arch.o)
                0x000000000003623c                leds_interface
 .rodata        0x0000000000036244        0x8 build/cooja///mtype195.a(moteid.o)
                0x0000000000036244                moteid_interface
 .rodata        0x000000000003624c       0x1c build/cooja///mtype195.a(pir-sensor.o)
                0x000000000003624c                pir_interface
                0x0000000000036258                pir_sensor
 .rodata        0x0000000000036268        0xe build/cooja///mtype195.a(rs232.o)
                0x0000000000036268                rs232_interface
 *fill*         0x0000000000036276        0x2 
 .rodata        0x0000000000036278       0x24 build/cooja///mtype195.a(vib-sensor.o)
                0x0000000000036278                vib_interface
                0x000000000003628c                vib_sensor
 .rodata        0x000000000003629c        0x8 build/cooja///mtype195.a(clock.o)
                0x000000000003629c                clock_interface
 .rodata        0x00000000000362a4        0x8 build/cooja///mtype195.a(cooja-log.o)
                0x00000000000362a4                simlog_interface
 .rodata        0x00000000000362ac       0x2f build/cooja///mtype195.a(cfs-cooja.o)
                0x00000000000362ac                cfs_interface
 *fill*         0x00000000000362db        0x5 
 .rodata        0x00000000000362e0       0x78 build/cooja///mtype195.a(cooja-radio.o)
                0x00000000000362e0                radio_interface
                0x0000000000036320                cooja_radio_driver
 .rodata        0x0000000000036358        0x8 build/cooja///mtype195.a(eeprom.o)
                0x0000000000036358                eeprom_interface
 .rodata        0x0000000000036360        0x8 build/cooja///mtype195.a(sensors.o)
 .rodata        0x0000000000036368       0xf0 build/cooja///mtype195.a(contiki-main.o)
 .rodata        0x0000000000036458        0xf build/cooja///mtype195.a(ctimer.o)
 .rodata        0x0000000000036467        0xc build/cooja///mtype195.a(etimer.o)
 *fill*         0x0000000000036473        0x1 
 .rodata        0x0000000000036474       0xc0 build/cooja///mtype195.a(log.o)
 .rodata        0x0000000000036534        0xe build/cooja///mtype195.a(serial-line.o)
 .rodata        0x0000000000036542        0x8 build/cooja///mtype195.a(linkaddr.o)
                0x0000000000036542                linkaddr_null
 *fill*         0x000000000003654a        0x2 
 .rodata        0x000000000003654c      0x82c build/cooja///mtype195.a(tsch.o)
                0x000000000003654c                tsch_broadcast_address
                0x0000000000036554                tsch_eb_address
                0x0000000000036d5c                tschmac_driver
 .rodata        0x0000000000036d78      0x274 build/cooja///mtype195.a(sicslowpan.o)
                0x0000000000036d78                unc_llconf
                0x0000000000036d7c                unc_ctxconf
                0x0000000000036d80                unc_mxconf
                0x0000000000036d84                llprefix
                0x0000000000036fdc                sicslowpan_driver
 .rodata        0x0000000000036fec      0x185 build/cooja///mtype195.a(tcpip.o)
 *fill*         0x0000000000037171        0x3 
 .rodata        0x0000000000037174       0xd1 build/cooja///mtype195.a(uip-ds6-nbr.o)
 *fill*         0x0000000000037245        0x3 
 .rodata        0x0000000000037248       0xaa build/cooja///mtype195.a(uip-ds6-route.o)
 *fill*         0x00000000000372f2        0x2 
 .rodata        0x00000000000372f4      0x24f build/cooja///mtype195.a(uip6.o)
 .rodata        0x0000000000037543       0x2d build/cooja///mtype195.a(uiplib.o)
 *fill*         0x0000000000037570       0x10 
 .rodata        0x0000000000037580      0x130 build/cooja///mtype195.a(rpl.o)
                0x0000000000037660                rpl_lite_driver
 .rodata        0x00000000000376b0       0x18 build/cooja///mtype195.a(serial-shell.o)
 .rodata        0x00000000000376c8        0x8 build/cooja///mtype195.a(shell.o)
 .rodata        0x00000000000376d0       0xd0 build/cooja///mtype195.a(framer-802154.o)
                0x0000000000037794                framer_802154
 .rodata        0x00000000000377a0      0x110 build/cooja///mtype195.a(tsch-log.o)
 .rodata        0x00000000000378b0       0xed build/cooja///mtype195.a(tsch-packet.o)
 *fill*         0x000000000003799d        0x3 
 .rodata        0x00000000000379a0       0x7d build/cooja///mtype195.a(tsch-queue.o)
 .rodata        0x0000000000037a1d        0xd build/cooja///mtype195.a(tsch-rpl.o)
 *fill*         0x0000000000037a2a        0x2 
 .rodata        0x0000000000037a2c      0x244 build/cooja///mtype195.a(tsch-schedule.o)
 .rodata        0x0000000000037c70      0x10f build/cooja///mtype195.a(tsch-slot-opera)
 *fill*         0x0000000000037d7f        0x1 
 .rodata        0x0000000000037d80       0x18 build/cooja///mtype195.a(tsch-timeslot-t)
                0x0000000000037d80                tsch_timeslot_timing_us_10000
 .rodata        0x0000000000037d98       0x56 build/cooja///mtype195.a(uip-icmp6.o)
 .rodata        0x0000000000037dee       0x53 build/cooja///mtype195.a(uip-nd6.o)
 *fill*         0x0000000000037e41        0x3 
 .rodata        0x0000000000037e44       0xa1 build/cooja///mtype195.a(uip-sr.o)
 *fill*         0x0000000000037ee5        0x3 
 .rodata        0x0000000000037ee8       0xc4 build/cooja///mtype195.a(rpl-dag-root.o)
 .rodata        0x0000000000037fac      0x610 build/cooja///mtype195.a(rpl-dag.o)
 .rodata        0x00000000000385bc      0x39a build/cooja///mtype195.a(rpl-ext-header.)
 *fill*         0x0000000000038956        0x2 
 .rodata        0x0000000000038958      0x587 build/cooja///mtype195.a(rpl-icmp6.o)
 .rodata        0x0000000000038edf       0x25 build/cooja///mtype195.a(rpl-mrhof.o)
 .rodata        0x0000000000038f04       0x42 build/cooja///mtype195.a(rpl-nbr-policy.)
 *fill*         0x0000000000038f46        0x2 
 .rodata        0x0000000000038f48      0x15a build/cooja///mtype195.a(rpl-neighbor.o)
 .rodata        0x00000000000390a2       0x89 build/cooja///mtype195.a(rpl-timers.o)
 *fill*         0x000000000003912b       0x15 
 .rodata        0x0000000000039140      0xa0c build/cooja///mtype195.a(shell-commands.)
                0x0000000000039a80                builtin_shell_commands
 .rodata        0x0000000000039b4c      0x232 build/cooja///mtype195.a(frame802154e-ie)
 *fill*         0x0000000000039d7e        0x2 
 .rodata        0x0000000000039d80       0x50 build/cooja///mtype195.a(tsch-adaptive-t)

.rodata1
 *(.rodata1)

.eh_frame_hdr   0x0000000000039dd0     0x1874
 *(.eh_frame_hdr)
 .eh_frame_hdr  0x0000000000039dd0     0x1874 node.o

.eh_frame       0x000000000003b644     0x64f8
 *(.eh_frame)
 .eh_frame      0x000000000003b644       0x3c /usr/lib/gcc/i686-linux-gnu/4.8/../../../i386-linux-gnu/crti.o
                                         0x40 (size before relaxing)
 .eh_frame      0x000000000003b680       0x20 node.o
                                         0x38 (size before relaxing)
 .eh_frame      0x000000000003b6a0      0x178 build/cooja///mtype195.o
                                        0x190 (size before relaxing)
 .eh_frame      0x000000000003b818       0x40 build/cooja///mtype195.a(simEnvChange.o)
                                         0x58 (size before relaxing)
 .eh_frame      0x000000000003b858       0x60 build/cooja///mtype195.a(cooja_mt.o)
                                         0x78 (size before relaxing)
 .eh_frame      0x000000000003b8b8       0x80 build/cooja///mtype195.a(cooja_mtarch.o)
                                         0x98 (size before relaxing)
 .eh_frame      0x000000000003b938       0xc8 build/cooja///mtype195.a(rtimer-arch.o)
                                         0xe0 (size before relaxing)
 .eh_frame      0x000000000003ba00      0x160 build/cooja///mtype195.a(beep.o)
                                        0x178 (size before relaxing)
 .eh_frame      0x000000000003bb60       0xa0 build/cooja///mtype195.a(button-sensor.o)
                                         0xb8 (size before relaxing)
 .eh_frame      0x000000000003bc00       0xa0 build/cooja///mtype195.a(leds-arch.o)
                                         0xb8 (size before relaxing)
 .eh_frame      0x000000000003bca0       0x40 build/cooja///mtype195.a(moteid.o)
                                         0x58 (size before relaxing)
 .eh_frame      0x000000000003bce0       0xa0 build/cooja///mtype195.a(pir-sensor.o)
                                         0xb8 (size before relaxing)
 .eh_frame      0x000000000003bd80      0x100 build/cooja///mtype195.a(rs232.o)
                                        0x118 (size before relaxing)
 .eh_frame      0x000000000003be80       0xa0 build/cooja///mtype195.a(vib-sensor.o)
                                         0xb8 (size before relaxing)
 .eh_frame      0x000000000003bf20       0xc0 build/cooja///mtype195.a(clock.o)
                                         0xd8 (size before relaxing)
 .eh_frame      0x000000000003bfe0      0x120 build/cooja///mtype195.a(cooja-log.o)
                                        0x138 (size before relaxing)
 .eh_frame      0x000000000003c100      0x160 build/cooja///mtype195.a(cfs-cooja.o)
                                        0x178 (size before relaxing)
 .eh_frame      0x000000000003c260      0x340 build/cooja///mtype195.a(cooja-radio.o)
                                        0x358 (size before relaxing)
 .eh_frame      0x000000000003c5a0       0xa0 build/cooja///mtype195.a(eeprom.o)
                                         0xb8 (size before relaxing)
 .eh_frame      0x000000000003c640       0x40 build/cooja///mtype195.a(random.o)
                                         0x58 (size before relaxing)
 .eh_frame      0x000000000003c680       0xc0 build/cooja///mtype195.a(sensors.o)
                                         0xd8 (size before relaxing)
 .eh_frame      0x000000000003c740       0x20 build/cooja///mtype195.a(contiki-main.o)
                                         0x38 (size before relaxing)
 .eh_frame      0x000000000003c760       0x40 build/cooja///mtype195.a(autostart.o)
                                         0x58 (size before relaxing)
 .eh_frame      0x000000000003c7a0      0x100 build/cooja///mtype195.a(ctimer.o)
                                        0x118 (size before relaxing)
 .eh_frame      0x000000000003c8a0       0x60 build/cooja///mtype195.a(energest.o)
                                         0x78 (size before relaxing)
 .eh_frame      0x000000000003c900      0x1e0 build/cooja///mtype195.a(etimer.o)
                                        0x1f8 (size before relaxing)
 .eh_frame      0x000000000003cae0      0x100 build/cooja///mtype195.a(log.o)
                                        0x118 (size before relaxing)
 .eh_frame      0x000000000003cbe0       0x20 build/cooja///mtype195.a(node-id.o)
                                         0x38 (size before relaxing)
 .eh_frame      0x000000000003cc00      0x1c8 build/cooja///mtype195.a(process.o)
                                        0x1e0 (size before relaxing)
 .eh_frame      0x000000000003cdc8       0x60 build/cooja///mtype195.a(rtimer.o)
                                         0x78 (size before relaxing)
 .eh_frame      0x000000000003ce28       0xa4 build/cooja///mtype195.a(timer.o)
                                         0xbc (size before relaxing)
 .eh_frame      0x000000000003cecc       0x60 build/cooja///mtype195.a(serial-line.o)
                                         0x78 (size before relaxing)
 .eh_frame      0x000000000003cf2c      0x1a0 build/cooja///mtype195.a(list.o)
                                        0x1b8 (size before relaxing)
 .eh_frame      0x000000000003d0cc       0xa0 build/cooja///mtype195.a(ringbuf.o)
                                         0xb8 (size before relaxing)
 .eh_frame      0x000000000003d16c       0x60 build/cooja///mtype195.a(linkaddr.o)
                                         0x78 (size before relaxing)
 .eh_frame      0x000000000003d1cc       0x80 build/cooja///mtype195.a(netstack.o)
                                         0x98 (size before relaxing)
 .eh_frame      0x000000000003d24c      0x28c build/cooja///mtype195.a(packetbuf.o)
                                        0x2a4 (size before relaxing)
 .eh_frame      0x000000000003d4d8      0x1a0 build/cooja///mtype195.a(queuebuf.o)
                                        0x1b8 (size before relaxing)
 .eh_frame      0x000000000003d678      0x3ac build/cooja///mtype195.a(tsch.o)
                                        0x3c4 (size before relaxing)
 .eh_frame      0x000000000003da24      0x24c build/cooja///mtype195.a(sicslowpan.o)
                                        0x264 (size before relaxing)
 .eh_frame      0x000000000003dc70      0x244 build/cooja///mtype195.a(tcpip.o)
                                        0x25c (size before relaxing)
 .eh_frame      0x000000000003deb4      0x1c0 build/cooja///mtype195.a(uip-ds6-nbr.o)
                                        0x1d8 (size before relaxing)
 .eh_frame      0x000000000003e074      0x220 build/cooja///mtype195.a(uip-ds6-route.o)
                                        0x238 (size before relaxing)
 .eh_frame      0x000000000003e294      0x2e8 build/cooja///mtype195.a(uip-ds6.o)
                                        0x300 (size before relaxing)
 .eh_frame      0x000000000003e57c       0xe0 build/cooja///mtype195.a(uip-packetqueue)
                                         0xf8 (size before relaxing)
 .eh_frame      0x000000000003e65c      0x1f0 build/cooja///mtype195.a(uip6.o)
                                        0x208 (size before relaxing)
 .eh_frame      0x000000000003e84c      0x200 build/cooja///mtype195.a(uipbuf.o)
                                        0x218 (size before relaxing)
 .eh_frame      0x000000000003ea4c       0x90 build/cooja///mtype195.a(uiplib.o)
                                         0xa8 (size before relaxing)
 .eh_frame      0x000000000003eadc      0x1e0 build/cooja///mtype195.a(rpl.o)
                                        0x1f8 (size before relaxing)
 .eh_frame      0x000000000003ecbc       0xa0 build/cooja///mtype195.a(watchdog.o)
                                         0xb8 (size before relaxing)
 .eh_frame      0x000000000003ed5c       0x60 build/cooja///mtype195.a(serial-shell.o)
                                         0x78 (size before relaxing)
 .eh_frame      0x000000000003edbc       0xa0 build/cooja///mtype195.a(shell.o)
                                         0xb8 (size before relaxing)
 .eh_frame      0x000000000003ee5c       0xc4 build/cooja///mtype195.a(stimer.o)
                                         0xdc (size before relaxing)
 .eh_frame      0x000000000003ef20       0xa0 build/cooja///mtype195.a(memb.o)
                                         0xb8 (size before relaxing)
 .eh_frame      0x000000000003efc0      0x120 build/cooja///mtype195.a(ringbufindex.o)
                                        0x138 (size before relaxing)
 .eh_frame      0x000000000003f0e0      0x120 build/cooja///mtype195.a(link-stats.o)
                                        0x138 (size before relaxing)
 .eh_frame      0x000000000003f200      0x2ac build/cooja///mtype195.a(nbr-table.o)
                                        0x2c4 (size before relaxing)
 .eh_frame      0x000000000003f4ac       0x48 build/cooja///mtype195.a(mac-sequence.o)
                                         0x60 (size before relaxing)
 .eh_frame      0x000000000003f4f4       0x20 build/cooja///mtype195.a(mac.o)
                                         0x38 (size before relaxing)
 .eh_frame      0x000000000003f514      0x1a4 build/cooja///mtype195.a(frame802154.o)
                                        0x1bc (size before relaxing)
 .eh_frame      0x000000000003f6b8       0xb0 build/cooja///mtype195.a(framer-802154.o)
                                         0xc8 (size before relaxing)
 .eh_frame      0x000000000003f768       0xb0 build/cooja///mtype195.a(tsch-log.o)
                                         0xc8 (size before relaxing)
 .eh_frame      0x000000000003f818      0x14c build/cooja///mtype195.a(tsch-packet.o)
                                        0x164 (size before relaxing)
 .eh_frame      0x000000000003f964      0x2f4 build/cooja///mtype195.a(tsch-queue.o)
                                        0x30c (size before relaxing)
 .eh_frame      0x000000000003fc58       0xa4 build/cooja///mtype195.a(tsch-rpl.o)
                                         0xbc (size before relaxing)
 .eh_frame      0x000000000003fcfc      0x258 build/cooja///mtype195.a(tsch-schedule.o)
                                        0x270 (size before relaxing)
 .eh_frame      0x000000000003ff54      0x218 build/cooja///mtype195.a(tsch-slot-opera)
                                        0x230 (size before relaxing)
 .eh_frame      0x000000000004016c      0x158 build/cooja///mtype195.a(uip-icmp6.o)
                                        0x170 (size before relaxing)
 .eh_frame      0x00000000000402c4       0x88 build/cooja///mtype195.a(uip-nd6.o)
                                         0xa0 (size before relaxing)
 .eh_frame      0x000000000004034c      0x18c build/cooja///mtype195.a(uip-sr.o)
                                        0x1a4 (size before relaxing)
 .eh_frame      0x00000000000404d8       0xa0 build/cooja///mtype195.a(rpl-dag-root.o)
                                         0xb8 (size before relaxing)
 .eh_frame      0x0000000000040578      0x370 build/cooja///mtype195.a(rpl-dag.o)
                                        0x388 (size before relaxing)
 .eh_frame      0x00000000000408e8      0x14c build/cooja///mtype195.a(rpl-ext-header.)
                                        0x164 (size before relaxing)
 .eh_frame      0x0000000000040a34      0x1dc build/cooja///mtype195.a(rpl-icmp6.o)
                                        0x1f4 (size before relaxing)
 .eh_frame      0x0000000000040c10      0x148 build/cooja///mtype195.a(rpl-mrhof.o)
                                        0x160 (size before relaxing)
 .eh_frame      0x0000000000040d58       0x80 build/cooja///mtype195.a(rpl-nbr-policy.)
                                         0x98 (size before relaxing)
 .eh_frame      0x0000000000040dd8      0x2e4 build/cooja///mtype195.a(rpl-neighbor.o)
                                        0x2fc (size before relaxing)
 .eh_frame      0x00000000000410bc      0x368 build/cooja///mtype195.a(rpl-timers.o)
                                        0x380 (size before relaxing)
 .eh_frame      0x0000000000041424      0x368 build/cooja///mtype195.a(shell-commands.)
                                        0x380 (size before relaxing)
 .eh_frame      0x000000000004178c      0x230 build/cooja///mtype195.a(frame802154e-ie)
                                        0x248 (size before relaxing)
 .eh_frame      0x00000000000419bc       0xd8 build/cooja///mtype195.a(tsch-adaptive-t)
                                         0xf0 (size before relaxing)
 .eh_frame      0x0000000000041a94       0x38 /usr/lib/gcc/i686-linux-gnu/4.8/libgcc.a(_divdi3.o)
                                         0x50 (size before relaxing)
 .eh_frame      0x0000000000041acc       0x6c /usr/lib/gcc/i686-linux-gnu/4.8/libgcc.a(_udivdi3.o)
                                         0x84 (size before relaxing)
 .eh_frame      0x0000000000041b38        0x4 /usr/lib/gcc/i686-linux-gnu/4.8/crtendS.o

.gcc_except_table
 *(.gcc_except_table .gcc_except_table.*)

.exception_ranges
 *(.exception_ranges .exception_ranges*)
                0x0000000000041b3c                . = (ALIGN (0x1000) - ((0x1000 - .) & 0xfff))
                0x0000000000042ef8                . = DATA_SEGMENT_ALIGN (0x1000, 0x1000)

.eh_frame
 *(.eh_frame)

.gcc_except_table
 *(.gcc_except_table .gcc_except_table.*)

.exception_ranges
 *(.exception_ranges .exception_ranges*)

.tdata
 *(.tdata .tdata.* .gnu.linkonce.td.*)

.tbss
 *(.tbss .tbss.* .gnu.linkonce.tb.*)
 *(.tcommon)

.preinit_array
 *(.preinit_array)

.init_array     0x0000000000042ef8        0x4
 *(SORT(.init_array.*) SORT(.ctors.*))
 *(.init_array EXCLUDE_FILE(*crtend?.o *crtend.o *crtbegin?.o *crtbegin.o) .ctors)
 .init_array    0x0000000000042ef8        0x4 /usr/lib/gcc/i686-linux-gnu/4.8/crtbeginS.o

.fini_array     0x0000000000042efc        0x4
 *(SORT(.fini_array.*) SORT(.dtors.*))
 *(.fini_array EXCLUDE_FILE(*crtend?.o *crtend.o *crtbegin?.o *crtbegin.o) .dtors)
 .fini_array    0x0000000000042efc        0x4 /usr/lib/gcc/i686-linux-gnu/4.8/crtbeginS.o

.ctors
 *crtbegin.o(.ctors)
 *crtbegin?.o(.ctors)
 *(EXCLUDE_FILE(*crtend?.o *crtend.o) .ctors)
 *(SORT(.ctors.*))
 *(.ctors)

.dtors
 *crtbegin.o(.dtors)
 *crtbegin?.o(.dtors)
 *(EXCLUDE_FILE(*crtend?.o *crtend.o) .dtors)
 *(SORT(.dtors.*))
 *(.dtors)

.jcr            0x0000000000042f00        0x4
 *(.jcr)
 .jcr           0x0000000000042f00        0x0 /usr/lib/gcc/i686-linux-gnu/4.8/crtbeginS.o
 .jcr           0x0000000000042f00        0x4 /usr/lib/gcc/i686-linux-gnu/4.8/crtendS.o

.data.rel.ro
 *(.data.rel.ro.local* .gnu.linkonce.d.rel.ro.local.*)
 *(.data.rel.ro .data.rel.ro.* .gnu.linkonce.d.rel.ro.*)

.dynamic        0x0000000000042f04       0xe8
 *(.dynamic)
 .dynamic       0x0000000000042f04       0xe8 /usr/lib/gcc/i686-linux-gnu/4.8/../../../i386-linux-gnu/crti.o
                0x0000000000042f04                _DYNAMIC

.got            0x0000000000042fec       0x14
 *(.got)
 .got           0x0000000000042fec       0x14 /usr/lib/gcc/i686-linux-gnu/4.8/../../../i386-linux-gnu/crti.o
 *(.igot)
                0x0000000000043ff4                . = DATA_SEGMENT_RELRO_END (., (SIZEOF (.got.plt) >= 0xc)?0xc:0x0)

.got.plt        0x0000000000043000       0x14
 *(.got.plt)
 .got.plt       0x0000000000043000       0x14 /usr/lib/gcc/i686-linux-gnu/4.8/../../../i386-linux-gnu/crti.o
                0x0000000000043000                _GLOBAL_OFFSET_TABLE_
 *(.igot.plt)

.data           0x0000000000043020      0x364
 *(.data .data.* .gnu.linkonce.d.*)
 .data          0x0000000000043020        0x0 /usr/lib/gcc/i686-linux-gnu/4.8/../../../i386-linux-gnu/crti.o
 .data          0x0000000000043020        0x0 /usr/lib/gcc/i686-linux-gnu/4.8/crtbeginS.o
 .data.rel      0x0000000000043020        0x4 /usr/lib/gcc/i686-linux-gnu/4.8/crtbeginS.o
                0x0000000000043020                __dso_handle
 .data          0x0000000000043024       0x10 node.o
                0x0000000000043024                node_process
 *fill*         0x0000000000043034        0xc 
 .data          0x0000000000043040       0x44 build/cooja///mtype195.o
                0x0000000000043040                simInterfaces
                0x0000000000043074                sensors
 .data          0x0000000000043084        0x0 build/cooja///mtype195.a(simEnvChange.o)
 .data          0x0000000000043084        0x0 build/cooja///mtype195.a(cooja_mt.o)
 .data          0x0000000000043084        0x0 build/cooja///mtype195.a(cooja_mtarch.o)
 .data          0x0000000000043084        0x0 build/cooja///mtype195.a(rtimer-arch.o)
 .data          0x0000000000043084        0x0 build/cooja///mtype195.a(beep.o)
 .data          0x0000000000043084        0x0 build/cooja///mtype195.a(button-sensor.o)
 .data          0x0000000000043084        0x0 build/cooja///mtype195.a(leds-arch.o)
 .data          0x0000000000043084        0x0 build/cooja///mtype195.a(moteid.o)
 .data          0x0000000000043084        0x0 build/cooja///mtype195.a(pir-sensor.o)
 .data          0x0000000000043084        0x0 build/cooja///mtype195.a(rs232.o)
 .data          0x0000000000043084        0x0 build/cooja///mtype195.a(vib-sensor.o)
 .data          0x0000000000043084        0x0 build/cooja///mtype195.a(clock.o)
 .data          0x0000000000043084        0x0 build/cooja///mtype195.a(cooja-log.o)
 .data          0x0000000000043084        0x0 build/cooja///mtype195.a(cfs-cooja.o)
 .data          0x0000000000043084       0x2c build/cooja///mtype195.a(cooja-radio.o)
                0x0000000000043084                simRadioHWOn
                0x0000000000043088                simSignalStrength
                0x000000000004308c                simLastSignalStrength
                0x0000000000043090                simPower
                0x0000000000043094                simRadioChannel
                0x0000000000043098                simLQI
                0x00000000000430a0                cooja_radio_process
 .data          0x00000000000430b0        0x0 build/cooja///mtype195.a(eeprom.o)
 .data          0x00000000000430b0        0x0 build/cooja///mtype195.a(random.o)
 .data          0x00000000000430b0       0x10 build/cooja///mtype195.a(sensors.o)
                0x00000000000430b0                sensors_process
 .data          0x00000000000430c0        0x0 build/cooja///mtype195.a(contiki-main.o)
 .data          0x00000000000430c0        0x0 build/cooja///mtype195.a(autostart.o)
 .data          0x00000000000430c0       0x14 build/cooja///mtype195.a(ctimer.o)
                0x00000000000430c4                ctimer_process
 .data          0x00000000000430d4        0x0 build/cooja///mtype195.a(energest.o)
 .data          0x00000000000430d4       0x10 build/cooja///mtype195.a(etimer.o)
                0x00000000000430d4                etimer_process
 *fill*         0x00000000000430e4       0x1c 
 .data          0x0000000000043100       0xb0 build/cooja///mtype195.a(log.o)
                0x0000000000043100                curr_log_level_rpl
                0x0000000000043104                curr_log_level_tcpip
                0x0000000000043108                curr_log_level_ipv6
                0x000000000004310c                curr_log_level_6lowpan
                0x0000000000043110                curr_log_level_mac
                0x0000000000043114                curr_log_level_framer
                0x0000000000043118                curr_log_level_main
                0x0000000000043120                all_modules
 .data          0x00000000000431b0        0x0 build/cooja///mtype195.a(node-id.o)
 .data          0x00000000000431b0        0x0 build/cooja///mtype195.a(process.o)
 .data          0x00000000000431b0        0x0 build/cooja///mtype195.a(rtimer.o)
 .data          0x00000000000431b0        0x0 build/cooja///mtype195.a(timer.o)
 .data          0x00000000000431b0       0x10 build/cooja///mtype195.a(serial-line.o)
                0x00000000000431b0                serial_line_process
 .data          0x00000000000431c0        0x0 build/cooja///mtype195.a(list.o)
 .data          0x00000000000431c0        0x0 build/cooja///mtype195.a(ringbuf.o)
 .data          0x00000000000431c0        0x0 build/cooja///mtype195.a(linkaddr.o)
 .data          0x00000000000431c0        0x4 build/cooja///mtype195.a(netstack.o)
 .data          0x00000000000431c4        0x4 build/cooja///mtype195.a(packetbuf.o)
 .data          0x00000000000431c8       0x18 build/cooja///mtype195.a(queuebuf.o)
 .data          0x00000000000431e0       0x30 build/cooja///mtype195.a(tsch.o)
                0x00000000000431e0                tsch_process
                0x00000000000431f0                tsch_send_eb_process
                0x0000000000043200                tsch_pending_events_process
 .data          0x0000000000043210        0x0 build/cooja///mtype195.a(sicslowpan.o)
 .data          0x0000000000043210       0x10 build/cooja///mtype195.a(tcpip.o)
                0x0000000000043210                tcpip_process
 .data          0x0000000000043220       0x14 build/cooja///mtype195.a(uip-ds6-nbr.o)
 .data          0x0000000000043234       0x10 build/cooja///mtype195.a(uip-ds6-route.o)
 .data          0x0000000000043244        0x0 build/cooja///mtype195.a(uip-ds6.o)
 .data          0x0000000000043244        0xc build/cooja///mtype195.a(uip-packetqueue)
 .data          0x0000000000043250        0x0 build/cooja///mtype195.a(uip6.o)
 .data          0x0000000000043250        0x0 build/cooja///mtype195.a(uipbuf.o)
 .data          0x0000000000043250        0x0 build/cooja///mtype195.a(uiplib.o)
 .data          0x0000000000043250        0x0 build/cooja///mtype195.a(rpl.o)
 .data          0x0000000000043250        0x0 build/cooja///mtype195.a(watchdog.o)
 .data          0x0000000000043250       0x10 build/cooja///mtype195.a(serial-shell.o)
                0x0000000000043250                serial_shell_process
 .data          0x0000000000043260        0x0 build/cooja///mtype195.a(shell.o)
 .data          0x0000000000043260        0x0 build/cooja///mtype195.a(stimer.o)
 .data          0x0000000000043260        0x0 build/cooja///mtype195.a(memb.o)
 .data          0x0000000000043260        0x0 build/cooja///mtype195.a(ringbufindex.o)
 .data          0x0000000000043260       0x14 build/cooja///mtype195.a(link-stats.o)
 .data          0x0000000000043274       0x10 build/cooja///mtype195.a(nbr-table.o)
 .data          0x0000000000043284        0x0 build/cooja///mtype195.a(mac-sequence.o)
 .data          0x0000000000043284        0x0 build/cooja///mtype195.a(mac.o)
 .data          0x0000000000043284        0x2 build/cooja///mtype195.a(frame802154.o)
 .data          0x0000000000043286        0x0 build/cooja///mtype195.a(framer-802154.o)
 .data          0x0000000000043286        0x0 build/cooja///mtype195.a(tsch-log.o)
 .data          0x0000000000043286        0x0 build/cooja///mtype195.a(tsch-packet.o)
 *fill*         0x0000000000043286        0x2 
 .data          0x0000000000043288       0x1c build/cooja///mtype195.a(tsch-queue.o)
 .data          0x00000000000432a4        0x0 build/cooja///mtype195.a(tsch-rpl.o)
 .data          0x00000000000432a4       0x1c build/cooja///mtype195.a(tsch-schedule.o)
 .data          0x00000000000432c0        0x4 build/cooja///mtype195.a(tsch-slot-opera)
 .data          0x00000000000432c4        0x0 build/cooja///mtype195.a(tsch-timeslot-t)
 .data          0x00000000000432c4       0x20 build/cooja///mtype195.a(uip-icmp6.o)
 .data          0x00000000000432e4        0xc build/cooja///mtype195.a(uip-nd6.o)
 .data          0x00000000000432f0       0x10 build/cooja///mtype195.a(uip-sr.o)
 .data          0x0000000000043300        0x0 build/cooja///mtype195.a(rpl-dag-root.o)
 .data          0x0000000000043300        0x0 build/cooja///mtype195.a(rpl-dag.o)
 .data          0x0000000000043300        0x0 build/cooja///mtype195.a(rpl-ext-header.)
 .data          0x0000000000043300       0x30 build/cooja///mtype195.a(rpl-icmp6.o)
 *fill*         0x0000000000043330       0x10 
 .data          0x0000000000043340       0x24 build/cooja///mtype195.a(rpl-mrhof.o)
                0x0000000000043340                rpl_mrhof
 .data          0x0000000000043364        0x0 build/cooja///mtype195.a(rpl-nbr-policy.)
 .data          0x0000000000043364       0x14 build/cooja///mtype195.a(rpl-neighbor.o)
                0x0000000000043374                rpl_neighbors
 .data          0x0000000000043378        0x0 build/cooja///mtype195.a(rpl-timers.o)
 .data          0x0000000000043378        0xc build/cooja///mtype195.a(shell-commands.)
 .data          0x0000000000043384        0x0 build/cooja///mtype195.a(frame802154e-ie)
 .data          0x0000000000043384        0x0 build/cooja///mtype195.a(tsch-adaptive-t)
 .data          0x0000000000043384        0x0 /usr/lib/gcc/i686-linux-gnu/4.8/libgcc.a(_divdi3.o)
 .data          0x0000000000043384        0x0 /usr/lib/gcc/i686-linux-gnu/4.8/libgcc.a(_udivdi3.o)
 .data          0x0000000000043384        0x0 /usr/lib/gcc/i686-linux-gnu/4.8/crtendS.o
 .data          0x0000000000043384        0x0 /usr/lib/gcc/i686-linux-gnu/4.8/../../../i386-linux-gnu/crtn.o

.tm_clone_table
                0x0000000000043384        0x0
 .tm_clone_table
                0x0000000000043384        0x0 /usr/lib/gcc/i686-linux-gnu/4.8/crtbeginS.o
 .tm_clone_table
                0x0000000000043384        0x0 /usr/lib/gcc/i686-linux-gnu/4.8/crtendS.o

.data1
 *(.data1)
                0x0000000000043384                _edata = .
                0x0000000000043384                PROVIDE (edata, .)
                0x0000000000043384                . = .
                0x0000000000043384                __bss_start = .

.bss            0x00000000000433a0    0x27c64
 *(.dynbss)
 .dynbss        0x0000000000000000        0x0 /usr/lib/gcc/i686-linux-gnu/4.8/../../../i386-linux-gnu/crti.o
 *(.bss .bss.* .gnu.linkonce.b.*)
 .bss           0x00000000000433a0        0x0 /usr/lib/gcc/i686-linux-gnu/4.8/../../../i386-linux-gnu/crti.o
 .bss           0x00000000000433a0        0x1 /usr/lib/gcc/i686-linux-gnu/4.8/crtbeginS.o
 .bss           0x00000000000433a1        0x0 node.o
 *fill*         0x00000000000433a1       0x1f 
 .bss           0x00000000000433c0     0x2030 build/cooja///mtype195.o
 .bss           0x00000000000453f0        0x1 build/cooja///mtype195.a(simEnvChange.o)
                0x00000000000453f0                simDontFallAsleep
 *fill*         0x00000000000453f1        0x3 
 .bss           0x00000000000453f4        0x4 build/cooja///mtype195.a(cooja_mt.o)
 .bss           0x00000000000453f8        0x4 build/cooja///mtype195.a(cooja_mtarch.o)
 .bss           0x00000000000453fc        0x0 build/cooja///mtype195.a(rtimer-arch.o)
 .bss           0x00000000000453fc        0x0 build/cooja///mtype195.a(beep.o)
 .bss           0x00000000000453fc        0x8 build/cooja///mtype195.a(button-sensor.o)
 .bss           0x0000000000045404        0x0 build/cooja///mtype195.a(leds-arch.o)
 .bss           0x0000000000045404        0x0 build/cooja///mtype195.a(moteid.o)
 .bss           0x0000000000045404        0x1 build/cooja///mtype195.a(pir-sensor.o)
                0x0000000000045404                simPirValue
 *fill*         0x0000000000045405        0x3 
 .bss           0x0000000000045408        0x4 build/cooja///mtype195.a(rs232.o)
 .bss           0x000000000004540c        0x1 build/cooja///mtype195.a(vib-sensor.o)
                0x000000000004540c                simVibValue
 .bss           0x000000000004540d        0x0 build/cooja///mtype195.a(clock.o)
 *fill*         0x000000000004540d       0x13 
 .bss           0x0000000000045420     0x2020 build/cooja///mtype195.a(cooja-log.o)
 .bss           0x0000000000047440      0xfc0 build/cooja///mtype195.a(cfs-cooja.o)
                0x0000000000047440                simCFSData
                0x00000000000483e0                simCFSSize
                0x00000000000483e4                simCFSChanged
                0x00000000000483e8                simCFSRead
                0x00000000000483ec                simCFSWritten
 .bss           0x0000000000048400       0x24 build/cooja///mtype195.a(cooja-radio.o)
                0x0000000000048400                simReceiving
                0x0000000000048404                simInSize
                0x0000000000048408                simLastPacketTimestamp
                0x0000000000048410                simOutSize
 .bss           0x0000000000048424        0xc build/cooja///mtype195.a(eeprom.o)
                0x0000000000048424                simEEPROMChanged
                0x0000000000048428                simEEPROMRead
                0x000000000004842c                simEEPROMWritten
 .bss           0x0000000000048430        0x0 build/cooja///mtype195.a(random.o)
 .bss           0x0000000000048430        0xc build/cooja///mtype195.a(sensors.o)
 .bss           0x000000000004843c        0x0 build/cooja///mtype195.a(contiki-main.o)
 .bss           0x000000000004843c        0x0 build/cooja///mtype195.a(autostart.o)
 .bss           0x000000000004843c        0x5 build/cooja///mtype195.a(ctimer.o)
 .bss           0x0000000000048441        0x0 build/cooja///mtype195.a(energest.o)
 *fill*         0x0000000000048441        0x3 
 .bss           0x0000000000048444        0x8 build/cooja///mtype195.a(etimer.o)
 .bss           0x000000000004844c       0x10 build/cooja///mtype195.a(log.o)
                0x000000000004844c                curr_log_level_nullnet
                0x0000000000048450                curr_log_level_6top
                0x0000000000048454                curr_log_level_coap
                0x0000000000048458                curr_log_level_lwm2m
 .bss           0x000000000004845c        0x2 build/cooja///mtype195.a(node-id.o)
                0x000000000004845c                node_id
 *fill*         0x000000000004845e        0x2 
 .bss           0x0000000000048460      0x1a1 build/cooja///mtype195.a(process.o)
                0x0000000000048460                process_list
                0x0000000000048464                process_current
 *fill*         0x0000000000048601        0x3 
 .bss           0x0000000000048604        0x4 build/cooja///mtype195.a(rtimer.o)
 .bss           0x0000000000048608        0x0 build/cooja///mtype195.a(timer.o)
 *fill*         0x0000000000048608       0x18 
 .bss           0x0000000000048620      0x140 build/cooja///mtype195.a(serial-line.o)
 .bss           0x0000000000048760        0x0 build/cooja///mtype195.a(list.o)
 .bss           0x0000000000048760        0x0 build/cooja///mtype195.a(ringbuf.o)
 .bss           0x0000000000048760        0x0 build/cooja///mtype195.a(linkaddr.o)
 .bss           0x0000000000048760        0x4 build/cooja///mtype195.a(netstack.o)
 *fill*         0x0000000000048764       0x1c 
 .bss           0x0000000000048780       0xa0 build/cooja///mtype195.a(packetbuf.o)
 .bss           0x0000000000048820     0x2c80 build/cooja///mtype195.a(queuebuf.o)
 .bss           0x000000000004b4a0      0x124 build/cooja///mtype195.a(tsch.o)
                0x000000000004b4a0                tsch_is_started
                0x000000000004b4a4                tsch_is_initialized
                0x000000000004b4a8                tsch_is_coordinator
                0x000000000004b4ac                tsch_is_associated
                0x000000000004b4b0                tsch_association_count
                0x000000000004b4b4                tsch_is_pan_secured
 .bss           0x000000000004b5c4       0x38 build/cooja///mtype195.a(sicslowpan.o)
 .bss           0x000000000004b5fc       0x10 build/cooja///mtype195.a(tcpip.o)
 *fill*         0x000000000004b60c       0x14 
 .bss           0x000000000004b620     0x1c20 build/cooja///mtype195.a(uip-ds6-nbr.o)
 .bss           0x000000000004d240       0x60 build/cooja///mtype195.a(uip-ds6-route.o)
 .bss           0x000000000004d2a0       0x20 build/cooja///mtype195.a(uip-ds6.o)
 .bss           0x000000000004d2c0      0x1b8 build/cooja///mtype195.a(uip-packetqueue)
 .bss           0x000000000004d478        0x6 build/cooja///mtype195.a(uip6.o)
                0x000000000004d478                uip_ext_bitmap
                0x000000000004d479                uip_ext_len
                0x000000000004d47a                uip_last_proto
 .bss           0x000000000004d47e       0x18 build/cooja///mtype195.a(uipbuf.o)
 .bss           0x000000000004d496        0x0 build/cooja///mtype195.a(uiplib.o)
 .bss           0x000000000004d496        0x1 build/cooja///mtype195.a(rpl.o)
 .bss           0x000000000004d497        0x0 build/cooja///mtype195.a(watchdog.o)
 *fill*         0x000000000004d497        0x1 
 .bss           0x000000000004d498        0x2 build/cooja///mtype195.a(serial-shell.o)
 *fill*         0x000000000004d49a        0x2 
 .bss           0x000000000004d49c        0xa build/cooja///mtype195.a(shell.o)
 .bss           0x000000000004d4a6        0x0 build/cooja///mtype195.a(stimer.o)
 .bss           0x000000000004d4a6        0x0 build/cooja///mtype195.a(memb.o)
 .bss           0x000000000004d4a6        0x0 build/cooja///mtype195.a(ringbufindex.o)
 *fill*         0x000000000004d4a6       0x1a 
 .bss           0x000000000004d4c0      0xe10 build/cooja///mtype195.a(link-stats.o)
 *fill*         0x000000000004e2d0       0x10 
 .bss           0x000000000004e2e0     0x1214 build/cooja///mtype195.a(nbr-table.o)
 *fill*         0x000000000004f4f4        0xc 
 .bss           0x000000000004f500      0x100 build/cooja///mtype195.a(mac-sequence.o)
 .bss           0x000000000004f600        0x0 build/cooja///mtype195.a(mac.o)
 .bss           0x000000000004f600        0x0 build/cooja///mtype195.a(frame802154.o)
 .bss           0x000000000004f600        0x2 build/cooja///mtype195.a(framer-802154.o)
 *fill*         0x000000000004f602       0x1e 
 .bss           0x000000000004f620      0x24c build/cooja///mtype195.a(tsch-log.o)
 .bss           0x000000000004f86c       0x1a build/cooja///mtype195.a(tsch-packet.o)
 *fill*         0x000000000004f886       0x1a 
 .bss           0x000000000004f8a0    0x150d4 build/cooja///mtype195.a(tsch-queue.o)
 .bss           0x0000000000064974        0x0 build/cooja///mtype195.a(tsch-rpl.o)
 *fill*         0x0000000000064974        0xc 
 .bss           0x0000000000064980      0x4ac build/cooja///mtype195.a(tsch-schedule.o)
 *fill*         0x0000000000064e2c       0x14 
 .bss           0x0000000000064e40      0x1b8 build/cooja///mtype195.a(tsch-slot-opera)
                0x0000000000064e40                last_timesource_neighbor
                0x0000000000064e44                current_link
                0x0000000000064e48                tsch_current_burst_count
 .bss           0x0000000000064ff8        0x0 build/cooja///mtype195.a(tsch-timeslot-t)
 .bss           0x0000000000064ff8       0x18 build/cooja///mtype195.a(uip-icmp6.o)
 .bss           0x0000000000065010       0x10 build/cooja///mtype195.a(uip-nd6.o)
 .bss           0x0000000000065020     0x1d80 build/cooja///mtype195.a(uip-sr.o)
 .bss           0x0000000000066da0       0x11 build/cooja///mtype195.a(rpl-dag-root.o)
 .bss           0x0000000000066db1        0x0 build/cooja///mtype195.a(rpl-dag.o)
 .bss           0x0000000000066db1        0x0 build/cooja///mtype195.a(rpl-ext-header.)
 .bss           0x0000000000066db1        0x0 build/cooja///mtype195.a(rpl-icmp6.o)
 .bss           0x0000000000066db1        0x0 build/cooja///mtype195.a(rpl-mrhof.o)
 *fill*         0x0000000000066db1        0x3 
 .bss           0x0000000000066db4        0xe build/cooja///mtype195.a(rpl-nbr-policy.)
 *fill*         0x0000000000066dc2       0x1e 
 .bss           0x0000000000066de0      0x960 build/cooja///mtype195.a(rpl-neighbor.o)
 .bss           0x0000000000067740       0x40 build/cooja///mtype195.a(rpl-timers.o)
 .bss           0x0000000000067780       0x5c build/cooja///mtype195.a(shell-commands.)
 .bss           0x00000000000677dc        0x0 build/cooja///mtype195.a(frame802154e-ie)
 *fill*         0x00000000000677dc        0x4 
 .bss           0x00000000000677e0       0x4c build/cooja///mtype195.a(tsch-adaptive-t)
 .bss           0x000000000006782c        0x0 /usr/lib/gcc/i686-linux-gnu/4.8/libgcc.a(_divdi3.o)
 .bss           0x000000000006782c        0x0 /usr/lib/gcc/i686-linux-gnu/4.8/libgcc.a(_udivdi3.o)
 .bss           0x000000000006782c        0x0 /usr/lib/gcc/i686-linux-gnu/4.8/crtendS.o
 .bss           0x000000000006782c        0x0 /usr/lib/gcc/i686-linux-gnu/4.8/../../../i386-linux-gnu/crtn.o
 *(COMMON)
 COMMON         0x000000000006782c        0x8 build/cooja///mtype195.o
                0x000000000006782c                referenceVar
                0x0000000000067830                sensors_flags
 COMMON         0x0000000000067834        0xc build/cooja///mtype195.a(simEnvChange.o)
                0x0000000000067834                simEtimerPending
                0x0000000000067838                simProcessRunValue
                0x000000000006783c                simEtimerNextExpirationTime