Archive member included to satisfy reference by file (symbol)

build/cooja///mtype470.a(simEnvChange.o)
                              build/cooja///mtype470.o (simDontFallAsleep)
build/cooja///mtype470.a(cooja_mt.o)
                              build/cooja///mtype470.o (cooja_mt_start)
build/cooja///mtype470.a(cooja_mtarch.o)
                              build/cooja///mtype470.a(cooja_mt.o) (cooja_mtarch_start)
build/cooja///mtype470.a(rtimer-arch.o)
                              build/cooja///mtype470.o (rtimer_arch_check)
build/cooja///mtype470.a(beep.o)
                              build/cooja///mtype470.o (beep_interface)
build/cooja///mtype470.a(button-sensor.o)
                              build/cooja///mtype470.o (button_interface)
build/cooja///mtype470.a(leds-arch.o)
                              build/cooja///mtype470.o (leds_interface)
build/cooja///mtype470.a(moteid.o)
                              build/cooja///mtype470.o (moteid_interface)
build/cooja///mtype470.a(pir-sensor.o)
                              build/cooja///mtype470.o (pir_interface)
build/cooja///mtype470.a(rs232.o)
                              build/cooja///mtype470.o (rs232_interface)
build/cooja///mtype470.a(vib-sensor.o)
                              build/cooja///mtype470.o (vib_interface)
build/cooja///mtype470.a(clock.o)
                              build/cooja///mtype470.o (clock_interface)
build/cooja///mtype470.a(cooja-log.o)
                              build/cooja///mtype470.o (simlog_interface)
build/cooja///mtype470.a(cfs-cooja.o)
                              build/cooja///mtype470.o (cfs_interface)
build/cooja///mtype470.a(cooja-radio.o)
                              build/cooja///mtype470.o (radio_interface)
build/cooja///mtype470.a(eeprom.o)
                              build/cooja///mtype470.o (eeprom_interface)
build/cooja///mtype470.a(random.o)
                              build/cooja///mtype470.a(moteid.o) (random_init)
build/cooja///mtype470.a(sensors.o)
                              build/cooja///mtype470.a(button-sensor.o) (sensors_changed)
build/cooja///mtype470.a(orchestra-rule-)
                              udp-client.o (default_common)
build/cooja///mtype470.a(orchestra-rule-)
                              udp-client.o (eb_per_time_source)
build/cooja///mtype470.a(orchestra-rule-)
                              udp-client.o (unicast_per_neighbor_rpl_ns)
build/cooja///mtype470.a(orchestra.o)
                              udp-client.o (orchestra_init)
build/cooja///mtype470.a(contiki-main.o)
                              build/cooja///mtype470.o (main)
build/cooja///mtype470.a(autostart.o)
                              build/cooja///mtype470.a(contiki-main.o) (autostart_start)
build/cooja///mtype470.a(ctimer.o)
                              build/cooja///mtype470.a(contiki-main.o) (ctimer_init)
build/cooja///mtype470.a(energest.o)
                              build/cooja///mtype470.a(contiki-main.o) (energest_init)
build/cooja///mtype470.a(etimer.o)
                              build/cooja///mtype470.a(contiki-main.o) (etimer_process)
build/cooja///mtype470.a(log.o)
                              build/cooja///mtype470.a(contiki-main.o) (curr_log_level_main)
build/cooja///mtype470.a(node-id.o)
                              build/cooja///mtype470.a(contiki-main.o) (node_id)
build/cooja///mtype470.a(process.o)
                              build/cooja///mtype470.a(ctimer.o) (process_current)
build/cooja///mtype470.a(rtimer.o)
                              build/cooja///mtype470.a(contiki-main.o) (rtimer_init)
build/cooja///mtype470.a(timer.o)
                              build/cooja///mtype470.a(button-sensor.o) (timer_set)
build/cooja///mtype470.a(serial-line.o)
                              build/cooja///mtype470.a(rs232.o) (serial_line_input_byte)
build/cooja///mtype470.a(list.o)
                              build/cooja///mtype470.a(ctimer.o) (list_init)
build/cooja///mtype470.a(ringbuf.o)
                              build/cooja///mtype470.a(serial-line.o) (ringbuf_init)
build/cooja///mtype470.a(linkaddr.o)
                              build/cooja///mtype470.a(orchestra-rule-) (linkaddr_node_addr)
build/cooja///mtype470.a(netstack.o)
                              build/cooja///mtype470.a(contiki-main.o) (netstack_init)
build/cooja///mtype470.a(packetbuf.o)
                              build/cooja///mtype470.a(cooja-radio.o) (packetbuf_clear)
build/cooja///mtype470.a(queuebuf.o)
                              build/cooja///mtype470.a(contiki-main.o) (queuebuf_init)
build/cooja///mtype470.a(tsch-schedule.o)
                              build/cooja///mtype470.a(orchestra-rule-) (tsch_schedule_add_slotframe)
build/cooja///mtype470.a(tsch-slot-opera)
                              build/cooja///mtype470.a(tsch-schedule.o) (current_link)
build/cooja///mtype470.a(tsch.o)
                              build/cooja///mtype470.a(tsch-slot-opera) (tsch_hopping_sequence)
[...]
Memory Configuration

Name             Origin             Length             Attributes
*default*        0x0000000000000000 0xffffffffffffffff

Linker script and memory map

LOAD /usr/lib/gcc/i686-linux-gnu/4.8/../../../i386-linux-gnu/crti.o
LOAD /usr/lib/gcc/i686-linux-gnu/4.8/crtbeginS.o
LOAD udp-client.o
LOAD build/cooja///mtype470.o
LOAD build/cooja///mtype470.a
LOAD /usr/lib/gcc/i686-linux-gnu/4.8/libgcc.a
LOAD /usr/lib/gcc/i686-linux-gnu/4.8/libgcc_s.so
LOAD /usr/lib/gcc/i686-linux-gnu/4.8/../../../i386-linux-gnu/libc.so
START GROUP
LOAD /lib/i386-linux-gnu/libc.so.6
LOAD /usr/lib/i386-linux-gnu/libc_nonshared.a
LOAD /lib/i386-linux-gnu/ld-linux.so.2
END GROUP
LOAD /usr/lib/gcc/i686-linux-gnu/4.8/libgcc.a
LOAD /usr/lib/gcc/i686-linux-gnu/4.8/libgcc_s.so
LOAD /usr/lib/gcc/i686-linux-gnu/4.8/crtendS.o
LOAD /usr/lib/gcc/i686-linux-gnu/4.8/../../../i386-linux-gnu/crtn.o
                0x0000000000000114                . = (0x0 + SIZEOF_HEADERS)

.note.gnu.build-id
                0x0000000000000114       0x24
 *(.note.gnu.build-id)
 .note.gnu.build-id
                0x0000000000000114       0x24 /usr/lib/gcc/i686-linux-gnu/4.8/../../../i386-linux-gnu/crti.o

.hash
 *(.hash)

.gnu.hash       0x0000000000000138     0x158c
 *(.gnu.hash)
 .gnu.hash      0x0000000000000138     0x158c /usr/lib/gcc/i686-linux-gnu/4.8/../../../i386-linux-gnu/crti.o

.dynsym         0x00000000000016c4     0x2ea0
 *(.dynsym)
 .dynsym        0x00000000000016c4     0x2ea0 /usr/lib/gcc/i686-linux-gnu/4.8/../../../i386-linux-gnu/crti.o

.dynstr         0x0000000000004564     0x3711
 *(.dynstr)
 .dynstr        0x0000000000004564     0x3711 /usr/lib/gcc/i686-linux-gnu/4.8/../../../i386-linux-gnu/crti.o

.gnu.version    0x0000000000007c76      0x5d4
 *(.gnu.version)
 .gnu.version   0x0000000000007c76      0x5d4 /usr/lib/gcc/i686-linux-gnu/4.8/../../../i386-linux-gnu/crti.o

.gnu.version_d  0x000000000000824c        0x0
 *(.gnu.version_d)
 .gnu.version_d
                0x0000000000000000        0x0 /usr/lib/gcc/i686-linux-gnu/4.8/../../../i386-linux-gnu/crti.o

.gnu.version_r  0x000000000000824c       0x40
 *(.gnu.version_r)
 .gnu.version_r
                0x000000000000824c       0x40 /usr/lib/gcc/i686-linux-gnu/4.8/../../../i386-linux-gnu/crti.o

.rel.dyn        0x000000000000828c     0xc138
 *(.rel.init)
 .rel.init      0x0000000000000000        0x0 /usr/lib/gcc/i686-linux-gnu/4.8/../../../i386-linux-gnu/crti.o
 *(.rel.text .rel.text.* .rel.gnu.linkonce.t.*)
 .rel.text      0x000000000000828c     0xb838 /usr/lib/gcc/i686-linux-gnu/4.8/../../../i386-linux-gnu/crti.o
 *(.rel.fini)
 .rel.fini      0x0000000000000000        0x0 /usr/lib/gcc/i686-linux-gnu/4.8/../../../i386-linux-gnu/crti.o
 *(.rel.rodata .rel.rodata.* .rel.gnu.linkonce.r.*)
 .rel.rodata    0x0000000000013ac4      0x4b8 /usr/lib/gcc/i686-linux-gnu/4.8/../../../i386-linux-gnu/crti.o
 *(.rel.data.rel.ro .rel.data.rel.ro.* .rel.gnu.linkonce.d.rel.ro.*)
 *(.rel.data .rel.data.* .rel.gnu.linkonce.d.*)
 .rel.data.rel  0x0000000000013f7c        0x8 /usr/lib/gcc/i686-linux-gnu/4.8/../../../i386-linux-gnu/crti.o
 .rel.data      0x0000000000013f84      0x408 /usr/lib/gcc/i686-linux-gnu/4.8/../../../i386-linux-gnu/crti.o
 *(.rel.tdata .rel.tdata.* .rel.gnu.linkonce.td.*)
 *(.rel.tbss .rel.tbss.* .rel.gnu.linkonce.tb.*)
 *(.rel.ctors)
 *(.rel.dtors)
 *(.rel.got)
 .rel.got       0x000000000001438c       0x28 /usr/lib/gcc/i686-linux-gnu/4.8/../../../i386-linux-gnu/crti.o
 *(.rel.bss .rel.bss.* .rel.gnu.linkonce.b.*)
 *(.rel.ifunc)
 .rel.ifunc     0x0000000000000000        0x0 /usr/lib/gcc/i686-linux-gnu/4.8/../../../i386-linux-gnu/crti.o
 .rel.fini_array
                0x00000000000143b4        0x8 /usr/lib/gcc/i686-linux-gnu/4.8/../../../i386-linux-gnu/crti.o
 .rel.init_array
                0x00000000000143bc        0x8 /usr/lib/gcc/i686-linux-gnu/4.8/../../../i386-linux-gnu/crti.o

.rel.plt        0x00000000000143c4       0x10
 *(.rel.plt)
 .rel.plt       0x00000000000143c4       0x10 /usr/lib/gcc/i686-linux-gnu/4.8/../../../i386-linux-gnu/crti.o
 *(.rel.iplt)

.init           0x00000000000143d4       0x23
 *(SORT(.init))
 .init          0x00000000000143d4       0x1e /usr/lib/gcc/i686-linux-gnu/4.8/../../../i386-linux-gnu/crti.o
                0x00000000000143d4                _init
 .init          0x00000000000143f2        0x5 /usr/lib/gcc/i686-linux-gnu/4.8/../../../i386-linux-gnu/crtn.o

.plt            0x0000000000014400       0x30
 *(.plt)
 .plt           0x0000000000014400       0x30 /usr/lib/gcc/i686-linux-gnu/4.8/../../../i386-linux-gnu/crti.o
 *(.iplt)

.text           0x0000000000014430    0x1db74
 *(.text.unlikely .text.*_unlikely .text.unlikely.*)
 *(.text.exit .text.exit.*)
 *(.text.startup .text.startup.*)
 *(.text.hot .text.hot.*)
 *(.text .stub .text.* .gnu.linkonce.t.*)
 .text          0x0000000000014430        0x0 /usr/lib/gcc/i686-linux-gnu/4.8/../../../i386-linux-gnu/crti.o
 .gnu.linkonce.t.__x86.get_pc_thunk.bx
                0x0000000000014430        0x4 /usr/lib/gcc/i686-linux-gnu/4.8/../../../i386-linux-gnu/crti.o
                0x0000000000014430                __x86.get_pc_thunk.bx
 *fill*         0x0000000000014434        0xc 
 .text          0x0000000000014440      0x11b /usr/lib/gcc/i686-linux-gnu/4.8/crtbeginS.o
 .text          0x000000000001455b      0x241 udp-client.o
 .text          0x000000000001479c      0x291 build/cooja///mtype470.o
                0x000000000001482e                platform_init_stage_one
                0x0000000000014834                platform_init_stage_two
                0x0000000000014841                platform_init_stage_three
                0x0000000000014853                platform_main_loop
                0x00000000000148c5                Java_org_contikios_cooja_corecomm_Lib30_init
                0x0000000000014905                Java_org_contikios_cooja_corecomm_Lib30_getMemory
                0x0000000000014945                Java_org_contikios_cooja_corecomm_Lib30_setMemory
                0x00000000000149bc                Java_org_contikios_cooja_corecomm_Lib30_tick
                0x0000000000014a1b                Java_org_contikios_cooja_corecomm_Lib30_setReferenceAddress
 .text          0x0000000000014a2d       0x63 build/cooja///mtype470.a(simEnvChange.o)
                0x0000000000014a2d                doActionsBeforeTick
                0x0000000000014a5e                doActionsAfterTick
 .text          0x0000000000014a90       0x80 build/cooja///mtype470.a(cooja_mt.o)
                0x0000000000014a90                cooja_mt_start
                0x0000000000014abd                cooja_mt_exec
                0x0000000000014aee                cooja_mt_yield
 .text          0x0000000000014b10       0xc3 build/cooja///mtype470.a(cooja_mtarch.o)
                0x0000000000014b10                cooja_mtarch_start
                0x0000000000014b8b                cooja_sw
                0x0000000000014bad                cooja_mtarch_exec
                0x0000000000014bc9                cooja_mtarch_yield
 .text          0x0000000000014bd3       0xc3 build/cooja///mtype470.a(rtimer-arch.o)
                0x0000000000014bd3                rtimer_arch_init
                0x0000000000014bf6                rtimer_arch_schedule
                0x0000000000014c25                rtimer_arch_next
                0x0000000000014c35                rtimer_arch_pending
                0x0000000000014c3f                rtimer_arch_check
                0x0000000000014c86                rtimer_arch_now
 .text          0x0000000000014c96       0x76 build/cooja///mtype470.a(beep.o)
                0x0000000000014c96                beep_alarm
                0x0000000000014ca2                beep_beep
                0x0000000000014cae                beep
                0x0000000000014cba                beep_down
                0x0000000000014cc6                beep_on
                0x0000000000014cd2                beep_off
                0x0000000000014cde                beep_spinup
                0x0000000000014cea                beep_quick
                0x0000000000014cf6                beep_long
 .text          0x0000000000014d0c      0x103 build/cooja///mtype470.a(button-sensor.o)
 .text          0x0000000000014e0f       0x45 build/cooja///mtype470.a(leds-arch.o)
                0x0000000000014e0f                leds_arch_init
                0x0000000000014e1b                leds_arch_get
                0x0000000000014e27                leds_arch_set
 .text          0x0000000000014e54       0x2f build/cooja///mtype470.a(moteid.o)
 .text          0x0000000000014e83       0xb1 build/cooja///mtype470.a(pir-sensor.o)
 .text          0x0000000000014f34      0x131 build/cooja///mtype470.a(rs232.o)
                0x0000000000014f34                rs232_init
                0x0000000000014f39                rs232_set_speed
                0x0000000000014f47                rs232_set_input
                0x0000000000014f54                rs232_send
                0x0000000000014f76                rs232_print
                0x0000000000014f91                slip_arch_writeb
 .text          0x0000000000015065       0xb1 build/cooja///mtype470.a(vib-sensor.o)
 .text          0x0000000000015116       0x34 build/cooja///mtype470.a(clock.o)
                0x0000000000015116                clock_init
                0x000000000001511b                clock_time
                0x0000000000015125                clock_seconds
                0x000000000001513b                clock_delay
 .text          0x000000000001514a      0x1ed build/cooja///mtype470.a(cooja-log.o)
                0x000000000001514a                simlog_char
                0x000000000001518c                simlog
                0x00000000000151f9                log_message
                0x0000000000015221                log_set_putchar_with_slip
                0x000000000001522e                log_putchar
                0x00000000000152b2                log_puts
                0x00000000000152d6                log_printf
 .text          0x0000000000015337      0x2c4 build/cooja///mtype470.a(cfs-cooja.o)
                0x0000000000015337                cfs_open
                0x00000000000153a0                cfs_close
                0x00000000000153ac                cfs_read
                0x000000000001544a                cfs_write
                0x0000000000015527                cfs_seek
                0x00000000000155af                cfs_remove
                0x00000000000155d8                cfs_opendir
                0x00000000000155e2                cfs_readdir
                0x00000000000155ec                cfs_closedir
 .text          0x00000000000155fb      0x5db build/cooja///mtype470.a(cooja-radio.o)
                0x0000000000015639                radio_set_channel
                0x0000000000015646                radio_set_txpower
                0x000000000001565d                radio_signal_strength_last
                0x0000000000015667                radio_signal_strength_current
                0x0000000000015671                radio_LQI
 .text          0x0000000000015bd6       0xef build/cooja///mtype470.a(eeprom.o)
                0x0000000000015bd6                eeprom_init
                0x0000000000015bdb                eeprom_read
                0x0000000000015c4b                eeprom_write
 .text          0x0000000000015cc5       0x28 build/cooja///mtype470.a(random.o)
                0x0000000000015cc5                random_init
                0x0000000000015ce0                random_rand
 .text          0x0000000000015ced      0x2a1 build/cooja///mtype470.a(sensors.o)
                0x0000000000015d28                sensors_first
                0x0000000000015d32                sensors_next
                0x0000000000015d4f                sensors_changed
                0x0000000000015d7e                sensors_find
 .text          0x0000000000015f8e       0xa7 build/cooja///mtype470.a(orchestra-rule-)
 .text          0x0000000000016035      0x21d build/cooja///mtype470.a(orchestra-rule-)
 .text          0x0000000000016252      0x187 build/cooja///mtype470.a(orchestra-rule-)
 .text          0x00000000000163d9      0x271 build/cooja///mtype470.a(orchestra.o)
                0x000000000001645b                orchestra_callback_child_added
                0x000000000001649e                orchestra_callback_child_removed
                0x00000000000164e1                orchestra_callback_packet_ready
                0x000000000001656b                orchestra_callback_new_time_source
                0x00000000000165c7                orchestra_init
 .text          0x000000000001664a      0x31e build/cooja///mtype470.a(contiki-main.o)
                0x000000000001664a                main
 .text          0x0000000000016968       0x8e build/cooja///mtype470.a(autostart.o)
                0x0000000000016968                autostart_start
                0x00000000000169b3                autostart_exit
 .text          0x00000000000169f6      0x334 build/cooja///mtype470.a(ctimer.o)
                0x0000000000016b0d                ctimer_init
                0x0000000000016b3d                ctimer_set
                0x0000000000016b6e                ctimer_set_with_process
                0x0000000000016bea                ctimer_reset
                0x0000000000016c39                ctimer_restart
                0x0000000000016c88                ctimer_stop
                0x0000000000016cd3                ctimer_expired
 .text          0x0000000000016d2a       0x19 build/cooja///mtype470.a(energest.o)
                0x0000000000016d2a                energest_init
                0x0000000000016d2f                energest_flush
                0x0000000000016d34                energest_get_total_time
 .text          0x0000000000016d43      0x40b build/cooja///mtype470.a(etimer.o)
                0x0000000000016f56                etimer_request_poll
                0x0000000000016fda                etimer_set
                0x0000000000016fff                etimer_reset_with_new_interval
                0x0000000000017026                etimer_reset
                0x0000000000017044                etimer_restart
                0x0000000000017062                etimer_adjust
                0x000000000001707e                etimer_expired
                0x0000000000017091                etimer_expiration_time
                0x00000000000170a3                etimer_start_time
                0x00000000000170ad                etimer_pending
                0x00000000000170bf                etimer_next_expiration_time
                0x00000000000170d9                etimer_stop
 .text          0x000000000001714e      0x3a3 build/cooja///mtype470.a(log.o)
                0x000000000001714e                log_6addr
                0x00000000000171a5                log_6addr_compact_snprint
                0x0000000000017255                log_6addr_compact
                0x00000000000172ac                log_lladdr
                0x0000000000017315                log_lladdr_compact
                0x0000000000017377                log_set_level
                0x0000000000017433                log_get_level
                0x00000000000174af                log_level_to_str
 .text          0x00000000000174f1       0x24 build/cooja///mtype470.a(node-id.o)
                0x00000000000174f1                node_id_init
 .text          0x0000000000017515      0x51a build/cooja///mtype470.a(process.o)
                0x0000000000017515                process_alloc_event
                0x000000000001752a                process_start
                0x0000000000017713                process_exit
                0x000000000001772f                process_init
                0x00000000000178d1                process_run
                0x0000000000017904                process_nevents
                0x000000000001791f                process_post
                0x00000000000179b4                process_post_synch
                0x00000000000179ec                process_poll
                0x0000000000017a1b                process_is_running
 .text          0x0000000000017a2f       0xe6 build/cooja///mtype470.a(rtimer.o)
                0x0000000000017a2f                rtimer_init
                0x0000000000017a3c                rtimer_set
                0x0000000000017ab8                rtimer_run_next
 .text          0x0000000000017b15       0xa3 build/cooja///mtype470.a(timer.o)
                0x0000000000017b15                timer_set
                0x0000000000017b30                timer_reset
                0x0000000000017b59                timer_restart
                0x0000000000017b6b                timer_expired
                0x0000000000017b94                timer_remaining
 .text          0x0000000000017bb8      0x1fb build/cooja///mtype470.a(serial-line.o)
                0x0000000000017bb8                serial_line_input_byte
                0x0000000000017d7b                serial_line_init
 .text          0x0000000000017db3      0x28a build/cooja///mtype470.a(list.o)
                0x0000000000017db3                list_init
                0x0000000000017dc1                list_head
                0x0000000000017dcb                list_copy
                0x0000000000017dda                list_tail
                0x0000000000017e10                list_add
                0x0000000000017e59                list_push
                0x0000000000017e85                list_chop
                0x0000000000017eef                list_pop
                0x0000000000017f17                list_remove
                0x0000000000017f7e                list_length
                0x0000000000017fac                list_insert
                0x0000000000017ff2                list_item_next
                0x0000000000018009                list_contains
 .text          0x000000000001803d      0x155 build/cooja///mtype470.a(ringbuf.o)
                0x000000000001803d                ringbuf_init
                0x000000000001806e                ringbuf_put
                0x00000000000180ec                ringbuf_get
                0x0000000000018159                ringbuf_size
                0x000000000001816b                ringbuf_elements
 .text          0x0000000000018192       0x67 build/cooja///mtype470.a(linkaddr.o)
                0x0000000000018192                linkaddr_copy
                0x00000000000181b4                linkaddr_cmp
                0x00000000000181de                linkaddr_set_node_addr
 .text          0x00000000000181f9       0xe2 build/cooja///mtype470.a(netstack.o)
                0x00000000000181f9                netstack_process_ip_callback
                0x0000000000018280                netstack_ip_packet_processor_add
                0x00000000000182a2                uip_ds6_ip_packet_processor_rm
                0x00000000000182be                netstack_init
 .text          0x00000000000182db      0x3e1 build/cooja///mtype470.a(packetbuf.o)
                0x00000000000182db                packetbuf_clear
                0x0000000000018305                packetbuf_copyfrom
                0x0000000000018357                packetbuf_copyto
                0x00000000000183ee                packetbuf_hdralloc
                0x000000000001846b                packetbuf_hdrreduce
                0x00000000000184b3                packetbuf_set_datalen
                0x00000000000184cc                packetbuf_dataptr
                0x00000000000184e9                packetbuf_hdrptr
                0x00000000000184f3                packetbuf_datalen
                0x00000000000184ff                packetbuf_hdrlen
                0x0000000000018516                packetbuf_totlen
                0x000000000001852c                packetbuf_remaininglen
                0x000000000001853f                packetbuf_attr_clear
                0x0000000000018591                packetbuf_attr_copyto
                0x00000000000185cf                packetbuf_attr_copyfrom
                0x000000000001860d                packetbuf_set_attr
                0x0000000000018637                packetbuf_attr
                0x0000000000018651                packetbuf_set_addr
                0x0000000000018683                packetbuf_addr
                0x00000000000186a0                packetbuf_holds_broadcast
 .text          0x00000000000186bc      0x2b4 build/cooja///mtype470.a(queuebuf.o)
                0x00000000000186c6                queuebuf_init
                0x00000000000186e6                queuebuf_numfree
                0x00000000000186fa                queuebuf_new_from_packetbuf
                0x000000000001878a                queuebuf_update_attr_from_packetbuf
                0x00000000000187bd                queuebuf_update_from_packetbuf
                0x0000000000018807                queuebuf_free
                0x000000000001884e                queuebuf_to_packetbuf
                0x00000000000188b4                queuebuf_dataptr
                0x00000000000188eb                queuebuf_datalen
                0x000000000001890e                queuebuf_addr
                0x0000000000018940                queuebuf_attr
                0x000000000001896b                queuebuf_debug_print
 .text          0x0000000000018970      0xe83 build/cooja///mtype470.a(tsch-schedule.o)
                0x0000000000018970                tsch_schedule_add_slotframe
                0x0000000000018a9d                tsch_schedule_remove_all_slotframes
                0x0000000000018ad8                tsch_schedule_remove_slotframe
                0x0000000000018ba8                tsch_schedule_get_slotframe_by_handle
                0x0000000000018bfd                tsch_schedule_get_link_by_handle
                0x0000000000018d8c                tsch_schedule_add_link
                0x0000000000019099                tsch_schedule_remove_link
                0x00000000000192a8                tsch_schedule_remove_link_by_timeslot
                0x00000000000192ef                tsch_schedule_get_link_by_timeslot
                0x0000000000019350                tsch_schedule_get_next_active_link
                0x0000000000019566                tsch_schedule_init
                0x00000000000195ad                tsch_schedule_create_minimal
                0x0000000000019604                tsch_schedule_slotframe_head
                0x0000000000019619                tsch_schedule_slotframe_next
                0x000000000001962c                tsch_schedule_print
 .text          0x00000000000197f3     0x1d78 build/cooja///mtype470.a(tsch-slot-opera)
                0x00000000000197f3                tsch_is_locked
                0x00000000000197fd                tsch_get_lock
                0x000000000001990c                tsch_release_lock
                0x000000000001991b                tsch_calculate_channel
                0x000000000001b3f4                tsch_slot_operation_start
                0x000000000001b509                tsch_slot_operation_sync
 .text          0x000000000001b56b     0x230a build/cooja///mtype470.a(tsch.o)
                0x000000000001b56b                tsch_set_coordinator
                0x000000000001b59b                tsch_set_pan_secured
                0x000000000001b5aa                tsch_set_join_priority
                0x000000000001b5c1                tsch_set_ka_timeout
                0x000000000001b5ea                tsch_set_eb_period
                0x000000000001ba40                tsch_schedule_keepalive
                0x000000000001bad1                tsch_schedule_keepalive_immediately
                0x000000000001c12c                tsch_disassociate
                0x000000000001c86d                tsch_scan
 .text          0x000000000001d875     0x2b0b build/cooja///mtype470.a(sicslowpan.o)
                0x000000000001dd6c                netstack_sniffer_add
                0x000000000001dd79                netstack_sniffer_remove
                0x0000000000020355                sicslowpan_init
                0x0000000000020376                sicslowpan_get_last_rssi
 .text          0x0000000000020380      0x3f2 build/cooja///mtype470.a(simple-udp.o)
                0x00000000000203ae                simple_udp_send
                0x000000000002041b                simple_udp_sendto
                0x0000000000020480                simple_udp_sendto_port
                0x00000000000204e3                simple_udp_register
 .text          0x0000000000020772      0x6c2 build/cooja///mtype470.a(tcpip.o)
                0x000000000002078b                tcpip_output
                0x0000000000020807                udp_attach
                0x0000000000020824                udp_new
                0x000000000002086e                udp_broadcast_new
                0x00000000000209d8                tcpip_input
                0x0000000000020b44                tcpip_ipv6_output
                0x0000000000020d29                tcpip_poll_udp
                0x0000000000020d4c                tcpip_uipcall
 .text          0x0000000000020e34      0x368 build/cooja///mtype470.a(uip-ds6-nbr.o)
                0x0000000000020e34                uip_ds6_neighbors_init
                0x0000000000020e56                uip_ds6_nbr_add
                0x0000000000020ee0                uip_ds6_nbr_rm
                0x0000000000020f24                uip_ds6_nbr_update_ll
                0x0000000000021025                uip_ds6_nbr_get_ipaddr
                0x000000000002103a                uip_ds6_nbr_get_ll
                0x0000000000021056                uip_ds6_nbr_num
                0x000000000002109b                uip_ds6_nbr_head
                0x00000000000210b0                uip_ds6_nbr_next
                0x00000000000210cc                uip_ds6_nbr_lookup
                0x0000000000021127                uip_ds6_nbr_ll_lookup
                0x0000000000021143                uip_ds6_nbr_ipaddr_from_lladdr
                0x0000000000021169                uip_ds6_nbr_lladdr_from_ipaddr
                0x0000000000021197                uip_ds6_link_callback
 .text          0x000000000002119c      0x318 build/cooja///mtype470.a(uip-ds6-route.o)
                0x00000000000211e5                uip_ds6_route_init
                0x0000000000021206                uip_ds6_route_nexthop
                0x0000000000021210                uip_ds6_route_head
                0x000000000002121a                uip_ds6_route_next
                0x0000000000021224                uip_ds6_route_is_nexthop
                0x000000000002122e                uip_ds6_route_num_routes
                0x0000000000021238                uip_ds6_route_lookup
                0x0000000000021242                uip_ds6_route_add
                0x0000000000021255                uip_ds6_route_rm
                0x000000000002125b                uip_ds6_route_rm_by_nexthop
                0x0000000000021260                uip_ds6_defrt_head
                0x0000000000021275                uip_ds6_defrt_add
                0x000000000002131c                uip_ds6_defrt_rm
                0x000000000002137b                uip_ds6_defrt_lookup
                0x00000000000213e1                uip_ds6_defrt_choose
                0x000000000002144c                uip_ds6_defrt_periodic
 .text          0x00000000000214b4      0xbe8 build/cooja///mtype470.a(uip-ds6.o)
                0x00000000000214b4                uip_ds6_init
                0x0000000000021687                uip_ds6_periodic
                0x0000000000021700                uip_ds6_list_loop
                0x00000000000217c3                uip_ds6_prefix_add
                0x0000000000021881                uip_ds6_prefix_rm
                0x0000000000021893                uip_ds6_prefix_lookup
                0x00000000000218e4                uip_ds6_is_addr_onlink
                0x0000000000021958                uip_ds6_addr_add
                0x0000000000021a86                uip_ds6_addr_rm
                0x0000000000021b26                uip_ds6_addr_lookup
                0x0000000000021b71                uip_ds6_get_link_local
                0x0000000000021bf0                uip_ds6_get_global
                0x0000000000021c6f                uip_ds6_maddr_add
                0x0000000000021ce1                uip_ds6_maddr_rm
                0x0000000000021cf3                uip_ds6_maddr_lookup
                0x0000000000021d3e                uip_ds6_aaddr_add
                0x0000000000021db0                uip_ds6_aaddr_rm
                0x0000000000021dc2                uip_ds6_aaddr_lookup
                0x0000000000021e0d                uip_ds6_select_src
                0x0000000000021f52                uip_ds6_set_addr_iid
                0x0000000000021f89                uip_ds6_set_lladdr_from_iid
                0x0000000000021fbe                get_match_length
                0x0000000000022050                uip_ds6_compute_reachable_time
 .text          0x000000000002209c      0x141 build/cooja///mtype470.a(uip-packetqueue)
                0x00000000000220c8                uip_packetqueue_new
                0x00000000000220d6                uip_packetqueue_alloc
                0x0000000000022136                uip_packetqueue_free
                0x0000000000022177                uip_packetqueue_buf
                0x0000000000022194                uip_packetqueue_buflen
                0x00000000000221b5                uip_packetqueue_set_buflen
 .text          0x00000000000221dd      0x12d build/cooja///mtype470.a(uip-udp-packet.)
                0x00000000000221dd                uip_udp_packet_send
                0x0000000000022239                uip_udp_packet_sendto
 .text          0x000000000002230a     0x11d3 build/cooja///mtype470.a(uip6.o)
                0x00000000000223b9                uip_chksum
                0x0000000000022492                uip_icmp6chksum
                0x00000000000224a6                uip_udpchksum
                0x00000000000224ba                uip_init
                0x0000000000022502                uip_remove_ext_hdr
                0x00000000000225c1                uip_udp_new
                0x00000000000228f2                uip_process
                0x00000000000233b1                uip_htons
                0x00000000000233d3                uip_htonl
                0x0000000000023413                uip_send
 .text          0x00000000000234dd      0x4e6 build/cooja///mtype470.a(uipbuf.o)
                0x00000000000234dd                uipbuf_clear
                0x0000000000023501                uipbuf_add_ext_hdr
                0x000000000002356e                uipbuf_set_len
                0x000000000002359b                uipbuf_set_len_field
                0x00000000000235c6                uipbuf_get_len_field
                0x00000000000235e6                uipbuf_get_next_header
                0x0000000000023718                uipbuf_get_last_header
                0x00000000000237ab                uipbuf_search_header
                0x0000000000023857                uipbuf_get_attr
                0x000000000002387e                uipbuf_set_attr
                0x00000000000238b5                uipbuf_set_default_attr
                0x00000000000238ec                uipbuf_clear_attr
                0x000000000002390f                uipbuf_set_attr_flag
                0x000000000002392f                uipbuf_clr_attr_flag
                0x0000000000023953                uipbuf_is_attr_flag
                0x0000000000023977                uipbuf_init
 .text          0x00000000000239c3      0x502 build/cooja///mtype470.a(uiplib.o)
                0x00000000000239c3                uiplib_ip6addrconv
                0x0000000000023b83                uiplib_ip4addrconv
                0x0000000000023c46                uiplib_ipaddr_print
                0x0000000000023c9d                uiplib_ipaddr_snprint
 .text          0x0000000000023ec5      0x4f3 build/cooja///mtype470.a(rpl.o)
                0x0000000000023ec5                rpl_lollipop_greater_than
                0x0000000000023f26                rpl_get_global_address
                0x0000000000024025                rpl_link_callback
                0x0000000000024065                rpl_has_joined
                0x000000000002408a                rpl_is_reachable
                0x0000000000024116                rpl_reset_prefix
                0x0000000000024178                rpl_set_prefix_from_addr
                0x000000000002426b                rpl_set_prefix
                0x0000000000024395                rpl_set_leaf_only
                0x00000000000243ac                rpl_get_leaf_only
 .text          0x00000000000243b8       0x2b build/cooja///mtype470.a(watchdog.o)
                0x00000000000243b8                watchdog_init
                0x00000000000243bd                watchdog_start
                0x00000000000243c2                watchdog_periodic
                0x00000000000243d9                watchdog_stop
                0x00000000000243de                watchdog_reboot
 .text          0x00000000000243e3       0xda build/cooja///mtype470.a(serial-shell.o)
                0x00000000000244a1                serial_shell_init
 .text          0x00000000000244bd      0x406 build/cooja///mtype470.a(shell.o)
                0x00000000000244bd                shell_output_6addr
                0x000000000002454f                shell_output_lladdr
                0x00000000000246e9                shell_input
                0x00000000000248b6                shell_init
 .text          0x00000000000248c3       0xb5 build/cooja///mtype470.a(stimer.o)
                0x00000000000248c3                stimer_set
                0x00000000000248de                stimer_reset
                0x0000000000024907                stimer_restart
                0x0000000000024919                stimer_expired
                0x0000000000024940                stimer_remaining
                0x0000000000024964                stimer_elapsed
 .text          0x0000000000024978      0x1c1 build/cooja///mtype470.a(memb.o)
                0x0000000000024978                memb_init
                0x00000000000249d6                memb_alloc
                0x0000000000024a3b                memb_free
                0x0000000000024ab6                memb_inmemb
                0x0000000000024af5                memb_numfree
 .text          0x0000000000024b39      0x1eb build/cooja///mtype470.a(ringbufindex.o)
                0x0000000000024b39                ringbufindex_init
                0x0000000000024b61                ringbufindex_put
                0x0000000000024bbc                ringbufindex_peek_put
                0x0000000000024c00                ringbufindex_get
                0x0000000000024c60                ringbufindex_peek_get
                0x0000000000024c9b                ringbufindex_size
                0x0000000000024cac                ringbufindex_elements
                0x0000000000024cd2                ringbufindex_full
                0x0000000000024d09                ringbufindex_empty
 .text          0x0000000000024d24      0x39d build/cooja///mtype470.a(link-stats.o)
                0x0000000000024d24                link_stats_from_lladdr
                0x0000000000024d40                link_stats_get_lladdr
                0x0000000000024d5c                link_stats_is_fresh
                0x0000000000024d94                guess_etx_from_rssi
                0x0000000000024e10                link_stats_packet_sent
                0x0000000000024f26                link_stats_input_callback
                0x0000000000025035                link_stats_reset
                0x0000000000025080                link_stats_init
 .text          0x00000000000250c1      0x7d6 build/cooja///mtype470.a(nbr-table.o)
                0x0000000000025530                nbr_table_register
                0x000000000002559a                nbr_table_is_registered
                0x00000000000255d5                nbr_table_head
                0x0000000000025631                nbr_table_next
                0x0000000000025698                nbr_table_add_lladdr
                0x0000000000025774                nbr_table_get_from_lladdr
                0x00000000000257c1                nbr_table_remove
                0x0000000000025813                nbr_table_lock
                0x000000000002583d                nbr_table_unlock
                0x0000000000025867                nbr_table_get_lladdr
 .text          0x0000000000025897      0x168 build/cooja///mtype470.a(mac-sequence.o)
                0x0000000000025897                mac_sequence_is_duplicate
                0x0000000000025935                mac_sequence_register_seqno
 .text          0x00000000000259ff       0x27 build/cooja///mtype470.a(mac.o)
                0x00000000000259ff                mac_call_sent_callback
 .text          0x0000000000025a26      0xa8d build/cooja///mtype470.a(frame802154.o)
                0x0000000000025a57                frame802154_get_pan_id
                0x0000000000025a63                frame802154_set_pan_id
                0x0000000000025a7c                frame802154_has_panid
                0x0000000000025c29                frame802154_check_dest_panid
                0x0000000000025c98                frame802154_is_broadcast_addr
                0x0000000000025ce5                frame802154_extract_linkaddr
                0x0000000000025f25                frame802154_hdrlen
                0x0000000000025f76                frame802154_create_fcf
                0x000000000002602d                frame802154_create
                0x000000000002617a                frame802154_parse_fcf
                0x0000000000026233                frame802154_parse
 .text          0x00000000000264b3      0x42b build/cooja///mtype470.a(framer-802154.o)
                0x0000000000026641                framer_802154_setup_params
 .text          0x00000000000268de      0x3f8 build/cooja///mtype470.a(tsch-adaptive-t)
                0x00000000000268de                tsch_adaptive_timesync_get_drift_ppm
                0x0000000000026a7f                tsch_timesync_update
                0x0000000000026c69                tsch_timesync_adaptive_compensate
 .text          0x0000000000026cd6      0x481 build/cooja///mtype470.a(tsch-log.o)
                0x0000000000026cd6                tsch_log_process_pending
                0x000000000002705a                tsch_log_prepare_add
                0x00000000000270dd                tsch_log_commit
                0x0000000000027107                tsch_log_init
                0x0000000000027136                tsch_log_stop
 .text          0x0000000000027157      0xa45 build/cooja///mtype470.a(tsch-packet.o)
                0x0000000000027181                tsch_packet_eackbuf_attr
                0x000000000002719b                tsch_packet_create_eack
                0x00000000000273b3                tsch_packet_parse_eack
                0x0000000000027570                tsch_packet_create_eb
                0x0000000000027850                tsch_packet_update_eb
                0x00000000000278d6                tsch_packet_parse_eb
                0x0000000000027b73                tsch_packet_set_frame_pending
                0x0000000000027b88                tsch_packet_get_frame_pending
 .text          0x0000000000027b9c      0xb4f build/cooja///mtype470.a(tsch-queue.o)
                0x0000000000027b9c                tsch_queue_add_nbr
                0x0000000000027c9a                tsch_queue_get_nbr
                0x0000000000027cf4                tsch_queue_get_time_source
                0x0000000000027d40                tsch_queue_update_time_source
                0x0000000000027f9a                tsch_queue_add_packet
                0x0000000000028102                tsch_queue_global_packet_count
                0x000000000002811f                tsch_queue_packet_count
                0x0000000000028162                tsch_queue_remove_packet_from_queue
                0x00000000000281b0                tsch_queue_free_packet
                0x00000000000281de                tsch_queue_packet_sent
                0x0000000000028293                tsch_queue_reset
                0x00000000000282e6                tsch_queue_free_unused_neighbors
                0x000000000002835e                tsch_queue_is_empty
                0x0000000000028395                tsch_queue_get_packet_for_nbr
                0x00000000000284b1                tsch_queue_get_packet_for_dest_addr
                0x00000000000284e3                tsch_queue_get_unicast_packet_for_any
                0x000000000002856a                tsch_queue_backoff_expired
                0x000000000002857e                tsch_queue_backoff_reset
                0x0000000000028591                tsch_queue_backoff_inc
                0x00000000000285fb                tsch_queue_update_all_backoff_windows
                0x000000000002869c                tsch_queue_init
 .text          0x00000000000286eb      0x110 build/cooja///mtype470.a(tsch-rpl.o)
                0x00000000000286eb                tsch_rpl_callback_ka_sent
                0x000000000002871d                tsch_rpl_callback_joining_network
                0x0000000000028722                tsch_rpl_callback_leaving_network
                0x000000000002873d                tsch_rpl_callback_new_dio_interval
                0x00000000000287c8                tsch_rpl_callback_parent_switch
 .text          0x00000000000287fb        0x0 build/cooja///mtype470.a(tsch-timeslot-t)
 .text          0x00000000000287fb      0x6e7 build/cooja///mtype470.a(uip-icmp6.o)
                0x0000000000028869                uip_icmp6_input
                0x00000000000288bf                uip_icmp6_register_input_handler
                0x0000000000028a0f                uip_icmp6_error_output
                0x0000000000028ca5                uip_icmp6_send
                0x0000000000028e75                uip_icmp6_echo_reply_callback_add
                0x0000000000028ea6                uip_icmp6_echo_reply_callback_rm
                0x0000000000028ec2                uip_icmp6_init
 .text          0x0000000000028ee2      0x694 build/cooja///mtype470.a(uip-nd6.o)
                0x0000000000029562                uip_nd6_init
 .text          0x0000000000029576      0x6b5 build/cooja///mtype470.a(uip-sr.o)
                0x0000000000029576                uip_sr_num_nodes
                0x000000000002960a                uip_sr_get_node
                0x000000000002965f                uip_sr_is_addr_reachable
                0x000000000002970a                uip_sr_expire_parent
                0x0000000000029757                uip_sr_update_node
                0x00000000000298a1                uip_sr_init
                0x00000000000298cc                uip_sr_node_head
                0x00000000000298e1                uip_sr_node_next
                0x00000000000298f4                uip_sr_periodic
                0x00000000000299ea                uip_sr_free_all
                0x0000000000029a52                uip_sr_link_snprint
 .text          0x0000000000029c2b      0x2b8 build/cooja///mtype470.a(rpl-dag-root.o)
                0x0000000000029c2b                rpl_dag_root_print_links
                0x0000000000029d93                rpl_dag_root_set_prefix
                0x0000000000029dbf                rpl_dag_root_start
                0x0000000000029eb4                rpl_dag_root_is_root
 .text          0x0000000000029ee3      0xe12 build/cooja///mtype470.a(rpl-dag.o)
                0x0000000000029ee3                rpl_dag_state_to_str
                0x0000000000029f22                rpl_dag_get_root_ipaddr
                0x0000000000029f6a                rpl_dag_leave
                0x0000000000029fed                rpl_dag_poison_and_leave
                0x000000000002a004                rpl_dag_periodic
                0x000000000002a083                rpl_is_addr_in_our_dag
                0x000000000002a0ca                rpl_get_default_instance
                0x000000000002a0e6                rpl_get_any_dag
                0x000000000002a13f                rpl_refresh_routes
                0x000000000002a17e                rpl_global_repair
                0x000000000002a1fd                rpl_local_repair
                0x000000000002a242                rpl_dag_ready_to_advertise
                0x000000000002a284                rpl_dag_update_state
                0x000000000002a965                rpl_process_dio
                0x000000000002a9ec                rpl_process_dis
                0x000000000002aa32                rpl_process_dao
                0x000000000002aad2                rpl_process_dao_ack
                0x000000000002ab5e                rpl_process_hbh
                0x000000000002abab                rpl_dag_init_root
                0x000000000002acd1                rpl_dag_init
 .text          0x000000000002acf5      0xb60 build/cooja///mtype470.a(rpl-ext-header.)
                0x000000000002acf5                rpl_ext_header_srh_get_next_hop
                0x000000000002addf                rpl_ext_header_srh_update
                0x000000000002b363                rpl_ext_header_hbh_update
                0x000000000002b66e                rpl_ext_header_update
                0x000000000002b6f2                rpl_ext_header_remove
 .text          0x000000000002b855     0x1337 build/cooja///mtype470.a(rpl-icmp6.o)
                0x000000000002b978                rpl_icmp6_update_nbr_table
                0x000000000002ba0d                rpl_icmp6_dis_output
                0x000000000002bfec                rpl_icmp6_dio_output
                0x000000000002c7ec                rpl_icmp6_dao_output
                0x000000000002cad6                rpl_icmp6_dao_ack_output
                0x000000000002cb54                rpl_icmp6_init
 .text          0x000000000002cb8c      0x2d8 build/cooja///mtype470.a(rpl-mrhof.o)
 .text          0x000000000002ce64      0x19f build/cooja///mtype470.a(rpl-nbr-policy.)
                0x000000000002cfc1                rpl_nbr_policy_find_removable
 .text          0x000000000002d003      0x8ce build/cooja///mtype470.a(rpl-neighbor.o)
                0x000000000002d07f                rpl_neighbor_snprint
                0x000000000002d35a                rpl_neighbor_print_list
                0x000000000002d410                rpl_neighbor_count
                0x000000000002d4ae                rpl_neighbor_get_from_lladdr
                0x000000000002d4ca                rpl_neighbor_is_acceptable_parent
                0x000000000002d4fb                rpl_neighbor_get_link_metric
                0x000000000002d52c                rpl_neighbor_rank_via_nbr
                0x000000000002d55d                rpl_neighbor_get_lladdr
                0x000000000002d579                rpl_neighbor_get_ipaddr
                0x000000000002d59a                rpl_neighbor_get_link_stats
                0x000000000002d5bb                rpl_neighbor_is_fresh
                0x000000000002d5dc                rpl_neighbor_is_reachable
                0x000000000002d620                rpl_neighbor_is_parent
                0x000000000002d64a                rpl_neighbor_set_preferred_parent
                0x000000000002d6db                rpl_neighbor_remove_all
                0x000000000002d722                rpl_neighbor_get_from_ipaddr
                0x000000000002d80d                rpl_neighbor_select_best
                0x000000000002d8b4                rpl_neighbor_init
 .text          0x000000000002d8d1      0xa65 build/cooja///mtype470.a(rpl-timers.o)
                0x000000000002d8d1                rpl_timers_schedule_periodic_dis
                0x000000000002da58                rpl_timers_dio_reset
                0x000000000002db50                rpl_timers_schedule_unicast_dio
                0x000000000002dcf1                rpl_timers_schedule_dao
                0x000000000002de31                rpl_timers_schedule_dao_ack
                0x000000000002dec8                get_probing_delay
                0x000000000002defc                get_probing_target
                0x000000000002e0c3                rpl_schedule_probing
                0x000000000002e0fb                rpl_schedule_probing_now
                0x000000000002e16e                rpl_timers_unschedule_leaving
                0x000000000002e19d                rpl_timers_schedule_leaving
                0x000000000002e1e4                rpl_timers_init
                0x000000000002e277                rpl_timers_stop_dag_timers
                0x000000000002e2d3                rpl_timers_unschedule_state_update
                0x000000000002e2f2                rpl_timers_schedule_state_update
 .text          0x000000000002e336     0x2b00 build/cooja///mtype470.a(shell-commands.)
                0x0000000000030d31                shell_commands_init
                0x0000000000030d6f                shell_command_set_register
                0x0000000000030d8b                shell_command_set_deregister
                0x0000000000030dce                shell_command_lookup
 .text          0x0000000000030e36      0xec4 build/cooja///mtype470.a(frame802154e-ie)
                0x0000000000030f3f                frame80215e_create_ie_header_ack_nack_time_correction
                0x0000000000030fc9                frame80215e_create_ie_header_list_termination_1
                0x0000000000031011                frame80215e_create_ie_header_list_termination_2
                0x0000000000031059                frame80215e_create_ie_payload_list_termination
                0x00000000000310a1                frame80215e_create_ie_mlme
                0x00000000000310ef                frame80215e_create_ie_tsch_synchronization
                0x000000000003119d                frame80215e_create_ie_tsch_slotframe_and_link
                0x000000000003137e                frame80215e_create_ie_tsch_timeslot
                0x0000000000031451                frame80215e_create_ie_tsch_channel_hopping_sequence
                0x00000000000319d9                frame802154e_parse_information_elements
 *fill*         0x0000000000031cfa        0x6 
 .text          0x0000000000031d00      0x172 /usr/lib/gcc/i686-linux-gnu/4.8/libgcc.a(_divdi3.o)
                0x0000000000031d00                __divdi3
 *fill*         0x0000000000031e72        0xe 
 .text          0x0000000000031e80      0x124 /usr/lib/gcc/i686-linux-gnu/4.8/libgcc.a(_udivdi3.o)
                0x0000000000031e80                __udivdi3
 .text          0x0000000000031fa4        0x0 /usr/lib/gcc/i686-linux-gnu/4.8/crtendS.o
 .text          0x0000000000031fa4        0x0 /usr/lib/gcc/i686-linux-gnu/4.8/../../../i386-linux-gnu/crtn.o
 *(.gnu.warning)

.fini           0x0000000000031fa4       0x14
 *(SORT(.fini))
 .fini          0x0000000000031fa4        0xf /usr/lib/gcc/i686-linux-gnu/4.8/../../../i386-linux-gnu/crti.o
                0x0000000000031fa4                _fini
 .fini          0x0000000000031fb3        0x5 /usr/lib/gcc/i686-linux-gnu/4.8/../../../i386-linux-gnu/crtn.o
                0x0000000000031fb8                PROVIDE (__etext, .)
                0x0000000000031fb8                PROVIDE (_etext, .)
                0x0000000000031fb8                PROVIDE (etext, .)

.rodata         0x0000000000031fc0     0x1f6c
 *(.rodata .rodata.* .gnu.linkonce.r.*)
 .rodata        0x0000000000031fc0       0x80 udp-client.o
                0x0000000000031fcc                autostart_processes
 .rodata        0x0000000000032040        0x8 build/cooja///mtype470.a(beep.o)
                0x0000000000032040                beep_interface
 .rodata        0x0000000000032048       0x20 build/cooja///mtype470.a(button-sensor.o)
                0x0000000000032048                button_interface
                0x0000000000032058                button_sensor
 .rodata        0x0000000000032068        0x8 build/cooja///mtype470.a(leds-arch.o)
                0x0000000000032068                leds_interface
 .rodata        0x0000000000032070        0x8 build/cooja///mtype470.a(moteid.o)
                0x0000000000032070                moteid_interface
 .rodata        0x0000000000032078       0x1c build/cooja///mtype470.a(pir-sensor.o)
                0x0000000000032078                pir_interface
                0x0000000000032084                pir_sensor
 .rodata        0x0000000000032094        0xe build/cooja///mtype470.a(rs232.o)
                0x0000000000032094                rs232_interface
 *fill*         0x00000000000320a2        0x2 
 .rodata        0x00000000000320a4       0x24 build/cooja///mtype470.a(vib-sensor.o)
                0x00000000000320a4                vib_interface
                0x00000000000320b8                vib_sensor
 .rodata        0x00000000000320c8        0x8 build/cooja///mtype470.a(clock.o)
                0x00000000000320c8                clock_interface
 .rodata        0x00000000000320d0        0x8 build/cooja///mtype470.a(cooja-log.o)
                0x00000000000320d0                simlog_interface
 .rodata        0x00000000000320d8       0x2f build/cooja///mtype470.a(cfs-cooja.o)
                0x00000000000320d8                cfs_interface
 *fill*         0x0000000000032107       0x19 
 .rodata        0x0000000000032120       0x78 build/cooja///mtype470.a(cooja-radio.o)
                0x0000000000032120                radio_interface
                0x0000000000032160                cooja_radio_driver
 .rodata        0x0000000000032198        0x8 build/cooja///mtype470.a(eeprom.o)
                0x0000000000032198                eeprom_interface
 .rodata        0x00000000000321a0        0x8 build/cooja///mtype470.a(sensors.o)
 .rodata        0x00000000000321a8       0x44 build/cooja///mtype470.a(orchestra.o)
 .rodata        0x00000000000321ec       0xf0 build/cooja///mtype470.a(contiki-main.o)
 .rodata        0x00000000000322dc        0xf build/cooja///mtype470.a(ctimer.o)
 .rodata        0x00000000000322eb        0xc build/cooja///mtype470.a(etimer.o)
 *fill*         0x00000000000322f7        0x1 
 .rodata        0x00000000000322f8       0xc0 build/cooja///mtype470.a(log.o)
 .rodata        0x00000000000323b8        0xe build/cooja///mtype470.a(serial-line.o)
 .rodata        0x00000000000323c6        0x8 build/cooja///mtype470.a(linkaddr.o)
                0x00000000000323c6                linkaddr_null
 *fill*         0x00000000000323ce        0x2 
 .rodata        0x00000000000323d0      0x244 build/cooja///mtype470.a(tsch-schedule.o)
 .rodata        0x0000000000032614      0x10f build/cooja///mtype470.a(tsch-slot-opera)
 *fill*         0x0000000000032723        0x1 
 .rodata        0x0000000000032724      0x810 build/cooja///mtype470.a(tsch.o)
                0x0000000000032724                tsch_broadcast_address
                0x000000000003272c                tsch_eb_address
                0x0000000000032f18                tschmac_driver
 .rodata        0x0000000000032f34       0x30 build/cooja///mtype470.a(sicslowpan.o)
                0x0000000000032f34                unc_llconf
                0x0000000000032f38                unc_ctxconf
                0x0000000000032f3c                unc_mxconf
                0x0000000000032f40                llprefix
                0x0000000000032f54                sicslowpan_driver
 .rodata        0x0000000000032f64       0x13 build/cooja///mtype470.a(simple-udp.o)
 .rodata        0x0000000000032f77        0xd build/cooja///mtype470.a(tcpip.o)
 .rodata        0x0000000000032f84       0x4d build/cooja///mtype470.a(uip-ds6-route.o)
 .rodata        0x0000000000032fd1       0x2d build/cooja///mtype470.a(uiplib.o)
 *fill*         0x0000000000032ffe        0x2 
 .rodata        0x0000000000033000       0x70 build/cooja///mtype470.a(rpl.o)
                0x0000000000033020                rpl_lite_driver
 .rodata        0x0000000000033070       0x18 build/cooja///mtype470.a(serial-shell.o)
 .rodata        0x0000000000033088        0x8 build/cooja///mtype470.a(shell.o)
 .rodata        0x0000000000033090        0xc build/cooja///mtype470.a(framer-802154.o)
                0x0000000000033090                framer_802154
 .rodata        0x000000000003309c       0x50 build/cooja///mtype470.a(tsch-adaptive-t)
 .rodata        0x00000000000330ec      0x110 build/cooja///mtype470.a(tsch-log.o)
 .rodata        0x00000000000331fc       0xed build/cooja///mtype470.a(tsch-packet.o)
 *fill*         0x00000000000332e9        0x3 
 .rodata        0x00000000000332ec       0x7d build/cooja///mtype470.a(tsch-queue.o)
 .rodata        0x0000000000033369        0xd build/cooja///mtype470.a(tsch-rpl.o)
 .rodata        0x0000000000033376       0x18 build/cooja///mtype470.a(tsch-timeslot-t)
                0x0000000000033376                tsch_timeslot_timing_us_10000
 .rodata        0x000000000003338e       0x44 build/cooja///mtype470.a(uip-sr.o)
 *fill*         0x00000000000333d2        0x2 
 .rodata        0x00000000000333d4       0xdb build/cooja///mtype470.a(rpl-dag.o)
 *fill*         0x00000000000334af        0x1 
 .rodata        0x00000000000334b0       0x58 build/cooja///mtype470.a(rpl-neighbor.o)
 .rodata        0x0000000000033508        0xc build/cooja///mtype470.a(rpl-timers.o)
 *fill*         0x0000000000033514        0xc 
 .rodata        0x0000000000033520      0xa0c build/cooja///mtype470.a(shell-commands.)
                0x0000000000033e60                builtin_shell_commands

.rodata1
 *(.rodata1)

.eh_frame_hdr   0x0000000000033f2c     0x1984
 *(.eh_frame_hdr)
 .eh_frame_hdr  0x0000000000033f2c     0x1984 udp-client.o

.eh_frame       0x00000000000358b0     0x6910
 *(.eh_frame)
 .eh_frame      0x00000000000358b0       0x3c /usr/lib/gcc/i686-linux-gnu/4.8/../../../i386-linux-gnu/crti.o
                                         0x40 (size before relaxing)
 .eh_frame      0x00000000000358ec       0x40 udp-client.o
                                         0x58 (size before relaxing)
 .eh_frame      0x000000000003592c      0x178 build/cooja///mtype470.o
                                        0x190 (size before relaxing)
 .eh_frame      0x0000000000035aa4       0x40 build/cooja///mtype470.a(simEnvChange.o)
                                         0x58 (size before relaxing)
 .eh_frame      0x0000000000035ae4       0x60 build/cooja///mtype470.a(cooja_mt.o)
                                         0x78 (size before relaxing)
 .eh_frame      0x0000000000035b44       0x80 build/cooja///mtype470.a(cooja_mtarch.o)
                                         0x98 (size before relaxing)
 .eh_frame      0x0000000000035bc4       0xc8 build/cooja///mtype470.a(rtimer-arch.o)
                                         0xe0 (size before relaxing)
 .eh_frame      0x0000000000035c8c      0x160 build/cooja///mtype470.a(beep.o)
                                        0x178 (size before relaxing)
 .eh_frame      0x0000000000035dec       0xa0 build/cooja///mtype470.a(button-sensor.o)
                                         0xb8 (size before relaxing)
 .eh_frame      0x0000000000035e8c       0xa0 build/cooja///mtype470.a(leds-arch.o)
                                         0xb8 (size before relaxing)
 .eh_frame      0x0000000000035f2c       0x40 build/cooja///mtype470.a(moteid.o)
                                         0x58 (size before relaxing)
 .eh_frame      0x0000000000035f6c       0xa0 build/cooja///mtype470.a(pir-sensor.o)
                                         0xb8 (size before relaxing)
 .eh_frame      0x000000000003600c      0x100 build/cooja///mtype470.a(rs232.o)
                                        0x118 (size before relaxing)
 .eh_frame      0x000000000003610c       0xa0 build/cooja///mtype470.a(vib-sensor.o)
                                         0xb8 (size before relaxing)
 .eh_frame      0x00000000000361ac       0xc0 build/cooja///mtype470.a(clock.o)
                                         0xd8 (size before relaxing)
 .eh_frame      0x000000000003626c      0x120 build/cooja///mtype470.a(cooja-log.o)
                                        0x138 (size before relaxing)
 .eh_frame      0x000000000003638c      0x160 build/cooja///mtype470.a(cfs-cooja.o)
                                        0x178 (size before relaxing)
 .eh_frame      0x00000000000364ec      0x340 build/cooja///mtype470.a(cooja-radio.o)
                                        0x358 (size before relaxing)
 .eh_frame      0x000000000003682c       0xa0 build/cooja///mtype470.a(eeprom.o)
                                         0xb8 (size before relaxing)
 .eh_frame      0x00000000000368cc       0x40 build/cooja///mtype470.a(random.o)
                                         0x58 (size before relaxing)
 .eh_frame      0x000000000003690c       0xc0 build/cooja///mtype470.a(sensors.o)
                                         0xd8 (size before relaxing)
 .eh_frame      0x00000000000369cc       0x40 build/cooja///mtype470.a(orchestra-rule-)
                                         0x58 (size before relaxing)
 .eh_frame      0x0000000000036a0c       0x80 build/cooja///mtype470.a(orchestra-rule-)
                                         0x98 (size before relaxing)
 .eh_frame      0x0000000000036a8c       0xc4 build/cooja///mtype470.a(orchestra-rule-)
                                         0xdc (size before relaxing)
 .eh_frame      0x0000000000036b50       0xe0 build/cooja///mtype470.a(orchestra.o)
                                         0xf8 (size before relaxing)
 .eh_frame      0x0000000000036c30       0x20 build/cooja///mtype470.a(contiki-main.o)
                                         0x38 (size before relaxing)
 .eh_frame      0x0000000000036c50       0x40 build/cooja///mtype470.a(autostart.o)
                                         0x58 (size before relaxing)
 .eh_frame      0x0000000000036c90      0x100 build/cooja///mtype470.a(ctimer.o)
                                        0x118 (size before relaxing)
 .eh_frame      0x0000000000036d90       0x60 build/cooja///mtype470.a(energest.o)
                                         0x78 (size before relaxing)
 .eh_frame      0x0000000000036df0      0x1e0 build/cooja///mtype470.a(etimer.o)
                                        0x1f8 (size before relaxing)
 .eh_frame      0x0000000000036fd0      0x100 build/cooja///mtype470.a(log.o)
                                        0x118 (size before relaxing)
 .eh_frame      0x00000000000370d0       0x20 build/cooja///mtype470.a(node-id.o)
                                         0x38 (size before relaxing)
 .eh_frame      0x00000000000370f0      0x1c8 build/cooja///mtype470.a(process.o)
                                        0x1e0 (size before relaxing)
 .eh_frame      0x00000000000372b8       0x60 build/cooja///mtype470.a(rtimer.o)
                                         0x78 (size before relaxing)
 .eh_frame      0x0000000000037318       0xa4 build/cooja///mtype470.a(timer.o)
                                         0xbc (size before relaxing)
 .eh_frame      0x00000000000373bc       0x60 build/cooja///mtype470.a(serial-line.o)
                                         0x78 (size before relaxing)
 .eh_frame      0x000000000003741c      0x1a0 build/cooja///mtype470.a(list.o)
                                        0x1b8 (size before relaxing)
 .eh_frame      0x00000000000375bc       0xa0 build/cooja///mtype470.a(ringbuf.o)
                                         0xb8 (size before relaxing)
 .eh_frame      0x000000000003765c       0x60 build/cooja///mtype470.a(linkaddr.o)
                                         0x78 (size before relaxing)
 .eh_frame      0x00000000000376bc       0x80 build/cooja///mtype470.a(netstack.o)
                                         0x98 (size before relaxing)
 .eh_frame      0x000000000003773c      0x28c build/cooja///mtype470.a(packetbuf.o)
                                        0x2a4 (size before relaxing)
 .eh_frame      0x00000000000379c8      0x1a0 build/cooja///mtype470.a(queuebuf.o)
                                        0x1b8 (size before relaxing)
 .eh_frame      0x0000000000037b68      0x258 build/cooja///mtype470.a(tsch-schedule.o)
                                        0x270 (size before relaxing)
 .eh_frame      0x0000000000037dc0      0x218 build/cooja///mtype470.a(tsch-slot-opera)
                                        0x230 (size before relaxing)
 .eh_frame      0x0000000000037fd8      0x3ac build/cooja///mtype470.a(tsch.o)
                                        0x3c4 (size before relaxing)
 .eh_frame      0x0000000000038384      0x310 build/cooja///mtype470.a(sicslowpan.o)
                                        0x328 (size before relaxing)
 .eh_frame      0x0000000000038694       0xd0 build/cooja///mtype470.a(simple-udp.o)
                                         0xe8 (size before relaxing)
 .eh_frame      0x0000000000038764      0x244 build/cooja///mtype470.a(tcpip.o)
                                        0x25c (size before relaxing)
 .eh_frame      0x00000000000389a8      0x1c0 build/cooja///mtype470.a(uip-ds6-nbr.o)
                                        0x1d8 (size before relaxing)
 .eh_frame      0x0000000000038b68      0x220 build/cooja///mtype470.a(uip-ds6-route.o)
                                        0x238 (size before relaxing)
 .eh_frame      0x0000000000038d88      0x2e8 build/cooja///mtype470.a(uip-ds6.o)
                                        0x300 (size before relaxing)
 .eh_frame      0x0000000000039070       0xe0 build/cooja///mtype470.a(uip-packetqueue)
                                         0xf8 (size before relaxing)
 .eh_frame      0x0000000000039150       0x40 build/cooja///mtype470.a(uip-udp-packet.)
                                         0x58 (size before relaxing)
 .eh_frame      0x0000000000039190      0x1f0 build/cooja///mtype470.a(uip6.o)
                                        0x208 (size before relaxing)
 .eh_frame      0x0000000000039380      0x200 build/cooja///mtype470.a(uipbuf.o)
                                        0x218 (size before relaxing)
 .eh_frame      0x0000000000039580       0x90 build/cooja///mtype470.a(uiplib.o)
                                         0xa8 (size before relaxing)
 .eh_frame      0x0000000000039610      0x1e0 build/cooja///mtype470.a(rpl.o)
                                        0x1f8 (size before relaxing)
 .eh_frame      0x00000000000397f0       0xa0 build/cooja///mtype470.a(watchdog.o)
                                         0xb8 (size before relaxing)
 .eh_frame      0x0000000000039890       0x60 build/cooja///mtype470.a(serial-shell.o)
                                         0x78 (size before relaxing)
 .eh_frame      0x00000000000398f0       0xa0 build/cooja///mtype470.a(shell.o)
                                         0xb8 (size before relaxing)
 .eh_frame      0x0000000000039990       0xc4 build/cooja///mtype470.a(stimer.o)
                                         0xdc (size before relaxing)
 .eh_frame      0x0000000000039a54       0xa0 build/cooja///mtype470.a(memb.o)
                                         0xb8 (size before relaxing)
 .eh_frame      0x0000000000039af4      0x120 build/cooja///mtype470.a(ringbufindex.o)
                                        0x138 (size before relaxing)
 .eh_frame      0x0000000000039c14      0x120 build/cooja///mtype470.a(link-stats.o)
                                        0x138 (size before relaxing)
 .eh_frame      0x0000000000039d34      0x2ac build/cooja///mtype470.a(nbr-table.o)
                                        0x2c4 (size before relaxing)
 .eh_frame      0x0000000000039fe0       0x48 build/cooja///mtype470.a(mac-sequence.o)
                                         0x60 (size before relaxing)
 .eh_frame      0x000000000003a028       0x20 build/cooja///mtype470.a(mac.o)
                                         0x38 (size before relaxing)
 .eh_frame      0x000000000003a048      0x1a4 build/cooja///mtype470.a(frame802154.o)
                                        0x1bc (size before relaxing)
 .eh_frame      0x000000000003a1ec       0xa8 build/cooja///mtype470.a(framer-802154.o)
                                         0xc0 (size before relaxing)
 .eh_frame      0x000000000003a294       0xd8 build/cooja///mtype470.a(tsch-adaptive-t)
                                         0xf0 (size before relaxing)
 .eh_frame      0x000000000003a36c       0xb0 build/cooja///mtype470.a(tsch-log.o)
                                         0xc8 (size before relaxing)
 .eh_frame      0x000000000003a41c      0x14c build/cooja///mtype470.a(tsch-packet.o)
                                        0x164 (size before relaxing)
 .eh_frame      0x000000000003a568      0x2f4 build/cooja///mtype470.a(tsch-queue.o)
                                        0x30c (size before relaxing)
 .eh_frame      0x000000000003a85c       0xa4 build/cooja///mtype470.a(tsch-rpl.o)
                                         0xbc (size before relaxing)
 .eh_frame      0x000000000003a900      0x158 build/cooja///mtype470.a(uip-icmp6.o)
                                        0x170 (size before relaxing)
 .eh_frame      0x000000000003aa58       0x88 build/cooja///mtype470.a(uip-nd6.o)
                                         0xa0 (size before relaxing)
 .eh_frame      0x000000000003aae0      0x18c build/cooja///mtype470.a(uip-sr.o)
                                        0x1a4 (size before relaxing)
 .eh_frame      0x000000000003ac6c       0xa0 build/cooja///mtype470.a(rpl-dag-root.o)
                                         0xb8 (size before relaxing)
 .eh_frame      0x000000000003ad0c      0x370 build/cooja///mtype470.a(rpl-dag.o)
                                        0x388 (size before relaxing)
 .eh_frame      0x000000000003b07c      0x138 build/cooja///mtype470.a(rpl-ext-header.)
                                        0x150 (size before relaxing)
 .eh_frame      0x000000000003b1b4      0x1c8 build/cooja///mtype470.a(rpl-icmp6.o)
                                        0x1e0 (size before relaxing)
 .eh_frame      0x000000000003b37c      0x148 build/cooja///mtype470.a(rpl-mrhof.o)
                                        0x160 (size before relaxing)
 .eh_frame      0x000000000003b4c4       0x80 build/cooja///mtype470.a(rpl-nbr-policy.)
                                         0x98 (size before relaxing)
 .eh_frame      0x000000000003b544      0x2d4 build/cooja///mtype470.a(rpl-neighbor.o)
                                        0x2ec (size before relaxing)
 .eh_frame      0x000000000003b818      0x368 build/cooja///mtype470.a(rpl-timers.o)
                                        0x380 (size before relaxing)
 .eh_frame      0x000000000003bb80      0x368 build/cooja///mtype470.a(shell-commands.)
                                        0x380 (size before relaxing)
 .eh_frame      0x000000000003bee8      0x230 build/cooja///mtype470.a(frame802154e-ie)
                                        0x248 (size before relaxing)
 .eh_frame      0x000000000003c118       0x38 /usr/lib/gcc/i686-linux-gnu/4.8/libgcc.a(_divdi3.o)
                                         0x50 (size before relaxing)
 .eh_frame      0x000000000003c150       0x6c /usr/lib/gcc/i686-linux-gnu/4.8/libgcc.a(_udivdi3.o)
                                         0x84 (size before relaxing)
 .eh_frame      0x000000000003c1bc        0x4 /usr/lib/gcc/i686-linux-gnu/4.8/crtendS.o

.gcc_except_table
 *(.gcc_except_table .gcc_except_table.*)

.exception_ranges
 *(.exception_ranges .exception_ranges*)
                0x000000000003c1c0                . = (ALIGN (0x1000) - ((0x1000 - .) & 0xfff))
                0x000000000003def8                . = DATA_SEGMENT_ALIGN (0x1000, 0x1000)

.eh_frame
 *(.eh_frame)

.gcc_except_table
 *(.gcc_except_table .gcc_except_table.*)

.exception_ranges
 *(.exception_ranges .exception_ranges*)

.tdata
 *(.tdata .tdata.* .gnu.linkonce.td.*)

.tbss
 *(.tbss .tbss.* .gnu.linkonce.tb.*)
 *(.tcommon)

.preinit_array
 *(.preinit_array)

.init_array     0x000000000003def8        0x4
 *(SORT(.init_array.*) SORT(.ctors.*))
 *(.init_array EXCLUDE_FILE(*crtend?.o *crtend.o *crtbegin?.o *crtbegin.o) .ctors)
 .init_array    0x000000000003def8        0x4 /usr/lib/gcc/i686-linux-gnu/4.8/crtbeginS.o

.fini_array     0x000000000003defc        0x4
 *(SORT(.fini_array.*) SORT(.dtors.*))
 *(.fini_array EXCLUDE_FILE(*crtend?.o *crtend.o *crtbegin?.o *crtbegin.o) .dtors)
 .fini_array    0x000000000003defc        0x4 /usr/lib/gcc/i686-linux-gnu/4.8/crtbeginS.o

.ctors
 *crtbegin.o(.ctors)
 *crtbegin?.o(.ctors)
 *(EXCLUDE_FILE(*crtend?.o *crtend.o) .ctors)
 *(SORT(.ctors.*))
 *(.ctors)

.dtors
 *crtbegin.o(.dtors)
 *crtbegin?.o(.dtors)
 *(EXCLUDE_FILE(*crtend?.o *crtend.o) .dtors)
 *(SORT(.dtors.*))
 *(.dtors)

.jcr            0x000000000003df00        0x4
 *(.jcr)
 .jcr           0x000000000003df00        0x0 /usr/lib/gcc/i686-linux-gnu/4.8/crtbeginS.o
 .jcr           0x000000000003df00        0x4 /usr/lib/gcc/i686-linux-gnu/4.8/crtendS.o

.data.rel.ro
 *(.data.rel.ro.local* .gnu.linkonce.d.rel.ro.local.*)
 *(.data.rel.ro .data.rel.ro.* .gnu.linkonce.d.rel.ro.*)

.dynamic        0x000000000003df04       0xe8
 *(.dynamic)
 .dynamic       0x000000000003df04       0xe8 /usr/lib/gcc/i686-linux-gnu/4.8/../../../i386-linux-gnu/crti.o
                0x000000000003df04                _DYNAMIC

.got            0x000000000003dfec       0x14
 *(.got)
 .got           0x000000000003dfec       0x14 /usr/lib/gcc/i686-linux-gnu/4.8/../../../i386-linux-gnu/crti.o
 *(.igot)
                0x000000000003eff4                . = DATA_SEGMENT_RELRO_END (., (SIZEOF (.got.plt) >= 0xc)?0xc:0x0)

.got.plt        0x000000000003e000       0x14
 *(.got.plt)
 .got.plt       0x000000000003e000       0x14 /usr/lib/gcc/i686-linux-gnu/4.8/../../../i386-linux-gnu/crti.o
                0x000000000003e000                _GLOBAL_OFFSET_TABLE_
 *(.igot.plt)

.data           0x000000000003e020      0x3a4
 *(.data .data.* .gnu.linkonce.d.*)
 .data          0x000000000003e020        0x0 /usr/lib/gcc/i686-linux-gnu/4.8/../../../i386-linux-gnu/crti.o
 .data          0x000000000003e020        0x0 /usr/lib/gcc/i686-linux-gnu/4.8/crtbeginS.o
 .data.rel      0x000000000003e020        0x4 /usr/lib/gcc/i686-linux-gnu/4.8/crtbeginS.o
                0x000000000003e020                __dso_handle
 .data          0x000000000003e024       0x10 udp-client.o
                0x000000000003e024                udp_client_process
 *fill*         0x000000000003e034        0xc 
 .data          0x000000000003e040       0x44 build/cooja///mtype470.o
                0x000000000003e040                simInterfaces
                0x000000000003e074                sensors
 .data          0x000000000003e084        0x0 build/cooja///mtype470.a(simEnvChange.o)
 .data          0x000000000003e084        0x0 build/cooja///mtype470.a(cooja_mt.o)
 .data          0x000000000003e084        0x0 build/cooja///mtype470.a(cooja_mtarch.o)
 .data          0x000000000003e084        0x0 build/cooja///mtype470.a(rtimer-arch.o)
 .data          0x000000000003e084        0x0 build/cooja///mtype470.a(beep.o)
 .data          0x000000000003e084        0x0 build/cooja///mtype470.a(button-sensor.o)
 .data          0x000000000003e084        0x0 build/cooja///mtype470.a(leds-arch.o)
 .data          0x000000000003e084        0x0 build/cooja///mtype470.a(moteid.o)
 .data          0x000000000003e084        0x0 build/cooja///mtype470.a(pir-sensor.o)
 .data          0x000000000003e084        0x0 build/cooja///mtype470.a(rs232.o)
 .data          0x000000000003e084        0x0 build/cooja///mtype470.a(vib-sensor.o)
 .data          0x000000000003e084        0x0 build/cooja///mtype470.a(clock.o)
 .data          0x000000000003e084        0x0 build/cooja///mtype470.a(cooja-log.o)
 .data          0x000000000003e084        0x0 build/cooja///mtype470.a(cfs-cooja.o)
 .data          0x000000000003e084       0x2c build/cooja///mtype470.a(cooja-radio.o)
                0x000000000003e084                simRadioHWOn
                0x000000000003e088                simSignalStrength
                0x000000000003e08c                simLastSignalStrength
                0x000000000003e090                simPower
                0x000000000003e094                simRadioChannel
                0x000000000003e098                simLQI
                0x000000000003e0a0                cooja_radio_process
 .data          0x000000000003e0b0        0x0 build/cooja///mtype470.a(eeprom.o)
 .data          0x000000000003e0b0        0x0 build/cooja///mtype470.a(random.o)
 .data          0x000000000003e0b0       0x10 build/cooja///mtype470.a(sensors.o)
                0x000000000003e0b0                sensors_process
 .data          0x000000000003e0c0       0x14 build/cooja///mtype470.a(orchestra-rule-)
                0x000000000003e0c0                default_common
 .data          0x000000000003e0d4       0x14 build/cooja///mtype470.a(orchestra-rule-)
                0x000000000003e0d4                eb_per_time_source
 .data          0x000000000003e0e8       0x14 build/cooja///mtype470.a(orchestra-rule-)
                0x000000000003e0e8                unicast_per_neighbor_rpl_ns
 .data          0x000000000003e0fc       0x18 build/cooja///mtype470.a(orchestra.o)
                0x000000000003e108                all_rules
 .data          0x000000000003e114        0x0 build/cooja///mtype470.a(contiki-main.o)
 .data          0x000000000003e114        0x0 build/cooja///mtype470.a(autostart.o)
 .data          0x000000000003e114       0x14 build/cooja///mtype470.a(ctimer.o)
                0x000000000003e118                ctimer_process
 .data          0x000000000003e128        0x0 build/cooja///mtype470.a(energest.o)
 .data          0x000000000003e128       0x10 build/cooja///mtype470.a(etimer.o)
                0x000000000003e128                etimer_process
 *fill*         0x000000000003e138        0x8 
 .data          0x000000000003e140       0xb0 build/cooja///mtype470.a(log.o)
                0x000000000003e140                curr_log_level_mac
                0x000000000003e144                curr_log_level_main
                0x000000000003e160                all_modules
 .data          0x000000000003e1f0        0x0 build/cooja///mtype470.a(node-id.o)
 .data          0x000000000003e1f0        0x0 build/cooja///mtype470.a(process.o)
 .data          0x000000000003e1f0        0x0 build/cooja///mtype470.a(rtimer.o)
 .data          0x000000000003e1f0        0x0 build/cooja///mtype470.a(timer.o)
 .data          0x000000000003e1f0       0x10 build/cooja///mtype470.a(serial-line.o)
                0x000000000003e1f0                serial_line_process
 .data          0x000000000003e200        0x0 build/cooja///mtype470.a(list.o)
 .data          0x000000000003e200        0x0 build/cooja///mtype470.a(ringbuf.o)
 .data          0x000000000003e200        0x0 build/cooja///mtype470.a(linkaddr.o)
 .data          0x000000000003e200        0x4 build/cooja///mtype470.a(netstack.o)
 .data          0x000000000003e204        0x4 build/cooja///mtype470.a(packetbuf.o)
 .data          0x000000000003e208       0x18 build/cooja///mtype470.a(queuebuf.o)
 .data          0x000000000003e220       0x1c build/cooja///mtype470.a(tsch-schedule.o)
 .data          0x000000000003e23c        0x4 build/cooja///mtype470.a(tsch-slot-opera)
 .data          0x000000000003e240       0x30 build/cooja///mtype470.a(tsch.o)
                0x000000000003e240                tsch_process
                0x000000000003e250                tsch_send_eb_process
                0x000000000003e260                tsch_pending_events_process
 .data          0x000000000003e270        0x0 build/cooja///mtype470.a(sicslowpan.o)
 .data          0x000000000003e270       0x10 build/cooja///mtype470.a(simple-udp.o)
                0x000000000003e270                simple_udp_process
 .data          0x000000000003e280       0x10 build/cooja///mtype470.a(tcpip.o)
                0x000000000003e280                tcpip_process
 .data          0x000000000003e290       0x14 build/cooja///mtype470.a(uip-ds6-nbr.o)
 .data          0x000000000003e2a4       0x10 build/cooja///mtype470.a(uip-ds6-route.o)
 .data          0x000000000003e2b4        0x0 build/cooja///mtype470.a(uip-ds6.o)
 .data          0x000000000003e2b4        0xc build/cooja///mtype470.a(uip-packetqueue)
 .data          0x000000000003e2c0        0x0 build/cooja///mtype470.a(uip-udp-packet.)
 .data          0x000000000003e2c0        0x0 build/cooja///mtype470.a(uip6.o)
 .data          0x000000000003e2c0        0x0 build/cooja///mtype470.a(uipbuf.o)
 .data          0x000000000003e2c0        0x0 build/cooja///mtype470.a(uiplib.o)
 .data          0x000000000003e2c0        0x0 build/cooja///mtype470.a(rpl.o)
 .data          0x000000000003e2c0        0x0 build/cooja///mtype470.a(watchdog.o)
 .data          0x000000000003e2c0       0x10 build/cooja///mtype470.a(serial-shell.o)
                0x000000000003e2c0                serial_shell_process
 .data          0x000000000003e2d0        0x0 build/cooja///mtype470.a(shell.o)
 .data          0x000000000003e2d0        0x0 build/cooja///mtype470.a(stimer.o)
 .data          0x000000000003e2d0        0x0 build/cooja///mtype470.a(memb.o)
 .data          0x000000000003e2d0        0x0 build/cooja///mtype470.a(ringbufindex.o)
 .data          0x000000000003e2d0       0x14 build/cooja///mtype470.a(link-stats.o)
 .data          0x000000000003e2e4       0x10 build/cooja///mtype470.a(nbr-table.o)
 .data          0x000000000003e2f4        0x0 build/cooja///mtype470.a(mac-sequence.o)
 .data          0x000000000003e2f4        0x0 build/cooja///mtype470.a(mac.o)
 .data          0x000000000003e2f4        0x2 build/cooja///mtype470.a(frame802154.o)
 .data          0x000000000003e2f6        0x0 build/cooja///mtype470.a(framer-802154.o)
 .data          0x000000000003e2f6        0x0 build/cooja///mtype470.a(tsch-adaptive-t)
 .data          0x000000000003e2f6        0x0 build/cooja///mtype470.a(tsch-log.o)
 .data          0x000000000003e2f6        0x0 build/cooja///mtype470.a(tsch-packet.o)
 *fill*         0x000000000003e2f6        0x2 
 .data          0x000000000003e2f8       0x1c build/cooja///mtype470.a(tsch-queue.o)
 .data          0x000000000003e314        0x0 build/cooja///mtype470.a(tsch-rpl.o)
 .data          0x000000000003e314        0x0 build/cooja///mtype470.a(tsch-timeslot-t)
 .data          0x000000000003e314       0x20 build/cooja///mtype470.a(uip-icmp6.o)
 .data          0x000000000003e334        0xc build/cooja///mtype470.a(uip-nd6.o)
 .data          0x000000000003e340       0x10 build/cooja///mtype470.a(uip-sr.o)
 .data          0x000000000003e350        0x0 build/cooja///mtype470.a(rpl-dag-root.o)
 .data          0x000000000003e350        0x0 build/cooja///mtype470.a(rpl-dag.o)
 .data          0x000000000003e350        0x0 build/cooja///mtype470.a(rpl-ext-header.)
 .data          0x000000000003e350       0x30 build/cooja///mtype470.a(rpl-icmp6.o)
 .data          0x000000000003e380       0x24 build/cooja///mtype470.a(rpl-mrhof.o)
                0x000000000003e380                rpl_mrhof
 .data          0x000000000003e3a4        0x0 build/cooja///mtype470.a(rpl-nbr-policy.)
 .data          0x000000000003e3a4       0x14 build/cooja///mtype470.a(rpl-neighbor.o)
                0x000000000003e3b4                rpl_neighbors
 .data          0x000000000003e3b8        0x0 build/cooja///mtype470.a(rpl-timers.o)
 .data          0x000000000003e3b8        0xc build/cooja///mtype470.a(shell-commands.)
 .data          0x000000000003e3c4        0x0 build/cooja///mtype470.a(frame802154e-ie)
 .data          0x000000000003e3c4        0x0 /usr/lib/gcc/i686-linux-gnu/4.8/libgcc.a(_divdi3.o)
 .data          0x000000000003e3c4        0x0 /usr/lib/gcc/i686-linux-gnu/4.8/libgcc.a(_udivdi3.o)
 .data          0x000000000003e3c4        0x0 /usr/lib/gcc/i686-linux-gnu/4.8/crtendS.o
 .data          0x000000000003e3c4        0x0 /usr/lib/gcc/i686-linux-gnu/4.8/../../../i386-linux-gnu/crtn.o

.tm_clone_table
                0x000000000003e3c4        0x0
 .tm_clone_table
                0x000000000003e3c4        0x0 /usr/lib/gcc/i686-linux-gnu/4.8/crtbeginS.o
 .tm_clone_table
                0x000000000003e3c4        0x0 /usr/lib/gcc/i686-linux-gnu/4.8/crtendS.o

.data1
 *(.data1)
                0x000000000003e3c4                _edata = .
                0x000000000003e3c4                PROVIDE (edata, .)
                0x000000000003e3c4                . = .
                0x000000000003e3c4                __bss_start = .

.bss            0x000000000003e3e0    0x29744
 *(.dynbss)
 .dynbss        0x0000000000000000        0x0 /usr/lib/gcc/i686-linux-gnu/4.8/../../../i386-linux-gnu/crti.o
 *(.bss .bss.* .gnu.linkonce.b.*)
 .bss           0x000000000003e3e0        0x0 /usr/lib/gcc/i686-linux-gnu/4.8/../../../i386-linux-gnu/crti.o
 .bss           0x000000000003e3e0        0x1 /usr/lib/gcc/i686-linux-gnu/4.8/crtbeginS.o
 *fill*         0x000000000003e3e1       0x1f 
 .bss           0x000000000003e400       0x60 udp-client.o
 .bss           0x000000000003e460     0x2030 build/cooja///mtype470.o
 .bss           0x0000000000040490        0x1 build/cooja///mtype470.a(simEnvChange.o)
                0x0000000000040490                simDontFallAsleep
 *fill*         0x0000000000040491        0x3 
 .bss           0x0000000000040494        0x4 build/cooja///mtype470.a(cooja_mt.o)
 .bss           0x0000000000040498        0x4 build/cooja///mtype470.a(cooja_mtarch.o)
 .bss           0x000000000004049c        0x0 build/cooja///mtype470.a(rtimer-arch.o)
 .bss           0x000000000004049c        0x0 build/cooja///mtype470.a(beep.o)
 .bss           0x000000000004049c        0x8 build/cooja///mtype470.a(button-sensor.o)
 .bss           0x00000000000404a4        0x0 build/cooja///mtype470.a(leds-arch.o)
 .bss           0x00000000000404a4        0x0 build/cooja///mtype470.a(moteid.o)
 .bss           0x00000000000404a4        0x1 build/cooja///mtype470.a(pir-sensor.o)
                0x00000000000404a4                simPirValue
 *fill*         0x00000000000404a5        0x3 
 .bss           0x00000000000404a8        0x4 build/cooja///mtype470.a(rs232.o)
 .bss           0x00000000000404ac        0x1 build/cooja///mtype470.a(vib-sensor.o)
                0x00000000000404ac                simVibValue
 .bss           0x00000000000404ad        0x0 build/cooja///mtype470.a(clock.o)
 *fill*         0x00000000000404ad       0x13 
 .bss           0x00000000000404c0     0x2020 build/cooja///mtype470.a(cooja-log.o)
 .bss           0x00000000000424e0      0xfc0 build/cooja///mtype470.a(cfs-cooja.o)
                0x00000000000424e0                simCFSData
                0x0000000000043480                simCFSSize
                0x0000000000043484                simCFSChanged
                0x0000000000043488                simCFSRead
                0x000000000004348c                simCFSWritten
 .bss           0x00000000000434a0       0x24 build/cooja///mtype470.a(cooja-radio.o)
                0x00000000000434a0                simReceiving
                0x00000000000434a4                simInSize
                0x00000000000434a8                simLastPacketTimestamp
                0x00000000000434b0                simOutSize
 .bss           0x00000000000434c4        0xc build/cooja///mtype470.a(eeprom.o)
                0x00000000000434c4                simEEPROMChanged
                0x00000000000434c8                simEEPROMRead
                0x00000000000434cc                simEEPROMWritten
 .bss           0x00000000000434d0        0x0 build/cooja///mtype470.a(random.o)
 .bss           0x00000000000434d0        0xc build/cooja///mtype470.a(sensors.o)
 .bss           0x00000000000434dc        0x4 build/cooja///mtype470.a(orchestra-rule-)
 .bss           0x00000000000434e0        0x8 build/cooja///mtype470.a(orchestra-rule-)
 .bss           0x00000000000434e8        0x8 build/cooja///mtype470.a(orchestra-rule-)
 .bss           0x00000000000434f0        0x4 build/cooja///mtype470.a(orchestra.o)
                0x00000000000434f0                orchestra_parent_knows_us
 .bss           0x00000000000434f4        0x0 build/cooja///mtype470.a(contiki-main.o)
 .bss           0x00000000000434f4        0x0 build/cooja///mtype470.a(autostart.o)
 .bss           0x00000000000434f4        0x5 build/cooja///mtype470.a(ctimer.o)
 .bss           0x00000000000434f9        0x0 build/cooja///mtype470.a(energest.o)
 *fill*         0x00000000000434f9        0x3 
 .bss           0x00000000000434fc        0x8 build/cooja///mtype470.a(etimer.o)
 .bss           0x0000000000043504       0x24 build/cooja///mtype470.a(log.o)
                0x0000000000043504                curr_log_level_rpl
                0x0000000000043508                curr_log_level_tcpip
                0x000000000004350c                curr_log_level_ipv6
                0x0000000000043510                curr_log_level_6lowpan
                0x0000000000043514                curr_log_level_nullnet
                0x0000000000043518                curr_log_level_framer
                0x000000000004351c                curr_log_level_6top
                0x0000000000043520                curr_log_level_coap
                0x0000000000043524                curr_log_level_lwm2m
 .bss           0x0000000000043528        0x2 build/cooja///mtype470.a(node-id.o)
                0x0000000000043528                node_id
 *fill*         0x000000000004352a       0x16 
 .bss           0x0000000000043540      0x1a1 build/cooja///mtype470.a(process.o)
                0x0000000000043540                process_list
                0x0000000000043544                process_current
 *fill*         0x00000000000436e1        0x3 
 .bss           0x00000000000436e4        0x4 build/cooja///mtype470.a(rtimer.o)
 .bss           0x00000000000436e8        0x0 build/cooja///mtype470.a(timer.o)
 *fill*         0x00000000000436e8       0x18 
 .bss           0x0000000000043700      0x140 build/cooja///mtype470.a(serial-line.o)
 .bss           0x0000000000043840        0x0 build/cooja///mtype470.a(list.o)
 .bss           0x0000000000043840        0x0 build/cooja///mtype470.a(ringbuf.o)
 .bss           0x0000000000043840        0x0 build/cooja///mtype470.a(linkaddr.o)
 .bss           0x0000000000043840        0x4 build/cooja///mtype470.a(netstack.o)
 *fill*         0x0000000000043844       0x1c 
 .bss           0x0000000000043860       0xa0 build/cooja///mtype470.a(packetbuf.o)
 .bss           0x0000000000043900     0x2d80 build/cooja///mtype470.a(queuebuf.o)
 .bss           0x0000000000046680      0x4ac build/cooja///mtype470.a(tsch-schedule.o)
 *fill*         0x0000000000046b2c       0x14 
 .bss           0x0000000000046b40      0x1b8 build/cooja///mtype470.a(tsch-slot-opera)
                0x0000000000046b40                last_timesource_neighbor
                0x0000000000046b44                current_link
                0x0000000000046b48                tsch_current_burst_count
 *fill*         0x0000000000046cf8        0x8 
 .bss           0x0000000000046d00      0x124 build/cooja///mtype470.a(tsch.o)
                0x0000000000046d00                tsch_is_started
                0x0000000000046d04                tsch_is_initialized
                0x0000000000046d08                tsch_is_coordinator
                0x0000000000046d0c                tsch_is_associated
                0x0000000000046d10                tsch_association_count
                0x0000000000046d14                tsch_is_pan_secured
 *fill*         0x0000000000046e24       0x1c 
 .bss           0x0000000000046e40      0x724 build/cooja///mtype470.a(sicslowpan.o)
 *fill*         0x0000000000047564       0x1c 
 .bss           0x0000000000047580      0x520 build/cooja///mtype470.a(simple-udp.o)
 .bss           0x0000000000047aa0       0x10 build/cooja///mtype470.a(tcpip.o)
 *fill*         0x0000000000047ab0       0x10 
 .bss           0x0000000000047ac0     0x1c20 build/cooja///mtype470.a(uip-ds6-nbr.o)
 .bss           0x00000000000496e0       0x60 build/cooja///mtype470.a(uip-ds6-route.o)
 .bss           0x0000000000049740       0x20 build/cooja///mtype470.a(uip-ds6.o)
 .bss           0x0000000000049760      0xa78 build/cooja///mtype470.a(uip-packetqueue)
 .bss           0x000000000004a1d8        0x0 build/cooja///mtype470.a(uip-udp-packet.)
 .bss           0x000000000004a1d8        0x6 build/cooja///mtype470.a(uip6.o)
                0x000000000004a1d8                uip_ext_bitmap
                0x000000000004a1d9                uip_ext_len
                0x000000000004a1da                uip_last_proto
 .bss           0x000000000004a1de       0x18 build/cooja///mtype470.a(uipbuf.o)
 .bss           0x000000000004a1f6        0x0 build/cooja///mtype470.a(uiplib.o)
 .bss           0x000000000004a1f6        0x1 build/cooja///mtype470.a(rpl.o)
 .bss           0x000000000004a1f7        0x0 build/cooja///mtype470.a(watchdog.o)
 *fill*         0x000000000004a1f7        0x1 
 .bss           0x000000000004a1f8        0x2 build/cooja///mtype470.a(serial-shell.o)
 *fill*         0x000000000004a1fa        0x2 
 .bss           0x000000000004a1fc        0xa build/cooja///mtype470.a(shell.o)
 .bss           0x000000000004a206        0x0 build/cooja///mtype470.a(stimer.o)
 .bss           0x000000000004a206        0x0 build/cooja///mtype470.a(memb.o)
 .bss           0x000000000004a206        0x0 build/cooja///mtype470.a(ringbufindex.o)
 *fill*         0x000000000004a206       0x1a 
 .bss           0x000000000004a220      0xe10 build/cooja///mtype470.a(link-stats.o)
 *fill*         0x000000000004b030       0x10 
 .bss           0x000000000004b040     0x1214 build/cooja///mtype470.a(nbr-table.o)
 *fill*         0x000000000004c254        0xc 
 .bss           0x000000000004c260      0x100 build/cooja///mtype470.a(mac-sequence.o)
 .bss           0x000000000004c360        0x0 build/cooja///mtype470.a(mac.o)
 .bss           0x000000000004c360        0x0 build/cooja///mtype470.a(frame802154.o)
 .bss           0x000000000004c360        0x2 build/cooja///mtype470.a(framer-802154.o)