Archive member included to satisfy reference by file (symbol)

build/cooja///mtype599.a(simEnvChange.o)
                              build/cooja///mtype599.o (simDontFallAsleep)
build/cooja///mtype599.a(cooja_mt.o)
                              build/cooja///mtype599.o (cooja_mt_start)
build/cooja///mtype599.a(cooja_mtarch.o)
                              build/cooja///mtype599.a(cooja_mt.o) (cooja_mtarch_start)
build/cooja///mtype599.a(rtimer-arch.o)
                              build/cooja///mtype599.o (rtimer_arch_check)
build/cooja///mtype599.a(beep.o)
                              build/cooja///mtype599.o (beep_interface)
build/cooja///mtype599.a(button-sensor.o)
                              build/cooja///mtype599.o (button_interface)
build/cooja///mtype599.a(leds-arch.o)
                              build/cooja///mtype599.o (leds_interface)
build/cooja///mtype599.a(moteid.o)
                              build/cooja///mtype599.o (moteid_interface)
build/cooja///mtype599.a(pir-sensor.o)
                              build/cooja///mtype599.o (pir_interface)
build/cooja///mtype599.a(rs232.o)
                              build/cooja///mtype599.o (rs232_interface)
build/cooja///mtype599.a(vib-sensor.o)
                              build/cooja///mtype599.o (vib_interface)
build/cooja///mtype599.a(clock.o)
                              build/cooja///mtype599.o (clock_interface)
build/cooja///mtype599.a(cooja-log.o)
                              build/cooja///mtype599.o (simlog_interface)
build/cooja///mtype599.a(cfs-cooja.o)
                              build/cooja///mtype599.o (cfs_interface)
build/cooja///mtype599.a(cooja-radio.o)
                              build/cooja///mtype599.o (radio_interface)
build/cooja///mtype599.a(eeprom.o)
                              build/cooja///mtype599.o (eeprom_interface)
build/cooja///mtype599.a(random.o)
                              build/cooja///mtype599.a(moteid.o) (random_init)
build/cooja///mtype599.a(sensors.o)
                              build/cooja///mtype599.a(button-sensor.o) (sensors_changed)
build/cooja///mtype599.a(orchestra-rule-)
                              udp-server.o (default_common)
build/cooja///mtype599.a(orchestra-rule-)
                              udp-server.o (eb_per_time_source)
build/cooja///mtype599.a(orchestra-rule-)
                              udp-server.o (unicast_per_neighbor_rpl_ns)
build/cooja///mtype599.a(orchestra.o)
                              udp-server.o (orchestra_init)
build/cooja///mtype599.a(contiki-main.o)
                              build/cooja///mtype599.o (main)
build/cooja///mtype599.a(autostart.o)
                              build/cooja///mtype599.a(contiki-main.o) (autostart_start)
build/cooja///mtype599.a(ctimer.o)
                              build/cooja///mtype599.a(contiki-main.o) (ctimer_init)
build/cooja///mtype599.a(energest.o)
                              build/cooja///mtype599.a(contiki-main.o) (energest_init)
build/cooja///mtype599.a(etimer.o)
                              build/cooja///mtype599.a(contiki-main.o) (etimer_process)
build/cooja///mtype599.a(log.o)
                              build/cooja///mtype599.a(contiki-main.o) (curr_log_level_main)
build/cooja///mtype599.a(node-id.o)
                              build/cooja///mtype599.a(contiki-main.o) (node_id)
build/cooja///mtype599.a(process.o)
                              build/cooja///mtype599.a(ctimer.o) (process_current)
build/cooja///mtype599.a(rtimer.o)
                              build/cooja///mtype599.a(contiki-main.o) (rtimer_init)
build/cooja///mtype599.a(timer.o)
                              build/cooja///mtype599.a(button-sensor.o) (timer_set)
build/cooja///mtype599.a(serial-line.o)
                              build/cooja///mtype599.a(rs232.o) (serial_line_input_byte)
build/cooja///mtype599.a(list.o)
                              build/cooja///mtype599.a(ctimer.o) (list_init)
build/cooja///mtype599.a(ringbuf.o)
                              build/cooja///mtype599.a(serial-line.o) (ringbuf_init)
build/cooja///mtype599.a(linkaddr.o)
                              build/cooja///mtype599.a(orchestra-rule-) (linkaddr_node_addr)
build/cooja///mtype599.a(netstack.o)
                              build/cooja///mtype599.a(contiki-main.o) (netstack_init)
build/cooja///mtype599.a(packetbuf.o)
                              build/cooja///mtype599.a(cooja-radio.o) (packetbuf_clear)
build/cooja///mtype599.a(queuebuf.o)
                              build/cooja///mtype599.a(contiki-main.o) (queuebuf_init)
build/cooja///mtype599.a(tsch-schedule.o)
                              build/cooja///mtype599.a(orchestra-rule-) (tsch_schedule_add_slotframe)
build/cooja///mtype599.a(tsch-slot-opera)
                              build/cooja///mtype599.a(tsch-schedule.o) (current_link)
build/cooja///mtype599.a(tsch.o)
                              build/cooja///mtype599.a(tsch-slot-opera) (tsch_hopping_sequence)
[...]
Memory Configuration

Name             Origin             Length             Attributes
*default*        0x0000000000000000 0xffffffffffffffff

Linker script and memory map

LOAD /usr/lib/gcc/i686-linux-gnu/4.8/../../../i386-linux-gnu/crti.o
LOAD /usr/lib/gcc/i686-linux-gnu/4.8/crtbeginS.o
LOAD udp-server.o
LOAD build/cooja///mtype599.o
LOAD build/cooja///mtype599.a
LOAD /usr/lib/gcc/i686-linux-gnu/4.8/libgcc.a
LOAD /usr/lib/gcc/i686-linux-gnu/4.8/libgcc_s.so
LOAD /usr/lib/gcc/i686-linux-gnu/4.8/../../../i386-linux-gnu/libc.so
START GROUP
LOAD /lib/i386-linux-gnu/libc.so.6
LOAD /usr/lib/i386-linux-gnu/libc_nonshared.a
LOAD /lib/i386-linux-gnu/ld-linux.so.2
END GROUP
LOAD /usr/lib/gcc/i686-linux-gnu/4.8/libgcc.a
LOAD /usr/lib/gcc/i686-linux-gnu/4.8/libgcc_s.so
LOAD /usr/lib/gcc/i686-linux-gnu/4.8/crtendS.o
LOAD /usr/lib/gcc/i686-linux-gnu/4.8/../../../i386-linux-gnu/crtn.o
                0x0000000000000114                . = (0x0 + SIZEOF_HEADERS)

.note.gnu.build-id
                0x0000000000000114       0x24
 *(.note.gnu.build-id)
 .note.gnu.build-id
                0x0000000000000114       0x24 /usr/lib/gcc/i686-linux-gnu/4.8/../../../i386-linux-gnu/crti.o

.hash
 *(.hash)

.gnu.hash       0x0000000000000138     0x158c
 *(.gnu.hash)
 .gnu.hash      0x0000000000000138     0x158c /usr/lib/gcc/i686-linux-gnu/4.8/../../../i386-linux-gnu/crti.o

.dynsym         0x00000000000016c4     0x2ea0
 *(.dynsym)
 .dynsym        0x00000000000016c4     0x2ea0 /usr/lib/gcc/i686-linux-gnu/4.8/../../../i386-linux-gnu/crti.o

.dynstr         0x0000000000004564     0x3711
 *(.dynstr)
 .dynstr        0x0000000000004564     0x3711 /usr/lib/gcc/i686-linux-gnu/4.8/../../../i386-linux-gnu/crti.o

.gnu.version    0x0000000000007c76      0x5d4
 *(.gnu.version)
 .gnu.version   0x0000000000007c76      0x5d4 /usr/lib/gcc/i686-linux-gnu/4.8/../../../i386-linux-gnu/crti.o

.gnu.version_d  0x000000000000824c        0x0
 *(.gnu.version_d)
 .gnu.version_d
                0x0000000000000000        0x0 /usr/lib/gcc/i686-linux-gnu/4.8/../../../i386-linux-gnu/crti.o

.gnu.version_r  0x000000000000824c       0x40
 *(.gnu.version_r)
 .gnu.version_r
                0x000000000000824c       0x40 /usr/lib/gcc/i686-linux-gnu/4.8/../../../i386-linux-gnu/crti.o

.rel.dyn        0x000000000000828c     0xc030
 *(.rel.init)
 .rel.init      0x0000000000000000        0x0 /usr/lib/gcc/i686-linux-gnu/4.8/../../../i386-linux-gnu/crti.o
 *(.rel.text .rel.text.* .rel.gnu.linkonce.t.*)
 .rel.text      0x000000000000828c     0xb730 /usr/lib/gcc/i686-linux-gnu/4.8/../../../i386-linux-gnu/crti.o
 *(.rel.fini)
 .rel.fini      0x0000000000000000        0x0 /usr/lib/gcc/i686-linux-gnu/4.8/../../../i386-linux-gnu/crti.o
 *(.rel.rodata .rel.rodata.* .rel.gnu.linkonce.r.*)
 .rel.rodata    0x00000000000139bc      0x4b8 /usr/lib/gcc/i686-linux-gnu/4.8/../../../i386-linux-gnu/crti.o
 *(.rel.data.rel.ro .rel.data.rel.ro.* .rel.gnu.linkonce.d.rel.ro.*)
 *(.rel.data .rel.data.* .rel.gnu.linkonce.d.*)
 .rel.data.rel  0x0000000000013e74        0x8 /usr/lib/gcc/i686-linux-gnu/4.8/../../../i386-linux-gnu/crti.o
 .rel.data      0x0000000000013e7c      0x408 /usr/lib/gcc/i686-linux-gnu/4.8/../../../i386-linux-gnu/crti.o
 *(.rel.tdata .rel.tdata.* .rel.gnu.linkonce.td.*)
 *(.rel.tbss .rel.tbss.* .rel.gnu.linkonce.tb.*)
 *(.rel.ctors)
 *(.rel.dtors)
 *(.rel.got)
 .rel.got       0x0000000000014284       0x28 /usr/lib/gcc/i686-linux-gnu/4.8/../../../i386-linux-gnu/crti.o
 *(.rel.bss .rel.bss.* .rel.gnu.linkonce.b.*)
 *(.rel.ifunc)
 .rel.ifunc     0x0000000000000000        0x0 /usr/lib/gcc/i686-linux-gnu/4.8/../../../i386-linux-gnu/crti.o
 .rel.fini_array
                0x00000000000142ac        0x8 /usr/lib/gcc/i686-linux-gnu/4.8/../../../i386-linux-gnu/crti.o
 .rel.init_array
                0x00000000000142b4        0x8 /usr/lib/gcc/i686-linux-gnu/4.8/../../../i386-linux-gnu/crti.o

.rel.plt        0x00000000000142bc       0x10
 *(.rel.plt)
 .rel.plt       0x00000000000142bc       0x10 /usr/lib/gcc/i686-linux-gnu/4.8/../../../i386-linux-gnu/crti.o
 *(.rel.iplt)

.init           0x00000000000142cc       0x23
 *(SORT(.init))
 .init          0x00000000000142cc       0x1e /usr/lib/gcc/i686-linux-gnu/4.8/../../../i386-linux-gnu/crti.o
                0x00000000000142cc                _init
 .init          0x00000000000142ea        0x5 /usr/lib/gcc/i686-linux-gnu/4.8/../../../i386-linux-gnu/crtn.o

.plt            0x00000000000142f0       0x30
 *(.plt)
 .plt           0x00000000000142f0       0x30 /usr/lib/gcc/i686-linux-gnu/4.8/../../../i386-linux-gnu/crti.o
 *(.iplt)

.text           0x0000000000014320    0x1da04
 *(.text.unlikely .text.*_unlikely .text.unlikely.*)
 *(.text.exit .text.exit.*)
 *(.text.startup .text.startup.*)
 *(.text.hot .text.hot.*)
 *(.text .stub .text.* .gnu.linkonce.t.*)
 .text          0x0000000000014320        0x0 /usr/lib/gcc/i686-linux-gnu/4.8/../../../i386-linux-gnu/crti.o
 .gnu.linkonce.t.__x86.get_pc_thunk.bx
                0x0000000000014320        0x4 /usr/lib/gcc/i686-linux-gnu/4.8/../../../i386-linux-gnu/crti.o
                0x0000000000014320                __x86.get_pc_thunk.bx
 *fill*         0x0000000000014324        0xc 
 .text          0x0000000000014330      0x11b /usr/lib/gcc/i686-linux-gnu/4.8/crtbeginS.o
 .text          0x000000000001444b       0xd3 udp-server.o
 .text          0x000000000001451e      0x291 build/cooja///mtype599.o
                0x00000000000145b0                platform_init_stage_one
                0x00000000000145b6                platform_init_stage_two
                0x00000000000145c3                platform_init_stage_three
                0x00000000000145d5                platform_main_loop
                0x0000000000014647                Java_org_contikios_cooja_corecomm_Lib29_init
                0x0000000000014687                Java_org_contikios_cooja_corecomm_Lib29_getMemory
                0x00000000000146c7                Java_org_contikios_cooja_corecomm_Lib29_setMemory
                0x000000000001473e                Java_org_contikios_cooja_corecomm_Lib29_tick
                0x000000000001479d                Java_org_contikios_cooja_corecomm_Lib29_setReferenceAddress
 .text          0x00000000000147af       0x63 build/cooja///mtype599.a(simEnvChange.o)
                0x00000000000147af                doActionsBeforeTick
                0x00000000000147e0                doActionsAfterTick
 .text          0x0000000000014812       0x80 build/cooja///mtype599.a(cooja_mt.o)
                0x0000000000014812                cooja_mt_start
                0x000000000001483f                cooja_mt_exec
                0x0000000000014870                cooja_mt_yield
 .text          0x0000000000014892       0xc3 build/cooja///mtype599.a(cooja_mtarch.o)
                0x0000000000014892                cooja_mtarch_start
                0x000000000001490d                cooja_sw
                0x000000000001492f                cooja_mtarch_exec
                0x000000000001494b                cooja_mtarch_yield
 .text          0x0000000000014955       0xc3 build/cooja///mtype599.a(rtimer-arch.o)
                0x0000000000014955                rtimer_arch_init
                0x0000000000014978                rtimer_arch_schedule
                0x00000000000149a7                rtimer_arch_next
                0x00000000000149b7                rtimer_arch_pending
                0x00000000000149c1                rtimer_arch_check
                0x0000000000014a08                rtimer_arch_now
 .text          0x0000000000014a18       0x76 build/cooja///mtype599.a(beep.o)
                0x0000000000014a18                beep_alarm
                0x0000000000014a24                beep_beep
                0x0000000000014a30                beep
                0x0000000000014a3c                beep_down
                0x0000000000014a48                beep_on
                0x0000000000014a54                beep_off
                0x0000000000014a60                beep_spinup
                0x0000000000014a6c                beep_quick
                0x0000000000014a78                beep_long
 .text          0x0000000000014a8e      0x103 build/cooja///mtype599.a(button-sensor.o)
 .text          0x0000000000014b91       0x45 build/cooja///mtype599.a(leds-arch.o)
                0x0000000000014b91                leds_arch_init
                0x0000000000014b9d                leds_arch_get
                0x0000000000014ba9                leds_arch_set
 .text          0x0000000000014bd6       0x2f build/cooja///mtype599.a(moteid.o)
 .text          0x0000000000014c05       0xb1 build/cooja///mtype599.a(pir-sensor.o)
 .text          0x0000000000014cb6      0x131 build/cooja///mtype599.a(rs232.o)
                0x0000000000014cb6                rs232_init
                0x0000000000014cbb                rs232_set_speed
                0x0000000000014cc9                rs232_set_input
                0x0000000000014cd6                rs232_send
                0x0000000000014cf8                rs232_print
                0x0000000000014d13                slip_arch_writeb
 .text          0x0000000000014de7       0xb1 build/cooja///mtype599.a(vib-sensor.o)
 .text          0x0000000000014e98       0x34 build/cooja///mtype599.a(clock.o)
                0x0000000000014e98                clock_init
                0x0000000000014e9d                clock_time
                0x0000000000014ea7                clock_seconds
                0x0000000000014ebd                clock_delay
 .text          0x0000000000014ecc      0x1ed build/cooja///mtype599.a(cooja-log.o)
                0x0000000000014ecc                simlog_char
                0x0000000000014f0e                simlog
                0x0000000000014f7b                log_message
                0x0000000000014fa3                log_set_putchar_with_slip
                0x0000000000014fb0                log_putchar
                0x0000000000015034                log_puts
                0x0000000000015058                log_printf
 .text          0x00000000000150b9      0x2c4 build/cooja///mtype599.a(cfs-cooja.o)
                0x00000000000150b9                cfs_open
                0x0000000000015122                cfs_close
                0x000000000001512e                cfs_read
                0x00000000000151cc                cfs_write
                0x00000000000152a9                cfs_seek
                0x0000000000015331                cfs_remove
                0x000000000001535a                cfs_opendir
                0x0000000000015364                cfs_readdir
                0x000000000001536e                cfs_closedir
 .text          0x000000000001537d      0x5db build/cooja///mtype599.a(cooja-radio.o)
                0x00000000000153bb                radio_set_channel
                0x00000000000153c8                radio_set_txpower
                0x00000000000153df                radio_signal_strength_last
                0x00000000000153e9                radio_signal_strength_current
                0x00000000000153f3                radio_LQI
 .text          0x0000000000015958       0xef build/cooja///mtype599.a(eeprom.o)
                0x0000000000015958                eeprom_init
                0x000000000001595d                eeprom_read
                0x00000000000159cd                eeprom_write
 .text          0x0000000000015a47       0x28 build/cooja///mtype599.a(random.o)
                0x0000000000015a47                random_init
                0x0000000000015a62                random_rand
 .text          0x0000000000015a6f      0x2a1 build/cooja///mtype599.a(sensors.o)
                0x0000000000015aaa                sensors_first
                0x0000000000015ab4                sensors_next
                0x0000000000015ad1                sensors_changed
                0x0000000000015b00                sensors_find
 .text          0x0000000000015d10       0xa7 build/cooja///mtype599.a(orchestra-rule-)
 .text          0x0000000000015db7      0x21d build/cooja///mtype599.a(orchestra-rule-)
 .text          0x0000000000015fd4      0x187 build/cooja///mtype599.a(orchestra-rule-)
 .text          0x000000000001615b      0x271 build/cooja///mtype599.a(orchestra.o)
                0x00000000000161dd                orchestra_callback_child_added
                0x0000000000016220                orchestra_callback_child_removed
                0x0000000000016263                orchestra_callback_packet_ready
                0x00000000000162ed                orchestra_callback_new_time_source
                0x0000000000016349                orchestra_init
 .text          0x00000000000163cc      0x31e build/cooja///mtype599.a(contiki-main.o)
                0x00000000000163cc                main
 .text          0x00000000000166ea       0x8e build/cooja///mtype599.a(autostart.o)
                0x00000000000166ea                autostart_start
                0x0000000000016735                autostart_exit
 .text          0x0000000000016778      0x334 build/cooja///mtype599.a(ctimer.o)
                0x000000000001688f                ctimer_init
                0x00000000000168bf                ctimer_set
                0x00000000000168f0                ctimer_set_with_process
                0x000000000001696c                ctimer_reset
                0x00000000000169bb                ctimer_restart
                0x0000000000016a0a                ctimer_stop
                0x0000000000016a55                ctimer_expired
 .text          0x0000000000016aac       0x19 build/cooja///mtype599.a(energest.o)
                0x0000000000016aac                energest_init
                0x0000000000016ab1                energest_flush
                0x0000000000016ab6                energest_get_total_time
 .text          0x0000000000016ac5      0x40b build/cooja///mtype599.a(etimer.o)
                0x0000000000016cd8                etimer_request_poll
                0x0000000000016d5c                etimer_set
                0x0000000000016d81                etimer_reset_with_new_interval
                0x0000000000016da8                etimer_reset
                0x0000000000016dc6                etimer_restart
                0x0000000000016de4                etimer_adjust
                0x0000000000016e00                etimer_expired
                0x0000000000016e13                etimer_expiration_time
                0x0000000000016e25                etimer_start_time
                0x0000000000016e2f                etimer_pending
                0x0000000000016e41                etimer_next_expiration_time
                0x0000000000016e5b                etimer_stop
 .text          0x0000000000016ed0      0x3a3 build/cooja///mtype599.a(log.o)
                0x0000000000016ed0                log_6addr
                0x0000000000016f27                log_6addr_compact_snprint
                0x0000000000016fd7                log_6addr_compact
                0x000000000001702e                log_lladdr
                0x0000000000017097                log_lladdr_compact
                0x00000000000170f9                log_set_level
                0x00000000000171b5                log_get_level
                0x0000000000017231                log_level_to_str
 .text          0x0000000000017273       0x24 build/cooja///mtype599.a(node-id.o)
                0x0000000000017273                node_id_init
 .text          0x0000000000017297      0x51a build/cooja///mtype599.a(process.o)
                0x0000000000017297                process_alloc_event
                0x00000000000172ac                process_start
                0x0000000000017495                process_exit
                0x00000000000174b1                process_init
                0x0000000000017653                process_run
                0x0000000000017686                process_nevents
                0x00000000000176a1                process_post
                0x0000000000017736                process_post_synch
                0x000000000001776e                process_poll
                0x000000000001779d                process_is_running
 .text          0x00000000000177b1       0xe6 build/cooja///mtype599.a(rtimer.o)
                0x00000000000177b1                rtimer_init
                0x00000000000177be                rtimer_set
                0x000000000001783a                rtimer_run_next
 .text          0x0000000000017897       0xa3 build/cooja///mtype599.a(timer.o)
                0x0000000000017897                timer_set
                0x00000000000178b2                timer_reset
                0x00000000000178db                timer_restart
                0x00000000000178ed                timer_expired
                0x0000000000017916                timer_remaining
 .text          0x000000000001793a      0x1fb build/cooja///mtype599.a(serial-line.o)
                0x000000000001793a                serial_line_input_byte
                0x0000000000017afd                serial_line_init
 .text          0x0000000000017b35      0x28a build/cooja///mtype599.a(list.o)
                0x0000000000017b35                list_init
                0x0000000000017b43                list_head
                0x0000000000017b4d                list_copy
                0x0000000000017b5c                list_tail
                0x0000000000017b92                list_add
                0x0000000000017bdb                list_push
                0x0000000000017c07                list_chop
                0x0000000000017c71                list_pop
                0x0000000000017c99                list_remove
                0x0000000000017d00                list_length
                0x0000000000017d2e                list_insert
                0x0000000000017d74                list_item_next
                0x0000000000017d8b                list_contains
 .text          0x0000000000017dbf      0x155 build/cooja///mtype599.a(ringbuf.o)
                0x0000000000017dbf                ringbuf_init
                0x0000000000017df0                ringbuf_put
                0x0000000000017e6e                ringbuf_get
                0x0000000000017edb                ringbuf_size
                0x0000000000017eed                ringbuf_elements
 .text          0x0000000000017f14       0x67 build/cooja///mtype599.a(linkaddr.o)
                0x0000000000017f14                linkaddr_copy
                0x0000000000017f36                linkaddr_cmp
                0x0000000000017f60                linkaddr_set_node_addr
 .text          0x0000000000017f7b       0xe2 build/cooja///mtype599.a(netstack.o)
                0x0000000000017f7b                netstack_process_ip_callback
                0x0000000000018002                netstack_ip_packet_processor_add
                0x0000000000018024                uip_ds6_ip_packet_processor_rm
                0x0000000000018040                netstack_init
 .text          0x000000000001805d      0x3e1 build/cooja///mtype599.a(packetbuf.o)
                0x000000000001805d                packetbuf_clear
                0x0000000000018087                packetbuf_copyfrom
                0x00000000000180d9                packetbuf_copyto
                0x0000000000018170                packetbuf_hdralloc
                0x00000000000181ed                packetbuf_hdrreduce
                0x0000000000018235                packetbuf_set_datalen
                0x000000000001824e                packetbuf_dataptr
                0x000000000001826b                packetbuf_hdrptr
                0x0000000000018275                packetbuf_datalen
                0x0000000000018281                packetbuf_hdrlen
                0x0000000000018298                packetbuf_totlen
                0x00000000000182ae                packetbuf_remaininglen
                0x00000000000182c1                packetbuf_attr_clear
                0x0000000000018313                packetbuf_attr_copyto
                0x0000000000018351                packetbuf_attr_copyfrom
                0x000000000001838f                packetbuf_set_attr
                0x00000000000183b9                packetbuf_attr
                0x00000000000183d3                packetbuf_set_addr
                0x0000000000018405                packetbuf_addr
                0x0000000000018422                packetbuf_holds_broadcast
 .text          0x000000000001843e      0x2b4 build/cooja///mtype599.a(queuebuf.o)
                0x0000000000018448                queuebuf_init
                0x0000000000018468                queuebuf_numfree
                0x000000000001847c                queuebuf_new_from_packetbuf
                0x000000000001850c                queuebuf_update_attr_from_packetbuf
                0x000000000001853f                queuebuf_update_from_packetbuf
                0x0000000000018589                queuebuf_free
                0x00000000000185d0                queuebuf_to_packetbuf
                0x0000000000018636                queuebuf_dataptr
                0x000000000001866d                queuebuf_datalen
                0x0000000000018690                queuebuf_addr
                0x00000000000186c2                queuebuf_attr
                0x00000000000186ed                queuebuf_debug_print
 .text          0x00000000000186f2      0xe83 build/cooja///mtype599.a(tsch-schedule.o)
                0x00000000000186f2                tsch_schedule_add_slotframe
                0x000000000001881f                tsch_schedule_remove_all_slotframes
                0x000000000001885a                tsch_schedule_remove_slotframe
                0x000000000001892a                tsch_schedule_get_slotframe_by_handle
                0x000000000001897f                tsch_schedule_get_link_by_handle
                0x0000000000018b0e                tsch_schedule_add_link
                0x0000000000018e1b                tsch_schedule_remove_link
                0x000000000001902a                tsch_schedule_remove_link_by_timeslot
                0x0000000000019071                tsch_schedule_get_link_by_timeslot
                0x00000000000190d2                tsch_schedule_get_next_active_link
                0x00000000000192e8                tsch_schedule_init
                0x000000000001932f                tsch_schedule_create_minimal
                0x0000000000019386                tsch_schedule_slotframe_head
                0x000000000001939b                tsch_schedule_slotframe_next
                0x00000000000193ae                tsch_schedule_print
 .text          0x0000000000019575     0x1d78 build/cooja///mtype599.a(tsch-slot-opera)
                0x0000000000019575                tsch_is_locked
                0x000000000001957f                tsch_get_lock
                0x000000000001968e                tsch_release_lock
                0x000000000001969d                tsch_calculate_channel
                0x000000000001b176                tsch_slot_operation_start
                0x000000000001b28b                tsch_slot_operation_sync
 .text          0x000000000001b2ed     0x230a build/cooja///mtype599.a(tsch.o)
                0x000000000001b2ed                tsch_set_coordinator
                0x000000000001b31d                tsch_set_pan_secured
                0x000000000001b32c                tsch_set_join_priority
                0x000000000001b343                tsch_set_ka_timeout
                0x000000000001b36c                tsch_set_eb_period
                0x000000000001b7c2                tsch_schedule_keepalive
                0x000000000001b853                tsch_schedule_keepalive_immediately
                0x000000000001beae                tsch_disassociate
                0x000000000001c5ef                tsch_scan
 .text          0x000000000001d5f7     0x2b0b build/cooja///mtype599.a(sicslowpan.o)
                0x000000000001daee                netstack_sniffer_add
                0x000000000001dafb                netstack_sniffer_remove
                0x00000000000200d7                sicslowpan_init
                0x00000000000200f8                sicslowpan_get_last_rssi
 .text          0x0000000000020102      0x3f2 build/cooja///mtype599.a(simple-udp.o)
                0x0000000000020130                simple_udp_send
                0x000000000002019d                simple_udp_sendto
                0x0000000000020202                simple_udp_sendto_port
                0x0000000000020265                simple_udp_register
 .text          0x00000000000204f4      0x6c2 build/cooja///mtype599.a(tcpip.o)
                0x000000000002050d                tcpip_output
                0x0000000000020589                udp_attach
                0x00000000000205a6                udp_new
                0x00000000000205f0                udp_broadcast_new
                0x000000000002075a                tcpip_input
                0x00000000000208c6                tcpip_ipv6_output
                0x0000000000020aab                tcpip_poll_udp
                0x0000000000020ace                tcpip_uipcall
 .text          0x0000000000020bb6      0x368 build/cooja///mtype599.a(uip-ds6-nbr.o)
                0x0000000000020bb6                uip_ds6_neighbors_init
                0x0000000000020bd8                uip_ds6_nbr_add
                0x0000000000020c62                uip_ds6_nbr_rm
                0x0000000000020ca6                uip_ds6_nbr_update_ll
                0x0000000000020da7                uip_ds6_nbr_get_ipaddr
                0x0000000000020dbc                uip_ds6_nbr_get_ll
                0x0000000000020dd8                uip_ds6_nbr_num
                0x0000000000020e1d                uip_ds6_nbr_head
                0x0000000000020e32                uip_ds6_nbr_next
                0x0000000000020e4e                uip_ds6_nbr_lookup
                0x0000000000020ea9                uip_ds6_nbr_ll_lookup
                0x0000000000020ec5                uip_ds6_nbr_ipaddr_from_lladdr
                0x0000000000020eeb                uip_ds6_nbr_lladdr_from_ipaddr
                0x0000000000020f19                uip_ds6_link_callback
 .text          0x0000000000020f1e      0x318 build/cooja///mtype599.a(uip-ds6-route.o)
                0x0000000000020f67                uip_ds6_route_init
                0x0000000000020f88                uip_ds6_route_nexthop
                0x0000000000020f92                uip_ds6_route_head
                0x0000000000020f9c                uip_ds6_route_next
                0x0000000000020fa6                uip_ds6_route_is_nexthop
                0x0000000000020fb0                uip_ds6_route_num_routes
                0x0000000000020fba                uip_ds6_route_lookup
                0x0000000000020fc4                uip_ds6_route_add
                0x0000000000020fd7                uip_ds6_route_rm
                0x0000000000020fdd                uip_ds6_route_rm_by_nexthop
                0x0000000000020fe2                uip_ds6_defrt_head
                0x0000000000020ff7                uip_ds6_defrt_add
                0x000000000002109e                uip_ds6_defrt_rm
                0x00000000000210fd                uip_ds6_defrt_lookup
                0x0000000000021163                uip_ds6_defrt_choose
                0x00000000000211ce                uip_ds6_defrt_periodic
 .text          0x0000000000021236      0xbe8 build/cooja///mtype599.a(uip-ds6.o)
                0x0000000000021236                uip_ds6_init
                0x0000000000021409                uip_ds6_periodic
                0x0000000000021482                uip_ds6_list_loop
                0x0000000000021545                uip_ds6_prefix_add
                0x0000000000021603                uip_ds6_prefix_rm
                0x0000000000021615                uip_ds6_prefix_lookup
                0x0000000000021666                uip_ds6_is_addr_onlink
                0x00000000000216da                uip_ds6_addr_add
                0x0000000000021808                uip_ds6_addr_rm
                0x00000000000218a8                uip_ds6_addr_lookup
                0x00000000000218f3                uip_ds6_get_link_local
                0x0000000000021972                uip_ds6_get_global
                0x00000000000219f1                uip_ds6_maddr_add
                0x0000000000021a63                uip_ds6_maddr_rm
                0x0000000000021a75                uip_ds6_maddr_lookup
                0x0000000000021ac0                uip_ds6_aaddr_add
                0x0000000000021b32                uip_ds6_aaddr_rm
                0x0000000000021b44                uip_ds6_aaddr_lookup
                0x0000000000021b8f                uip_ds6_select_src
                0x0000000000021cd4                uip_ds6_set_addr_iid
                0x0000000000021d0b                uip_ds6_set_lladdr_from_iid
                0x0000000000021d40                get_match_length
                0x0000000000021dd2                uip_ds6_compute_reachable_time
 .text          0x0000000000021e1e      0x141 build/cooja///mtype599.a(uip-packetqueue)
                0x0000000000021e4a                uip_packetqueue_new
                0x0000000000021e58                uip_packetqueue_alloc
                0x0000000000021eb8                uip_packetqueue_free
                0x0000000000021ef9                uip_packetqueue_buf
                0x0000000000021f16                uip_packetqueue_buflen
                0x0000000000021f37                uip_packetqueue_set_buflen
 .text          0x0000000000021f5f      0x12d build/cooja///mtype599.a(uip-udp-packet.)
                0x0000000000021f5f                uip_udp_packet_send
                0x0000000000021fbb                uip_udp_packet_sendto
 .text          0x000000000002208c     0x11d3 build/cooja///mtype599.a(uip6.o)
                0x000000000002213b                uip_chksum
                0x0000000000022214                uip_icmp6chksum
                0x0000000000022228                uip_udpchksum
                0x000000000002223c                uip_init
                0x0000000000022284                uip_remove_ext_hdr
                0x0000000000022343                uip_udp_new
                0x0000000000022674                uip_process
                0x0000000000023133                uip_htons
                0x0000000000023155                uip_htonl
                0x0000000000023195                uip_send
 .text          0x000000000002325f      0x4e6 build/cooja///mtype599.a(uipbuf.o)
                0x000000000002325f                uipbuf_clear
                0x0000000000023283                uipbuf_add_ext_hdr
                0x00000000000232f0                uipbuf_set_len
                0x000000000002331d                uipbuf_set_len_field
                0x0000000000023348                uipbuf_get_len_field
                0x0000000000023368                uipbuf_get_next_header
                0x000000000002349a                uipbuf_get_last_header
                0x000000000002352d                uipbuf_search_header
                0x00000000000235d9                uipbuf_get_attr
                0x0000000000023600                uipbuf_set_attr
                0x0000000000023637                uipbuf_set_default_attr
                0x000000000002366e                uipbuf_clear_attr
                0x0000000000023691                uipbuf_set_attr_flag
                0x00000000000236b1                uipbuf_clr_attr_flag
                0x00000000000236d5                uipbuf_is_attr_flag
                0x00000000000236f9                uipbuf_init
 .text          0x0000000000023745      0x502 build/cooja///mtype599.a(uiplib.o)
                0x0000000000023745                uiplib_ip6addrconv
                0x0000000000023905                uiplib_ip4addrconv
                0x00000000000239c8                uiplib_ipaddr_print
                0x0000000000023a1f                uiplib_ipaddr_snprint
 .text          0x0000000000023c47      0x4f3 build/cooja///mtype599.a(rpl.o)
                0x0000000000023c47                rpl_lollipop_greater_than
                0x0000000000023ca8                rpl_get_global_address
                0x0000000000023da7                rpl_link_callback
                0x0000000000023de7                rpl_has_joined
                0x0000000000023e0c                rpl_is_reachable
                0x0000000000023e98                rpl_reset_prefix
                0x0000000000023efa                rpl_set_prefix_from_addr
                0x0000000000023fed                rpl_set_prefix
                0x0000000000024117                rpl_set_leaf_only
                0x000000000002412e                rpl_get_leaf_only
 .text          0x000000000002413a       0x2b build/cooja///mtype599.a(watchdog.o)
                0x000000000002413a                watchdog_init
                0x000000000002413f                watchdog_start
                0x0000000000024144                watchdog_periodic
                0x000000000002415b                watchdog_stop
                0x0000000000024160                watchdog_reboot
 .text          0x0000000000024165       0xda build/cooja///mtype599.a(serial-shell.o)
                0x0000000000024223                serial_shell_init
 .text          0x000000000002423f      0x406 build/cooja///mtype599.a(shell.o)
                0x000000000002423f                shell_output_6addr
                0x00000000000242d1                shell_output_lladdr
                0x000000000002446b                shell_input
                0x0000000000024638                shell_init
 .text          0x0000000000024645       0xb5 build/cooja///mtype599.a(stimer.o)
                0x0000000000024645                stimer_set
                0x0000000000024660                stimer_reset
                0x0000000000024689                stimer_restart
                0x000000000002469b                stimer_expired
                0x00000000000246c2                stimer_remaining
                0x00000000000246e6                stimer_elapsed
 .text          0x00000000000246fa      0x1c1 build/cooja///mtype599.a(memb.o)
                0x00000000000246fa                memb_init
                0x0000000000024758                memb_alloc
                0x00000000000247bd                memb_free
                0x0000000000024838                memb_inmemb
                0x0000000000024877                memb_numfree
 .text          0x00000000000248bb      0x1eb build/cooja///mtype599.a(ringbufindex.o)
                0x00000000000248bb                ringbufindex_init
                0x00000000000248e3                ringbufindex_put
                0x000000000002493e                ringbufindex_peek_put
                0x0000000000024982                ringbufindex_get
                0x00000000000249e2                ringbufindex_peek_get
                0x0000000000024a1d                ringbufindex_size
                0x0000000000024a2e                ringbufindex_elements
                0x0000000000024a54                ringbufindex_full
                0x0000000000024a8b                ringbufindex_empty
 .text          0x0000000000024aa6      0x39d build/cooja///mtype599.a(link-stats.o)
                0x0000000000024aa6                link_stats_from_lladdr
                0x0000000000024ac2                link_stats_get_lladdr
                0x0000000000024ade                link_stats_is_fresh
                0x0000000000024b16                guess_etx_from_rssi
                0x0000000000024b92                link_stats_packet_sent
                0x0000000000024ca8                link_stats_input_callback
                0x0000000000024db7                link_stats_reset
                0x0000000000024e02                link_stats_init
 .text          0x0000000000024e43      0x7d6 build/cooja///mtype599.a(nbr-table.o)
                0x00000000000252b2                nbr_table_register
                0x000000000002531c                nbr_table_is_registered
                0x0000000000025357                nbr_table_head
                0x00000000000253b3                nbr_table_next
                0x000000000002541a                nbr_table_add_lladdr
                0x00000000000254f6                nbr_table_get_from_lladdr
                0x0000000000025543                nbr_table_remove
                0x0000000000025595                nbr_table_lock
                0x00000000000255bf                nbr_table_unlock
                0x00000000000255e9                nbr_table_get_lladdr
 .text          0x0000000000025619      0x168 build/cooja///mtype599.a(mac-sequence.o)
                0x0000000000025619                mac_sequence_is_duplicate
                0x00000000000256b7                mac_sequence_register_seqno
 .text          0x0000000000025781       0x27 build/cooja///mtype599.a(mac.o)
                0x0000000000025781                mac_call_sent_callback
 .text          0x00000000000257a8      0xa8d build/cooja///mtype599.a(frame802154.o)
                0x00000000000257d9                frame802154_get_pan_id
                0x00000000000257e5                frame802154_set_pan_id
                0x00000000000257fe                frame802154_has_panid
                0x00000000000259ab                frame802154_check_dest_panid
                0x0000000000025a1a                frame802154_is_broadcast_addr
                0x0000000000025a67                frame802154_extract_linkaddr
                0x0000000000025ca7                frame802154_hdrlen
                0x0000000000025cf8                frame802154_create_fcf
                0x0000000000025daf                frame802154_create
                0x0000000000025efc                frame802154_parse_fcf
                0x0000000000025fb5                frame802154_parse
 .text          0x0000000000026235      0x42b build/cooja///mtype599.a(framer-802154.o)
                0x00000000000263c3                framer_802154_setup_params
 .text          0x0000000000026660      0x3f8 build/cooja///mtype599.a(tsch-adaptive-t)
                0x0000000000026660                tsch_adaptive_timesync_get_drift_ppm
                0x0000000000026801                tsch_timesync_update
                0x00000000000269eb                tsch_timesync_adaptive_compensate
 .text          0x0000000000026a58      0x481 build/cooja///mtype599.a(tsch-log.o)
                0x0000000000026a58                tsch_log_process_pending
                0x0000000000026ddc                tsch_log_prepare_add
                0x0000000000026e5f                tsch_log_commit
                0x0000000000026e89                tsch_log_init
                0x0000000000026eb8                tsch_log_stop
 .text          0x0000000000026ed9      0xa45 build/cooja///mtype599.a(tsch-packet.o)
                0x0000000000026f03                tsch_packet_eackbuf_attr
                0x0000000000026f1d                tsch_packet_create_eack
                0x0000000000027135                tsch_packet_parse_eack
                0x00000000000272f2                tsch_packet_create_eb
                0x00000000000275d2                tsch_packet_update_eb
                0x0000000000027658                tsch_packet_parse_eb
                0x00000000000278f5                tsch_packet_set_frame_pending
                0x000000000002790a                tsch_packet_get_frame_pending
 .text          0x000000000002791e      0xb4f build/cooja///mtype599.a(tsch-queue.o)
                0x000000000002791e                tsch_queue_add_nbr
                0x0000000000027a1c                tsch_queue_get_nbr
                0x0000000000027a76                tsch_queue_get_time_source
                0x0000000000027ac2                tsch_queue_update_time_source
                0x0000000000027d1c                tsch_queue_add_packet
                0x0000000000027e84                tsch_queue_global_packet_count
                0x0000000000027ea1                tsch_queue_packet_count
                0x0000000000027ee4                tsch_queue_remove_packet_from_queue
                0x0000000000027f32                tsch_queue_free_packet
                0x0000000000027f60                tsch_queue_packet_sent
                0x0000000000028015                tsch_queue_reset
                0x0000000000028068                tsch_queue_free_unused_neighbors
                0x00000000000280e0                tsch_queue_is_empty
                0x0000000000028117                tsch_queue_get_packet_for_nbr
                0x0000000000028233                tsch_queue_get_packet_for_dest_addr
                0x0000000000028265                tsch_queue_get_unicast_packet_for_any
                0x00000000000282ec                tsch_queue_backoff_expired
                0x0000000000028300                tsch_queue_backoff_reset
                0x0000000000028313                tsch_queue_backoff_inc
                0x000000000002837d                tsch_queue_update_all_backoff_windows
                0x000000000002841e                tsch_queue_init
 .text          0x000000000002846d      0x110 build/cooja///mtype599.a(tsch-rpl.o)
                0x000000000002846d                tsch_rpl_callback_ka_sent
                0x000000000002849f                tsch_rpl_callback_joining_network
                0x00000000000284a4                tsch_rpl_callback_leaving_network
                0x00000000000284bf                tsch_rpl_callback_new_dio_interval
                0x000000000002854a                tsch_rpl_callback_parent_switch
 .text          0x000000000002857d        0x0 build/cooja///mtype599.a(tsch-timeslot-t)
 .text          0x000000000002857d      0x6e7 build/cooja///mtype599.a(uip-icmp6.o)
                0x00000000000285eb                uip_icmp6_input
                0x0000000000028641                uip_icmp6_register_input_handler
                0x0000000000028791                uip_icmp6_error_output
                0x0000000000028a27                uip_icmp6_send
                0x0000000000028bf7                uip_icmp6_echo_reply_callback_add
                0x0000000000028c28                uip_icmp6_echo_reply_callback_rm
                0x0000000000028c44                uip_icmp6_init
 .text          0x0000000000028c64      0x694 build/cooja///mtype599.a(uip-nd6.o)
                0x00000000000292e4                uip_nd6_init
 .text          0x00000000000292f8      0x6b5 build/cooja///mtype599.a(uip-sr.o)
                0x00000000000292f8                uip_sr_num_nodes
                0x000000000002938c                uip_sr_get_node
                0x00000000000293e1                uip_sr_is_addr_reachable
                0x000000000002948c                uip_sr_expire_parent
                0x00000000000294d9                uip_sr_update_node
                0x0000000000029623                uip_sr_init
                0x000000000002964e                uip_sr_node_head
                0x0000000000029663                uip_sr_node_next
                0x0000000000029676                uip_sr_periodic
                0x000000000002976c                uip_sr_free_all
                0x00000000000297d4                uip_sr_link_snprint
 .text          0x00000000000299ad      0x2b8 build/cooja///mtype599.a(rpl-dag-root.o)
                0x00000000000299ad                rpl_dag_root_print_links
                0x0000000000029b15                rpl_dag_root_set_prefix
                0x0000000000029b41                rpl_dag_root_start
                0x0000000000029c36                rpl_dag_root_is_root
 .text          0x0000000000029c65      0xe12 build/cooja///mtype599.a(rpl-dag.o)
                0x0000000000029c65                rpl_dag_state_to_str
                0x0000000000029ca4                rpl_dag_get_root_ipaddr
                0x0000000000029cec                rpl_dag_leave
                0x0000000000029d6f                rpl_dag_poison_and_leave
                0x0000000000029d86                rpl_dag_periodic
                0x0000000000029e05                rpl_is_addr_in_our_dag
                0x0000000000029e4c                rpl_get_default_instance
                0x0000000000029e68                rpl_get_any_dag
                0x0000000000029ec1                rpl_refresh_routes
                0x0000000000029f00                rpl_global_repair
                0x0000000000029f7f                rpl_local_repair
                0x0000000000029fc4                rpl_dag_ready_to_advertise
                0x000000000002a006                rpl_dag_update_state
                0x000000000002a6e7                rpl_process_dio
                0x000000000002a76e                rpl_process_dis
                0x000000000002a7b4                rpl_process_dao
                0x000000000002a854                rpl_process_dao_ack
                0x000000000002a8e0                rpl_process_hbh
                0x000000000002a92d                rpl_dag_init_root
                0x000000000002aa53                rpl_dag_init
 .text          0x000000000002aa77      0xb60 build/cooja///mtype599.a(rpl-ext-header.)
                0x000000000002aa77                rpl_ext_header_srh_get_next_hop
                0x000000000002ab61                rpl_ext_header_srh_update
                0x000000000002b0e5                rpl_ext_header_hbh_update
                0x000000000002b3f0                rpl_ext_header_update
                0x000000000002b474                rpl_ext_header_remove
 .text          0x000000000002b5d7     0x1337 build/cooja///mtype599.a(rpl-icmp6.o)
                0x000000000002b6fa                rpl_icmp6_update_nbr_table
                0x000000000002b78f                rpl_icmp6_dis_output
                0x000000000002bd6e                rpl_icmp6_dio_output
                0x000000000002c56e                rpl_icmp6_dao_output
                0x000000000002c858                rpl_icmp6_dao_ack_output
                0x000000000002c8d6                rpl_icmp6_init
 .text          0x000000000002c90e      0x2d8 build/cooja///mtype599.a(rpl-mrhof.o)
 .text          0x000000000002cbe6      0x19f build/cooja///mtype599.a(rpl-nbr-policy.)
                0x000000000002cd43                rpl_nbr_policy_find_removable
 .text          0x000000000002cd85      0x8ce build/cooja///mtype599.a(rpl-neighbor.o)
                0x000000000002ce01                rpl_neighbor_snprint
                0x000000000002d0dc                rpl_neighbor_print_list
                0x000000000002d192                rpl_neighbor_count
                0x000000000002d230                rpl_neighbor_get_from_lladdr
                0x000000000002d24c                rpl_neighbor_is_acceptable_parent
                0x000000000002d27d                rpl_neighbor_get_link_metric
                0x000000000002d2ae                rpl_neighbor_rank_via_nbr
                0x000000000002d2df                rpl_neighbor_get_lladdr
                0x000000000002d2fb                rpl_neighbor_get_ipaddr
                0x000000000002d31c                rpl_neighbor_get_link_stats
                0x000000000002d33d                rpl_neighbor_is_fresh
                0x000000000002d35e                rpl_neighbor_is_reachable
                0x000000000002d3a2                rpl_neighbor_is_parent
                0x000000000002d3cc                rpl_neighbor_set_preferred_parent
                0x000000000002d45d                rpl_neighbor_remove_all
                0x000000000002d4a4                rpl_neighbor_get_from_ipaddr
                0x000000000002d58f                rpl_neighbor_select_best
                0x000000000002d636                rpl_neighbor_init
 .text          0x000000000002d653      0xa65 build/cooja///mtype599.a(rpl-timers.o)
                0x000000000002d653                rpl_timers_schedule_periodic_dis
                0x000000000002d7da                rpl_timers_dio_reset
                0x000000000002d8d2                rpl_timers_schedule_unicast_dio
                0x000000000002da73                rpl_timers_schedule_dao
                0x000000000002dbb3                rpl_timers_schedule_dao_ack
                0x000000000002dc4a                get_probing_delay
                0x000000000002dc7e                get_probing_target
                0x000000000002de45                rpl_schedule_probing
                0x000000000002de7d                rpl_schedule_probing_now
                0x000000000002def0                rpl_timers_unschedule_leaving
                0x000000000002df1f                rpl_timers_schedule_leaving
                0x000000000002df66                rpl_timers_init
                0x000000000002dff9                rpl_timers_stop_dag_timers
                0x000000000002e055                rpl_timers_unschedule_state_update
                0x000000000002e074                rpl_timers_schedule_state_update
 .text          0x000000000002e0b8     0x2b00 build/cooja///mtype599.a(shell-commands.)
                0x0000000000030ab3                shell_commands_init
                0x0000000000030af1                shell_command_set_register
                0x0000000000030b0d                shell_command_set_deregister
                0x0000000000030b50                shell_command_lookup
 .text          0x0000000000030bb8      0xec4 build/cooja///mtype599.a(frame802154e-ie)
                0x0000000000030cc1                frame80215e_create_ie_header_ack_nack_time_correction
                0x0000000000030d4b                frame80215e_create_ie_header_list_termination_1
                0x0000000000030d93                frame80215e_create_ie_header_list_termination_2
                0x0000000000030ddb                frame80215e_create_ie_payload_list_termination
                0x0000000000030e23                frame80215e_create_ie_mlme
                0x0000000000030e71                frame80215e_create_ie_tsch_synchronization
                0x0000000000030f1f                frame80215e_create_ie_tsch_slotframe_and_link
                0x0000000000031100                frame80215e_create_ie_tsch_timeslot
                0x00000000000311d3                frame80215e_create_ie_tsch_channel_hopping_sequence
                0x000000000003175b                frame802154e_parse_information_elements
 *fill*         0x0000000000031a7c        0x4 
 .text          0x0000000000031a80      0x172 /usr/lib/gcc/i686-linux-gnu/4.8/libgcc.a(_divdi3.o)
                0x0000000000031a80                __divdi3
 *fill*         0x0000000000031bf2        0xe 
 .text          0x0000000000031c00      0x124 /usr/lib/gcc/i686-linux-gnu/4.8/libgcc.a(_udivdi3.o)
                0x0000000000031c00                __udivdi3
 .text          0x0000000000031d24        0x0 /usr/lib/gcc/i686-linux-gnu/4.8/crtendS.o
 .text          0x0000000000031d24        0x0 /usr/lib/gcc/i686-linux-gnu/4.8/../../../i386-linux-gnu/crtn.o
 *(.gnu.warning)

.fini           0x0000000000031d24       0x14
 *(SORT(.fini))
 .fini          0x0000000000031d24        0xf /usr/lib/gcc/i686-linux-gnu/4.8/../../../i386-linux-gnu/crti.o
                0x0000000000031d24                _fini
 .fini          0x0000000000031d33        0x5 /usr/lib/gcc/i686-linux-gnu/4.8/../../../i386-linux-gnu/crtn.o
                0x0000000000031d38                PROVIDE (__etext, .)
                0x0000000000031d38                PROVIDE (_etext, .)
                0x0000000000031d38                PROVIDE (etext, .)

.rodata         0x0000000000031d40     0x1f2c
 *(.rodata .rodata.* .gnu.linkonce.r.*)
 .rodata        0x0000000000031d40       0x4c udp-server.o
                0x0000000000031d4c                autostart_processes
 .rodata        0x0000000000031d8c        0x8 build/cooja///mtype599.a(beep.o)
                0x0000000000031d8c                beep_interface
 .rodata        0x0000000000031d94       0x20 build/cooja///mtype599.a(button-sensor.o)
                0x0000000000031d94                button_interface
                0x0000000000031da4                button_sensor
 .rodata        0x0000000000031db4        0x8 build/cooja///mtype599.a(leds-arch.o)
                0x0000000000031db4                leds_interface
 .rodata        0x0000000000031dbc        0x8 build/cooja///mtype599.a(moteid.o)
                0x0000000000031dbc                moteid_interface
 .rodata        0x0000000000031dc4       0x1c build/cooja///mtype599.a(pir-sensor.o)
                0x0000000000031dc4                pir_interface
                0x0000000000031dd0                pir_sensor
 .rodata        0x0000000000031de0        0xe build/cooja///mtype599.a(rs232.o)
                0x0000000000031de0                rs232_interface
 *fill*         0x0000000000031dee        0x2 
 .rodata        0x0000000000031df0       0x24 build/cooja///mtype599.a(vib-sensor.o)
                0x0000000000031df0                vib_interface
                0x0000000000031e04                vib_sensor
 .rodata        0x0000000000031e14        0x8 build/cooja///mtype599.a(clock.o)
                0x0000000000031e14                clock_interface
 .rodata        0x0000000000031e1c        0x8 build/cooja///mtype599.a(cooja-log.o)
                0x0000000000031e1c                simlog_interface
 .rodata        0x0000000000031e24       0x2f build/cooja///mtype599.a(cfs-cooja.o)
                0x0000000000031e24                cfs_interface
 *fill*         0x0000000000031e53        0xd 
 .rodata        0x0000000000031e60       0x78 build/cooja///mtype599.a(cooja-radio.o)
                0x0000000000031e60                radio_interface
                0x0000000000031ea0                cooja_radio_driver
 .rodata        0x0000000000031ed8        0x8 build/cooja///mtype599.a(eeprom.o)
                0x0000000000031ed8                eeprom_interface
 .rodata        0x0000000000031ee0        0x8 build/cooja///mtype599.a(sensors.o)
 .rodata        0x0000000000031ee8       0x44 build/cooja///mtype599.a(orchestra.o)
 .rodata        0x0000000000031f2c       0xf0 build/cooja///mtype599.a(contiki-main.o)
 .rodata        0x000000000003201c        0xf build/cooja///mtype599.a(ctimer.o)
 .rodata        0x000000000003202b        0xc build/cooja///mtype599.a(etimer.o)
 *fill*         0x0000000000032037        0x1 
 .rodata        0x0000000000032038       0xc0 build/cooja///mtype599.a(log.o)
 .rodata        0x00000000000320f8        0xe build/cooja///mtype599.a(serial-line.o)
 .rodata        0x0000000000032106        0x8 build/cooja///mtype599.a(linkaddr.o)
                0x0000000000032106                linkaddr_null
 *fill*         0x000000000003210e        0x2 
 .rodata        0x0000000000032110      0x244 build/cooja///mtype599.a(tsch-schedule.o)
 .rodata        0x0000000000032354      0x10f build/cooja///mtype599.a(tsch-slot-opera)
 *fill*         0x0000000000032463        0x1 
 .rodata        0x0000000000032464      0x810 build/cooja///mtype599.a(tsch.o)
                0x0000000000032464                tsch_broadcast_address
                0x000000000003246c                tsch_eb_address
                0x0000000000032c58                tschmac_driver
 .rodata        0x0000000000032c74       0x30 build/cooja///mtype599.a(sicslowpan.o)
                0x0000000000032c74                unc_llconf
                0x0000000000032c78                unc_ctxconf
                0x0000000000032c7c                unc_mxconf
                0x0000000000032c80                llprefix
                0x0000000000032c94                sicslowpan_driver
 .rodata        0x0000000000032ca4       0x13 build/cooja///mtype599.a(simple-udp.o)
 .rodata        0x0000000000032cb7        0xd build/cooja///mtype599.a(tcpip.o)
 .rodata        0x0000000000032cc4       0x4d build/cooja///mtype599.a(uip-ds6-route.o)
 .rodata        0x0000000000032d11       0x2d build/cooja///mtype599.a(uiplib.o)
 *fill*         0x0000000000032d3e        0x2 
 .rodata        0x0000000000032d40       0x70 build/cooja///mtype599.a(rpl.o)
                0x0000000000032d60                rpl_lite_driver
 .rodata        0x0000000000032db0       0x18 build/cooja///mtype599.a(serial-shell.o)
 .rodata        0x0000000000032dc8        0x8 build/cooja///mtype599.a(shell.o)
 .rodata        0x0000000000032dd0        0xc build/cooja///mtype599.a(framer-802154.o)
                0x0000000000032dd0                framer_802154
 .rodata        0x0000000000032ddc       0x50 build/cooja///mtype599.a(tsch-adaptive-t)
 .rodata        0x0000000000032e2c      0x110 build/cooja///mtype599.a(tsch-log.o)
 .rodata        0x0000000000032f3c       0xed build/cooja///mtype599.a(tsch-packet.o)
 *fill*         0x0000000000033029        0x3 
 .rodata        0x000000000003302c       0x7d build/cooja///mtype599.a(tsch-queue.o)
 .rodata        0x00000000000330a9        0xd build/cooja///mtype599.a(tsch-rpl.o)
 .rodata        0x00000000000330b6       0x18 build/cooja///mtype599.a(tsch-timeslot-t)
                0x00000000000330b6                tsch_timeslot_timing_us_10000
 .rodata        0x00000000000330ce       0x44 build/cooja///mtype599.a(uip-sr.o)
 *fill*         0x0000000000033112        0x2 
 .rodata        0x0000000000033114       0xdb build/cooja///mtype599.a(rpl-dag.o)
 *fill*         0x00000000000331ef        0x1 
 .rodata        0x00000000000331f0       0x58 build/cooja///mtype599.a(rpl-neighbor.o)
 .rodata        0x0000000000033248        0xc build/cooja///mtype599.a(rpl-timers.o)
 *fill*         0x0000000000033254        0xc 
 .rodata        0x0000000000033260      0xa0c build/cooja///mtype599.a(shell-commands.)
                0x0000000000033ba0                builtin_shell_commands

.rodata1
 *(.rodata1)

.eh_frame_hdr   0x0000000000033c6c     0x1984
 *(.eh_frame_hdr)
 .eh_frame_hdr  0x0000000000033c6c     0x1984 udp-server.o

.eh_frame       0x00000000000355f0     0x6910
 *(.eh_frame)
 .eh_frame      0x00000000000355f0       0x3c /usr/lib/gcc/i686-linux-gnu/4.8/../../../i386-linux-gnu/crti.o
                                         0x40 (size before relaxing)
 .eh_frame      0x000000000003562c       0x40 udp-server.o
                                         0x58 (size before relaxing)
 .eh_frame      0x000000000003566c      0x178 build/cooja///mtype599.o
                                        0x190 (size before relaxing)
 .eh_frame      0x00000000000357e4       0x40 build/cooja///mtype599.a(simEnvChange.o)
                                         0x58 (size before relaxing)
 .eh_frame      0x0000000000035824       0x60 build/cooja///mtype599.a(cooja_mt.o)
                                         0x78 (size before relaxing)
 .eh_frame      0x0000000000035884       0x80 build/cooja///mtype599.a(cooja_mtarch.o)
                                         0x98 (size before relaxing)
 .eh_frame      0x0000000000035904       0xc8 build/cooja///mtype599.a(rtimer-arch.o)
                                         0xe0 (size before relaxing)
 .eh_frame      0x00000000000359cc      0x160 build/cooja///mtype599.a(beep.o)
                                        0x178 (size before relaxing)
 .eh_frame      0x0000000000035b2c       0xa0 build/cooja///mtype599.a(button-sensor.o)
                                         0xb8 (size before relaxing)
 .eh_frame      0x0000000000035bcc       0xa0 build/cooja///mtype599.a(leds-arch.o)
                                         0xb8 (size before relaxing)
 .eh_frame      0x0000000000035c6c       0x40 build/cooja///mtype599.a(moteid.o)
                                         0x58 (size before relaxing)
 .eh_frame      0x0000000000035cac       0xa0 build/cooja///mtype599.a(pir-sensor.o)
                                         0xb8 (size before relaxing)
 .eh_frame      0x0000000000035d4c      0x100 build/cooja///mtype599.a(rs232.o)
                                        0x118 (size before relaxing)
 .eh_frame      0x0000000000035e4c       0xa0 build/cooja///mtype599.a(vib-sensor.o)
                                         0xb8 (size before relaxing)
 .eh_frame      0x0000000000035eec       0xc0 build/cooja///mtype599.a(clock.o)
                                         0xd8 (size before relaxing)
 .eh_frame      0x0000000000035fac      0x120 build/cooja///mtype599.a(cooja-log.o)
                                        0x138 (size before relaxing)
 .eh_frame      0x00000000000360cc      0x160 build/cooja///mtype599.a(cfs-cooja.o)
                                        0x178 (size before relaxing)
 .eh_frame      0x000000000003622c      0x340 build/cooja///mtype599.a(cooja-radio.o)
                                        0x358 (size before relaxing)
 .eh_frame      0x000000000003656c       0xa0 build/cooja///mtype599.a(eeprom.o)
                                         0xb8 (size before relaxing)
 .eh_frame      0x000000000003660c       0x40 build/cooja///mtype599.a(random.o)
                                         0x58 (size before relaxing)
 .eh_frame      0x000000000003664c       0xc0 build/cooja///mtype599.a(sensors.o)
                                         0xd8 (size before relaxing)
 .eh_frame      0x000000000003670c       0x40 build/cooja///mtype599.a(orchestra-rule-)
                                         0x58 (size before relaxing)
 .eh_frame      0x000000000003674c       0x80 build/cooja///mtype599.a(orchestra-rule-)
                                         0x98 (size before relaxing)
 .eh_frame      0x00000000000367cc       0xc4 build/cooja///mtype599.a(orchestra-rule-)
                                         0xdc (size before relaxing)
 .eh_frame      0x0000000000036890       0xe0 build/cooja///mtype599.a(orchestra.o)
                                         0xf8 (size before relaxing)
 .eh_frame      0x0000000000036970       0x20 build/cooja///mtype599.a(contiki-main.o)
                                         0x38 (size before relaxing)
 .eh_frame      0x0000000000036990       0x40 build/cooja///mtype599.a(autostart.o)
                                         0x58 (size before relaxing)
 .eh_frame      0x00000000000369d0      0x100 build/cooja///mtype599.a(ctimer.o)
                                        0x118 (size before relaxing)
 .eh_frame      0x0000000000036ad0       0x60 build/cooja///mtype599.a(energest.o)
                                         0x78 (size before relaxing)
 .eh_frame      0x0000000000036b30      0x1e0 build/cooja///mtype599.a(etimer.o)
                                        0x1f8 (size before relaxing)
 .eh_frame      0x0000000000036d10      0x100 build/cooja///mtype599.a(log.o)
                                        0x118 (size before relaxing)
 .eh_frame      0x0000000000036e10       0x20 build/cooja///mtype599.a(node-id.o)
                                         0x38 (size before relaxing)
 .eh_frame      0x0000000000036e30      0x1c8 build/cooja///mtype599.a(process.o)
                                        0x1e0 (size before relaxing)
 .eh_frame      0x0000000000036ff8       0x60 build/cooja///mtype599.a(rtimer.o)
                                         0x78 (size before relaxing)
 .eh_frame      0x0000000000037058       0xa4 build/cooja///mtype599.a(timer.o)
                                         0xbc (size before relaxing)
 .eh_frame      0x00000000000370fc       0x60 build/cooja///mtype599.a(serial-line.o)
                                         0x78 (size before relaxing)
 .eh_frame      0x000000000003715c      0x1a0 build/cooja///mtype599.a(list.o)
                                        0x1b8 (size before relaxing)
 .eh_frame      0x00000000000372fc       0xa0 build/cooja///mtype599.a(ringbuf.o)
                                         0xb8 (size before relaxing)
 .eh_frame      0x000000000003739c       0x60 build/cooja///mtype599.a(linkaddr.o)
                                         0x78 (size before relaxing)
 .eh_frame      0x00000000000373fc       0x80 build/cooja///mtype599.a(netstack.o)
                                         0x98 (size before relaxing)
 .eh_frame      0x000000000003747c      0x28c build/cooja///mtype599.a(packetbuf.o)
                                        0x2a4 (size before relaxing)
 .eh_frame      0x0000000000037708      0x1a0 build/cooja///mtype599.a(queuebuf.o)
                                        0x1b8 (size before relaxing)
 .eh_frame      0x00000000000378a8      0x258 build/cooja///mtype599.a(tsch-schedule.o)
                                        0x270 (size before relaxing)
 .eh_frame      0x0000000000037b00      0x218 build/cooja///mtype599.a(tsch-slot-opera)
                                        0x230 (size before relaxing)
 .eh_frame      0x0000000000037d18      0x3ac build/cooja///mtype599.a(tsch.o)
                                        0x3c4 (size before relaxing)
 .eh_frame      0x00000000000380c4      0x310 build/cooja///mtype599.a(sicslowpan.o)
                                        0x328 (size before relaxing)
 .eh_frame      0x00000000000383d4       0xd0 build/cooja///mtype599.a(simple-udp.o)
                                         0xe8 (size before relaxing)
 .eh_frame      0x00000000000384a4      0x244 build/cooja///mtype599.a(tcpip.o)
                                        0x25c (size before relaxing)
 .eh_frame      0x00000000000386e8      0x1c0 build/cooja///mtype599.a(uip-ds6-nbr.o)
                                        0x1d8 (size before relaxing)
 .eh_frame      0x00000000000388a8      0x220 build/cooja///mtype599.a(uip-ds6-route.o)
                                        0x238 (size before relaxing)
 .eh_frame      0x0000000000038ac8      0x2e8 build/cooja///mtype599.a(uip-ds6.o)
                                        0x300 (size before relaxing)
 .eh_frame      0x0000000000038db0       0xe0 build/cooja///mtype599.a(uip-packetqueue)
                                         0xf8 (size before relaxing)
 .eh_frame      0x0000000000038e90       0x40 build/cooja///mtype599.a(uip-udp-packet.)
                                         0x58 (size before relaxing)
 .eh_frame      0x0000000000038ed0      0x1f0 build/cooja///mtype599.a(uip6.o)
                                        0x208 (size before relaxing)
 .eh_frame      0x00000000000390c0      0x200 build/cooja///mtype599.a(uipbuf.o)
                                        0x218 (size before relaxing)
 .eh_frame      0x00000000000392c0       0x90 build/cooja///mtype599.a(uiplib.o)
                                         0xa8 (size before relaxing)
 .eh_frame      0x0000000000039350      0x1e0 build/cooja///mtype599.a(rpl.o)
                                        0x1f8 (size before relaxing)
 .eh_frame      0x0000000000039530       0xa0 build/cooja///mtype599.a(watchdog.o)
                                         0xb8 (size before relaxing)
 .eh_frame      0x00000000000395d0       0x60 build/cooja///mtype599.a(serial-shell.o)
                                         0x78 (size before relaxing)
 .eh_frame      0x0000000000039630       0xa0 build/cooja///mtype599.a(shell.o)
                                         0xb8 (size before relaxing)
 .eh_frame      0x00000000000396d0       0xc4 build/cooja///mtype599.a(stimer.o)
                                         0xdc (size before relaxing)
 .eh_frame      0x0000000000039794       0xa0 build/cooja///mtype599.a(memb.o)
                                         0xb8 (size before relaxing)
 .eh_frame      0x0000000000039834      0x120 build/cooja///mtype599.a(ringbufindex.o)
                                        0x138 (size before relaxing)
 .eh_frame      0x0000000000039954      0x120 build/cooja///mtype599.a(link-stats.o)
                                        0x138 (size before relaxing)
 .eh_frame      0x0000000000039a74      0x2ac build/cooja///mtype599.a(nbr-table.o)
                                        0x2c4 (size before relaxing)
 .eh_frame      0x0000000000039d20       0x48 build/cooja///mtype599.a(mac-sequence.o)
                                         0x60 (size before relaxing)
 .eh_frame      0x0000000000039d68       0x20 build/cooja///mtype599.a(mac.o)
                                         0x38 (size before relaxing)
 .eh_frame      0x0000000000039d88      0x1a4 build/cooja///mtype599.a(frame802154.o)
                                        0x1bc (size before relaxing)
 .eh_frame      0x0000000000039f2c       0xa8 build/cooja///mtype599.a(framer-802154.o)
                                         0xc0 (size before relaxing)
 .eh_frame      0x0000000000039fd4       0xd8 build/cooja///mtype599.a(tsch-adaptive-t)
                                         0xf0 (size before relaxing)
 .eh_frame      0x000000000003a0ac       0xb0 build/cooja///mtype599.a(tsch-log.o)
                                         0xc8 (size before relaxing)
 .eh_frame      0x000000000003a15c      0x14c build/cooja///mtype599.a(tsch-packet.o)
                                        0x164 (size before relaxing)
 .eh_frame      0x000000000003a2a8      0x2f4 build/cooja///mtype599.a(tsch-queue.o)
                                        0x30c (size before relaxing)
 .eh_frame      0x000000000003a59c       0xa4 build/cooja///mtype599.a(tsch-rpl.o)
                                         0xbc (size before relaxing)
 .eh_frame      0x000000000003a640      0x158 build/cooja///mtype599.a(uip-icmp6.o)
                                        0x170 (size before relaxing)
 .eh_frame      0x000000000003a798       0x88 build/cooja///mtype599.a(uip-nd6.o)
                                         0xa0 (size before relaxing)
 .eh_frame      0x000000000003a820      0x18c build/cooja///mtype599.a(uip-sr.o)
                                        0x1a4 (size before relaxing)
 .eh_frame      0x000000000003a9ac       0xa0 build/cooja///mtype599.a(rpl-dag-root.o)
                                         0xb8 (size before relaxing)
 .eh_frame      0x000000000003aa4c      0x370 build/cooja///mtype599.a(rpl-dag.o)
                                        0x388 (size before relaxing)
 .eh_frame      0x000000000003adbc      0x138 build/cooja///mtype599.a(rpl-ext-header.)
                                        0x150 (size before relaxing)
 .eh_frame      0x000000000003aef4      0x1c8 build/cooja///mtype599.a(rpl-icmp6.o)
                                        0x1e0 (size before relaxing)
 .eh_frame      0x000000000003b0bc      0x148 build/cooja///mtype599.a(rpl-mrhof.o)
                                        0x160 (size before relaxing)
 .eh_frame      0x000000000003b204       0x80 build/cooja///mtype599.a(rpl-nbr-policy.)
                                         0x98 (size before relaxing)
 .eh_frame      0x000000000003b284      0x2d4 build/cooja///mtype599.a(rpl-neighbor.o)
                                        0x2ec (size before relaxing)
 .eh_frame      0x000000000003b558      0x368 build/cooja///mtype599.a(rpl-timers.o)
                                        0x380 (size before relaxing)
 .eh_frame      0x000000000003b8c0      0x368 build/cooja///mtype599.a(shell-commands.)
                                        0x380 (size before relaxing)
 .eh_frame      0x000000000003bc28      0x230 build/cooja///mtype599.a(frame802154e-ie)
                                        0x248 (size before relaxing)
 .eh_frame      0x000000000003be58       0x38 /usr/lib/gcc/i686-linux-gnu/4.8/libgcc.a(_divdi3.o)
                                         0x50 (size before relaxing)
 .eh_frame      0x000000000003be90       0x6c /usr/lib/gcc/i686-linux-gnu/4.8/libgcc.a(_udivdi3.o)
                                         0x84 (size before relaxing)
 .eh_frame      0x000000000003befc        0x4 /usr/lib/gcc/i686-linux-gnu/4.8/crtendS.o

.gcc_except_table
 *(.gcc_except_table .gcc_except_table.*)

.exception_ranges
 *(.exception_ranges .exception_ranges*)
                0x000000000003bf00                . = (ALIGN (0x1000) - ((0x1000 - .) & 0xfff))
                0x000000000003cef8                . = DATA_SEGMENT_ALIGN (0x1000, 0x1000)

.eh_frame
 *(.eh_frame)

.gcc_except_table
 *(.gcc_except_table .gcc_except_table.*)

.exception_ranges
 *(.exception_ranges .exception_ranges*)

.tdata
 *(.tdata .tdata.* .gnu.linkonce.td.*)

.tbss
 *(.tbss .tbss.* .gnu.linkonce.tb.*)
 *(.tcommon)

.preinit_array
 *(.preinit_array)

.init_array     0x000000000003cef8        0x4
 *(SORT(.init_array.*) SORT(.ctors.*))
 *(.init_array EXCLUDE_FILE(*crtend?.o *crtend.o *crtbegin?.o *crtbegin.o) .ctors)
 .init_array    0x000000000003cef8        0x4 /usr/lib/gcc/i686-linux-gnu/4.8/crtbeginS.o

.fini_array     0x000000000003cefc        0x4
 *(SORT(.fini_array.*) SORT(.dtors.*))
 *(.fini_array EXCLUDE_FILE(*crtend?.o *crtend.o *crtbegin?.o *crtbegin.o) .dtors)
 .fini_array    0x000000000003cefc        0x4 /usr/lib/gcc/i686-linux-gnu/4.8/crtbeginS.o

.ctors
 *crtbegin.o(.ctors)
 *crtbegin?.o(.ctors)
 *(EXCLUDE_FILE(*crtend?.o *crtend.o) .ctors)
 *(SORT(.ctors.*))
 *(.ctors)

.dtors
 *crtbegin.o(.dtors)
 *crtbegin?.o(.dtors)
 *(EXCLUDE_FILE(*crtend?.o *crtend.o) .dtors)
 *(SORT(.dtors.*))
 *(.dtors)

.jcr            0x000000000003cf00        0x4
 *(.jcr)
 .jcr           0x000000000003cf00        0x0 /usr/lib/gcc/i686-linux-gnu/4.8/crtbeginS.o
 .jcr           0x000000000003cf00        0x4 /usr/lib/gcc/i686-linux-gnu/4.8/crtendS.o

.data.rel.ro
 *(.data.rel.ro.local* .gnu.linkonce.d.rel.ro.local.*)
 *(.data.rel.ro .data.rel.ro.* .gnu.linkonce.d.rel.ro.*)

.dynamic        0x000000000003cf04       0xe8
 *(.dynamic)
 .dynamic       0x000000000003cf04       0xe8 /usr/lib/gcc/i686-linux-gnu/4.8/../../../i386-linux-gnu/crti.o
                0x000000000003cf04                _DYNAMIC

.got            0x000000000003cfec       0x14
 *(.got)
 .got           0x000000000003cfec       0x14 /usr/lib/gcc/i686-linux-gnu/4.8/../../../i386-linux-gnu/crti.o
 *(.igot)
                0x000000000003dff4                . = DATA_SEGMENT_RELRO_END (., (SIZEOF (.got.plt) >= 0xc)?0xc:0x0)

.got.plt        0x000000000003d000       0x14
 *(.got.plt)
 .got.plt       0x000000000003d000       0x14 /usr/lib/gcc/i686-linux-gnu/4.8/../../../i386-linux-gnu/crti.o
                0x000000000003d000                _GLOBAL_OFFSET_TABLE_
 *(.igot.plt)

.data           0x000000000003d020      0x3a4
 *(.data .data.* .gnu.linkonce.d.*)
 .data          0x000000000003d020        0x0 /usr/lib/gcc/i686-linux-gnu/4.8/../../../i386-linux-gnu/crti.o
 .data          0x000000000003d020        0x0 /usr/lib/gcc/i686-linux-gnu/4.8/crtbeginS.o
 .data.rel      0x000000000003d020        0x4 /usr/lib/gcc/i686-linux-gnu/4.8/crtbeginS.o
                0x000000000003d020                __dso_handle
 .data          0x000000000003d024       0x10 udp-server.o
                0x000000000003d024                udp_server_process
 *fill*         0x000000000003d034        0xc 
 .data          0x000000000003d040       0x44 build/cooja///mtype599.o
                0x000000000003d040                simInterfaces
                0x000000000003d074                sensors
 .data          0x000000000003d084        0x0 build/cooja///mtype599.a(simEnvChange.o)
 .data          0x000000000003d084        0x0 build/cooja///mtype599.a(cooja_mt.o)
 .data          0x000000000003d084        0x0 build/cooja///mtype599.a(cooja_mtarch.o)
 .data          0x000000000003d084        0x0 build/cooja///mtype599.a(rtimer-arch.o)
 .data          0x000000000003d084        0x0 build/cooja///mtype599.a(beep.o)
 .data          0x000000000003d084        0x0 build/cooja///mtype599.a(button-sensor.o)
 .data          0x000000000003d084        0x0 build/cooja///mtype599.a(leds-arch.o)
 .data          0x000000000003d084        0x0 build/cooja///mtype599.a(moteid.o)
 .data          0x000000000003d084        0x0 build/cooja///mtype599.a(pir-sensor.o)
 .data          0x000000000003d084        0x0 build/cooja///mtype599.a(rs232.o)
 .data          0x000000000003d084        0x0 build/cooja///mtype599.a(vib-sensor.o)
 .data          0x000000000003d084        0x0 build/cooja///mtype599.a(clock.o)
 .data          0x000000000003d084        0x0 build/cooja///mtype599.a(cooja-log.o)
 .data          0x000000000003d084        0x0 build/cooja///mtype599.a(cfs-cooja.o)
 .data          0x000000000003d084       0x2c build/cooja///mtype599.a(cooja-radio.o)
                0x000000000003d084                simRadioHWOn
                0x000000000003d088                simSignalStrength
                0x000000000003d08c                simLastSignalStrength
                0x000000000003d090                simPower
                0x000000000003d094                simRadioChannel
                0x000000000003d098                simLQI
                0x000000000003d0a0                cooja_radio_process
 .data          0x000000000003d0b0        0x0 build/cooja///mtype599.a(eeprom.o)
 .data          0x000000000003d0b0        0x0 build/cooja///mtype599.a(random.o)
 .data          0x000000000003d0b0       0x10 build/cooja///mtype599.a(sensors.o)
                0x000000000003d0b0                sensors_process
 .data          0x000000000003d0c0       0x14 build/cooja///mtype599.a(orchestra-rule-)
                0x000000000003d0c0                default_common
 .data          0x000000000003d0d4       0x14 build/cooja///mtype599.a(orchestra-rule-)
                0x000000000003d0d4                eb_per_time_source
 .data          0x000000000003d0e8       0x14 build/cooja///mtype599.a(orchestra-rule-)
                0x000000000003d0e8                unicast_per_neighbor_rpl_ns
 .data          0x000000000003d0fc       0x18 build/cooja///mtype599.a(orchestra.o)
                0x000000000003d108                all_rules
 .data          0x000000000003d114        0x0 build/cooja///mtype599.a(contiki-main.o)
 .data          0x000000000003d114        0x0 build/cooja///mtype599.a(autostart.o)
 .data          0x000000000003d114       0x14 build/cooja///mtype599.a(ctimer.o)
                0x000000000003d118                ctimer_process
 .data          0x000000000003d128        0x0 build/cooja///mtype599.a(energest.o)
 .data          0x000000000003d128       0x10 build/cooja///mtype599.a(etimer.o)
                0x000000000003d128                etimer_process
 *fill*         0x000000000003d138        0x8 
 .data          0x000000000003d140       0xb0 build/cooja///mtype599.a(log.o)
                0x000000000003d140                curr_log_level_mac
                0x000000000003d144                curr_log_level_main
                0x000000000003d160                all_modules
 .data          0x000000000003d1f0        0x0 build/cooja///mtype599.a(node-id.o)
 .data          0x000000000003d1f0        0x0 build/cooja///mtype599.a(process.o)
 .data          0x000000000003d1f0        0x0 build/cooja///mtype599.a(rtimer.o)
 .data          0x000000000003d1f0        0x0 build/cooja///mtype599.a(timer.o)
 .data          0x000000000003d1f0       0x10 build/cooja///mtype599.a(serial-line.o)
                0x000000000003d1f0                serial_line_process
 .data          0x000000000003d200        0x0 build/cooja///mtype599.a(list.o)
 .data          0x000000000003d200        0x0 build/cooja///mtype599.a(ringbuf.o)
 .data          0x000000000003d200        0x0 build/cooja///mtype599.a(linkaddr.o)
 .data          0x000000000003d200        0x4 build/cooja///mtype599.a(netstack.o)
 .data          0x000000000003d204        0x4 build/cooja///mtype599.a(packetbuf.o)
 .data          0x000000000003d208       0x18 build/cooja///mtype599.a(queuebuf.o)
 .data          0x000000000003d220       0x1c build/cooja///mtype599.a(tsch-schedule.o)
 .data          0x000000000003d23c        0x4 build/cooja///mtype599.a(tsch-slot-opera)
 .data          0x000000000003d240       0x30 build/cooja///mtype599.a(tsch.o)
                0x000000000003d240                tsch_process
                0x000000000003d250                tsch_send_eb_process
                0x000000000003d260                tsch_pending_events_process
 .data          0x000000000003d270        0x0 build/cooja///mtype599.a(sicslowpan.o)
 .data          0x000000000003d270       0x10 build/cooja///mtype599.a(simple-udp.o)
                0x000000000003d270                simple_udp_process
 .data          0x000000000003d280       0x10 build/cooja///mtype599.a(tcpip.o)
                0x000000000003d280                tcpip_process
 .data          0x000000000003d290       0x14 build/cooja///mtype599.a(uip-ds6-nbr.o)
 .data          0x000000000003d2a4       0x10 build/cooja///mtype599.a(uip-ds6-route.o)
 .data          0x000000000003d2b4        0x0 build/cooja///mtype599.a(uip-ds6.o)
 .data          0x000000000003d2b4        0xc build/cooja///mtype599.a(uip-packetqueue)
 .data          0x000000000003d2c0        0x0 build/cooja///mtype599.a(uip-udp-packet.)
 .data          0x000000000003d2c0        0x0 build/cooja///mtype599.a(uip6.o)
 .data          0x000000000003d2c0        0x0 build/cooja///mtype599.a(uipbuf.o)
 .data          0x000000000003d2c0        0x0 build/cooja///mtype599.a(uiplib.o)
 .data          0x000000000003d2c0        0x0 build/cooja///mtype599.a(rpl.o)
 .data          0x000000000003d2c0        0x0 build/cooja///mtype599.a(watchdog.o)
 .data          0x000000000003d2c0       0x10 build/cooja///mtype599.a(serial-shell.o)
                0x000000000003d2c0                serial_shell_process
 .data          0x000000000003d2d0        0x0 build/cooja///mtype599.a(shell.o)
 .data          0x000000000003d2d0        0x0 build/cooja///mtype599.a(stimer.o)
 .data          0x000000000003d2d0        0x0 build/cooja///mtype599.a(memb.o)
 .data          0x000000000003d2d0        0x0 build/cooja///mtype599.a(ringbufindex.o)
 .data          0x000000000003d2d0       0x14 build/cooja///mtype599.a(link-stats.o)
 .data          0x000000000003d2e4       0x10 build/cooja///mtype599.a(nbr-table.o)
 .data          0x000000000003d2f4        0x0 build/cooja///mtype599.a(mac-sequence.o)
 .data          0x000000000003d2f4        0x0 build/cooja///mtype599.a(mac.o)
 .data          0x000000000003d2f4        0x2 build/cooja///mtype599.a(frame802154.o)
 .data          0x000000000003d2f6        0x0 build/cooja///mtype599.a(framer-802154.o)
 .data          0x000000000003d2f6        0x0 build/cooja///mtype599.a(tsch-adaptive-t)
 .data          0x000000000003d2f6        0x0 build/cooja///mtype599.a(tsch-log.o)
 .data          0x000000000003d2f6        0x0 build/cooja///mtype599.a(tsch-packet.o)
 *fill*         0x000000000003d2f6        0x2 
 .data          0x000000000003d2f8       0x1c build/cooja///mtype599.a(tsch-queue.o)
 .data          0x000000000003d314        0x0 build/cooja///mtype599.a(tsch-rpl.o)
 .data          0x000000000003d314        0x0 build/cooja///mtype599.a(tsch-timeslot-t)
 .data          0x000000000003d314       0x20 build/cooja///mtype599.a(uip-icmp6.o)
 .data          0x000000000003d334        0xc build/cooja///mtype599.a(uip-nd6.o)
 .data          0x000000000003d340       0x10 build/cooja///mtype599.a(uip-sr.o)
 .data          0x000000000003d350        0x0 build/cooja///mtype599.a(rpl-dag-root.o)
 .data          0x000000000003d350        0x0 build/cooja///mtype599.a(rpl-dag.o)
 .data          0x000000000003d350        0x0 build/cooja///mtype599.a(rpl-ext-header.)
 .data          0x000000000003d350       0x30 build/cooja///mtype599.a(rpl-icmp6.o)
 .data          0x000000000003d380       0x24 build/cooja///mtype599.a(rpl-mrhof.o)
                0x000000000003d380                rpl_mrhof
 .data          0x000000000003d3a4        0x0 build/cooja///mtype599.a(rpl-nbr-policy.)
 .data          0x000000000003d3a4       0x14 build/cooja///mtype599.a(rpl-neighbor.o)
                0x000000000003d3b4                rpl_neighbors
 .data          0x000000000003d3b8        0x0 build/cooja///mtype599.a(rpl-timers.o)
 .data          0x000000000003d3b8        0xc build/cooja///mtype599.a(shell-commands.)
 .data          0x000000000003d3c4        0x0 build/cooja///mtype599.a(frame802154e-ie)
 .data          0x000000000003d3c4        0x0 /usr/lib/gcc/i686-linux-gnu/4.8/libgcc.a(_divdi3.o)
 .data          0x000000000003d3c4        0x0 /usr/lib/gcc/i686-linux-gnu/4.8/libgcc.a(_udivdi3.o)
 .data          0x000000000003d3c4        0x0 /usr/lib/gcc/i686-linux-gnu/4.8/crtendS.o
 .data          0x000000000003d3c4        0x0 /usr/lib/gcc/i686-linux-gnu/4.8/../../../i386-linux-gnu/crtn.o

.tm_clone_table
                0x000000000003d3c4        0x0
 .tm_clone_table
                0x000000000003d3c4        0x0 /usr/lib/gcc/i686-linux-gnu/4.8/crtbeginS.o
 .tm_clone_table
                0x000000000003d3c4        0x0 /usr/lib/gcc/i686-linux-gnu/4.8/crtendS.o

.data1
 *(.data1)
                0x000000000003d3c4                _edata = .
                0x000000000003d3c4                PROVIDE (edata, .)
                0x000000000003d3c4                . = .
                0x000000000003d3c4                __bss_start = .

.bss            0x000000000003d3e0    0x29724
 *(.dynbss)
 .dynbss        0x0000000000000000        0x0 /usr/lib/gcc/i686-linux-gnu/4.8/../../../i386-linux-gnu/crti.o
 *(.bss .bss.* .gnu.linkonce.b.*)
 .bss           0x000000000003d3e0        0x0 /usr/lib/gcc/i686-linux-gnu/4.8/../../../i386-linux-gnu/crti.o
 .bss           0x000000000003d3e0        0x1 /usr/lib/gcc/i686-linux-gnu/4.8/crtbeginS.o
 *fill*         0x000000000003d3e1       0x1f 
 .bss           0x000000000003d400       0x24 udp-server.o
 *fill*         0x000000000003d424       0x1c 
 .bss           0x000000000003d440     0x2030 build/cooja///mtype599.o
 .bss           0x000000000003f470        0x1 build/cooja///mtype599.a(simEnvChange.o)
                0x000000000003f470                simDontFallAsleep
 *fill*         0x000000000003f471        0x3 
 .bss           0x000000000003f474        0x4 build/cooja///mtype599.a(cooja_mt.o)
 .bss           0x000000000003f478        0x4 build/cooja///mtype599.a(cooja_mtarch.o)
 .bss           0x000000000003f47c        0x0 build/cooja///mtype599.a(rtimer-arch.o)
 .bss           0x000000000003f47c        0x0 build/cooja///mtype599.a(beep.o)
 .bss           0x000000000003f47c        0x8 build/cooja///mtype599.a(button-sensor.o)
 .bss           0x000000000003f484        0x0 build/cooja///mtype599.a(leds-arch.o)
 .bss           0x000000000003f484        0x0 build/cooja///mtype599.a(moteid.o)
 .bss           0x000000000003f484        0x1 build/cooja///mtype599.a(pir-sensor.o)
                0x000000000003f484                simPirValue
 *fill*         0x000000000003f485        0x3 
 .bss           0x000000000003f488        0x4 build/cooja///mtype599.a(rs232.o)
 .bss           0x000000000003f48c        0x1 build/cooja///mtype599.a(vib-sensor.o)
                0x000000000003f48c                simVibValue
 .bss           0x000000000003f48d        0x0 build/cooja///mtype599.a(clock.o)
 *fill*         0x000000000003f48d       0x13 
 .bss           0x000000000003f4a0     0x2020 build/cooja///mtype599.a(cooja-log.o)
 .bss           0x00000000000414c0      0xfc0 build/cooja///mtype599.a(cfs-cooja.o)
                0x00000000000414c0                simCFSData
                0x0000000000042460                simCFSSize
                0x0000000000042464                simCFSChanged
                0x0000000000042468                simCFSRead
                0x000000000004246c                simCFSWritten
 .bss           0x0000000000042480       0x24 build/cooja///mtype599.a(cooja-radio.o)
                0x0000000000042480                simReceiving
                0x0000000000042484                simInSize
                0x0000000000042488                simLastPacketTimestamp
                0x0000000000042490                simOutSize
 .bss           0x00000000000424a4        0xc build/cooja///mtype599.a(eeprom.o)
                0x00000000000424a4                simEEPROMChanged
                0x00000000000424a8                simEEPROMRead
                0x00000000000424ac                simEEPROMWritten
 .bss           0x00000000000424b0        0x0 build/cooja///mtype599.a(random.o)
 .bss           0x00000000000424b0        0xc build/cooja///mtype599.a(sensors.o)
 .bss           0x00000000000424bc        0x4 build/cooja///mtype599.a(orchestra-rule-)
 .bss           0x00000000000424c0        0x8 build/cooja///mtype599.a(orchestra-rule-)
 .bss           0x00000000000424c8        0x8 build/cooja///mtype599.a(orchestra-rule-)
 .bss           0x00000000000424d0        0x4 build/cooja///mtype599.a(orchestra.o)
                0x00000000000424d0                orchestra_parent_knows_us
 .bss           0x00000000000424d4        0x0 build/cooja///mtype599.a(contiki-main.o)
 .bss           0x00000000000424d4        0x0 build/cooja///mtype599.a(autostart.o)
 .bss           0x00000000000424d4        0x5 build/cooja///mtype599.a(ctimer.o)
 .bss           0x00000000000424d9        0x0 build/cooja///mtype599.a(energest.o)
 *fill*         0x00000000000424d9        0x3 
 .bss           0x00000000000424dc        0x8 build/cooja///mtype599.a(etimer.o)
 .bss           0x00000000000424e4       0x24 build/cooja///mtype599.a(log.o)
                0x00000000000424e4                curr_log_level_rpl
                0x00000000000424e8                curr_log_level_tcpip
                0x00000000000424ec                curr_log_level_ipv6
                0x00000000000424f0                curr_log_level_6lowpan
                0x00000000000424f4                curr_log_level_nullnet
                0x00000000000424f8                curr_log_level_framer
                0x00000000000424fc                curr_log_level_6top
                0x0000000000042500                curr_log_level_coap
                0x0000000000042504                curr_log_level_lwm2m
 .bss           0x0000000000042508        0x2 build/cooja///mtype599.a(node-id.o)
                0x0000000000042508                node_id
 *fill*         0x000000000004250a       0x16 
 .bss           0x0000000000042520      0x1a1 build/cooja///mtype599.a(process.o)
                0x0000000000042520                process_list
                0x0000000000042524                process_current
 *fill*         0x00000000000426c1        0x3 
 .bss           0x00000000000426c4        0x4 build/cooja///mtype599.a(rtimer.o)
 .bss           0x00000000000426c8        0x0 build/cooja///mtype599.a(timer.o)
 *fill*         0x00000000000426c8       0x18 
 .bss           0x00000000000426e0      0x140 build/cooja///mtype599.a(serial-line.o)
 .bss           0x0000000000042820        0x0 build/cooja///mtype599.a(list.o)
 .bss           0x0000000000042820        0x0 build/cooja///mtype599.a(ringbuf.o)
 .bss           0x0000000000042820        0x0 build/cooja///mtype599.a(linkaddr.o)
 .bss           0x0000000000042820        0x4 build/cooja///mtype599.a(netstack.o)
 *fill*         0x0000000000042824       0x1c 
 .bss           0x0000000000042840       0xa0 build/cooja///mtype599.a(packetbuf.o)
 .bss           0x00000000000428e0     0x2d80 build/cooja///mtype599.a(queuebuf.o)
 .bss           0x0000000000045660      0x4ac build/cooja///mtype599.a(tsch-schedule.o)
 *fill*         0x0000000000045b0c       0x14 
 .bss           0x0000000000045b20      0x1b8 build/cooja///mtype599.a(tsch-slot-opera)
                0x0000000000045b20                last_timesource_neighbor
                0x0000000000045b24                current_link
                0x0000000000045b28                tsch_current_burst_count
 *fill*         0x0000000000045cd8        0x8 
 .bss           0x0000000000045ce0      0x124 build/cooja///mtype599.a(tsch.o)
                0x0000000000045ce0                tsch_is_started
                0x0000000000045ce4                tsch_is_initialized
                0x0000000000045ce8                tsch_is_coordinator
                0x0000000000045cec                tsch_is_associated
                0x0000000000045cf0                tsch_association_count
                0x0000000000045cf4                tsch_is_pan_secured
 *fill*         0x0000000000045e04       0x1c 
 .bss           0x0000000000045e20      0x724 build/cooja///mtype599.a(sicslowpan.o)
 *fill*         0x0000000000046544       0x1c 
 .bss           0x0000000000046560      0x520 build/cooja///mtype599.a(simple-udp.o)
 .bss           0x0000000000046a80       0x10 build/cooja///mtype599.a(tcpip.o)
 *fill*         0x0000000000046a90       0x10 
 .bss           0x0000000000046aa0     0x1c20 build/cooja///mtype599.a(uip-ds6-nbr.o)
 .bss           0x00000000000486c0       0x60 build/cooja///mtype599.a(uip-ds6-route.o)
 .bss           0x0000000000048720       0x20 build/cooja///mtype599.a(uip-ds6.o)
 .bss           0x0000000000048740      0xa78 build/cooja///mtype599.a(uip-packetqueue)
 .bss           0x00000000000491b8        0x0 build/cooja///mtype599.a(uip-udp-packet.)
 .bss           0x00000000000491b8        0x6 build/cooja///mtype599.a(uip6.o)
                0x00000000000491b8                uip_ext_bitmap
                0x00000000000491b9                uip_ext_len
                0x00000000000491ba                uip_last_proto
 .bss           0x00000000000491be       0x18 build/cooja///mtype599.a(uipbuf.o)
 .bss           0x00000000000491d6        0x0 build/cooja///mtype599.a(uiplib.o)
 .bss           0x00000000000491d6        0x1 build/cooja///mtype599.a(rpl.o)
 .bss           0x00000000000491d7        0x0 build/cooja///mtype599.a(watchdog.o)
 *fill*         0x00000000000491d7        0x1 
 .bss           0x00000000000491d8        0x2 build/cooja///mtype599.a(serial-shell.o)
 *fill*         0x00000000000491da        0x2 
 .bss           0x00000000000491dc        0xa build/cooja///mtype599.a(shell.o)
 .bss           0x00000000000491e6        0x0 build/cooja///mtype599.a(stimer.o)
 .bss           0x00000000000491e6        0x0 build/cooja///mtype599.a(memb.o)
 .bss           0x00000000000491e6        0x0 build/cooja///mtype599.a(ringbufindex.o)
 *fill*         0x00000000000491e6       0x1a 
 .bss           0x0000000000049200      0xe10 build/cooja///mtype599.a(link-stats.o)
 *fill*         0x000000000004a010       0x10 
 .bss           0x000000000004a020     0x1214 build/cooja///mtype599.a(nbr-table.o)
 *fill*         0x000000000004b234        0xc 
 .bss           0x000000000004b240      0x100 build/cooja///mtype599.a(mac-sequence.o)
 .bss           0x000000000004b340        0x0 build/cooja///mtype599.a(mac.o)
 .bss           0x000000000004b340        0x0 build/cooja///mtype599.a(frame802154.o)