Archive member included to satisfy reference by file (symbol)

build/cooja///mtype118.a(simEnvChange.o)
                              build/cooja///mtype118.o (simDontFallAsleep)
build/cooja///mtype118.a(cooja_mt.o)
                              build/cooja///mtype118.o (cooja_mt_start)
build/cooja///mtype118.a(cooja_mtarch.o)
                              build/cooja///mtype118.a(cooja_mt.o) (cooja_mtarch_start)
build/cooja///mtype118.a(rtimer-arch.o)
                              build/cooja///mtype118.o (rtimer_arch_check)
build/cooja///mtype118.a(beep.o)
                              build/cooja///mtype118.o (beep_interface)
build/cooja///mtype118.a(button-sensor.o)
                              build/cooja///mtype118.o (button_interface)
build/cooja///mtype118.a(leds-arch.o)
                              build/cooja///mtype118.o (leds_interface)
build/cooja///mtype118.a(moteid.o)
                              build/cooja///mtype118.o (moteid_interface)
build/cooja///mtype118.a(pir-sensor.o)
                              build/cooja///mtype118.o (pir_interface)
build/cooja///mtype118.a(rs232.o)
                              build/cooja///mtype118.o (rs232_interface)
build/cooja///mtype118.a(vib-sensor.o)
                              build/cooja///mtype118.o (vib_interface)
build/cooja///mtype118.a(clock.o)
                              build/cooja///mtype118.o (clock_interface)
build/cooja///mtype118.a(cooja-log.o)
                              build/cooja///mtype118.o (simlog_interface)
build/cooja///mtype118.a(cfs-cooja.o)
                              build/cooja///mtype118.o (cfs_interface)
build/cooja///mtype118.a(cooja-radio.o)
                              build/cooja///mtype118.o (radio_interface)
build/cooja///mtype118.a(eeprom.o)
                              build/cooja///mtype118.o (eeprom_interface)
build/cooja///mtype118.a(random.o)
                              build/cooja///mtype118.a(moteid.o) (random_init)
build/cooja///mtype118.a(sensors.o)
                              build/cooja///mtype118.a(button-sensor.o) (sensors_changed)
build/cooja///mtype118.a(orchestra-rule-)
                              udp-client.o (default_common)
build/cooja///mtype118.a(orchestra-rule-)
                              udp-client.o (eb_per_time_source)
build/cooja///mtype118.a(orchestra-rule-)
                              udp-client.o (unicast_per_neighbor_rpl_ns)
build/cooja///mtype118.a(orchestra-rule-)
                              udp-client.o (unicast_per_neighbor_rpl_storing)
build/cooja///mtype118.a(orchestra.o)
                              build/cooja///mtype118.a(orchestra-rule-) (orchestra_parent_linkaddr)
build/cooja///mtype118.a(contiki-main.o)
                              build/cooja///mtype118.o (main)
build/cooja///mtype118.a(autostart.o)
                              build/cooja///mtype118.a(contiki-main.o) (autostart_start)
build/cooja///mtype118.a(ctimer.o)
                              build/cooja///mtype118.a(contiki-main.o) (ctimer_init)
build/cooja///mtype118.a(energest.o)
                              build/cooja///mtype118.a(contiki-main.o) (energest_init)
build/cooja///mtype118.a(etimer.o)
                              build/cooja///mtype118.a(contiki-main.o) (etimer_process)
build/cooja///mtype118.a(log.o)
                              build/cooja///mtype118.a(contiki-main.o) (curr_log_level_main)
build/cooja///mtype118.a(node-id.o)
                              build/cooja///mtype118.a(contiki-main.o) (node_id)
build/cooja///mtype118.a(process.o)
                              build/cooja///mtype118.a(ctimer.o) (process_current)
build/cooja///mtype118.a(rtimer.o)
                              build/cooja///mtype118.a(contiki-main.o) (rtimer_init)
build/cooja///mtype118.a(timer.o)
                              build/cooja///mtype118.a(button-sensor.o) (timer_set)
build/cooja///mtype118.a(serial-line.o)
                              build/cooja///mtype118.a(rs232.o) (serial_line_input_byte)
build/cooja///mtype118.a(list.o)
                              build/cooja///mtype118.a(ctimer.o) (list_init)
build/cooja///mtype118.a(ringbuf.o)
                              build/cooja///mtype118.a(serial-line.o) (ringbuf_init)
build/cooja///mtype118.a(linkaddr.o)
                              build/cooja///mtype118.a(orchestra-rule-) (linkaddr_node_addr)
build/cooja///mtype118.a(nbr-table.o)
                              build/cooja///mtype118.a(orchestra-rule-) (nbr_table_head)
build/cooja///mtype118.a(netstack.o)
                              build/cooja///mtype118.a(contiki-main.o) (netstack_init)
build/cooja///mtype118.a(packetbuf.o)
                              build/cooja///mtype118.a(cooja-radio.o) (packetbuf_clear)
build/cooja///mtype118.a(queuebuf.o)
                              build/cooja///mtype118.a(contiki-main.o) (queuebuf_init)
build/cooja///mtype118.a(tsch-schedule.o)
[...]
Memory Configuration

Name             Origin             Length             Attributes
*default*        0x0000000000000000 0xffffffffffffffff

Linker script and memory map

LOAD /usr/lib/gcc/i686-linux-gnu/4.8/../../../i386-linux-gnu/crti.o
LOAD /usr/lib/gcc/i686-linux-gnu/4.8/crtbeginS.o
LOAD udp-client.o
LOAD build/cooja///mtype118.o
LOAD build/cooja///mtype118.a
LOAD /usr/lib/gcc/i686-linux-gnu/4.8/libgcc.a
LOAD /usr/lib/gcc/i686-linux-gnu/4.8/libgcc_s.so
LOAD /usr/lib/gcc/i686-linux-gnu/4.8/../../../i386-linux-gnu/libc.so
START GROUP
LOAD /lib/i386-linux-gnu/libc.so.6
LOAD /usr/lib/i386-linux-gnu/libc_nonshared.a
LOAD /lib/i386-linux-gnu/ld-linux.so.2
END GROUP
LOAD /usr/lib/gcc/i686-linux-gnu/4.8/libgcc.a
LOAD /usr/lib/gcc/i686-linux-gnu/4.8/libgcc_s.so
LOAD /usr/lib/gcc/i686-linux-gnu/4.8/crtendS.o
LOAD /usr/lib/gcc/i686-linux-gnu/4.8/../../../i386-linux-gnu/crtn.o
                0x0000000000000114                . = (0x0 + SIZEOF_HEADERS)

.note.gnu.build-id
                0x0000000000000114       0x24
 *(.note.gnu.build-id)
 .note.gnu.build-id
                0x0000000000000114       0x24 /usr/lib/gcc/i686-linux-gnu/4.8/../../../i386-linux-gnu/crti.o

.hash
 *(.hash)

.gnu.hash       0x0000000000000138     0x159c
 *(.gnu.hash)
 .gnu.hash      0x0000000000000138     0x159c /usr/lib/gcc/i686-linux-gnu/4.8/../../../i386-linux-gnu/crti.o

.dynsym         0x00000000000016d4     0x2ee0
 *(.dynsym)
 .dynsym        0x00000000000016d4     0x2ee0 /usr/lib/gcc/i686-linux-gnu/4.8/../../../i386-linux-gnu/crti.o

.dynstr         0x00000000000045b4     0x363e
 *(.dynstr)
 .dynstr        0x00000000000045b4     0x363e /usr/lib/gcc/i686-linux-gnu/4.8/../../../i386-linux-gnu/crti.o

.gnu.version    0x0000000000007bf2      0x5dc
 *(.gnu.version)
 .gnu.version   0x0000000000007bf2      0x5dc /usr/lib/gcc/i686-linux-gnu/4.8/../../../i386-linux-gnu/crti.o

.gnu.version_d  0x00000000000081d0        0x0
 *(.gnu.version_d)
 .gnu.version_d
                0x0000000000000000        0x0 /usr/lib/gcc/i686-linux-gnu/4.8/../../../i386-linux-gnu/crti.o

.gnu.version_r  0x00000000000081d0       0x40
 *(.gnu.version_r)
 .gnu.version_r
                0x00000000000081d0       0x40 /usr/lib/gcc/i686-linux-gnu/4.8/../../../i386-linux-gnu/crti.o

.rel.dyn        0x0000000000008210     0xaa58
 *(.rel.init)
 .rel.init      0x0000000000000000        0x0 /usr/lib/gcc/i686-linux-gnu/4.8/../../../i386-linux-gnu/crti.o
 *(.rel.text .rel.text.* .rel.gnu.linkonce.t.*)
 .rel.text      0x0000000000008210     0xa138 /usr/lib/gcc/i686-linux-gnu/4.8/../../../i386-linux-gnu/crti.o
 *(.rel.fini)
 .rel.fini      0x0000000000000000        0x0 /usr/lib/gcc/i686-linux-gnu/4.8/../../../i386-linux-gnu/crti.o
 *(.rel.rodata .rel.rodata.* .rel.gnu.linkonce.r.*)
 .rel.rodata    0x0000000000012348      0x470 /usr/lib/gcc/i686-linux-gnu/4.8/../../../i386-linux-gnu/crti.o
 *(.rel.data.rel.ro .rel.data.rel.ro.* .rel.gnu.linkonce.d.rel.ro.*)
 *(.rel.data .rel.data.* .rel.gnu.linkonce.d.*)
 .rel.data.rel  0x00000000000127b8        0x8 /usr/lib/gcc/i686-linux-gnu/4.8/../../../i386-linux-gnu/crti.o
 .rel.data      0x00000000000127c0      0x470 /usr/lib/gcc/i686-linux-gnu/4.8/../../../i386-linux-gnu/crti.o
 *(.rel.tdata .rel.tdata.* .rel.gnu.linkonce.td.*)
 *(.rel.tbss .rel.tbss.* .rel.gnu.linkonce.tb.*)
 *(.rel.ctors)
 *(.rel.dtors)
 *(.rel.got)
 .rel.got       0x0000000000012c30       0x28 /usr/lib/gcc/i686-linux-gnu/4.8/../../../i386-linux-gnu/crti.o
 *(.rel.bss .rel.bss.* .rel.gnu.linkonce.b.*)
 *(.rel.ifunc)
 .rel.ifunc     0x0000000000000000        0x0 /usr/lib/gcc/i686-linux-gnu/4.8/../../../i386-linux-gnu/crti.o
 .rel.fini_array
                0x0000000000012c58        0x8 /usr/lib/gcc/i686-linux-gnu/4.8/../../../i386-linux-gnu/crti.o
 .rel.init_array
                0x0000000000012c60        0x8 /usr/lib/gcc/i686-linux-gnu/4.8/../../../i386-linux-gnu/crti.o

.rel.plt        0x0000000000012c68       0x10
 *(.rel.plt)
 .rel.plt       0x0000000000012c68       0x10 /usr/lib/gcc/i686-linux-gnu/4.8/../../../i386-linux-gnu/crti.o
 *(.rel.iplt)

.init           0x0000000000012c78       0x23
 *(SORT(.init))
 .init          0x0000000000012c78       0x1e /usr/lib/gcc/i686-linux-gnu/4.8/../../../i386-linux-gnu/crti.o
                0x0000000000012c78                _init
 .init          0x0000000000012c96        0x5 /usr/lib/gcc/i686-linux-gnu/4.8/../../../i386-linux-gnu/crtn.o

.plt            0x0000000000012ca0       0x30
 *(.plt)
 .plt           0x0000000000012ca0       0x30 /usr/lib/gcc/i686-linux-gnu/4.8/../../../i386-linux-gnu/crti.o
 *(.iplt)

.text           0x0000000000012cd0    0x1e724
 *(.text.unlikely .text.*_unlikely .text.unlikely.*)
 *(.text.exit .text.exit.*)
 *(.text.startup .text.startup.*)
 *(.text.hot .text.hot.*)
 *(.text .stub .text.* .gnu.linkonce.t.*)
 .text          0x0000000000012cd0        0x0 /usr/lib/gcc/i686-linux-gnu/4.8/../../../i386-linux-gnu/crti.o
 .gnu.linkonce.t.__x86.get_pc_thunk.bx
                0x0000000000012cd0        0x4 /usr/lib/gcc/i686-linux-gnu/4.8/../../../i386-linux-gnu/crti.o
                0x0000000000012cd0                __x86.get_pc_thunk.bx
 *fill*         0x0000000000012cd4        0xc 
 .text          0x0000000000012ce0      0x11b /usr/lib/gcc/i686-linux-gnu/4.8/crtbeginS.o
 .text          0x0000000000012dfb      0x241 udp-client.o
 .text          0x000000000001303c      0x291 build/cooja///mtype118.o
                0x00000000000130ce                platform_init_stage_one
                0x00000000000130d4                platform_init_stage_two
                0x00000000000130e1                platform_init_stage_three
                0x00000000000130f3                platform_main_loop
                0x0000000000013165                Java_org_contikios_cooja_corecomm_Lib44_init
                0x00000000000131a5                Java_org_contikios_cooja_corecomm_Lib44_getMemory
                0x00000000000131e5                Java_org_contikios_cooja_corecomm_Lib44_setMemory
                0x000000000001325c                Java_org_contikios_cooja_corecomm_Lib44_tick
                0x00000000000132bb                Java_org_contikios_cooja_corecomm_Lib44_setReferenceAddress
 .text          0x00000000000132cd       0x63 build/cooja///mtype118.a(simEnvChange.o)
                0x00000000000132cd                doActionsBeforeTick
                0x00000000000132fe                doActionsAfterTick
 .text          0x0000000000013330       0x80 build/cooja///mtype118.a(cooja_mt.o)
                0x0000000000013330                cooja_mt_start
                0x000000000001335d                cooja_mt_exec
                0x000000000001338e                cooja_mt_yield
 .text          0x00000000000133b0       0xc3 build/cooja///mtype118.a(cooja_mtarch.o)
                0x00000000000133b0                cooja_mtarch_start
                0x000000000001342b                cooja_sw
                0x000000000001344d                cooja_mtarch_exec
                0x0000000000013469                cooja_mtarch_yield
 .text          0x0000000000013473       0xc3 build/cooja///mtype118.a(rtimer-arch.o)
                0x0000000000013473                rtimer_arch_init
                0x0000000000013496                rtimer_arch_schedule
                0x00000000000134c5                rtimer_arch_next
                0x00000000000134d5                rtimer_arch_pending
                0x00000000000134df                rtimer_arch_check
                0x0000000000013526                rtimer_arch_now
 .text          0x0000000000013536       0x76 build/cooja///mtype118.a(beep.o)
                0x0000000000013536                beep_alarm
                0x0000000000013542                beep_beep
                0x000000000001354e                beep
                0x000000000001355a                beep_down
                0x0000000000013566                beep_on
                0x0000000000013572                beep_off
                0x000000000001357e                beep_spinup
                0x000000000001358a                beep_quick
                0x0000000000013596                beep_long
 .text          0x00000000000135ac      0x103 build/cooja///mtype118.a(button-sensor.o)
 .text          0x00000000000136af       0x45 build/cooja///mtype118.a(leds-arch.o)
                0x00000000000136af                leds_arch_init
                0x00000000000136bb                leds_arch_get
                0x00000000000136c7                leds_arch_set
 .text          0x00000000000136f4       0x2f build/cooja///mtype118.a(moteid.o)
 .text          0x0000000000013723       0xb1 build/cooja///mtype118.a(pir-sensor.o)
 .text          0x00000000000137d4      0x131 build/cooja///mtype118.a(rs232.o)
                0x00000000000137d4                rs232_init
                0x00000000000137d9                rs232_set_speed
                0x00000000000137e7                rs232_set_input
                0x00000000000137f4                rs232_send
                0x0000000000013816                rs232_print
                0x0000000000013831                slip_arch_writeb
 .text          0x0000000000013905       0xb1 build/cooja///mtype118.a(vib-sensor.o)
 .text          0x00000000000139b6       0x34 build/cooja///mtype118.a(clock.o)
                0x00000000000139b6                clock_init
                0x00000000000139bb                clock_time
                0x00000000000139c5                clock_seconds
                0x00000000000139db                clock_delay
 .text          0x00000000000139ea      0x1ed build/cooja///mtype118.a(cooja-log.o)
                0x00000000000139ea                simlog_char
                0x0000000000013a2c                simlog
                0x0000000000013a99                log_message
                0x0000000000013ac1                log_set_putchar_with_slip
                0x0000000000013ace                log_putchar
                0x0000000000013b52                log_puts
                0x0000000000013b76                log_printf
 .text          0x0000000000013bd7      0x2c4 build/cooja///mtype118.a(cfs-cooja.o)
                0x0000000000013bd7                cfs_open
                0x0000000000013c40                cfs_close
                0x0000000000013c4c                cfs_read
                0x0000000000013cea                cfs_write
                0x0000000000013dc7                cfs_seek
                0x0000000000013e4f                cfs_remove
                0x0000000000013e78                cfs_opendir
                0x0000000000013e82                cfs_readdir
                0x0000000000013e8c                cfs_closedir
 .text          0x0000000000013e9b      0x5db build/cooja///mtype118.a(cooja-radio.o)
                0x0000000000013ed9                radio_set_channel
                0x0000000000013ee6                radio_set_txpower
                0x0000000000013efd                radio_signal_strength_last
                0x0000000000013f07                radio_signal_strength_current
                0x0000000000013f11                radio_LQI
 .text          0x0000000000014476       0xef build/cooja///mtype118.a(eeprom.o)
                0x0000000000014476                eeprom_init
                0x000000000001447b                eeprom_read
                0x00000000000144eb                eeprom_write
 .text          0x0000000000014565       0x28 build/cooja///mtype118.a(random.o)
                0x0000000000014565                random_init
                0x0000000000014580                random_rand
 .text          0x000000000001458d      0x2a1 build/cooja///mtype118.a(sensors.o)
                0x00000000000145c8                sensors_first
                0x00000000000145d2                sensors_next
                0x00000000000145ef                sensors_changed
                0x000000000001461e                sensors_find
 .text          0x000000000001482e       0xa7 build/cooja///mtype118.a(orchestra-rule-)
 .text          0x00000000000148d5      0x21d build/cooja///mtype118.a(orchestra-rule-)
 .text          0x0000000000014af2      0x187 build/cooja///mtype118.a(orchestra-rule-)
 .text          0x0000000000014c79      0x3f7 build/cooja///mtype118.a(orchestra-rule-)
 .text          0x0000000000015070      0x271 build/cooja///mtype118.a(orchestra.o)
                0x00000000000150f2                orchestra_callback_child_added
                0x0000000000015135                orchestra_callback_child_removed
                0x0000000000015178                orchestra_callback_packet_ready
                0x0000000000015202                orchestra_callback_new_time_source
                0x000000000001525e                orchestra_init
 .text          0x00000000000152e1      0x31e build/cooja///mtype118.a(contiki-main.o)
                0x00000000000152e1                main
 .text          0x00000000000155ff       0x8e build/cooja///mtype118.a(autostart.o)
                0x00000000000155ff                autostart_start
                0x000000000001564a                autostart_exit
 .text          0x000000000001568d      0x334 build/cooja///mtype118.a(ctimer.o)
                0x00000000000157a4                ctimer_init
                0x00000000000157d4                ctimer_set
                0x0000000000015805                ctimer_set_with_process
                0x0000000000015881                ctimer_reset
                0x00000000000158d0                ctimer_restart
                0x000000000001591f                ctimer_stop
                0x000000000001596a                ctimer_expired
 .text          0x00000000000159c1       0x19 build/cooja///mtype118.a(energest.o)
                0x00000000000159c1                energest_init
                0x00000000000159c6                energest_flush
                0x00000000000159cb                energest_get_total_time
 .text          0x00000000000159da      0x40b build/cooja///mtype118.a(etimer.o)
                0x0000000000015bed                etimer_request_poll
                0x0000000000015c71                etimer_set
                0x0000000000015c96                etimer_reset_with_new_interval
                0x0000000000015cbd                etimer_reset
                0x0000000000015cdb                etimer_restart
                0x0000000000015cf9                etimer_adjust
                0x0000000000015d15                etimer_expired
                0x0000000000015d28                etimer_expiration_time
                0x0000000000015d3a                etimer_start_time
                0x0000000000015d44                etimer_pending
                0x0000000000015d56                etimer_next_expiration_time
                0x0000000000015d70                etimer_stop
 .text          0x0000000000015de5      0x3a3 build/cooja///mtype118.a(log.o)
                0x0000000000015de5                log_6addr
                0x0000000000015e3c                log_6addr_compact_snprint
                0x0000000000015eec                log_6addr_compact
                0x0000000000015f43                log_lladdr
                0x0000000000015fac                log_lladdr_compact
                0x000000000001600e                log_set_level
                0x00000000000160ca                log_get_level
                0x0000000000016146                log_level_to_str
 .text          0x0000000000016188       0x24 build/cooja///mtype118.a(node-id.o)
                0x0000000000016188                node_id_init
 .text          0x00000000000161ac      0x51a build/cooja///mtype118.a(process.o)
                0x00000000000161ac                process_alloc_event
                0x00000000000161c1                process_start
                0x00000000000163aa                process_exit
                0x00000000000163c6                process_init
                0x0000000000016568                process_run
                0x000000000001659b                process_nevents
                0x00000000000165b6                process_post
                0x000000000001664b                process_post_synch
                0x0000000000016683                process_poll
                0x00000000000166b2                process_is_running
 .text          0x00000000000166c6       0xe6 build/cooja///mtype118.a(rtimer.o)
                0x00000000000166c6                rtimer_init
                0x00000000000166d3                rtimer_set
                0x000000000001674f                rtimer_run_next
 .text          0x00000000000167ac       0xa3 build/cooja///mtype118.a(timer.o)
                0x00000000000167ac                timer_set
                0x00000000000167c7                timer_reset
                0x00000000000167f0                timer_restart
                0x0000000000016802                timer_expired
                0x000000000001682b                timer_remaining
 .text          0x000000000001684f      0x1fb build/cooja///mtype118.a(serial-line.o)
                0x000000000001684f                serial_line_input_byte
                0x0000000000016a12                serial_line_init
 .text          0x0000000000016a4a      0x28a build/cooja///mtype118.a(list.o)
                0x0000000000016a4a                list_init
                0x0000000000016a58                list_head
                0x0000000000016a62                list_copy
                0x0000000000016a71                list_tail
                0x0000000000016aa7                list_add
                0x0000000000016af0                list_push
                0x0000000000016b1c                list_chop
                0x0000000000016b86                list_pop
                0x0000000000016bae                list_remove
                0x0000000000016c15                list_length
                0x0000000000016c43                list_insert
                0x0000000000016c89                list_item_next
                0x0000000000016ca0                list_contains
 .text          0x0000000000016cd4      0x155 build/cooja///mtype118.a(ringbuf.o)
                0x0000000000016cd4                ringbuf_init
                0x0000000000016d05                ringbuf_put
                0x0000000000016d83                ringbuf_get
                0x0000000000016df0                ringbuf_size
                0x0000000000016e02                ringbuf_elements
 .text          0x0000000000016e29       0x67 build/cooja///mtype118.a(linkaddr.o)
                0x0000000000016e29                linkaddr_copy
                0x0000000000016e4b                linkaddr_cmp
                0x0000000000016e75                linkaddr_set_node_addr
 .text          0x0000000000016e90      0x7d6 build/cooja///mtype118.a(nbr-table.o)
                0x00000000000172ff                nbr_table_register
                0x0000000000017369                nbr_table_is_registered
                0x00000000000173a4                nbr_table_head
                0x0000000000017400                nbr_table_next
                0x0000000000017467                nbr_table_add_lladdr
                0x0000000000017543                nbr_table_get_from_lladdr
                0x0000000000017590                nbr_table_remove
                0x00000000000175e2                nbr_table_lock
                0x000000000001760c                nbr_table_unlock
                0x0000000000017636                nbr_table_get_lladdr
 .text          0x0000000000017666       0xe2 build/cooja///mtype118.a(netstack.o)
                0x0000000000017666                netstack_process_ip_callback
                0x00000000000176ed                netstack_ip_packet_processor_add
                0x000000000001770f                uip_ds6_ip_packet_processor_rm
                0x000000000001772b                netstack_init
 .text          0x0000000000017748      0x3e1 build/cooja///mtype118.a(packetbuf.o)
                0x0000000000017748                packetbuf_clear
                0x0000000000017772                packetbuf_copyfrom
                0x00000000000177c4                packetbuf_copyto
                0x000000000001785b                packetbuf_hdralloc
                0x00000000000178d8                packetbuf_hdrreduce
                0x0000000000017920                packetbuf_set_datalen
                0x0000000000017939                packetbuf_dataptr
                0x0000000000017956                packetbuf_hdrptr
                0x0000000000017960                packetbuf_datalen
                0x000000000001796c                packetbuf_hdrlen
                0x0000000000017983                packetbuf_totlen
                0x0000000000017999                packetbuf_remaininglen
                0x00000000000179ac                packetbuf_attr_clear
                0x00000000000179fe                packetbuf_attr_copyto
                0x0000000000017a3c                packetbuf_attr_copyfrom
                0x0000000000017a7a                packetbuf_set_attr
                0x0000000000017aa4                packetbuf_attr
                0x0000000000017abe                packetbuf_set_addr
                0x0000000000017af0                packetbuf_addr
                0x0000000000017b0d                packetbuf_holds_broadcast
 .text          0x0000000000017b29      0x2b4 build/cooja///mtype118.a(queuebuf.o)
                0x0000000000017b33                queuebuf_init
                0x0000000000017b53                queuebuf_numfree
                0x0000000000017b67                queuebuf_new_from_packetbuf
                0x0000000000017bf7                queuebuf_update_attr_from_packetbuf
                0x0000000000017c2a                queuebuf_update_from_packetbuf
                0x0000000000017c74                queuebuf_free
                0x0000000000017cbb                queuebuf_to_packetbuf
                0x0000000000017d21                queuebuf_dataptr
                0x0000000000017d58                queuebuf_datalen
                0x0000000000017d7b                queuebuf_addr
                0x0000000000017dad                queuebuf_attr
                0x0000000000017dd8                queuebuf_debug_print
 .text          0x0000000000017ddd      0xb55 build/cooja///mtype118.a(tsch-schedule.o)
                0x0000000000017ddd                tsch_schedule_add_slotframe
                0x0000000000017ec8                tsch_schedule_remove_all_slotframes
                0x0000000000017f03                tsch_schedule_remove_slotframe
                0x0000000000017f7d                tsch_schedule_get_slotframe_by_handle
                0x0000000000017fd2                tsch_schedule_get_link_by_handle
                0x0000000000018161                tsch_schedule_add_link
                0x00000000000182ed                tsch_schedule_remove_link
                0x000000000001840b                tsch_schedule_remove_link_by_timeslot
                0x0000000000018452                tsch_schedule_get_link_by_timeslot
                0x00000000000184b3                tsch_schedule_get_next_active_link
                0x00000000000186c9                tsch_schedule_init
                0x0000000000018710                tsch_schedule_create_minimal
                0x0000000000018767                tsch_schedule_slotframe_head
                0x000000000001877c                tsch_schedule_slotframe_next
                0x000000000001878f                tsch_schedule_print
 .text          0x0000000000018932     0x1ee8 build/cooja///mtype118.a(tsch-slot-opera)
                0x0000000000018932                tsch_is_locked
                0x000000000001893c                tsch_get_lock
                0x0000000000018a4b                tsch_release_lock
                0x0000000000018a5a                tsch_calculate_channel
                0x000000000001a6a3                tsch_slot_operation_start
                0x000000000001a7b8                tsch_slot_operation_sync
 .text          0x000000000001a81a     0x15d5 build/cooja///mtype118.a(tsch.o)
                0x000000000001a81a                tsch_set_coordinator
                0x000000000001a84a                tsch_set_pan_secured
                0x000000000001a859                tsch_set_join_priority
                0x000000000001a870                tsch_set_ka_timeout
                0x000000000001a899                tsch_set_eb_period
                0x000000000001aae6                tsch_schedule_keepalive
                0x000000000001ab77                tsch_schedule_keepalive_immediately
                0x000000000001afe9                tsch_disassociate
                0x000000000001b454                tsch_scan
 .text          0x000000000001bdef     0x2b0b build/cooja///mtype118.a(sicslowpan.o)
                0x000000000001c2e6                netstack_sniffer_add
                0x000000000001c2f3                netstack_sniffer_remove
                0x000000000001e8cf                sicslowpan_init
                0x000000000001e8f0                sicslowpan_get_last_rssi
 .text          0x000000000001e8fa      0x3f2 build/cooja///mtype118.a(simple-udp.o)
                0x000000000001e928                simple_udp_send
                0x000000000001e995                simple_udp_sendto
                0x000000000001e9fa                simple_udp_sendto_port
                0x000000000001ea5d                simple_udp_register
 .text          0x000000000001ecec      0x6c2 build/cooja///mtype118.a(tcpip.o)
                0x000000000001ed05                tcpip_output
                0x000000000001ed81                udp_attach
                0x000000000001ed9e                udp_new
                0x000000000001ede8                udp_broadcast_new
                0x000000000001ef52                tcpip_input
                0x000000000001f0be                tcpip_ipv6_output
                0x000000000001f2a3                tcpip_poll_udp
                0x000000000001f2c6                tcpip_uipcall
 .text          0x000000000001f3ae      0x368 build/cooja///mtype118.a(uip-ds6-nbr.o)
                0x000000000001f3ae                uip_ds6_neighbors_init
                0x000000000001f3d0                uip_ds6_nbr_add
                0x000000000001f45a                uip_ds6_nbr_rm
                0x000000000001f49e                uip_ds6_nbr_update_ll
                0x000000000001f59f                uip_ds6_nbr_get_ipaddr
                0x000000000001f5b4                uip_ds6_nbr_get_ll
                0x000000000001f5d0                uip_ds6_nbr_num
                0x000000000001f615                uip_ds6_nbr_head
                0x000000000001f62a                uip_ds6_nbr_next
                0x000000000001f646                uip_ds6_nbr_lookup
                0x000000000001f6a1                uip_ds6_nbr_ll_lookup
                0x000000000001f6bd                uip_ds6_nbr_ipaddr_from_lladdr
                0x000000000001f6e3                uip_ds6_nbr_lladdr_from_ipaddr
                0x000000000001f711                uip_ds6_link_callback
 .text          0x000000000001f716      0xa06 build/cooja///mtype118.a(uip-ds6-route.o)
                0x000000000001f80a                uip_ds6_notification_add
                0x000000000001f83b                uip_ds6_notification_rm
                0x000000000001f857                uip_ds6_route_init
                0x000000000001f8df                uip_ds6_route_nexthop
                0x000000000001f907                uip_ds6_route_head
                0x000000000001f91c                uip_ds6_route_next
                0x000000000001f942                uip_ds6_route_is_nexthop
                0x000000000001f981                uip_ds6_route_num_routes
                0x000000000001f98b                uip_ds6_route_lookup
                0x000000000001fa5d                uip_ds6_route_add
                0x000000000001fcb4                uip_ds6_route_rm
                0x000000000001fe56                uip_ds6_route_rm_by_nexthop
                0x000000000001fe8e                uip_ds6_defrt_head
                0x000000000001fea3                uip_ds6_defrt_add
                0x000000000001ff64                uip_ds6_defrt_rm
                0x000000000001ffe3                uip_ds6_defrt_lookup
                0x0000000000020049                uip_ds6_defrt_choose
                0x00000000000200b4                uip_ds6_defrt_periodic
 .text          0x000000000002011c      0xbe8 build/cooja///mtype118.a(uip-ds6.o)
                0x000000000002011c                uip_ds6_init
                0x00000000000202ef                uip_ds6_periodic
                0x0000000000020368                uip_ds6_list_loop
                0x000000000002042b                uip_ds6_prefix_add
                0x00000000000204e9                uip_ds6_prefix_rm
                0x00000000000204fb                uip_ds6_prefix_lookup
                0x000000000002054c                uip_ds6_is_addr_onlink
                0x00000000000205c0                uip_ds6_addr_add
                0x00000000000206ee                uip_ds6_addr_rm
                0x000000000002078e                uip_ds6_addr_lookup
                0x00000000000207d9                uip_ds6_get_link_local
                0x0000000000020858                uip_ds6_get_global
                0x00000000000208d7                uip_ds6_maddr_add
                0x0000000000020949                uip_ds6_maddr_rm
                0x000000000002095b                uip_ds6_maddr_lookup
                0x00000000000209a6                uip_ds6_aaddr_add
                0x0000000000020a18                uip_ds6_aaddr_rm
                0x0000000000020a2a                uip_ds6_aaddr_lookup
                0x0000000000020a75                uip_ds6_select_src
                0x0000000000020bba                uip_ds6_set_addr_iid
                0x0000000000020bf1                uip_ds6_set_lladdr_from_iid
                0x0000000000020c26                get_match_length
                0x0000000000020cb8                uip_ds6_compute_reachable_time
 .text          0x0000000000020d04      0x141 build/cooja///mtype118.a(uip-packetqueue)
                0x0000000000020d30                uip_packetqueue_new
                0x0000000000020d3e                uip_packetqueue_alloc
                0x0000000000020d9e                uip_packetqueue_free
                0x0000000000020ddf                uip_packetqueue_buf
                0x0000000000020dfc                uip_packetqueue_buflen
                0x0000000000020e1d                uip_packetqueue_set_buflen
 .text          0x0000000000020e45      0x12d build/cooja///mtype118.a(uip-udp-packet.)
                0x0000000000020e45                uip_udp_packet_send
                0x0000000000020ea1                uip_udp_packet_sendto
 .text          0x0000000000020f72     0x11d3 build/cooja///mtype118.a(uip6.o)
                0x0000000000021021                uip_chksum
                0x00000000000210fa                uip_icmp6chksum
                0x000000000002110e                uip_udpchksum
                0x0000000000021122                uip_init
                0x000000000002116a                uip_remove_ext_hdr
                0x0000000000021229                uip_udp_new
                0x000000000002155a                uip_process
                0x0000000000022019                uip_htons
                0x000000000002203b                uip_htonl
                0x000000000002207b                uip_send
 .text          0x0000000000022145      0x4e6 build/cooja///mtype118.a(uipbuf.o)
                0x0000000000022145                uipbuf_clear
                0x0000000000022169                uipbuf_add_ext_hdr
                0x00000000000221d6                uipbuf_set_len
                0x0000000000022203                uipbuf_set_len_field
                0x000000000002222e                uipbuf_get_len_field
                0x000000000002224e                uipbuf_get_next_header
                0x0000000000022380                uipbuf_get_last_header
                0x0000000000022413                uipbuf_search_header
                0x00000000000224bf                uipbuf_get_attr
                0x00000000000224e6                uipbuf_set_attr
                0x000000000002251d                uipbuf_set_default_attr
                0x0000000000022554                uipbuf_clear_attr
                0x0000000000022577                uipbuf_set_attr_flag
                0x0000000000022597                uipbuf_clr_attr_flag
                0x00000000000225bb                uipbuf_is_attr_flag
                0x00000000000225df                uipbuf_init
 .text          0x000000000002262b      0x502 build/cooja///mtype118.a(uiplib.o)
                0x000000000002262b                uiplib_ip6addrconv
                0x00000000000227eb                uiplib_ip4addrconv
                0x00000000000228ae                uiplib_ipaddr_print
                0x0000000000022905                uiplib_ipaddr_snprint
 .text          0x0000000000022b2d      0x2b3 build/cooja///mtype118.a(rpl-nbr-policy.)
                0x0000000000022c93                find_removable_dis
                0x0000000000022cb8                find_removable_dio
                0x0000000000022d39                find_removable_dao
                0x0000000000022d89                rpl_nbr_policy_find_removable
 .text          0x0000000000022de0      0x6c0 build/cooja///mtype118.a(rpl.o)
                0x0000000000022de0                rpl_get_mode
                0x0000000000022dea                rpl_set_mode
                0x0000000000022e78                rpl_purge_routes
                0x0000000000022f7d                rpl_remove_routes
                0x0000000000022fc3                rpl_remove_routes_by_nexthop
                0x0000000000023024                rpl_add_route
                0x00000000000230b7                rpl_link_callback
                0x000000000002319c                rpl_ipv6_neighbor_callback
                0x000000000002320b                rpl_purge_dags
 .text          0x00000000000234a0       0x2b build/cooja///mtype118.a(watchdog.o)
                0x00000000000234a0                watchdog_init
                0x00000000000234a5                watchdog_start
                0x00000000000234aa                watchdog_periodic
                0x00000000000234c1                watchdog_stop
                0x00000000000234c6                watchdog_reboot
 .text          0x00000000000234cb       0xda build/cooja///mtype118.a(serial-shell.o)
                0x0000000000023589                serial_shell_init
 .text          0x00000000000235a5      0x406 build/cooja///mtype118.a(shell.o)
                0x00000000000235a5                shell_output_6addr
                0x0000000000023637                shell_output_lladdr
                0x00000000000237d1                shell_input
                0x000000000002399e                shell_init
 .text          0x00000000000239ab       0xb5 build/cooja///mtype118.a(stimer.o)
                0x00000000000239ab                stimer_set
                0x00000000000239c6                stimer_reset
                0x00000000000239ef                stimer_restart
                0x0000000000023a01                stimer_expired
                0x0000000000023a28                stimer_remaining
                0x0000000000023a4c                stimer_elapsed
 .text          0x0000000000023a60      0x1c1 build/cooja///mtype118.a(memb.o)
                0x0000000000023a60                memb_init
                0x0000000000023abe                memb_alloc
                0x0000000000023b23                memb_free
                0x0000000000023b9e                memb_inmemb
                0x0000000000023bdd                memb_numfree
 .text          0x0000000000023c21      0x1eb build/cooja///mtype118.a(ringbufindex.o)
                0x0000000000023c21                ringbufindex_init
                0x0000000000023c49                ringbufindex_put
                0x0000000000023ca4                ringbufindex_peek_put
                0x0000000000023ce8                ringbufindex_get
                0x0000000000023d48                ringbufindex_peek_get
                0x0000000000023d83                ringbufindex_size
                0x0000000000023d94                ringbufindex_elements
                0x0000000000023dba                ringbufindex_full
                0x0000000000023df1                ringbufindex_empty
 .text          0x0000000000023e0c      0x39d build/cooja///mtype118.a(link-stats.o)
                0x0000000000023e0c                link_stats_from_lladdr
                0x0000000000023e28                link_stats_get_lladdr
                0x0000000000023e44                link_stats_is_fresh
                0x0000000000023e7c                guess_etx_from_rssi
                0x0000000000023ef8                link_stats_packet_sent
                0x000000000002400e                link_stats_input_callback
                0x000000000002411d                link_stats_reset
                0x0000000000024168                link_stats_init
 .text          0x00000000000241a9      0x168 build/cooja///mtype118.a(mac-sequence.o)
                0x00000000000241a9                mac_sequence_is_duplicate
                0x0000000000024247                mac_sequence_register_seqno
 .text          0x0000000000024311       0x27 build/cooja///mtype118.a(mac.o)
                0x0000000000024311                mac_call_sent_callback
 .text          0x0000000000024338      0xa8d build/cooja///mtype118.a(frame802154.o)
                0x0000000000024369                frame802154_get_pan_id
                0x0000000000024375                frame802154_set_pan_id
                0x000000000002438e                frame802154_has_panid
                0x000000000002453b                frame802154_check_dest_panid
                0x00000000000245aa                frame802154_is_broadcast_addr
                0x00000000000245f7                frame802154_extract_linkaddr
                0x0000000000024837                frame802154_hdrlen
                0x0000000000024888                frame802154_create_fcf
                0x000000000002493f                frame802154_create
                0x0000000000024a8c                frame802154_parse_fcf
                0x0000000000024b45                frame802154_parse
 .text          0x0000000000024dc5      0x42b build/cooja///mtype118.a(framer-802154.o)
                0x0000000000024f53                framer_802154_setup_params
 .text          0x00000000000251f0      0x3f8 build/cooja///mtype118.a(tsch-adaptive-t)
                0x00000000000251f0                tsch_adaptive_timesync_get_drift_ppm
                0x0000000000025391                tsch_timesync_update
                0x000000000002557b                tsch_timesync_adaptive_compensate
 .text          0x00000000000255e8      0x481 build/cooja///mtype118.a(tsch-log.o)
                0x00000000000255e8                tsch_log_process_pending
                0x000000000002596c                tsch_log_prepare_add
                0x00000000000259ef                tsch_log_commit
                0x0000000000025a19                tsch_log_init
                0x0000000000025a48                tsch_log_stop
 .text          0x0000000000025a69      0x8c8 build/cooja///mtype118.a(tsch-packet.o)
                0x0000000000025a93                tsch_packet_eackbuf_attr
                0x0000000000025aad                tsch_packet_create_eack
                0x0000000000025cc5                tsch_packet_parse_eack
                0x0000000000025e82                tsch_packet_create_eb
                0x0000000000026162                tsch_packet_update_eb
                0x00000000000261e8                tsch_packet_parse_eb
                0x0000000000026308                tsch_packet_set_frame_pending
                0x000000000002631d                tsch_packet_get_frame_pending
 .text          0x0000000000026331      0x9fa build/cooja///mtype118.a(tsch-queue.o)
                0x0000000000026331                tsch_queue_add_nbr
                0x000000000002642f                tsch_queue_get_nbr
                0x0000000000026489                tsch_queue_get_time_source
                0x00000000000264d5                tsch_queue_update_time_source
                0x0000000000026647                tsch_queue_add_packet
                0x0000000000026742                tsch_queue_global_packet_count
                0x000000000002675f                tsch_queue_packet_count
                0x00000000000267a2                tsch_queue_remove_packet_from_queue
                0x00000000000267f0                tsch_queue_free_packet
                0x000000000002681e                tsch_queue_packet_sent
                0x00000000000268d3                tsch_queue_reset
                0x0000000000026926                tsch_queue_free_unused_neighbors
                0x000000000002699e                tsch_queue_is_empty
                0x00000000000269d5                tsch_queue_get_packet_for_nbr
                0x0000000000026af1                tsch_queue_get_packet_for_dest_addr
                0x0000000000026b23                tsch_queue_get_unicast_packet_for_any
                0x0000000000026baa                tsch_queue_backoff_expired
                0x0000000000026bbe                tsch_queue_backoff_reset
                0x0000000000026bd1                tsch_queue_backoff_inc
                0x0000000000026c3b                tsch_queue_update_all_backoff_windows
                0x0000000000026cdc                tsch_queue_init
 .text          0x0000000000026d2b      0x12d build/cooja///mtype118.a(tsch-rpl.o)
                0x0000000000026d2b                tsch_rpl_callback_ka_sent
                0x0000000000026d5d                tsch_rpl_callback_joining_network
                0x0000000000026d62                tsch_rpl_callback_leaving_network
                0x0000000000026d7d                tsch_rpl_callback_new_dio_interval
                0x0000000000026e25                tsch_rpl_callback_parent_switch
 .text          0x0000000000026e58        0x0 build/cooja///mtype118.a(tsch-timeslot-t)
 .text          0x0000000000026e58      0x6e7 build/cooja///mtype118.a(uip-icmp6.o)
                0x0000000000026ec6                uip_icmp6_input
                0x0000000000026f1c                uip_icmp6_register_input_handler
                0x000000000002706c                uip_icmp6_error_output
                0x0000000000027302                uip_icmp6_send
                0x00000000000274d2                uip_icmp6_echo_reply_callback_add
                0x0000000000027503                uip_icmp6_echo_reply_callback_rm
                0x000000000002751f                uip_icmp6_init
 .text          0x000000000002753f      0x694 build/cooja///mtype118.a(uip-nd6.o)
                0x0000000000027bbf                uip_nd6_init
 .text          0x0000000000027bd3      0x2f9 build/cooja///mtype118.a(rpl-dag-root.o)
                0x0000000000027c9c                rpl_dag_root_set_prefix
                0x0000000000027cc8                rpl_dag_root_start
                0x0000000000027e80                rpl_dag_root_is_root
 .text          0x0000000000027ecc     0x27b2 build/cooja///mtype118.a(rpl-dag.o)
                0x0000000000027ecc                rpl_print_neighbor_list
                0x00000000000280b1                rpl_get_nbr
                0x00000000000280f2                rpl_dag_init
                0x000000000002810f                rpl_get_parent
                0x0000000000028131                rpl_get_parent_rank
                0x0000000000028164                rpl_get_parent_link_metric
                0x00000000000281bb                rpl_rank_via_parent
                0x0000000000028212                rpl_get_parent_lladdr
                0x000000000002822e                rpl_parent_get_ipaddr
                0x000000000002824f                rpl_get_parent_link_stats
                0x0000000000028270                rpl_parent_is_fresh
                0x0000000000028291                rpl_parent_is_reachable
                0x00000000000285ed                rpl_set_root
                0x0000000000028859                rpl_repair_root
                0x0000000000028a95                rpl_set_prefix
                0x0000000000028bad                rpl_set_default_route
                0x0000000000028c1b                rpl_alloc_instance
                0x0000000000028cae                rpl_alloc_dag
                0x0000000000028d5f                rpl_set_default_instance
                0x0000000000028d6c                rpl_get_default_instance
                0x0000000000028d76                rpl_free_instance
                0x0000000000028e25                rpl_free_dag
                0x0000000000028ea6                rpl_add_parent
                0x0000000000028f53                rpl_find_parent
                0x0000000000028fab                rpl_find_parent_any_dag
                0x0000000000028fe7                rpl_select_dag
                0x0000000000029399                rpl_select_parent
                0x0000000000029483                rpl_remove_parent
                0x00000000000294aa                rpl_nullify_parent
                0x000000000002956b                rpl_move_parent
                0x0000000000029623                rpl_has_joined
                0x0000000000029638                rpl_has_downward_route
                0x000000000002969b                rpl_get_dag
                0x0000000000029787                rpl_get_any_dag
                0x00000000000297e9                rpl_get_instance
                0x000000000002984c                rpl_find_of
                0x0000000000029889                rpl_join_instance
                0x0000000000029b49                rpl_add_dag
                0x0000000000029f19                rpl_local_repair
                0x0000000000029ff1                rpl_recalculate_ranks
                0x000000000002a077                rpl_process_parent_event
                0x000000000002a1a4                rpl_process_dio
 .text          0x000000000002a67e      0xaac build/cooja///mtype118.a(rpl-ext-header.)
                0x000000000002a67e                rpl_ext_header_hbh_update
                0x000000000002a85e                rpl_ext_header_srh_get_next_hop
                0x000000000002a868                rpl_ext_header_srh_update
                0x000000000002aefb                rpl_ext_header_remove
                0x000000000002b05e                rpl_ext_header_update
 .text          0x000000000002b12a     0x1b4a build/cooja///mtype118.a(rpl-icmp6.o)
                0x000000000002b3de                rpl_icmp6_update_nbr_table
                0x000000000002b4c3                dis_output
                0x000000000002baee                dio_output
                0x000000000002c82b                dao_output
                0x000000000002c8e6                dao_output_target
                0x000000000002cc28                dao_ack_output
                0x000000000002cc3c                rpl_icmp6_register_handlers
 .text          0x000000000002cc74      0x2ea build/cooja///mtype118.a(rpl-mrhof.o)
 .text          0x000000000002cf5e      0x907 build/cooja///mtype118.a(rpl-timers.o)
                0x000000000002d205                rpl_reset_periodic_timer
                0x000000000002d25a                rpl_reset_dio_timer
                0x000000000002d481                rpl_schedule_dao
                0x000000000002d49c                rpl_schedule_dao_immediately
                0x000000000002d4b7                rpl_cancel_dao
                0x000000000002d519                rpl_schedule_unicast_dio_immediately
                0x000000000002d549                get_probing_delay
                0x000000000002d574                get_probing_target
                0x000000000002d7d7                rpl_schedule_probing
                0x000000000002d811                rpl_schedule_probing_now
 .text          0x000000000002d865     0x236d build/cooja///mtype118.a(shell-commands.)
                0x000000000002facd                shell_commands_init
                0x000000000002fb0b                shell_command_set_register
                0x000000000002fb27                shell_command_set_deregister
                0x000000000002fb6a                shell_command_lookup
 .text          0x000000000002fbd2      0xec4 build/cooja///mtype118.a(frame802154e-ie)
                0x000000000002fcdb                frame80215e_create_ie_header_ack_nack_time_correction
                0x000000000002fd65                frame80215e_create_ie_header_list_termination_1
                0x000000000002fdad                frame80215e_create_ie_header_list_termination_2
                0x000000000002fdf5                frame80215e_create_ie_payload_list_termination
                0x000000000002fe3d                frame80215e_create_ie_mlme
                0x000000000002fe8b                frame80215e_create_ie_tsch_synchronization
                0x000000000002ff39                frame80215e_create_ie_tsch_slotframe_and_link
                0x000000000003011a                frame80215e_create_ie_tsch_timeslot
                0x00000000000301ed                frame80215e_create_ie_tsch_channel_hopping_sequence
                0x0000000000030775                frame802154e_parse_information_elements
 .text          0x0000000000030a96      0x6b5 build/cooja///mtype118.a(uip-sr.o)
                0x0000000000030a96                uip_sr_num_nodes
                0x0000000000030b2a                uip_sr_get_node
                0x0000000000030b7f                uip_sr_is_addr_reachable
                0x0000000000030c2a                uip_sr_expire_parent
                0x0000000000030c77                uip_sr_update_node
                0x0000000000030dc1                uip_sr_init
                0x0000000000030dec                uip_sr_node_head
                0x0000000000030e01                uip_sr_node_next
                0x0000000000030e14                uip_sr_periodic
                0x0000000000030f0a                uip_sr_free_all
                0x0000000000030f72                uip_sr_link_snprint
 *fill*         0x000000000003114b        0x5 
 .text          0x0000000000031150      0x172 /usr/lib/gcc/i686-linux-gnu/4.8/libgcc.a(_divdi3.o)
                0x0000000000031150                __divdi3
 *fill*         0x00000000000312c2        0xe 
 .text          0x00000000000312d0      0x124 /usr/lib/gcc/i686-linux-gnu/4.8/libgcc.a(_udivdi3.o)
                0x00000000000312d0                __udivdi3
 .text          0x00000000000313f4        0x0 /usr/lib/gcc/i686-linux-gnu/4.8/crtendS.o
 .text          0x00000000000313f4        0x0 /usr/lib/gcc/i686-linux-gnu/4.8/../../../i386-linux-gnu/crtn.o
 *(.gnu.warning)

.fini           0x00000000000313f4       0x14
 *(SORT(.fini))
 .fini          0x00000000000313f4        0xf /usr/lib/gcc/i686-linux-gnu/4.8/../../../i386-linux-gnu/crti.o
                0x00000000000313f4                _fini
 .fini          0x0000000000031403        0x5 /usr/lib/gcc/i686-linux-gnu/4.8/../../../i386-linux-gnu/crtn.o
                0x0000000000031408                PROVIDE (__etext, .)
                0x0000000000031408                PROVIDE (_etext, .)
                0x0000000000031408                PROVIDE (etext, .)

.rodata         0x0000000000031420     0x124c
 *(.rodata .rodata.* .gnu.linkonce.r.*)
 .rodata        0x0000000000031420       0x80 udp-client.o
                0x000000000003142c                autostart_processes
 .rodata        0x00000000000314a0        0x8 build/cooja///mtype118.a(beep.o)
                0x00000000000314a0                beep_interface
 .rodata        0x00000000000314a8       0x20 build/cooja///mtype118.a(button-sensor.o)
                0x00000000000314a8                button_interface
                0x00000000000314b8                button_sensor
 .rodata        0x00000000000314c8        0x8 build/cooja///mtype118.a(leds-arch.o)
                0x00000000000314c8                leds_interface
 .rodata        0x00000000000314d0        0x8 build/cooja///mtype118.a(moteid.o)
                0x00000000000314d0                moteid_interface
 .rodata        0x00000000000314d8       0x1c build/cooja///mtype118.a(pir-sensor.o)
                0x00000000000314d8                pir_interface
                0x00000000000314e4                pir_sensor
 .rodata        0x00000000000314f4        0xe build/cooja///mtype118.a(rs232.o)
                0x00000000000314f4                rs232_interface
 *fill*         0x0000000000031502        0x2 
 .rodata        0x0000000000031504       0x24 build/cooja///mtype118.a(vib-sensor.o)
                0x0000000000031504                vib_interface
                0x0000000000031518                vib_sensor
 .rodata        0x0000000000031528        0x8 build/cooja///mtype118.a(clock.o)
                0x0000000000031528                clock_interface
 .rodata        0x0000000000031530        0x8 build/cooja///mtype118.a(cooja-log.o)
                0x0000000000031530                simlog_interface
 .rodata        0x0000000000031538       0x2f build/cooja///mtype118.a(cfs-cooja.o)
                0x0000000000031538                cfs_interface
 *fill*         0x0000000000031567       0x19 
 .rodata        0x0000000000031580       0x78 build/cooja///mtype118.a(cooja-radio.o)
                0x0000000000031580                radio_interface
                0x00000000000315c0                cooja_radio_driver
 .rodata        0x00000000000315f8        0x8 build/cooja///mtype118.a(eeprom.o)
                0x00000000000315f8                eeprom_interface
 .rodata        0x0000000000031600        0x8 build/cooja///mtype118.a(sensors.o)
 .rodata        0x0000000000031608       0x44 build/cooja///mtype118.a(orchestra.o)
 .rodata        0x000000000003164c       0xf0 build/cooja///mtype118.a(contiki-main.o)
 .rodata        0x000000000003173c        0xf build/cooja///mtype118.a(ctimer.o)
 .rodata        0x000000000003174b        0xc build/cooja///mtype118.a(etimer.o)
 *fill*         0x0000000000031757        0x1 
 .rodata        0x0000000000031758       0xc0 build/cooja///mtype118.a(log.o)
 .rodata        0x0000000000031818        0xe build/cooja///mtype118.a(serial-line.o)
 .rodata        0x0000000000031826        0x8 build/cooja///mtype118.a(linkaddr.o)
                0x0000000000031826                linkaddr_null
 *fill*         0x000000000003182e        0x2 
 .rodata        0x0000000000031830       0xe0 build/cooja///mtype118.a(tsch-schedule.o)
 .rodata        0x0000000000031910      0x11b build/cooja///mtype118.a(tsch-slot-opera)
 *fill*         0x0000000000031a2b        0x1 
 .rodata        0x0000000000031a2c       0x68 build/cooja///mtype118.a(tsch.o)
                0x0000000000031a2c                tsch_broadcast_address
                0x0000000000031a34                tsch_eb_address
                0x0000000000031a78                tschmac_driver
 .rodata        0x0000000000031a94       0x30 build/cooja///mtype118.a(sicslowpan.o)
                0x0000000000031a94                unc_llconf
                0x0000000000031a98                unc_ctxconf
                0x0000000000031a9c                unc_mxconf
                0x0000000000031aa0                llprefix
                0x0000000000031ab4                sicslowpan_driver
 .rodata        0x0000000000031ac4       0x13 build/cooja///mtype118.a(simple-udp.o)
 .rodata        0x0000000000031ad7        0xd build/cooja///mtype118.a(tcpip.o)
 .rodata        0x0000000000031ae4       0xb9 build/cooja///mtype118.a(uip-ds6-route.o)
 .rodata        0x0000000000031b9d       0x2d build/cooja///mtype118.a(uiplib.o)
 *fill*         0x0000000000031bca       0x16 
 .rodata        0x0000000000031be0       0x70 build/cooja///mtype118.a(rpl.o)
                0x0000000000031c00                rpl_classic_driver
 .rodata        0x0000000000031c50       0x18 build/cooja///mtype118.a(serial-shell.o)
 .rodata        0x0000000000031c68        0x8 build/cooja///mtype118.a(shell.o)
 .rodata        0x0000000000031c70        0xc build/cooja///mtype118.a(framer-802154.o)
                0x0000000000031c70                framer_802154
 .rodata        0x0000000000031c7c       0x50 build/cooja///mtype118.a(tsch-adaptive-t)
 .rodata        0x0000000000031ccc      0x110 build/cooja///mtype118.a(tsch-log.o)
 .rodata        0x0000000000031ddc        0xd build/cooja///mtype118.a(tsch-rpl.o)
 *fill*         0x0000000000031de9        0x1 
 .rodata        0x0000000000031dea       0x18 build/cooja///mtype118.a(tsch-timeslot-t)
                0x0000000000031dea                tsch_timeslot_timing_us_10000
 *fill*         0x0000000000031e02        0x2 
 .rodata        0x0000000000031e04       0x89 build/cooja///mtype118.a(rpl-dag.o)
 *fill*         0x0000000000031e8d       0x13 
 .rodata        0x0000000000031ea0      0x788 build/cooja///mtype118.a(shell-commands.)
                0x0000000000032580                builtin_shell_commands
 .rodata        0x0000000000032628       0x44 build/cooja///mtype118.a(uip-sr.o)

.rodata1
 *(.rodata1)

.eh_frame_hdr   0x000000000003266c     0x19fc
 *(.eh_frame_hdr)
 .eh_frame_hdr  0x000000000003266c     0x19fc udp-client.o

.eh_frame       0x0000000000034068     0x6a9c
 *(.eh_frame)
 .eh_frame      0x0000000000034068       0x3c /usr/lib/gcc/i686-linux-gnu/4.8/../../../i386-linux-gnu/crti.o
                                         0x40 (size before relaxing)
 .eh_frame      0x00000000000340a4       0x40 udp-client.o
                                         0x58 (size before relaxing)
 .eh_frame      0x00000000000340e4      0x178 build/cooja///mtype118.o
                                        0x190 (size before relaxing)
 .eh_frame      0x000000000003425c       0x40 build/cooja///mtype118.a(simEnvChange.o)
                                         0x58 (size before relaxing)
 .eh_frame      0x000000000003429c       0x60 build/cooja///mtype118.a(cooja_mt.o)
                                         0x78 (size before relaxing)
 .eh_frame      0x00000000000342fc       0x80 build/cooja///mtype118.a(cooja_mtarch.o)
                                         0x98 (size before relaxing)
 .eh_frame      0x000000000003437c       0xc8 build/cooja///mtype118.a(rtimer-arch.o)
                                         0xe0 (size before relaxing)
 .eh_frame      0x0000000000034444      0x160 build/cooja///mtype118.a(beep.o)
                                        0x178 (size before relaxing)
 .eh_frame      0x00000000000345a4       0xa0 build/cooja///mtype118.a(button-sensor.o)
                                         0xb8 (size before relaxing)
 .eh_frame      0x0000000000034644       0xa0 build/cooja///mtype118.a(leds-arch.o)
                                         0xb8 (size before relaxing)
 .eh_frame      0x00000000000346e4       0x40 build/cooja///mtype118.a(moteid.o)
                                         0x58 (size before relaxing)
 .eh_frame      0x0000000000034724       0xa0 build/cooja///mtype118.a(pir-sensor.o)
                                         0xb8 (size before relaxing)
 .eh_frame      0x00000000000347c4      0x100 build/cooja///mtype118.a(rs232.o)
                                        0x118 (size before relaxing)
 .eh_frame      0x00000000000348c4       0xa0 build/cooja///mtype118.a(vib-sensor.o)
                                         0xb8 (size before relaxing)
 .eh_frame      0x0000000000034964       0xc0 build/cooja///mtype118.a(clock.o)
                                         0xd8 (size before relaxing)
 .eh_frame      0x0000000000034a24      0x120 build/cooja///mtype118.a(cooja-log.o)
                                        0x138 (size before relaxing)
 .eh_frame      0x0000000000034b44      0x160 build/cooja///mtype118.a(cfs-cooja.o)
                                        0x178 (size before relaxing)
 .eh_frame      0x0000000000034ca4      0x340 build/cooja///mtype118.a(cooja-radio.o)
                                        0x358 (size before relaxing)
 .eh_frame      0x0000000000034fe4       0xa0 build/cooja///mtype118.a(eeprom.o)
                                         0xb8 (size before relaxing)
 .eh_frame      0x0000000000035084       0x40 build/cooja///mtype118.a(random.o)
                                         0x58 (size before relaxing)
 .eh_frame      0x00000000000350c4       0xc0 build/cooja///mtype118.a(sensors.o)
                                         0xd8 (size before relaxing)
 .eh_frame      0x0000000000035184       0x40 build/cooja///mtype118.a(orchestra-rule-)
                                         0x58 (size before relaxing)
 .eh_frame      0x00000000000351c4       0x80 build/cooja///mtype118.a(orchestra-rule-)
                                         0x98 (size before relaxing)
 .eh_frame      0x0000000000035244       0xc4 build/cooja///mtype118.a(orchestra-rule-)
                                         0xdc (size before relaxing)
 .eh_frame      0x0000000000035308      0x12c build/cooja///mtype118.a(orchestra-rule-)
                                        0x144 (size before relaxing)
 .eh_frame      0x0000000000035434       0xe0 build/cooja///mtype118.a(orchestra.o)
                                         0xf8 (size before relaxing)
 .eh_frame      0x0000000000035514       0x20 build/cooja///mtype118.a(contiki-main.o)
                                         0x38 (size before relaxing)
 .eh_frame      0x0000000000035534       0x40 build/cooja///mtype118.a(autostart.o)
                                         0x58 (size before relaxing)
 .eh_frame      0x0000000000035574      0x100 build/cooja///mtype118.a(ctimer.o)
                                        0x118 (size before relaxing)
 .eh_frame      0x0000000000035674       0x60 build/cooja///mtype118.a(energest.o)
                                         0x78 (size before relaxing)
 .eh_frame      0x00000000000356d4      0x1e0 build/cooja///mtype118.a(etimer.o)
                                        0x1f8 (size before relaxing)
 .eh_frame      0x00000000000358b4      0x100 build/cooja///mtype118.a(log.o)
                                        0x118 (size before relaxing)
 .eh_frame      0x00000000000359b4       0x20 build/cooja///mtype118.a(node-id.o)
                                         0x38 (size before relaxing)
 .eh_frame      0x00000000000359d4      0x1c8 build/cooja///mtype118.a(process.o)
                                        0x1e0 (size before relaxing)
 .eh_frame      0x0000000000035b9c       0x60 build/cooja///mtype118.a(rtimer.o)
                                         0x78 (size before relaxing)
 .eh_frame      0x0000000000035bfc       0xa4 build/cooja///mtype118.a(timer.o)
                                         0xbc (size before relaxing)
 .eh_frame      0x0000000000035ca0       0x60 build/cooja///mtype118.a(serial-line.o)
                                         0x78 (size before relaxing)
 .eh_frame      0x0000000000035d00      0x1a0 build/cooja///mtype118.a(list.o)
                                        0x1b8 (size before relaxing)
 .eh_frame      0x0000000000035ea0       0xa0 build/cooja///mtype118.a(ringbuf.o)
                                         0xb8 (size before relaxing)
 .eh_frame      0x0000000000035f40       0x60 build/cooja///mtype118.a(linkaddr.o)
                                         0x78 (size before relaxing)
 .eh_frame      0x0000000000035fa0      0x2ac build/cooja///mtype118.a(nbr-table.o)
                                        0x2c4 (size before relaxing)
 .eh_frame      0x000000000003624c       0x80 build/cooja///mtype118.a(netstack.o)
                                         0x98 (size before relaxing)
 .eh_frame      0x00000000000362cc      0x28c build/cooja///mtype118.a(packetbuf.o)
                                        0x2a4 (size before relaxing)
 .eh_frame      0x0000000000036558      0x1a0 build/cooja///mtype118.a(queuebuf.o)
                                        0x1b8 (size before relaxing)
 .eh_frame      0x00000000000366f8      0x238 build/cooja///mtype118.a(tsch-schedule.o)
                                        0x250 (size before relaxing)
 .eh_frame      0x0000000000036930      0x218 build/cooja///mtype118.a(tsch-slot-opera)
                                        0x230 (size before relaxing)
 .eh_frame      0x0000000000036b48      0x38c build/cooja///mtype118.a(tsch.o)
                                        0x3a4 (size before relaxing)
 .eh_frame      0x0000000000036ed4      0x310 build/cooja///mtype118.a(sicslowpan.o)
                                        0x328 (size before relaxing)
 .eh_frame      0x00000000000371e4       0xd0 build/cooja///mtype118.a(simple-udp.o)
                                         0xe8 (size before relaxing)
 .eh_frame      0x00000000000372b4      0x244 build/cooja///mtype118.a(tcpip.o)
                                        0x25c (size before relaxing)
 .eh_frame      0x00000000000374f8      0x1c0 build/cooja///mtype118.a(uip-ds6-nbr.o)
                                        0x1d8 (size before relaxing)
 .eh_frame      0x00000000000376b8      0x2e0 build/cooja///mtype118.a(uip-ds6-route.o)
                                        0x2f8 (size before relaxing)
 .eh_frame      0x0000000000037998      0x2e8 build/cooja///mtype118.a(uip-ds6.o)
                                        0x300 (size before relaxing)
 .eh_frame      0x0000000000037c80       0xe0 build/cooja///mtype118.a(uip-packetqueue)
                                         0xf8 (size before relaxing)
 .eh_frame      0x0000000000037d60       0x40 build/cooja///mtype118.a(uip-udp-packet.)
                                         0x58 (size before relaxing)
 .eh_frame      0x0000000000037da0      0x1f0 build/cooja///mtype118.a(uip6.o)
                                        0x208 (size before relaxing)
 .eh_frame      0x0000000000037f90      0x200 build/cooja///mtype118.a(uipbuf.o)
                                        0x218 (size before relaxing)
 .eh_frame      0x0000000000038190       0x90 build/cooja///mtype118.a(uiplib.o)
                                         0xa8 (size before relaxing)
 .eh_frame      0x0000000000038220       0xa0 build/cooja///mtype118.a(rpl-nbr-policy.)
                                         0xb8 (size before relaxing)
 .eh_frame      0x00000000000382c0      0x200 build/cooja///mtype118.a(rpl.o)
                                        0x218 (size before relaxing)
 .eh_frame      0x00000000000384c0       0xa0 build/cooja///mtype118.a(watchdog.o)
                                         0xb8 (size before relaxing)
 .eh_frame      0x0000000000038560       0x60 build/cooja///mtype118.a(serial-shell.o)
                                         0x78 (size before relaxing)
 .eh_frame      0x00000000000385c0       0xa0 build/cooja///mtype118.a(shell.o)
                                         0xb8 (size before relaxing)
 .eh_frame      0x0000000000038660       0xc4 build/cooja///mtype118.a(stimer.o)
                                         0xdc (size before relaxing)
 .eh_frame      0x0000000000038724       0xa0 build/cooja///mtype118.a(memb.o)
                                         0xb8 (size before relaxing)
 .eh_frame      0x00000000000387c4      0x120 build/cooja///mtype118.a(ringbufindex.o)
                                        0x138 (size before relaxing)
 .eh_frame      0x00000000000388e4      0x120 build/cooja///mtype118.a(link-stats.o)
                                        0x138 (size before relaxing)
 .eh_frame      0x0000000000038a04       0x48 build/cooja///mtype118.a(mac-sequence.o)
                                         0x60 (size before relaxing)
 .eh_frame      0x0000000000038a4c       0x20 build/cooja///mtype118.a(mac.o)
                                         0x38 (size before relaxing)
 .eh_frame      0x0000000000038a6c      0x1a4 build/cooja///mtype118.a(frame802154.o)
                                        0x1bc (size before relaxing)
 .eh_frame      0x0000000000038c10       0xa8 build/cooja///mtype118.a(framer-802154.o)
                                         0xc0 (size before relaxing)
 .eh_frame      0x0000000000038cb8       0xd8 build/cooja///mtype118.a(tsch-adaptive-t)
                                         0xf0 (size before relaxing)
 .eh_frame      0x0000000000038d90       0xb0 build/cooja///mtype118.a(tsch-log.o)
                                         0xc8 (size before relaxing)
 .eh_frame      0x0000000000038e40      0x144 build/cooja///mtype118.a(tsch-packet.o)
                                        0x15c (size before relaxing)
 .eh_frame      0x0000000000038f84      0x2e8 build/cooja///mtype118.a(tsch-queue.o)
                                        0x300 (size before relaxing)
 .eh_frame      0x000000000003926c       0xa4 build/cooja///mtype118.a(tsch-rpl.o)
                                         0xbc (size before relaxing)
 .eh_frame      0x0000000000039310      0x158 build/cooja///mtype118.a(uip-icmp6.o)
                                        0x170 (size before relaxing)
 .eh_frame      0x0000000000039468       0x88 build/cooja///mtype118.a(uip-nd6.o)
                                         0xa0 (size before relaxing)
 .eh_frame      0x00000000000394f0       0x80 build/cooja///mtype118.a(rpl-dag-root.o)
                                         0x98 (size before relaxing)
 .eh_frame      0x0000000000039570      0x740 build/cooja///mtype118.a(rpl-dag.o)
                                        0x758 (size before relaxing)
 .eh_frame      0x0000000000039cb0      0x12c build/cooja///mtype118.a(rpl-ext-header.)
                                        0x144 (size before relaxing)
 .eh_frame      0x0000000000039ddc      0x298 build/cooja///mtype118.a(rpl-icmp6.o)
                                        0x2b0 (size before relaxing)
 .eh_frame      0x000000000003a074      0x124 build/cooja///mtype118.a(rpl-mrhof.o)
                                        0x13c (size before relaxing)
 .eh_frame      0x000000000003a198      0x26c build/cooja///mtype118.a(rpl-timers.o)
                                        0x284 (size before relaxing)
 .eh_frame      0x000000000003a404      0x29c build/cooja///mtype118.a(shell-commands.)
                                        0x2b4 (size before relaxing)
 .eh_frame      0x000000000003a6a0      0x230 build/cooja///mtype118.a(frame802154e-ie)
                                        0x248 (size before relaxing)
 .eh_frame      0x000000000003a8d0      0x18c build/cooja///mtype118.a(uip-sr.o)
                                        0x1a4 (size before relaxing)
 .eh_frame      0x000000000003aa5c       0x38 /usr/lib/gcc/i686-linux-gnu/4.8/libgcc.a(_divdi3.o)
                                         0x50 (size before relaxing)
 .eh_frame      0x000000000003aa94       0x6c /usr/lib/gcc/i686-linux-gnu/4.8/libgcc.a(_udivdi3.o)
                                         0x84 (size before relaxing)
 .eh_frame      0x000000000003ab00        0x4 /usr/lib/gcc/i686-linux-gnu/4.8/crtendS.o

.gcc_except_table
 *(.gcc_except_table .gcc_except_table.*)

.exception_ranges
 *(.exception_ranges .exception_ranges*)
                0x000000000003ab04                . = (ALIGN (0x1000) - ((0x1000 - .) & 0xfff))
                0x000000000003bef8                . = DATA_SEGMENT_ALIGN (0x1000, 0x1000)

.eh_frame
 *(.eh_frame)

.gcc_except_table
 *(.gcc_except_table .gcc_except_table.*)

.exception_ranges
 *(.exception_ranges .exception_ranges*)

.tdata
 *(.tdata .tdata.* .gnu.linkonce.td.*)

.tbss
 *(.tbss .tbss.* .gnu.linkonce.tb.*)
 *(.tcommon)

.preinit_array
 *(.preinit_array)

.init_array     0x000000000003bef8        0x4
 *(SORT(.init_array.*) SORT(.ctors.*))
 *(.init_array EXCLUDE_FILE(*crtend?.o *crtend.o *crtbegin?.o *crtbegin.o) .ctors)
 .init_array    0x000000000003bef8        0x4 /usr/lib/gcc/i686-linux-gnu/4.8/crtbeginS.o

.fini_array     0x000000000003befc        0x4
 *(SORT(.fini_array.*) SORT(.dtors.*))
 *(.fini_array EXCLUDE_FILE(*crtend?.o *crtend.o *crtbegin?.o *crtbegin.o) .dtors)
 .fini_array    0x000000000003befc        0x4 /usr/lib/gcc/i686-linux-gnu/4.8/crtbeginS.o

.ctors
 *crtbegin.o(.ctors)
 *crtbegin?.o(.ctors)
 *(EXCLUDE_FILE(*crtend?.o *crtend.o) .ctors)
 *(SORT(.ctors.*))
 *(.ctors)

.dtors
 *crtbegin.o(.dtors)
 *crtbegin?.o(.dtors)
 *(EXCLUDE_FILE(*crtend?.o *crtend.o) .dtors)
 *(SORT(.dtors.*))
 *(.dtors)

.jcr            0x000000000003bf00        0x4
 *(.jcr)
 .jcr           0x000000000003bf00        0x0 /usr/lib/gcc/i686-linux-gnu/4.8/crtbeginS.o
 .jcr           0x000000000003bf00        0x4 /usr/lib/gcc/i686-linux-gnu/4.8/crtendS.o

.data.rel.ro
 *(.data.rel.ro.local* .gnu.linkonce.d.rel.ro.local.*)
 *(.data.rel.ro .data.rel.ro.* .gnu.linkonce.d.rel.ro.*)

.dynamic        0x000000000003bf04       0xe8
 *(.dynamic)
 .dynamic       0x000000000003bf04       0xe8 /usr/lib/gcc/i686-linux-gnu/4.8/../../../i386-linux-gnu/crti.o
                0x000000000003bf04                _DYNAMIC

.got            0x000000000003bfec       0x14
 *(.got)
 .got           0x000000000003bfec       0x14 /usr/lib/gcc/i686-linux-gnu/4.8/../../../i386-linux-gnu/crti.o
 *(.igot)
                0x000000000003cff4                . = DATA_SEGMENT_RELRO_END (., (SIZEOF (.got.plt) >= 0xc)?0xc:0x0)

.got.plt        0x000000000003c000       0x14
 *(.got.plt)
 .got.plt       0x000000000003c000       0x14 /usr/lib/gcc/i686-linux-gnu/4.8/../../../i386-linux-gnu/crti.o
                0x000000000003c000                _GLOBAL_OFFSET_TABLE_
 *(.igot.plt)

.data           0x000000000003c020      0x400
 *(.data .data.* .gnu.linkonce.d.*)
 .data          0x000000000003c020        0x0 /usr/lib/gcc/i686-linux-gnu/4.8/../../../i386-linux-gnu/crti.o
 .data          0x000000000003c020        0x0 /usr/lib/gcc/i686-linux-gnu/4.8/crtbeginS.o
 .data.rel      0x000000000003c020        0x4 /usr/lib/gcc/i686-linux-gnu/4.8/crtbeginS.o
                0x000000000003c020                __dso_handle
 .data          0x000000000003c024       0x10 udp-client.o
                0x000000000003c024                udp_client_process
 *fill*         0x000000000003c034        0xc 
 .data          0x000000000003c040       0x44 build/cooja///mtype118.o
                0x000000000003c040                simInterfaces
                0x000000000003c074                sensors
 .data          0x000000000003c084        0x0 build/cooja///mtype118.a(simEnvChange.o)
 .data          0x000000000003c084        0x0 build/cooja///mtype118.a(cooja_mt.o)
 .data          0x000000000003c084        0x0 build/cooja///mtype118.a(cooja_mtarch.o)
 .data          0x000000000003c084        0x0 build/cooja///mtype118.a(rtimer-arch.o)
 .data          0x000000000003c084        0x0 build/cooja///mtype118.a(beep.o)
 .data          0x000000000003c084        0x0 build/cooja///mtype118.a(button-sensor.o)
 .data          0x000000000003c084        0x0 build/cooja///mtype118.a(leds-arch.o)
 .data          0x000000000003c084        0x0 build/cooja///mtype118.a(moteid.o)
 .data          0x000000000003c084        0x0 build/cooja///mtype118.a(pir-sensor.o)
 .data          0x000000000003c084        0x0 build/cooja///mtype118.a(rs232.o)
 .data          0x000000000003c084        0x0 build/cooja///mtype118.a(vib-sensor.o)
 .data          0x000000000003c084        0x0 build/cooja///mtype118.a(clock.o)
 .data          0x000000000003c084        0x0 build/cooja///mtype118.a(cooja-log.o)
 .data          0x000000000003c084        0x0 build/cooja///mtype118.a(cfs-cooja.o)
 .data          0x000000000003c084       0x2c build/cooja///mtype118.a(cooja-radio.o)
                0x000000000003c084                simRadioHWOn
                0x000000000003c088                simSignalStrength
                0x000000000003c08c                simLastSignalStrength
                0x000000000003c090                simPower
                0x000000000003c094                simRadioChannel
                0x000000000003c098                simLQI
                0x000000000003c0a0                cooja_radio_process
 .data          0x000000000003c0b0        0x0 build/cooja///mtype118.a(eeprom.o)
 .data          0x000000000003c0b0        0x0 build/cooja///mtype118.a(random.o)
 .data          0x000000000003c0b0       0x10 build/cooja///mtype118.a(sensors.o)
                0x000000000003c0b0                sensors_process
 .data          0x000000000003c0c0       0x14 build/cooja///mtype118.a(orchestra-rule-)
                0x000000000003c0c0                default_common
 .data          0x000000000003c0d4       0x14 build/cooja///mtype118.a(orchestra-rule-)
                0x000000000003c0d4                eb_per_time_source
 .data          0x000000000003c0e8       0x14 build/cooja///mtype118.a(orchestra-rule-)
                0x000000000003c0e8                unicast_per_neighbor_rpl_ns
 .data          0x000000000003c0fc       0x14 build/cooja///mtype118.a(orchestra-rule-)
                0x000000000003c0fc                unicast_per_neighbor_rpl_storing
 .data          0x000000000003c110       0x18 build/cooja///mtype118.a(orchestra.o)
                0x000000000003c11c                all_rules
 .data          0x000000000003c128        0x0 build/cooja///mtype118.a(contiki-main.o)
 .data          0x000000000003c128        0x0 build/cooja///mtype118.a(autostart.o)
 .data          0x000000000003c128       0x14 build/cooja///mtype118.a(ctimer.o)
                0x000000000003c12c                ctimer_process
 .data          0x000000000003c13c        0x0 build/cooja///mtype118.a(energest.o)
 .data          0x000000000003c13c       0x10 build/cooja///mtype118.a(etimer.o)
                0x000000000003c13c                etimer_process
 *fill*         0x000000000003c14c       0x14 
 .data          0x000000000003c160       0xb0 build/cooja///mtype118.a(log.o)
                0x000000000003c160                curr_log_level_main
                0x000000000003c180                all_modules
 .data          0x000000000003c210        0x0 build/cooja///mtype118.a(node-id.o)
 .data          0x000000000003c210        0x0 build/cooja///mtype118.a(process.o)
 .data          0x000000000003c210        0x0 build/cooja///mtype118.a(rtimer.o)
 .data          0x000000000003c210        0x0 build/cooja///mtype118.a(timer.o)
 .data          0x000000000003c210       0x10 build/cooja///mtype118.a(serial-line.o)
                0x000000000003c210                serial_line_process
 .data          0x000000000003c220        0x0 build/cooja///mtype118.a(list.o)
 .data          0x000000000003c220        0x0 build/cooja///mtype118.a(ringbuf.o)
 .data          0x000000000003c220        0x0 build/cooja///mtype118.a(linkaddr.o)
 .data          0x000000000003c220       0x10 build/cooja///mtype118.a(nbr-table.o)
 .data          0x000000000003c230        0x4 build/cooja///mtype118.a(netstack.o)
 .data          0x000000000003c234        0x4 build/cooja///mtype118.a(packetbuf.o)
 .data          0x000000000003c238       0x18 build/cooja///mtype118.a(queuebuf.o)
 .data          0x000000000003c250       0x1c build/cooja///mtype118.a(tsch-schedule.o)
 .data          0x000000000003c26c        0x4 build/cooja///mtype118.a(tsch-slot-opera)
 .data          0x000000000003c270       0x30 build/cooja///mtype118.a(tsch.o)
                0x000000000003c270                tsch_process
                0x000000000003c280                tsch_send_eb_process
                0x000000000003c290                tsch_pending_events_process
 .data          0x000000000003c2a0        0x0 build/cooja///mtype118.a(sicslowpan.o)
 .data          0x000000000003c2a0       0x10 build/cooja///mtype118.a(simple-udp.o)
                0x000000000003c2a0                simple_udp_process
 .data          0x000000000003c2b0       0x10 build/cooja///mtype118.a(tcpip.o)
                0x000000000003c2b0                tcpip_process
 .data          0x000000000003c2c0       0x14 build/cooja///mtype118.a(uip-ds6-nbr.o)
 .data          0x000000000003c2d4       0x44 build/cooja///mtype118.a(uip-ds6-route.o)
                0x000000000003c2e4                nbr_routes
 .data          0x000000000003c318        0x0 build/cooja///mtype118.a(uip-ds6.o)
 .data          0x000000000003c318        0xc build/cooja///mtype118.a(uip-packetqueue)
 .data          0x000000000003c324        0x0 build/cooja///mtype118.a(uip-udp-packet.)
 .data          0x000000000003c324        0x0 build/cooja///mtype118.a(uip6.o)
 .data          0x000000000003c324        0x0 build/cooja///mtype118.a(uipbuf.o)
 .data          0x000000000003c324        0x0 build/cooja///mtype118.a(uiplib.o)
 .data          0x000000000003c324        0x0 build/cooja///mtype118.a(rpl-nbr-policy.)
 .data          0x000000000003c324        0x0 build/cooja///mtype118.a(rpl.o)
 .data          0x000000000003c324        0x0 build/cooja///mtype118.a(watchdog.o)
 .data          0x000000000003c324       0x10 build/cooja///mtype118.a(serial-shell.o)
                0x000000000003c324                serial_shell_process
 .data          0x000000000003c334        0x0 build/cooja///mtype118.a(shell.o)
 .data          0x000000000003c334        0x0 build/cooja///mtype118.a(stimer.o)
 .data          0x000000000003c334        0x0 build/cooja///mtype118.a(memb.o)
 .data          0x000000000003c334        0x0 build/cooja///mtype118.a(ringbufindex.o)
 .data          0x000000000003c334       0x14 build/cooja///mtype118.a(link-stats.o)
 .data          0x000000000003c348        0x0 build/cooja///mtype118.a(mac-sequence.o)
 .data          0x000000000003c348        0x0 build/cooja///mtype118.a(mac.o)
 .data          0x000000000003c348        0x2 build/cooja///mtype118.a(frame802154.o)
 .data          0x000000000003c34a        0x0 build/cooja///mtype118.a(framer-802154.o)
 .data          0x000000000003c34a        0x0 build/cooja///mtype118.a(tsch-adaptive-t)
 .data          0x000000000003c34a        0x0 build/cooja///mtype118.a(tsch-log.o)
 .data          0x000000000003c34a        0x0 build/cooja///mtype118.a(tsch-packet.o)
 *fill*         0x000000000003c34a        0x2 
 .data          0x000000000003c34c       0x1c build/cooja///mtype118.a(tsch-queue.o)
 .data          0x000000000003c368        0x0 build/cooja///mtype118.a(tsch-rpl.o)
 .data          0x000000000003c368        0x0 build/cooja///mtype118.a(tsch-timeslot-t)
 .data          0x000000000003c368       0x20 build/cooja///mtype118.a(uip-icmp6.o)
 .data          0x000000000003c388        0xc build/cooja///mtype118.a(uip-nd6.o)
 .data          0x000000000003c394        0x0 build/cooja///mtype118.a(rpl-dag-root.o)
 .data          0x000000000003c394       0x14 build/cooja///mtype118.a(rpl-dag.o)
                0x000000000003c3a4                rpl_parents
 .data          0x000000000003c3a8        0x0 build/cooja///mtype118.a(rpl-ext-header.)
 .data          0x000000000003c3a8       0x34 build/cooja///mtype118.a(rpl-icmp6.o)
 *fill*         0x000000000003c3dc        0x4 
 .data          0x000000000003c3e0       0x24 build/cooja///mtype118.a(rpl-mrhof.o)
                0x000000000003c3e0                rpl_mrhof
 .data          0x000000000003c404        0x0 build/cooja///mtype118.a(rpl-timers.o)
 .data          0x000000000003c404        0xc build/cooja///mtype118.a(shell-commands.)
 .data          0x000000000003c410        0x0 build/cooja///mtype118.a(frame802154e-ie)
 .data          0x000000000003c410       0x10 build/cooja///mtype118.a(uip-sr.o)
 .data          0x000000000003c420        0x0 /usr/lib/gcc/i686-linux-gnu/4.8/libgcc.a(_divdi3.o)
 .data          0x000000000003c420        0x0 /usr/lib/gcc/i686-linux-gnu/4.8/libgcc.a(_udivdi3.o)
 .data          0x000000000003c420        0x0 /usr/lib/gcc/i686-linux-gnu/4.8/crtendS.o
 .data          0x000000000003c420        0x0 /usr/lib/gcc/i686-linux-gnu/4.8/../../../i386-linux-gnu/crtn.o

.tm_clone_table
                0x000000000003c420        0x0
 .tm_clone_table
                0x000000000003c420        0x0 /usr/lib/gcc/i686-linux-gnu/4.8/crtbeginS.o
 .tm_clone_table
                0x000000000003c420        0x0 /usr/lib/gcc/i686-linux-gnu/4.8/crtendS.o

.data1
 *(.data1)
                0x000000000003c420                _edata = .
                0x000000000003c420                PROVIDE (edata, .)
                0x000000000003c420                . = .
                0x000000000003c420                __bss_start = .

.bss            0x000000000003c420    0x2bdd8
 *(.dynbss)
 .dynbss        0x0000000000000000        0x0 /usr/lib/gcc/i686-linux-gnu/4.8/../../../i386-linux-gnu/crti.o
 *(.bss .bss.* .gnu.linkonce.b.*)
 .bss           0x000000000003c420        0x0 /usr/lib/gcc/i686-linux-gnu/4.8/../../../i386-linux-gnu/crti.o
 .bss           0x000000000003c420        0x1 /usr/lib/gcc/i686-linux-gnu/4.8/crtbeginS.o
 *fill*         0x000000000003c421       0x1f 
 .bss           0x000000000003c440       0x60 udp-client.o
 .bss           0x000000000003c4a0     0x2030 build/cooja///mtype118.o
 .bss           0x000000000003e4d0        0x1 build/cooja///mtype118.a(simEnvChange.o)
                0x000000000003e4d0                simDontFallAsleep
 *fill*         0x000000000003e4d1        0x3 
 .bss           0x000000000003e4d4        0x4 build/cooja///mtype118.a(cooja_mt.o)
 .bss           0x000000000003e4d8        0x4 build/cooja///mtype118.a(cooja_mtarch.o)
 .bss           0x000000000003e4dc        0x0 build/cooja///mtype118.a(rtimer-arch.o)
 .bss           0x000000000003e4dc        0x0 build/cooja///mtype118.a(beep.o)
 .bss           0x000000000003e4dc        0x8 build/cooja///mtype118.a(button-sensor.o)
 .bss           0x000000000003e4e4        0x0 build/cooja///mtype118.a(leds-arch.o)
 .bss           0x000000000003e4e4        0x0 build/cooja///mtype118.a(moteid.o)
 .bss           0x000000000003e4e4        0x1 build/cooja///mtype118.a(pir-sensor.o)
                0x000000000003e4e4                simPirValue
 *fill*         0x000000000003e4e5        0x3 
 .bss           0x000000000003e4e8        0x4 build/cooja///mtype118.a(rs232.o)
 .bss           0x000000000003e4ec        0x1 build/cooja///mtype118.a(vib-sensor.o)
                0x000000000003e4ec                simVibValue
 .bss           0x000000000003e4ed        0x0 build/cooja///mtype118.a(clock.o)
 *fill*         0x000000000003e4ed       0x13 
 .bss           0x000000000003e500     0x2020 build/cooja///mtype118.a(cooja-log.o)
 .bss           0x0000000000040520      0xfc0 build/cooja///mtype118.a(cfs-cooja.o)
                0x0000000000040520                simCFSData
                0x00000000000414c0                simCFSSize
                0x00000000000414c4                simCFSChanged
                0x00000000000414c8                simCFSRead
                0x00000000000414cc                simCFSWritten
 .bss           0x00000000000414e0       0x24 build/cooja///mtype118.a(cooja-radio.o)
                0x00000000000414e0                simReceiving
                0x00000000000414e4                simInSize
                0x00000000000414e8                simLastPacketTimestamp
                0x00000000000414f0                simOutSize
 .bss           0x0000000000041504        0xc build/cooja///mtype118.a(eeprom.o)
                0x0000000000041504                simEEPROMChanged
                0x0000000000041508                simEEPROMRead
                0x000000000004150c                simEEPROMWritten
 .bss           0x0000000000041510        0x0 build/cooja///mtype118.a(random.o)
 .bss           0x0000000000041510        0xc build/cooja///mtype118.a(sensors.o)
 .bss           0x000000000004151c        0x4 build/cooja///mtype118.a(orchestra-rule-)
 .bss           0x0000000000041520        0x8 build/cooja///mtype118.a(orchestra-rule-)
 .bss           0x0000000000041528        0x8 build/cooja///mtype118.a(orchestra-rule-)
 .bss           0x0000000000041530        0x8 build/cooja///mtype118.a(orchestra-rule-)
 .bss           0x0000000000041538        0x4 build/cooja///mtype118.a(orchestra.o)
                0x0000000000041538                orchestra_parent_knows_us
 .bss           0x000000000004153c        0x0 build/cooja///mtype118.a(contiki-main.o)
 .bss           0x000000000004153c        0x0 build/cooja///mtype118.a(autostart.o)
 .bss           0x000000000004153c        0x5 build/cooja///mtype118.a(ctimer.o)
 .bss           0x0000000000041541        0x0 build/cooja///mtype118.a(energest.o)
 *fill*         0x0000000000041541        0x3 
 .bss           0x0000000000041544        0x8 build/cooja///mtype118.a(etimer.o)
 .bss           0x000000000004154c       0x28 build/cooja///mtype118.a(log.o)
                0x000000000004154c                curr_log_level_rpl
                0x0000000000041550                curr_log_level_tcpip
                0x0000000000041554                curr_log_level_ipv6
                0x0000000000041558                curr_log_level_6lowpan
                0x000000000004155c                curr_log_level_nullnet
                0x0000000000041560                curr_log_level_mac
                0x0000000000041564                curr_log_level_framer
                0x0000000000041568                curr_log_level_6top
                0x000000000004156c                curr_log_level_coap
                0x0000000000041570                curr_log_level_lwm2m
 .bss           0x0000000000041574        0x2 build/cooja///mtype118.a(node-id.o)
                0x0000000000041574                node_id
 *fill*         0x0000000000041576        0xa 
 .bss           0x0000000000041580      0x1a1 build/cooja///mtype118.a(process.o)
                0x0000000000041580                process_list
                0x0000000000041584                process_current
 *fill*         0x0000000000041721        0x3 
 .bss           0x0000000000041724        0x4 build/cooja///mtype118.a(rtimer.o)
 .bss           0x0000000000041728        0x0 build/cooja///mtype118.a(timer.o)
 *fill*         0x0000000000041728       0x18 
 .bss           0x0000000000041740      0x140 build/cooja///mtype118.a(serial-line.o)
 .bss           0x0000000000041880        0x0 build/cooja///mtype118.a(list.o)
 .bss           0x0000000000041880        0x0 build/cooja///mtype118.a(ringbuf.o)
 .bss           0x0000000000041880        0x0 build/cooja///mtype118.a(linkaddr.o)
 .bss           0x0000000000041880     0x1214 build/cooja///mtype118.a(nbr-table.o)
 .bss           0x0000000000042a94        0x4 build/cooja///mtype118.a(netstack.o)
 *fill*         0x0000000000042a98        0x8 
 .bss           0x0000000000042aa0       0xa0 build/cooja///mtype118.a(packetbuf.o)
 .bss           0x0000000000042b40     0x2d80 build/cooja///mtype118.a(queuebuf.o)
 .bss           0x00000000000458c0      0x4ac build/cooja///mtype118.a(tsch-schedule.o)
 *fill*         0x0000000000045d6c       0x14 
 .bss           0x0000000000045d80      0x1b8 build/cooja///mtype118.a(tsch-slot-opera)
                0x0000000000045d80                last_timesource_neighbor
                0x0000000000045d84                current_link
                0x0000000000045d88                tsch_current_burst_count
 *fill*         0x0000000000045f38        0x8 
 .bss           0x0000000000045f40      0x124 build/cooja///mtype118.a(tsch.o)
                0x0000000000045f40                tsch_is_started
                0x0000000000045f44                tsch_is_initialized
                0x0000000000045f48                tsch_is_coordinator
                0x0000000000045f4c                tsch_is_associated
                0x0000000000045f50                tsch_association_count
                0x0000000000045f54                tsch_is_pan_secured
 *fill*         0x0000000000046064       0x1c 
 .bss           0x0000000000046080      0x724 build/cooja///mtype118.a(sicslowpan.o)
 *fill*         0x00000000000467a4       0x1c 
 .bss           0x00000000000467c0      0x520 build/cooja///mtype118.a(simple-udp.o)
 .bss           0x0000000000046ce0       0x10 build/cooja///mtype118.a(tcpip.o)
 *fill*         0x0000000000046cf0       0x10 
 .bss           0x0000000000046d00     0x1c20 build/cooja///mtype118.a(uip-ds6-nbr.o)
 .bss           0x0000000000048920     0x44a4 build/cooja///mtype118.a(uip-ds6-route.o)
 .bss           0x000000000004cdc4       0x20 build/cooja///mtype118.a(uip-ds6.o)
 *fill*         0x000000000004cde4       0x1c 
 .bss           0x000000000004ce00      0xa78 build/cooja///mtype118.a(uip-packetqueue)
 .bss           0x000000000004d878        0x0 build/cooja///mtype118.a(uip-udp-packet.)
 .bss           0x000000000004d878        0x6 build/cooja///mtype118.a(uip6.o)
                0x000000000004d878                uip_ext_bitmap
                0x000000000004d879                uip_ext_len
                0x000000000004d87a                uip_last_proto
 .bss           0x000000000004d87e       0x18 build/cooja///mtype118.a(uipbuf.o)
 .bss           0x000000000004d896        0x0 build/cooja///mtype118.a(uiplib.o)
 *fill*         0x000000000004d896        0x2 
 .bss           0x000000000004d898       0x12 build/cooja///mtype118.a(rpl-nbr-policy.)
 *fill*         0x000000000004d8aa        0x2 
 .bss           0x000000000004d8ac        0x4 build/cooja///mtype118.a(rpl.o)
 .bss           0x000000000004d8b0        0x0 build/cooja///mtype118.a(watchdog.o)
 .bss           0x000000000004d8b0        0x2 build/cooja///mtype118.a(serial-shell.o)
 *fill*         0x000000000004d8b2        0x2 
 .bss           0x000000000004d8b4        0xa build/cooja///mtype118.a(shell.o)
 .bss           0x000000000004d8be        0x0 build/cooja///mtype118.a(stimer.o)
 .bss           0x000000000004d8be        0x0 build/cooja///mtype118.a(memb.o)
 .bss           0x000000000004d8be        0x0 build/cooja///mtype118.a(ringbufindex.o)
 *fill*         0x000000000004d8be        0x2 
 .bss           0x000000000004d8c0      0xe10 build/cooja///mtype118.a(link-stats.o)
 *fill*         0x000000000004e6d0       0x10 
 .bss           0x000000000004e6e0      0x100 build/cooja///mtype118.a(mac-sequence.o)
 .bss           0x000000000004e7e0        0x0 build/cooja///mtype118.a(mac.o)
 .bss           0x000000000004e7e0        0x0 build/cooja///mtype118.a(frame802154.o)
 .bss           0x000000000004e7e0        0x2 build/cooja///mtype118.a(framer-802154.o)