Archive member included to satisfy reference by file (symbol)

build/cooja///mtype972.a(simEnvChange.o)
                              build/cooja///mtype972.o (simDontFallAsleep)
build/cooja///mtype972.a(cooja_mt.o)
                              build/cooja///mtype972.o (cooja_mt_start)
build/cooja///mtype972.a(cooja_mtarch.o)
                              build/cooja///mtype972.a(cooja_mt.o) (cooja_mtarch_start)
build/cooja///mtype972.a(rtimer-arch.o)
                              build/cooja///mtype972.o (rtimer_arch_check)
build/cooja///mtype972.a(beep.o)
                              build/cooja///mtype972.o (beep_interface)
build/cooja///mtype972.a(button-sensor.o)
                              build/cooja///mtype972.o (button_interface)
build/cooja///mtype972.a(leds-arch.o)
                              build/cooja///mtype972.o (leds_interface)
build/cooja///mtype972.a(moteid.o)
                              build/cooja///mtype972.o (moteid_interface)
build/cooja///mtype972.a(pir-sensor.o)
                              build/cooja///mtype972.o (pir_interface)
build/cooja///mtype972.a(rs232.o)
                              build/cooja///mtype972.o (rs232_interface)
build/cooja///mtype972.a(vib-sensor.o)
                              build/cooja///mtype972.o (vib_interface)
build/cooja///mtype972.a(clock.o)
                              build/cooja///mtype972.o (clock_interface)
build/cooja///mtype972.a(cooja-log.o)
                              build/cooja///mtype972.o (simlog_interface)
build/cooja///mtype972.a(cfs-cooja.o)
                              build/cooja///mtype972.o (cfs_interface)
build/cooja///mtype972.a(cooja-radio.o)
                              build/cooja///mtype972.o (radio_interface)
build/cooja///mtype972.a(eeprom.o)
                              build/cooja///mtype972.o (eeprom_interface)
build/cooja///mtype972.a(random.o)
                              build/cooja///mtype972.a(moteid.o) (random_init)
build/cooja///mtype972.a(sensors.o)
                              build/cooja///mtype972.a(button-sensor.o) (sensors_changed)
build/cooja///mtype972.a(orchestra-rule-)
                              udp-server.o (default_common)
build/cooja///mtype972.a(orchestra-rule-)
                              udp-server.o (eb_per_time_source)
build/cooja///mtype972.a(orchestra-rule-)
                              udp-server.o (unicast_per_neighbor_rpl_ns)
build/cooja///mtype972.a(orchestra-rule-)
                              udp-server.o (unicast_per_neighbor_rpl_storing)
build/cooja///mtype972.a(orchestra.o)
                              build/cooja///mtype972.a(orchestra-rule-) (orchestra_parent_linkaddr)
build/cooja///mtype972.a(contiki-main.o)
                              build/cooja///mtype972.o (main)
build/cooja///mtype972.a(autostart.o)
                              build/cooja///mtype972.a(contiki-main.o) (autostart_start)
build/cooja///mtype972.a(ctimer.o)
                              build/cooja///mtype972.a(contiki-main.o) (ctimer_init)
build/cooja///mtype972.a(energest.o)
                              build/cooja///mtype972.a(contiki-main.o) (energest_init)
build/cooja///mtype972.a(etimer.o)
                              build/cooja///mtype972.a(contiki-main.o) (etimer_process)
build/cooja///mtype972.a(log.o)
                              build/cooja///mtype972.a(contiki-main.o) (curr_log_level_main)
build/cooja///mtype972.a(node-id.o)
                              build/cooja///mtype972.a(contiki-main.o) (node_id)
build/cooja///mtype972.a(process.o)
                              build/cooja///mtype972.a(ctimer.o) (process_current)
build/cooja///mtype972.a(rtimer.o)
                              build/cooja///mtype972.a(contiki-main.o) (rtimer_init)
build/cooja///mtype972.a(timer.o)
                              build/cooja///mtype972.a(button-sensor.o) (timer_set)
build/cooja///mtype972.a(serial-line.o)
                              build/cooja///mtype972.a(rs232.o) (serial_line_input_byte)
build/cooja///mtype972.a(list.o)
                              build/cooja///mtype972.a(ctimer.o) (list_init)
build/cooja///mtype972.a(ringbuf.o)
                              build/cooja///mtype972.a(serial-line.o) (ringbuf_init)
build/cooja///mtype972.a(linkaddr.o)
                              build/cooja///mtype972.a(orchestra-rule-) (linkaddr_node_addr)
build/cooja///mtype972.a(nbr-table.o)
                              build/cooja///mtype972.a(orchestra-rule-) (nbr_table_head)
build/cooja///mtype972.a(netstack.o)
                              build/cooja///mtype972.a(contiki-main.o) (netstack_init)
build/cooja///mtype972.a(packetbuf.o)
                              build/cooja///mtype972.a(cooja-radio.o) (packetbuf_clear)
build/cooja///mtype972.a(queuebuf.o)
                              build/cooja///mtype972.a(contiki-main.o) (queuebuf_init)
build/cooja///mtype972.a(tsch-schedule.o)
[...]
Memory Configuration

Name             Origin             Length             Attributes
*default*        0x0000000000000000 0xffffffffffffffff

Linker script and memory map

LOAD /usr/lib/gcc/i686-linux-gnu/4.8/../../../i386-linux-gnu/crti.o
LOAD /usr/lib/gcc/i686-linux-gnu/4.8/crtbeginS.o
LOAD udp-server.o
LOAD build/cooja///mtype972.o
LOAD build/cooja///mtype972.a
LOAD /usr/lib/gcc/i686-linux-gnu/4.8/libgcc.a
LOAD /usr/lib/gcc/i686-linux-gnu/4.8/libgcc_s.so
LOAD /usr/lib/gcc/i686-linux-gnu/4.8/../../../i386-linux-gnu/libc.so
START GROUP
LOAD /lib/i386-linux-gnu/libc.so.6
LOAD /usr/lib/i386-linux-gnu/libc_nonshared.a
LOAD /lib/i386-linux-gnu/ld-linux.so.2
END GROUP
LOAD /usr/lib/gcc/i686-linux-gnu/4.8/libgcc.a
LOAD /usr/lib/gcc/i686-linux-gnu/4.8/libgcc_s.so
LOAD /usr/lib/gcc/i686-linux-gnu/4.8/crtendS.o
LOAD /usr/lib/gcc/i686-linux-gnu/4.8/../../../i386-linux-gnu/crtn.o
                0x0000000000000114                . = (0x0 + SIZEOF_HEADERS)

.note.gnu.build-id
                0x0000000000000114       0x24
 *(.note.gnu.build-id)
 .note.gnu.build-id
                0x0000000000000114       0x24 /usr/lib/gcc/i686-linux-gnu/4.8/../../../i386-linux-gnu/crti.o

.hash
 *(.hash)

.gnu.hash       0x0000000000000138     0x159c
 *(.gnu.hash)
 .gnu.hash      0x0000000000000138     0x159c /usr/lib/gcc/i686-linux-gnu/4.8/../../../i386-linux-gnu/crti.o

.dynsym         0x00000000000016d4     0x2ee0
 *(.dynsym)
 .dynsym        0x00000000000016d4     0x2ee0 /usr/lib/gcc/i686-linux-gnu/4.8/../../../i386-linux-gnu/crti.o

.dynstr         0x00000000000045b4     0x3639
 *(.dynstr)
 .dynstr        0x00000000000045b4     0x3639 /usr/lib/gcc/i686-linux-gnu/4.8/../../../i386-linux-gnu/crti.o

.gnu.version    0x0000000000007bee      0x5dc
 *(.gnu.version)
 .gnu.version   0x0000000000007bee      0x5dc /usr/lib/gcc/i686-linux-gnu/4.8/../../../i386-linux-gnu/crti.o

.gnu.version_d  0x00000000000081cc        0x0
 *(.gnu.version_d)
 .gnu.version_d
                0x0000000000000000        0x0 /usr/lib/gcc/i686-linux-gnu/4.8/../../../i386-linux-gnu/crti.o

.gnu.version_r  0x00000000000081cc       0x40
 *(.gnu.version_r)
 .gnu.version_r
                0x00000000000081cc       0x40 /usr/lib/gcc/i686-linux-gnu/4.8/../../../i386-linux-gnu/crti.o

.rel.dyn        0x000000000000820c     0xa938
 *(.rel.init)
 .rel.init      0x0000000000000000        0x0 /usr/lib/gcc/i686-linux-gnu/4.8/../../../i386-linux-gnu/crti.o
 *(.rel.text .rel.text.* .rel.gnu.linkonce.t.*)
 .rel.text      0x000000000000820c     0xa018 /usr/lib/gcc/i686-linux-gnu/4.8/../../../i386-linux-gnu/crti.o
 *(.rel.fini)
 .rel.fini      0x0000000000000000        0x0 /usr/lib/gcc/i686-linux-gnu/4.8/../../../i386-linux-gnu/crti.o
 *(.rel.rodata .rel.rodata.* .rel.gnu.linkonce.r.*)
 .rel.rodata    0x0000000000012224      0x470 /usr/lib/gcc/i686-linux-gnu/4.8/../../../i386-linux-gnu/crti.o
 *(.rel.data.rel.ro .rel.data.rel.ro.* .rel.gnu.linkonce.d.rel.ro.*)
 *(.rel.data .rel.data.* .rel.gnu.linkonce.d.*)
 .rel.data.rel  0x0000000000012694        0x8 /usr/lib/gcc/i686-linux-gnu/4.8/../../../i386-linux-gnu/crti.o
 .rel.data      0x000000000001269c      0x470 /usr/lib/gcc/i686-linux-gnu/4.8/../../../i386-linux-gnu/crti.o
 *(.rel.tdata .rel.tdata.* .rel.gnu.linkonce.td.*)
 *(.rel.tbss .rel.tbss.* .rel.gnu.linkonce.tb.*)
 *(.rel.ctors)
 *(.rel.dtors)
 *(.rel.got)
 .rel.got       0x0000000000012b0c       0x28 /usr/lib/gcc/i686-linux-gnu/4.8/../../../i386-linux-gnu/crti.o
 *(.rel.bss .rel.bss.* .rel.gnu.linkonce.b.*)
 *(.rel.ifunc)
 .rel.ifunc     0x0000000000000000        0x0 /usr/lib/gcc/i686-linux-gnu/4.8/../../../i386-linux-gnu/crti.o
 .rel.fini_array
                0x0000000000012b34        0x8 /usr/lib/gcc/i686-linux-gnu/4.8/../../../i386-linux-gnu/crti.o
 .rel.init_array
                0x0000000000012b3c        0x8 /usr/lib/gcc/i686-linux-gnu/4.8/../../../i386-linux-gnu/crti.o

.rel.plt        0x0000000000012b44       0x10
 *(.rel.plt)
 .rel.plt       0x0000000000012b44       0x10 /usr/lib/gcc/i686-linux-gnu/4.8/../../../i386-linux-gnu/crti.o
 *(.rel.iplt)

.init           0x0000000000012b54       0x23
 *(SORT(.init))
 .init          0x0000000000012b54       0x1e /usr/lib/gcc/i686-linux-gnu/4.8/../../../i386-linux-gnu/crti.o
                0x0000000000012b54                _init
 .init          0x0000000000012b72        0x5 /usr/lib/gcc/i686-linux-gnu/4.8/../../../i386-linux-gnu/crtn.o

.plt            0x0000000000012b80       0x30
 *(.plt)
 .plt           0x0000000000012b80       0x30 /usr/lib/gcc/i686-linux-gnu/4.8/../../../i386-linux-gnu/crti.o
 *(.iplt)

.text           0x0000000000012bb0    0x1e5a4
 *(.text.unlikely .text.*_unlikely .text.unlikely.*)
 *(.text.exit .text.exit.*)
 *(.text.startup .text.startup.*)
 *(.text.hot .text.hot.*)
 *(.text .stub .text.* .gnu.linkonce.t.*)
 .text          0x0000000000012bb0        0x0 /usr/lib/gcc/i686-linux-gnu/4.8/../../../i386-linux-gnu/crti.o
 .gnu.linkonce.t.__x86.get_pc_thunk.bx
                0x0000000000012bb0        0x4 /usr/lib/gcc/i686-linux-gnu/4.8/../../../i386-linux-gnu/crti.o
                0x0000000000012bb0                __x86.get_pc_thunk.bx
 *fill*         0x0000000000012bb4        0xc 
 .text          0x0000000000012bc0      0x11b /usr/lib/gcc/i686-linux-gnu/4.8/crtbeginS.o
 .text          0x0000000000012cdb       0xd3 udp-server.o
 .text          0x0000000000012dae      0x291 build/cooja///mtype972.o
                0x0000000000012e40                platform_init_stage_one
                0x0000000000012e46                platform_init_stage_two
                0x0000000000012e53                platform_init_stage_three
                0x0000000000012e65                platform_main_loop
                0x0000000000012ed7                Java_org_contikios_cooja_corecomm_Lib8_init
                0x0000000000012f17                Java_org_contikios_cooja_corecomm_Lib8_getMemory
                0x0000000000012f57                Java_org_contikios_cooja_corecomm_Lib8_setMemory
                0x0000000000012fce                Java_org_contikios_cooja_corecomm_Lib8_tick
                0x000000000001302d                Java_org_contikios_cooja_corecomm_Lib8_setReferenceAddress
 .text          0x000000000001303f       0x63 build/cooja///mtype972.a(simEnvChange.o)
                0x000000000001303f                doActionsBeforeTick
                0x0000000000013070                doActionsAfterTick
 .text          0x00000000000130a2       0x80 build/cooja///mtype972.a(cooja_mt.o)
                0x00000000000130a2                cooja_mt_start
                0x00000000000130cf                cooja_mt_exec
                0x0000000000013100                cooja_mt_yield
 .text          0x0000000000013122       0xc3 build/cooja///mtype972.a(cooja_mtarch.o)
                0x0000000000013122                cooja_mtarch_start
                0x000000000001319d                cooja_sw
                0x00000000000131bf                cooja_mtarch_exec
                0x00000000000131db                cooja_mtarch_yield
 .text          0x00000000000131e5       0xc3 build/cooja///mtype972.a(rtimer-arch.o)
                0x00000000000131e5                rtimer_arch_init
                0x0000000000013208                rtimer_arch_schedule
                0x0000000000013237                rtimer_arch_next
                0x0000000000013247                rtimer_arch_pending
                0x0000000000013251                rtimer_arch_check
                0x0000000000013298                rtimer_arch_now
 .text          0x00000000000132a8       0x76 build/cooja///mtype972.a(beep.o)
                0x00000000000132a8                beep_alarm
                0x00000000000132b4                beep_beep
                0x00000000000132c0                beep
                0x00000000000132cc                beep_down
                0x00000000000132d8                beep_on
                0x00000000000132e4                beep_off
                0x00000000000132f0                beep_spinup
                0x00000000000132fc                beep_quick
                0x0000000000013308                beep_long
 .text          0x000000000001331e      0x103 build/cooja///mtype972.a(button-sensor.o)
 .text          0x0000000000013421       0x45 build/cooja///mtype972.a(leds-arch.o)
                0x0000000000013421                leds_arch_init
                0x000000000001342d                leds_arch_get
                0x0000000000013439                leds_arch_set
 .text          0x0000000000013466       0x2f build/cooja///mtype972.a(moteid.o)
 .text          0x0000000000013495       0xb1 build/cooja///mtype972.a(pir-sensor.o)
 .text          0x0000000000013546      0x131 build/cooja///mtype972.a(rs232.o)
                0x0000000000013546                rs232_init
                0x000000000001354b                rs232_set_speed
                0x0000000000013559                rs232_set_input
                0x0000000000013566                rs232_send
                0x0000000000013588                rs232_print
                0x00000000000135a3                slip_arch_writeb
 .text          0x0000000000013677       0xb1 build/cooja///mtype972.a(vib-sensor.o)
 .text          0x0000000000013728       0x34 build/cooja///mtype972.a(clock.o)
                0x0000000000013728                clock_init
                0x000000000001372d                clock_time
                0x0000000000013737                clock_seconds
                0x000000000001374d                clock_delay
 .text          0x000000000001375c      0x1ed build/cooja///mtype972.a(cooja-log.o)
                0x000000000001375c                simlog_char
                0x000000000001379e                simlog
                0x000000000001380b                log_message
                0x0000000000013833                log_set_putchar_with_slip
                0x0000000000013840                log_putchar
                0x00000000000138c4                log_puts
                0x00000000000138e8                log_printf
 .text          0x0000000000013949      0x2c4 build/cooja///mtype972.a(cfs-cooja.o)
                0x0000000000013949                cfs_open
                0x00000000000139b2                cfs_close
                0x00000000000139be                cfs_read
                0x0000000000013a5c                cfs_write
                0x0000000000013b39                cfs_seek
                0x0000000000013bc1                cfs_remove
                0x0000000000013bea                cfs_opendir
                0x0000000000013bf4                cfs_readdir
                0x0000000000013bfe                cfs_closedir
 .text          0x0000000000013c0d      0x5db build/cooja///mtype972.a(cooja-radio.o)
                0x0000000000013c4b                radio_set_channel
                0x0000000000013c58                radio_set_txpower
                0x0000000000013c6f                radio_signal_strength_last
                0x0000000000013c79                radio_signal_strength_current
                0x0000000000013c83                radio_LQI
 .text          0x00000000000141e8       0xef build/cooja///mtype972.a(eeprom.o)
                0x00000000000141e8                eeprom_init
                0x00000000000141ed                eeprom_read
                0x000000000001425d                eeprom_write
 .text          0x00000000000142d7       0x28 build/cooja///mtype972.a(random.o)
                0x00000000000142d7                random_init
                0x00000000000142f2                random_rand
 .text          0x00000000000142ff      0x2a1 build/cooja///mtype972.a(sensors.o)
                0x000000000001433a                sensors_first
                0x0000000000014344                sensors_next
                0x0000000000014361                sensors_changed
                0x0000000000014390                sensors_find
 .text          0x00000000000145a0       0xa7 build/cooja///mtype972.a(orchestra-rule-)
 .text          0x0000000000014647      0x21d build/cooja///mtype972.a(orchestra-rule-)
 .text          0x0000000000014864      0x187 build/cooja///mtype972.a(orchestra-rule-)
 .text          0x00000000000149eb      0x3f7 build/cooja///mtype972.a(orchestra-rule-)
 .text          0x0000000000014de2      0x271 build/cooja///mtype972.a(orchestra.o)
                0x0000000000014e64                orchestra_callback_child_added
                0x0000000000014ea7                orchestra_callback_child_removed
                0x0000000000014eea                orchestra_callback_packet_ready
                0x0000000000014f74                orchestra_callback_new_time_source
                0x0000000000014fd0                orchestra_init
 .text          0x0000000000015053      0x31e build/cooja///mtype972.a(contiki-main.o)
                0x0000000000015053                main
 .text          0x0000000000015371       0x8e build/cooja///mtype972.a(autostart.o)
                0x0000000000015371                autostart_start
                0x00000000000153bc                autostart_exit
 .text          0x00000000000153ff      0x334 build/cooja///mtype972.a(ctimer.o)
                0x0000000000015516                ctimer_init
                0x0000000000015546                ctimer_set
                0x0000000000015577                ctimer_set_with_process
                0x00000000000155f3                ctimer_reset
                0x0000000000015642                ctimer_restart
                0x0000000000015691                ctimer_stop
                0x00000000000156dc                ctimer_expired
 .text          0x0000000000015733       0x19 build/cooja///mtype972.a(energest.o)
                0x0000000000015733                energest_init
                0x0000000000015738                energest_flush
                0x000000000001573d                energest_get_total_time
 .text          0x000000000001574c      0x40b build/cooja///mtype972.a(etimer.o)
                0x000000000001595f                etimer_request_poll
                0x00000000000159e3                etimer_set
                0x0000000000015a08                etimer_reset_with_new_interval
                0x0000000000015a2f                etimer_reset
                0x0000000000015a4d                etimer_restart
                0x0000000000015a6b                etimer_adjust
                0x0000000000015a87                etimer_expired
                0x0000000000015a9a                etimer_expiration_time
                0x0000000000015aac                etimer_start_time
                0x0000000000015ab6                etimer_pending
                0x0000000000015ac8                etimer_next_expiration_time
                0x0000000000015ae2                etimer_stop
 .text          0x0000000000015b57      0x3a3 build/cooja///mtype972.a(log.o)
                0x0000000000015b57                log_6addr
                0x0000000000015bae                log_6addr_compact_snprint
                0x0000000000015c5e                log_6addr_compact
                0x0000000000015cb5                log_lladdr
                0x0000000000015d1e                log_lladdr_compact
                0x0000000000015d80                log_set_level
                0x0000000000015e3c                log_get_level
                0x0000000000015eb8                log_level_to_str
 .text          0x0000000000015efa       0x24 build/cooja///mtype972.a(node-id.o)
                0x0000000000015efa                node_id_init
 .text          0x0000000000015f1e      0x51a build/cooja///mtype972.a(process.o)
                0x0000000000015f1e                process_alloc_event
                0x0000000000015f33                process_start
                0x000000000001611c                process_exit
                0x0000000000016138                process_init
                0x00000000000162da                process_run
                0x000000000001630d                process_nevents
                0x0000000000016328                process_post
                0x00000000000163bd                process_post_synch
                0x00000000000163f5                process_poll
                0x0000000000016424                process_is_running
 .text          0x0000000000016438       0xe6 build/cooja///mtype972.a(rtimer.o)
                0x0000000000016438                rtimer_init
                0x0000000000016445                rtimer_set
                0x00000000000164c1                rtimer_run_next
 .text          0x000000000001651e       0xa3 build/cooja///mtype972.a(timer.o)
                0x000000000001651e                timer_set
                0x0000000000016539                timer_reset
                0x0000000000016562                timer_restart
                0x0000000000016574                timer_expired
                0x000000000001659d                timer_remaining
 .text          0x00000000000165c1      0x1fb build/cooja///mtype972.a(serial-line.o)
                0x00000000000165c1                serial_line_input_byte
                0x0000000000016784                serial_line_init
 .text          0x00000000000167bc      0x28a build/cooja///mtype972.a(list.o)
                0x00000000000167bc                list_init
                0x00000000000167ca                list_head
                0x00000000000167d4                list_copy
                0x00000000000167e3                list_tail
                0x0000000000016819                list_add
                0x0000000000016862                list_push
                0x000000000001688e                list_chop
                0x00000000000168f8                list_pop
                0x0000000000016920                list_remove
                0x0000000000016987                list_length
                0x00000000000169b5                list_insert
                0x00000000000169fb                list_item_next
                0x0000000000016a12                list_contains
 .text          0x0000000000016a46      0x155 build/cooja///mtype972.a(ringbuf.o)
                0x0000000000016a46                ringbuf_init
                0x0000000000016a77                ringbuf_put
                0x0000000000016af5                ringbuf_get
                0x0000000000016b62                ringbuf_size
                0x0000000000016b74                ringbuf_elements
 .text          0x0000000000016b9b       0x67 build/cooja///mtype972.a(linkaddr.o)
                0x0000000000016b9b                linkaddr_copy
                0x0000000000016bbd                linkaddr_cmp
                0x0000000000016be7                linkaddr_set_node_addr
 .text          0x0000000000016c02      0x7d6 build/cooja///mtype972.a(nbr-table.o)
                0x0000000000017071                nbr_table_register
                0x00000000000170db                nbr_table_is_registered
                0x0000000000017116                nbr_table_head
                0x0000000000017172                nbr_table_next
                0x00000000000171d9                nbr_table_add_lladdr
                0x00000000000172b5                nbr_table_get_from_lladdr
                0x0000000000017302                nbr_table_remove
                0x0000000000017354                nbr_table_lock
                0x000000000001737e                nbr_table_unlock
                0x00000000000173a8                nbr_table_get_lladdr
 .text          0x00000000000173d8       0xe2 build/cooja///mtype972.a(netstack.o)
                0x00000000000173d8                netstack_process_ip_callback
                0x000000000001745f                netstack_ip_packet_processor_add
                0x0000000000017481                uip_ds6_ip_packet_processor_rm
                0x000000000001749d                netstack_init
 .text          0x00000000000174ba      0x3e1 build/cooja///mtype972.a(packetbuf.o)
                0x00000000000174ba                packetbuf_clear
                0x00000000000174e4                packetbuf_copyfrom
                0x0000000000017536                packetbuf_copyto
                0x00000000000175cd                packetbuf_hdralloc
                0x000000000001764a                packetbuf_hdrreduce
                0x0000000000017692                packetbuf_set_datalen
                0x00000000000176ab                packetbuf_dataptr
                0x00000000000176c8                packetbuf_hdrptr
                0x00000000000176d2                packetbuf_datalen
                0x00000000000176de                packetbuf_hdrlen
                0x00000000000176f5                packetbuf_totlen
                0x000000000001770b                packetbuf_remaininglen
                0x000000000001771e                packetbuf_attr_clear
                0x0000000000017770                packetbuf_attr_copyto
                0x00000000000177ae                packetbuf_attr_copyfrom
                0x00000000000177ec                packetbuf_set_attr
                0x0000000000017816                packetbuf_attr
                0x0000000000017830                packetbuf_set_addr
                0x0000000000017862                packetbuf_addr
                0x000000000001787f                packetbuf_holds_broadcast
 .text          0x000000000001789b      0x2b4 build/cooja///mtype972.a(queuebuf.o)
                0x00000000000178a5                queuebuf_init
                0x00000000000178c5                queuebuf_numfree
                0x00000000000178d9                queuebuf_new_from_packetbuf
                0x0000000000017969                queuebuf_update_attr_from_packetbuf
                0x000000000001799c                queuebuf_update_from_packetbuf
                0x00000000000179e6                queuebuf_free
                0x0000000000017a2d                queuebuf_to_packetbuf
                0x0000000000017a93                queuebuf_dataptr
                0x0000000000017aca                queuebuf_datalen
                0x0000000000017aed                queuebuf_addr
                0x0000000000017b1f                queuebuf_attr
                0x0000000000017b4a                queuebuf_debug_print
 .text          0x0000000000017b4f      0xb55 build/cooja///mtype972.a(tsch-schedule.o)
                0x0000000000017b4f                tsch_schedule_add_slotframe
                0x0000000000017c3a                tsch_schedule_remove_all_slotframes
                0x0000000000017c75                tsch_schedule_remove_slotframe
                0x0000000000017cef                tsch_schedule_get_slotframe_by_handle
                0x0000000000017d44                tsch_schedule_get_link_by_handle
                0x0000000000017ed3                tsch_schedule_add_link
                0x000000000001805f                tsch_schedule_remove_link
                0x000000000001817d                tsch_schedule_remove_link_by_timeslot
                0x00000000000181c4                tsch_schedule_get_link_by_timeslot
                0x0000000000018225                tsch_schedule_get_next_active_link
                0x000000000001843b                tsch_schedule_init
                0x0000000000018482                tsch_schedule_create_minimal
                0x00000000000184d9                tsch_schedule_slotframe_head
                0x00000000000184ee                tsch_schedule_slotframe_next
                0x0000000000018501                tsch_schedule_print
 .text          0x00000000000186a4     0x1ece build/cooja///mtype972.a(tsch-slot-opera)
                0x00000000000186a4                tsch_is_locked
                0x00000000000186ae                tsch_get_lock
                0x00000000000187bd                tsch_release_lock
                0x00000000000187cc                tsch_calculate_channel
                0x000000000001a3fb                tsch_slot_operation_start
                0x000000000001a510                tsch_slot_operation_sync
 .text          0x000000000001a572     0x15d5 build/cooja///mtype972.a(tsch.o)
                0x000000000001a572                tsch_set_coordinator
                0x000000000001a5a2                tsch_set_pan_secured
                0x000000000001a5b1                tsch_set_join_priority
                0x000000000001a5c8                tsch_set_ka_timeout
                0x000000000001a5f1                tsch_set_eb_period
                0x000000000001a83e                tsch_schedule_keepalive
                0x000000000001a8cf                tsch_schedule_keepalive_immediately
                0x000000000001ad41                tsch_disassociate
                0x000000000001b1ac                tsch_scan
 .text          0x000000000001bb47     0x2b0b build/cooja///mtype972.a(sicslowpan.o)
                0x000000000001c03e                netstack_sniffer_add
                0x000000000001c04b                netstack_sniffer_remove
                0x000000000001e627                sicslowpan_init
                0x000000000001e648                sicslowpan_get_last_rssi
 .text          0x000000000001e652      0x3f2 build/cooja///mtype972.a(simple-udp.o)
                0x000000000001e680                simple_udp_send
                0x000000000001e6ed                simple_udp_sendto
                0x000000000001e752                simple_udp_sendto_port
                0x000000000001e7b5                simple_udp_register
 .text          0x000000000001ea44      0x6c2 build/cooja///mtype972.a(tcpip.o)
                0x000000000001ea5d                tcpip_output
                0x000000000001ead9                udp_attach
                0x000000000001eaf6                udp_new
                0x000000000001eb40                udp_broadcast_new
                0x000000000001ecaa                tcpip_input
                0x000000000001ee16                tcpip_ipv6_output
                0x000000000001effb                tcpip_poll_udp
                0x000000000001f01e                tcpip_uipcall
 .text          0x000000000001f106      0x368 build/cooja///mtype972.a(uip-ds6-nbr.o)
                0x000000000001f106                uip_ds6_neighbors_init
                0x000000000001f128                uip_ds6_nbr_add
                0x000000000001f1b2                uip_ds6_nbr_rm
                0x000000000001f1f6                uip_ds6_nbr_update_ll
                0x000000000001f2f7                uip_ds6_nbr_get_ipaddr
                0x000000000001f30c                uip_ds6_nbr_get_ll
                0x000000000001f328                uip_ds6_nbr_num
                0x000000000001f36d                uip_ds6_nbr_head
                0x000000000001f382                uip_ds6_nbr_next
                0x000000000001f39e                uip_ds6_nbr_lookup
                0x000000000001f3f9                uip_ds6_nbr_ll_lookup
                0x000000000001f415                uip_ds6_nbr_ipaddr_from_lladdr
                0x000000000001f43b                uip_ds6_nbr_lladdr_from_ipaddr
                0x000000000001f469                uip_ds6_link_callback
 .text          0x000000000001f46e      0xa06 build/cooja///mtype972.a(uip-ds6-route.o)
                0x000000000001f562                uip_ds6_notification_add
                0x000000000001f593                uip_ds6_notification_rm
                0x000000000001f5af                uip_ds6_route_init
                0x000000000001f637                uip_ds6_route_nexthop
                0x000000000001f65f                uip_ds6_route_head
                0x000000000001f674                uip_ds6_route_next
                0x000000000001f69a                uip_ds6_route_is_nexthop
                0x000000000001f6d9                uip_ds6_route_num_routes
                0x000000000001f6e3                uip_ds6_route_lookup
                0x000000000001f7b5                uip_ds6_route_add
                0x000000000001fa0c                uip_ds6_route_rm
                0x000000000001fbae                uip_ds6_route_rm_by_nexthop
                0x000000000001fbe6                uip_ds6_defrt_head
                0x000000000001fbfb                uip_ds6_defrt_add
                0x000000000001fcbc                uip_ds6_defrt_rm
                0x000000000001fd3b                uip_ds6_defrt_lookup
                0x000000000001fda1                uip_ds6_defrt_choose
                0x000000000001fe0c                uip_ds6_defrt_periodic
 .text          0x000000000001fe74      0xbe8 build/cooja///mtype972.a(uip-ds6.o)
                0x000000000001fe74                uip_ds6_init
                0x0000000000020047                uip_ds6_periodic
                0x00000000000200c0                uip_ds6_list_loop
                0x0000000000020183                uip_ds6_prefix_add
                0x0000000000020241                uip_ds6_prefix_rm
                0x0000000000020253                uip_ds6_prefix_lookup
                0x00000000000202a4                uip_ds6_is_addr_onlink
                0x0000000000020318                uip_ds6_addr_add
                0x0000000000020446                uip_ds6_addr_rm
                0x00000000000204e6                uip_ds6_addr_lookup
                0x0000000000020531                uip_ds6_get_link_local
                0x00000000000205b0                uip_ds6_get_global
                0x000000000002062f                uip_ds6_maddr_add
                0x00000000000206a1                uip_ds6_maddr_rm
                0x00000000000206b3                uip_ds6_maddr_lookup
                0x00000000000206fe                uip_ds6_aaddr_add
                0x0000000000020770                uip_ds6_aaddr_rm
                0x0000000000020782                uip_ds6_aaddr_lookup
                0x00000000000207cd                uip_ds6_select_src
                0x0000000000020912                uip_ds6_set_addr_iid
                0x0000000000020949                uip_ds6_set_lladdr_from_iid
                0x000000000002097e                get_match_length
                0x0000000000020a10                uip_ds6_compute_reachable_time
 .text          0x0000000000020a5c      0x141 build/cooja///mtype972.a(uip-packetqueue)
                0x0000000000020a88                uip_packetqueue_new
                0x0000000000020a96                uip_packetqueue_alloc
                0x0000000000020af6                uip_packetqueue_free
                0x0000000000020b37                uip_packetqueue_buf
                0x0000000000020b54                uip_packetqueue_buflen
                0x0000000000020b75                uip_packetqueue_set_buflen
 .text          0x0000000000020b9d      0x12d build/cooja///mtype972.a(uip-udp-packet.)
                0x0000000000020b9d                uip_udp_packet_send
                0x0000000000020bf9                uip_udp_packet_sendto
 .text          0x0000000000020cca     0x11d3 build/cooja///mtype972.a(uip6.o)
                0x0000000000020d79                uip_chksum
                0x0000000000020e52                uip_icmp6chksum
                0x0000000000020e66                uip_udpchksum
                0x0000000000020e7a                uip_init
                0x0000000000020ec2                uip_remove_ext_hdr
                0x0000000000020f81                uip_udp_new
                0x00000000000212b2                uip_process
                0x0000000000021d71                uip_htons
                0x0000000000021d93                uip_htonl
                0x0000000000021dd3                uip_send
 .text          0x0000000000021e9d      0x4e6 build/cooja///mtype972.a(uipbuf.o)
                0x0000000000021e9d                uipbuf_clear
                0x0000000000021ec1                uipbuf_add_ext_hdr
                0x0000000000021f2e                uipbuf_set_len
                0x0000000000021f5b                uipbuf_set_len_field
                0x0000000000021f86                uipbuf_get_len_field
                0x0000000000021fa6                uipbuf_get_next_header
                0x00000000000220d8                uipbuf_get_last_header
                0x000000000002216b                uipbuf_search_header
                0x0000000000022217                uipbuf_get_attr
                0x000000000002223e                uipbuf_set_attr
                0x0000000000022275                uipbuf_set_default_attr
                0x00000000000222ac                uipbuf_clear_attr
                0x00000000000222cf                uipbuf_set_attr_flag
                0x00000000000222ef                uipbuf_clr_attr_flag
                0x0000000000022313                uipbuf_is_attr_flag
                0x0000000000022337                uipbuf_init
 .text          0x0000000000022383      0x502 build/cooja///mtype972.a(uiplib.o)
                0x0000000000022383                uiplib_ip6addrconv
                0x0000000000022543                uiplib_ip4addrconv
                0x0000000000022606                uiplib_ipaddr_print
                0x000000000002265d                uiplib_ipaddr_snprint
 .text          0x0000000000022885      0x2b3 build/cooja///mtype972.a(rpl-nbr-policy.)
                0x00000000000229eb                find_removable_dis
                0x0000000000022a10                find_removable_dio
                0x0000000000022a91                find_removable_dao
                0x0000000000022ae1                rpl_nbr_policy_find_removable
 .text          0x0000000000022b38      0x6c0 build/cooja///mtype972.a(rpl.o)
                0x0000000000022b38                rpl_get_mode
                0x0000000000022b42                rpl_set_mode
                0x0000000000022bd0                rpl_purge_routes
                0x0000000000022cd5                rpl_remove_routes
                0x0000000000022d1b                rpl_remove_routes_by_nexthop
                0x0000000000022d7c                rpl_add_route
                0x0000000000022e0f                rpl_link_callback
                0x0000000000022ef4                rpl_ipv6_neighbor_callback
                0x0000000000022f63                rpl_purge_dags
 .text          0x00000000000231f8       0x2b build/cooja///mtype972.a(watchdog.o)
                0x00000000000231f8                watchdog_init
                0x00000000000231fd                watchdog_start
                0x0000000000023202                watchdog_periodic
                0x0000000000023219                watchdog_stop
                0x000000000002321e                watchdog_reboot
 .text          0x0000000000023223       0xda build/cooja///mtype972.a(serial-shell.o)
                0x00000000000232e1                serial_shell_init
 .text          0x00000000000232fd      0x406 build/cooja///mtype972.a(shell.o)
                0x00000000000232fd                shell_output_6addr
                0x000000000002338f                shell_output_lladdr
                0x0000000000023529                shell_input
                0x00000000000236f6                shell_init
 .text          0x0000000000023703       0xb5 build/cooja///mtype972.a(stimer.o)
                0x0000000000023703                stimer_set
                0x000000000002371e                stimer_reset
                0x0000000000023747                stimer_restart
                0x0000000000023759                stimer_expired
                0x0000000000023780                stimer_remaining
                0x00000000000237a4                stimer_elapsed
 .text          0x00000000000237b8      0x1c1 build/cooja///mtype972.a(memb.o)
                0x00000000000237b8                memb_init
                0x0000000000023816                memb_alloc
                0x000000000002387b                memb_free
                0x00000000000238f6                memb_inmemb
                0x0000000000023935                memb_numfree
 .text          0x0000000000023979      0x1eb build/cooja///mtype972.a(ringbufindex.o)
                0x0000000000023979                ringbufindex_init
                0x00000000000239a1                ringbufindex_put
                0x00000000000239fc                ringbufindex_peek_put
                0x0000000000023a40                ringbufindex_get
                0x0000000000023aa0                ringbufindex_peek_get
                0x0000000000023adb                ringbufindex_size
                0x0000000000023aec                ringbufindex_elements
                0x0000000000023b12                ringbufindex_full
                0x0000000000023b49                ringbufindex_empty
 .text          0x0000000000023b64      0x39d build/cooja///mtype972.a(link-stats.o)
                0x0000000000023b64                link_stats_from_lladdr
                0x0000000000023b80                link_stats_get_lladdr
                0x0000000000023b9c                link_stats_is_fresh
                0x0000000000023bd4                guess_etx_from_rssi
                0x0000000000023c50                link_stats_packet_sent
                0x0000000000023d66                link_stats_input_callback
                0x0000000000023e75                link_stats_reset
                0x0000000000023ec0                link_stats_init
 .text          0x0000000000023f01      0x168 build/cooja///mtype972.a(mac-sequence.o)
                0x0000000000023f01                mac_sequence_is_duplicate
                0x0000000000023f9f                mac_sequence_register_seqno
 .text          0x0000000000024069       0x27 build/cooja///mtype972.a(mac.o)
                0x0000000000024069                mac_call_sent_callback
 .text          0x0000000000024090      0xa8d build/cooja///mtype972.a(frame802154.o)
                0x00000000000240c1                frame802154_get_pan_id
                0x00000000000240cd                frame802154_set_pan_id
                0x00000000000240e6                frame802154_has_panid
                0x0000000000024293                frame802154_check_dest_panid
                0x0000000000024302                frame802154_is_broadcast_addr
                0x000000000002434f                frame802154_extract_linkaddr
                0x000000000002458f                frame802154_hdrlen
                0x00000000000245e0                frame802154_create_fcf
                0x0000000000024697                frame802154_create
                0x00000000000247e4                frame802154_parse_fcf
                0x000000000002489d                frame802154_parse
 .text          0x0000000000024b1d      0x42b build/cooja///mtype972.a(framer-802154.o)
                0x0000000000024cab                framer_802154_setup_params
 .text          0x0000000000024f48      0x3f8 build/cooja///mtype972.a(tsch-adaptive-t)
                0x0000000000024f48                tsch_adaptive_timesync_get_drift_ppm
                0x00000000000250e9                tsch_timesync_update
                0x00000000000252d3                tsch_timesync_adaptive_compensate
 .text          0x0000000000025340      0x481 build/cooja///mtype972.a(tsch-log.o)
                0x0000000000025340                tsch_log_process_pending
                0x00000000000256c4                tsch_log_prepare_add
                0x0000000000025747                tsch_log_commit
                0x0000000000025771                tsch_log_init
                0x00000000000257a0                tsch_log_stop
 .text          0x00000000000257c1      0x8c8 build/cooja///mtype972.a(tsch-packet.o)
                0x00000000000257eb                tsch_packet_eackbuf_attr
                0x0000000000025805                tsch_packet_create_eack
                0x0000000000025a1d                tsch_packet_parse_eack
                0x0000000000025bda                tsch_packet_create_eb
                0x0000000000025eba                tsch_packet_update_eb
                0x0000000000025f40                tsch_packet_parse_eb
                0x0000000000026060                tsch_packet_set_frame_pending
                0x0000000000026075                tsch_packet_get_frame_pending
 .text          0x0000000000026089      0x9fa build/cooja///mtype972.a(tsch-queue.o)
                0x0000000000026089                tsch_queue_add_nbr
                0x0000000000026187                tsch_queue_get_nbr
                0x00000000000261e1                tsch_queue_get_time_source
                0x000000000002622d                tsch_queue_update_time_source
                0x000000000002639f                tsch_queue_add_packet
                0x000000000002649a                tsch_queue_global_packet_count
                0x00000000000264b7                tsch_queue_packet_count
                0x00000000000264fa                tsch_queue_remove_packet_from_queue
                0x0000000000026548                tsch_queue_free_packet
                0x0000000000026576                tsch_queue_packet_sent
                0x000000000002662b                tsch_queue_reset
                0x000000000002667e                tsch_queue_free_unused_neighbors
                0x00000000000266f6                tsch_queue_is_empty
                0x000000000002672d                tsch_queue_get_packet_for_nbr
                0x0000000000026849                tsch_queue_get_packet_for_dest_addr
                0x000000000002687b                tsch_queue_get_unicast_packet_for_any
                0x0000000000026902                tsch_queue_backoff_expired
                0x0000000000026916                tsch_queue_backoff_reset
                0x0000000000026929                tsch_queue_backoff_inc
                0x0000000000026993                tsch_queue_update_all_backoff_windows
                0x0000000000026a34                tsch_queue_init
 .text          0x0000000000026a83      0x12d build/cooja///mtype972.a(tsch-rpl.o)
                0x0000000000026a83                tsch_rpl_callback_ka_sent
                0x0000000000026ab5                tsch_rpl_callback_joining_network
                0x0000000000026aba                tsch_rpl_callback_leaving_network
                0x0000000000026ad5                tsch_rpl_callback_new_dio_interval
                0x0000000000026b7d                tsch_rpl_callback_parent_switch
 .text          0x0000000000026bb0        0x0 build/cooja///mtype972.a(tsch-timeslot-t)
 .text          0x0000000000026bb0      0x6e7 build/cooja///mtype972.a(uip-icmp6.o)
                0x0000000000026c1e                uip_icmp6_input
                0x0000000000026c74                uip_icmp6_register_input_handler
                0x0000000000026dc4                uip_icmp6_error_output
                0x000000000002705a                uip_icmp6_send
                0x000000000002722a                uip_icmp6_echo_reply_callback_add
                0x000000000002725b                uip_icmp6_echo_reply_callback_rm
                0x0000000000027277                uip_icmp6_init
 .text          0x0000000000027297      0x694 build/cooja///mtype972.a(uip-nd6.o)
                0x0000000000027917                uip_nd6_init
 .text          0x000000000002792b      0x2f9 build/cooja///mtype972.a(rpl-dag-root.o)
                0x00000000000279f4                rpl_dag_root_set_prefix
                0x0000000000027a20                rpl_dag_root_start
                0x0000000000027bd8                rpl_dag_root_is_root
 .text          0x0000000000027c24     0x27b2 build/cooja///mtype972.a(rpl-dag.o)
                0x0000000000027c24                rpl_print_neighbor_list
                0x0000000000027e09                rpl_get_nbr
                0x0000000000027e4a                rpl_dag_init
                0x0000000000027e67                rpl_get_parent
                0x0000000000027e89                rpl_get_parent_rank
                0x0000000000027ebc                rpl_get_parent_link_metric
                0x0000000000027f13                rpl_rank_via_parent
                0x0000000000027f6a                rpl_get_parent_lladdr
                0x0000000000027f86                rpl_parent_get_ipaddr
                0x0000000000027fa7                rpl_get_parent_link_stats
                0x0000000000027fc8                rpl_parent_is_fresh
                0x0000000000027fe9                rpl_parent_is_reachable
                0x0000000000028345                rpl_set_root
                0x00000000000285b1                rpl_repair_root
                0x00000000000287ed                rpl_set_prefix
                0x0000000000028905                rpl_set_default_route
                0x0000000000028973                rpl_alloc_instance
                0x0000000000028a06                rpl_alloc_dag
                0x0000000000028ab7                rpl_set_default_instance
                0x0000000000028ac4                rpl_get_default_instance
                0x0000000000028ace                rpl_free_instance
                0x0000000000028b7d                rpl_free_dag
                0x0000000000028bfe                rpl_add_parent
                0x0000000000028cab                rpl_find_parent
                0x0000000000028d03                rpl_find_parent_any_dag
                0x0000000000028d3f                rpl_select_dag
                0x00000000000290f1                rpl_select_parent
                0x00000000000291db                rpl_remove_parent
                0x0000000000029202                rpl_nullify_parent
                0x00000000000292c3                rpl_move_parent
                0x000000000002937b                rpl_has_joined
                0x0000000000029390                rpl_has_downward_route
                0x00000000000293f3                rpl_get_dag
                0x00000000000294df                rpl_get_any_dag
                0x0000000000029541                rpl_get_instance
                0x00000000000295a4                rpl_find_of
                0x00000000000295e1                rpl_join_instance
                0x00000000000298a1                rpl_add_dag
                0x0000000000029c71                rpl_local_repair
                0x0000000000029d49                rpl_recalculate_ranks
                0x0000000000029dcf                rpl_process_parent_event
                0x0000000000029efc                rpl_process_dio
 .text          0x000000000002a3d6      0xaac build/cooja///mtype972.a(rpl-ext-header.)
                0x000000000002a3d6                rpl_ext_header_hbh_update
                0x000000000002a5b6                rpl_ext_header_srh_get_next_hop
                0x000000000002a5c0                rpl_ext_header_srh_update
                0x000000000002ac53                rpl_ext_header_remove
                0x000000000002adb6                rpl_ext_header_update
 .text          0x000000000002ae82     0x1b4a build/cooja///mtype972.a(rpl-icmp6.o)
                0x000000000002b136                rpl_icmp6_update_nbr_table
                0x000000000002b21b                dis_output
                0x000000000002b846                dio_output
                0x000000000002c583                dao_output
                0x000000000002c63e                dao_output_target
                0x000000000002c980                dao_ack_output
                0x000000000002c994                rpl_icmp6_register_handlers
 .text          0x000000000002c9cc      0x2ea build/cooja///mtype972.a(rpl-mrhof.o)
 .text          0x000000000002ccb6      0x907 build/cooja///mtype972.a(rpl-timers.o)
                0x000000000002cf5d                rpl_reset_periodic_timer
                0x000000000002cfb2                rpl_reset_dio_timer
                0x000000000002d1d9                rpl_schedule_dao
                0x000000000002d1f4                rpl_schedule_dao_immediately
                0x000000000002d20f                rpl_cancel_dao
                0x000000000002d271                rpl_schedule_unicast_dio_immediately
                0x000000000002d2a1                get_probing_delay
                0x000000000002d2cc                get_probing_target
                0x000000000002d52f                rpl_schedule_probing
                0x000000000002d569                rpl_schedule_probing_now
 .text          0x000000000002d5bd     0x236d build/cooja///mtype972.a(shell-commands.)
                0x000000000002f825                shell_commands_init
                0x000000000002f863                shell_command_set_register
                0x000000000002f87f                shell_command_set_deregister
                0x000000000002f8c2                shell_command_lookup
 .text          0x000000000002f92a      0xec4 build/cooja///mtype972.a(frame802154e-ie)
                0x000000000002fa33                frame80215e_create_ie_header_ack_nack_time_correction
                0x000000000002fabd                frame80215e_create_ie_header_list_termination_1
                0x000000000002fb05                frame80215e_create_ie_header_list_termination_2
                0x000000000002fb4d                frame80215e_create_ie_payload_list_termination
                0x000000000002fb95                frame80215e_create_ie_mlme
                0x000000000002fbe3                frame80215e_create_ie_tsch_synchronization
                0x000000000002fc91                frame80215e_create_ie_tsch_slotframe_and_link
                0x000000000002fe72                frame80215e_create_ie_tsch_timeslot
                0x000000000002ff45                frame80215e_create_ie_tsch_channel_hopping_sequence
                0x00000000000304cd                frame802154e_parse_information_elements
 .text          0x00000000000307ee      0x6b5 build/cooja///mtype972.a(uip-sr.o)
                0x00000000000307ee                uip_sr_num_nodes
                0x0000000000030882                uip_sr_get_node
                0x00000000000308d7                uip_sr_is_addr_reachable
                0x0000000000030982                uip_sr_expire_parent
                0x00000000000309cf                uip_sr_update_node
                0x0000000000030b19                uip_sr_init
                0x0000000000030b44                uip_sr_node_head
                0x0000000000030b59                uip_sr_node_next
                0x0000000000030b6c                uip_sr_periodic
                0x0000000000030c62                uip_sr_free_all
                0x0000000000030cca                uip_sr_link_snprint
 *fill*         0x0000000000030ea3        0xd 
 .text          0x0000000000030eb0      0x172 /usr/lib/gcc/i686-linux-gnu/4.8/libgcc.a(_divdi3.o)
                0x0000000000030eb0                __divdi3
 *fill*         0x0000000000031022        0xe 
 .text          0x0000000000031030      0x124 /usr/lib/gcc/i686-linux-gnu/4.8/libgcc.a(_udivdi3.o)
                0x0000000000031030                __udivdi3
 .text          0x0000000000031154        0x0 /usr/lib/gcc/i686-linux-gnu/4.8/crtendS.o
 .text          0x0000000000031154        0x0 /usr/lib/gcc/i686-linux-gnu/4.8/../../../i386-linux-gnu/crtn.o
 *(.gnu.warning)

.fini           0x0000000000031154       0x14
 *(SORT(.fini))
 .fini          0x0000000000031154        0xf /usr/lib/gcc/i686-linux-gnu/4.8/../../../i386-linux-gnu/crti.o
                0x0000000000031154                _fini
 .fini          0x0000000000031163        0x5 /usr/lib/gcc/i686-linux-gnu/4.8/../../../i386-linux-gnu/crtn.o
                0x0000000000031168                PROVIDE (__etext, .)
                0x0000000000031168                PROVIDE (_etext, .)
                0x0000000000031168                PROVIDE (etext, .)

.rodata         0x0000000000031180     0x120c
 *(.rodata .rodata.* .gnu.linkonce.r.*)
 .rodata        0x0000000000031180       0x4c udp-server.o
                0x000000000003118c                autostart_processes
 .rodata        0x00000000000311cc        0x8 build/cooja///mtype972.a(beep.o)
                0x00000000000311cc                beep_interface
 .rodata        0x00000000000311d4       0x20 build/cooja///mtype972.a(button-sensor.o)
                0x00000000000311d4                button_interface
                0x00000000000311e4                button_sensor
 .rodata        0x00000000000311f4        0x8 build/cooja///mtype972.a(leds-arch.o)
                0x00000000000311f4                leds_interface
 .rodata        0x00000000000311fc        0x8 build/cooja///mtype972.a(moteid.o)
                0x00000000000311fc                moteid_interface
 .rodata        0x0000000000031204       0x1c build/cooja///mtype972.a(pir-sensor.o)
                0x0000000000031204                pir_interface
                0x0000000000031210                pir_sensor
 .rodata        0x0000000000031220        0xe build/cooja///mtype972.a(rs232.o)
                0x0000000000031220                rs232_interface
 *fill*         0x000000000003122e        0x2 
 .rodata        0x0000000000031230       0x24 build/cooja///mtype972.a(vib-sensor.o)
                0x0000000000031230                vib_interface
                0x0000000000031244                vib_sensor
 .rodata        0x0000000000031254        0x8 build/cooja///mtype972.a(clock.o)
                0x0000000000031254                clock_interface
 .rodata        0x000000000003125c        0x8 build/cooja///mtype972.a(cooja-log.o)
                0x000000000003125c                simlog_interface
 .rodata        0x0000000000031264       0x2f build/cooja///mtype972.a(cfs-cooja.o)
                0x0000000000031264                cfs_interface
 *fill*         0x0000000000031293        0xd 
 .rodata        0x00000000000312a0       0x78 build/cooja///mtype972.a(cooja-radio.o)
                0x00000000000312a0                radio_interface
                0x00000000000312e0                cooja_radio_driver
 .rodata        0x0000000000031318        0x8 build/cooja///mtype972.a(eeprom.o)
                0x0000000000031318                eeprom_interface
 .rodata        0x0000000000031320        0x8 build/cooja///mtype972.a(sensors.o)
 .rodata        0x0000000000031328       0x44 build/cooja///mtype972.a(orchestra.o)
 .rodata        0x000000000003136c       0xf0 build/cooja///mtype972.a(contiki-main.o)
 .rodata        0x000000000003145c        0xf build/cooja///mtype972.a(ctimer.o)
 .rodata        0x000000000003146b        0xc build/cooja///mtype972.a(etimer.o)
 *fill*         0x0000000000031477        0x1 
 .rodata        0x0000000000031478       0xc0 build/cooja///mtype972.a(log.o)
 .rodata        0x0000000000031538        0xe build/cooja///mtype972.a(serial-line.o)
 .rodata        0x0000000000031546        0x8 build/cooja///mtype972.a(linkaddr.o)
                0x0000000000031546                linkaddr_null
 *fill*         0x000000000003154e        0x2 
 .rodata        0x0000000000031550       0xe0 build/cooja///mtype972.a(tsch-schedule.o)
 .rodata        0x0000000000031630      0x113 build/cooja///mtype972.a(tsch-slot-opera)
 *fill*         0x0000000000031743        0x1 
 .rodata        0x0000000000031744       0x68 build/cooja///mtype972.a(tsch.o)
                0x0000000000031744                tsch_broadcast_address
                0x000000000003174c                tsch_eb_address
                0x0000000000031790                tschmac_driver
 .rodata        0x00000000000317ac       0x30 build/cooja///mtype972.a(sicslowpan.o)
                0x00000000000317ac                unc_llconf
                0x00000000000317b0                unc_ctxconf
                0x00000000000317b4                unc_mxconf
                0x00000000000317b8                llprefix
                0x00000000000317cc                sicslowpan_driver
 .rodata        0x00000000000317dc       0x13 build/cooja///mtype972.a(simple-udp.o)
 .rodata        0x00000000000317ef        0xd build/cooja///mtype972.a(tcpip.o)
 .rodata        0x00000000000317fc       0xb9 build/cooja///mtype972.a(uip-ds6-route.o)
 .rodata        0x00000000000318b5       0x2d build/cooja///mtype972.a(uiplib.o)
 *fill*         0x00000000000318e2       0x1e 
 .rodata        0x0000000000031900       0x70 build/cooja///mtype972.a(rpl.o)
                0x0000000000031920                rpl_classic_driver
 .rodata        0x0000000000031970       0x18 build/cooja///mtype972.a(serial-shell.o)
 .rodata        0x0000000000031988        0x8 build/cooja///mtype972.a(shell.o)
 .rodata        0x0000000000031990        0xc build/cooja///mtype972.a(framer-802154.o)
                0x0000000000031990                framer_802154
 .rodata        0x000000000003199c       0x50 build/cooja///mtype972.a(tsch-adaptive-t)
 .rodata        0x00000000000319ec      0x110 build/cooja///mtype972.a(tsch-log.o)
 .rodata        0x0000000000031afc        0xd build/cooja///mtype972.a(tsch-rpl.o)
 *fill*         0x0000000000031b09        0x1 
 .rodata        0x0000000000031b0a       0x18 build/cooja///mtype972.a(tsch-timeslot-t)
                0x0000000000031b0a                tsch_timeslot_timing_us_10000
 *fill*         0x0000000000031b22        0x2 
 .rodata        0x0000000000031b24       0x89 build/cooja///mtype972.a(rpl-dag.o)
 *fill*         0x0000000000031bad       0x13 
 .rodata        0x0000000000031bc0      0x788 build/cooja///mtype972.a(shell-commands.)
                0x00000000000322a0                builtin_shell_commands
 .rodata        0x0000000000032348       0x44 build/cooja///mtype972.a(uip-sr.o)

.rodata1
 *(.rodata1)

.eh_frame_hdr   0x000000000003238c     0x19fc
 *(.eh_frame_hdr)
 .eh_frame_hdr  0x000000000003238c     0x19fc udp-server.o

.eh_frame       0x0000000000033d88     0x6a9c
 *(.eh_frame)
 .eh_frame      0x0000000000033d88       0x3c /usr/lib/gcc/i686-linux-gnu/4.8/../../../i386-linux-gnu/crti.o
                                         0x40 (size before relaxing)
 .eh_frame      0x0000000000033dc4       0x40 udp-server.o
                                         0x58 (size before relaxing)
 .eh_frame      0x0000000000033e04      0x178 build/cooja///mtype972.o
                                        0x190 (size before relaxing)
 .eh_frame      0x0000000000033f7c       0x40 build/cooja///mtype972.a(simEnvChange.o)
                                         0x58 (size before relaxing)
 .eh_frame      0x0000000000033fbc       0x60 build/cooja///mtype972.a(cooja_mt.o)
                                         0x78 (size before relaxing)
 .eh_frame      0x000000000003401c       0x80 build/cooja///mtype972.a(cooja_mtarch.o)
                                         0x98 (size before relaxing)
 .eh_frame      0x000000000003409c       0xc8 build/cooja///mtype972.a(rtimer-arch.o)
                                         0xe0 (size before relaxing)
 .eh_frame      0x0000000000034164      0x160 build/cooja///mtype972.a(beep.o)
                                        0x178 (size before relaxing)
 .eh_frame      0x00000000000342c4       0xa0 build/cooja///mtype972.a(button-sensor.o)
                                         0xb8 (size before relaxing)
 .eh_frame      0x0000000000034364       0xa0 build/cooja///mtype972.a(leds-arch.o)
                                         0xb8 (size before relaxing)
 .eh_frame      0x0000000000034404       0x40 build/cooja///mtype972.a(moteid.o)
                                         0x58 (size before relaxing)
 .eh_frame      0x0000000000034444       0xa0 build/cooja///mtype972.a(pir-sensor.o)
                                         0xb8 (size before relaxing)
 .eh_frame      0x00000000000344e4      0x100 build/cooja///mtype972.a(rs232.o)
                                        0x118 (size before relaxing)
 .eh_frame      0x00000000000345e4       0xa0 build/cooja///mtype972.a(vib-sensor.o)
                                         0xb8 (size before relaxing)
 .eh_frame      0x0000000000034684       0xc0 build/cooja///mtype972.a(clock.o)
                                         0xd8 (size before relaxing)
 .eh_frame      0x0000000000034744      0x120 build/cooja///mtype972.a(cooja-log.o)
                                        0x138 (size before relaxing)
 .eh_frame      0x0000000000034864      0x160 build/cooja///mtype972.a(cfs-cooja.o)
                                        0x178 (size before relaxing)
 .eh_frame      0x00000000000349c4      0x340 build/cooja///mtype972.a(cooja-radio.o)
                                        0x358 (size before relaxing)
 .eh_frame      0x0000000000034d04       0xa0 build/cooja///mtype972.a(eeprom.o)
                                         0xb8 (size before relaxing)
 .eh_frame      0x0000000000034da4       0x40 build/cooja///mtype972.a(random.o)
                                         0x58 (size before relaxing)
 .eh_frame      0x0000000000034de4       0xc0 build/cooja///mtype972.a(sensors.o)
                                         0xd8 (size before relaxing)
 .eh_frame      0x0000000000034ea4       0x40 build/cooja///mtype972.a(orchestra-rule-)
                                         0x58 (size before relaxing)
 .eh_frame      0x0000000000034ee4       0x80 build/cooja///mtype972.a(orchestra-rule-)
                                         0x98 (size before relaxing)
 .eh_frame      0x0000000000034f64       0xc4 build/cooja///mtype972.a(orchestra-rule-)
                                         0xdc (size before relaxing)
 .eh_frame      0x0000000000035028      0x12c build/cooja///mtype972.a(orchestra-rule-)
                                        0x144 (size before relaxing)
 .eh_frame      0x0000000000035154       0xe0 build/cooja///mtype972.a(orchestra.o)
                                         0xf8 (size before relaxing)
 .eh_frame      0x0000000000035234       0x20 build/cooja///mtype972.a(contiki-main.o)
                                         0x38 (size before relaxing)
 .eh_frame      0x0000000000035254       0x40 build/cooja///mtype972.a(autostart.o)
                                         0x58 (size before relaxing)
 .eh_frame      0x0000000000035294      0x100 build/cooja///mtype972.a(ctimer.o)
                                        0x118 (size before relaxing)
 .eh_frame      0x0000000000035394       0x60 build/cooja///mtype972.a(energest.o)
                                         0x78 (size before relaxing)
 .eh_frame      0x00000000000353f4      0x1e0 build/cooja///mtype972.a(etimer.o)
                                        0x1f8 (size before relaxing)
 .eh_frame      0x00000000000355d4      0x100 build/cooja///mtype972.a(log.o)
                                        0x118 (size before relaxing)
 .eh_frame      0x00000000000356d4       0x20 build/cooja///mtype972.a(node-id.o)
                                         0x38 (size before relaxing)
 .eh_frame      0x00000000000356f4      0x1c8 build/cooja///mtype972.a(process.o)
                                        0x1e0 (size before relaxing)
 .eh_frame      0x00000000000358bc       0x60 build/cooja///mtype972.a(rtimer.o)
                                         0x78 (size before relaxing)
 .eh_frame      0x000000000003591c       0xa4 build/cooja///mtype972.a(timer.o)
                                         0xbc (size before relaxing)
 .eh_frame      0x00000000000359c0       0x60 build/cooja///mtype972.a(serial-line.o)
                                         0x78 (size before relaxing)
 .eh_frame      0x0000000000035a20      0x1a0 build/cooja///mtype972.a(list.o)
                                        0x1b8 (size before relaxing)
 .eh_frame      0x0000000000035bc0       0xa0 build/cooja///mtype972.a(ringbuf.o)
                                         0xb8 (size before relaxing)
 .eh_frame      0x0000000000035c60       0x60 build/cooja///mtype972.a(linkaddr.o)
                                         0x78 (size before relaxing)
 .eh_frame      0x0000000000035cc0      0x2ac build/cooja///mtype972.a(nbr-table.o)
                                        0x2c4 (size before relaxing)
 .eh_frame      0x0000000000035f6c       0x80 build/cooja///mtype972.a(netstack.o)
                                         0x98 (size before relaxing)
 .eh_frame      0x0000000000035fec      0x28c build/cooja///mtype972.a(packetbuf.o)
                                        0x2a4 (size before relaxing)
 .eh_frame      0x0000000000036278      0x1a0 build/cooja///mtype972.a(queuebuf.o)
                                        0x1b8 (size before relaxing)
 .eh_frame      0x0000000000036418      0x238 build/cooja///mtype972.a(tsch-schedule.o)
                                        0x250 (size before relaxing)
 .eh_frame      0x0000000000036650      0x218 build/cooja///mtype972.a(tsch-slot-opera)
                                        0x230 (size before relaxing)
 .eh_frame      0x0000000000036868      0x38c build/cooja///mtype972.a(tsch.o)
                                        0x3a4 (size before relaxing)
 .eh_frame      0x0000000000036bf4      0x310 build/cooja///mtype972.a(sicslowpan.o)
                                        0x328 (size before relaxing)
 .eh_frame      0x0000000000036f04       0xd0 build/cooja///mtype972.a(simple-udp.o)
                                         0xe8 (size before relaxing)
 .eh_frame      0x0000000000036fd4      0x244 build/cooja///mtype972.a(tcpip.o)
                                        0x25c (size before relaxing)
 .eh_frame      0x0000000000037218      0x1c0 build/cooja///mtype972.a(uip-ds6-nbr.o)
                                        0x1d8 (size before relaxing)
 .eh_frame      0x00000000000373d8      0x2e0 build/cooja///mtype972.a(uip-ds6-route.o)
                                        0x2f8 (size before relaxing)
 .eh_frame      0x00000000000376b8      0x2e8 build/cooja///mtype972.a(uip-ds6.o)
                                        0x300 (size before relaxing)
 .eh_frame      0x00000000000379a0       0xe0 build/cooja///mtype972.a(uip-packetqueue)
                                         0xf8 (size before relaxing)
 .eh_frame      0x0000000000037a80       0x40 build/cooja///mtype972.a(uip-udp-packet.)
                                         0x58 (size before relaxing)
 .eh_frame      0x0000000000037ac0      0x1f0 build/cooja///mtype972.a(uip6.o)
                                        0x208 (size before relaxing)
 .eh_frame      0x0000000000037cb0      0x200 build/cooja///mtype972.a(uipbuf.o)
                                        0x218 (size before relaxing)
 .eh_frame      0x0000000000037eb0       0x90 build/cooja///mtype972.a(uiplib.o)
                                         0xa8 (size before relaxing)
 .eh_frame      0x0000000000037f40       0xa0 build/cooja///mtype972.a(rpl-nbr-policy.)
                                         0xb8 (size before relaxing)
 .eh_frame      0x0000000000037fe0      0x200 build/cooja///mtype972.a(rpl.o)
                                        0x218 (size before relaxing)
 .eh_frame      0x00000000000381e0       0xa0 build/cooja///mtype972.a(watchdog.o)
                                         0xb8 (size before relaxing)
 .eh_frame      0x0000000000038280       0x60 build/cooja///mtype972.a(serial-shell.o)
                                         0x78 (size before relaxing)
 .eh_frame      0x00000000000382e0       0xa0 build/cooja///mtype972.a(shell.o)
                                         0xb8 (size before relaxing)
 .eh_frame      0x0000000000038380       0xc4 build/cooja///mtype972.a(stimer.o)
                                         0xdc (size before relaxing)
 .eh_frame      0x0000000000038444       0xa0 build/cooja///mtype972.a(memb.o)
                                         0xb8 (size before relaxing)
 .eh_frame      0x00000000000384e4      0x120 build/cooja///mtype972.a(ringbufindex.o)
                                        0x138 (size before relaxing)
 .eh_frame      0x0000000000038604      0x120 build/cooja///mtype972.a(link-stats.o)
                                        0x138 (size before relaxing)
 .eh_frame      0x0000000000038724       0x48 build/cooja///mtype972.a(mac-sequence.o)
                                         0x60 (size before relaxing)
 .eh_frame      0x000000000003876c       0x20 build/cooja///mtype972.a(mac.o)
                                         0x38 (size before relaxing)
 .eh_frame      0x000000000003878c      0x1a4 build/cooja///mtype972.a(frame802154.o)
                                        0x1bc (size before relaxing)
 .eh_frame      0x0000000000038930       0xa8 build/cooja///mtype972.a(framer-802154.o)
                                         0xc0 (size before relaxing)
 .eh_frame      0x00000000000389d8       0xd8 build/cooja///mtype972.a(tsch-adaptive-t)
                                         0xf0 (size before relaxing)
 .eh_frame      0x0000000000038ab0       0xb0 build/cooja///mtype972.a(tsch-log.o)
                                         0xc8 (size before relaxing)
 .eh_frame      0x0000000000038b60      0x144 build/cooja///mtype972.a(tsch-packet.o)
                                        0x15c (size before relaxing)
 .eh_frame      0x0000000000038ca4      0x2e8 build/cooja///mtype972.a(tsch-queue.o)
                                        0x300 (size before relaxing)
 .eh_frame      0x0000000000038f8c       0xa4 build/cooja///mtype972.a(tsch-rpl.o)
                                         0xbc (size before relaxing)
 .eh_frame      0x0000000000039030      0x158 build/cooja///mtype972.a(uip-icmp6.o)
                                        0x170 (size before relaxing)
 .eh_frame      0x0000000000039188       0x88 build/cooja///mtype972.a(uip-nd6.o)
                                         0xa0 (size before relaxing)
 .eh_frame      0x0000000000039210       0x80 build/cooja///mtype972.a(rpl-dag-root.o)
                                         0x98 (size before relaxing)
 .eh_frame      0x0000000000039290      0x740 build/cooja///mtype972.a(rpl-dag.o)
                                        0x758 (size before relaxing)
 .eh_frame      0x00000000000399d0      0x12c build/cooja///mtype972.a(rpl-ext-header.)
                                        0x144 (size before relaxing)
 .eh_frame      0x0000000000039afc      0x298 build/cooja///mtype972.a(rpl-icmp6.o)
                                        0x2b0 (size before relaxing)
 .eh_frame      0x0000000000039d94      0x124 build/cooja///mtype972.a(rpl-mrhof.o)
                                        0x13c (size before relaxing)
 .eh_frame      0x0000000000039eb8      0x26c build/cooja///mtype972.a(rpl-timers.o)
                                        0x284 (size before relaxing)
 .eh_frame      0x000000000003a124      0x29c build/cooja///mtype972.a(shell-commands.)
                                        0x2b4 (size before relaxing)
 .eh_frame      0x000000000003a3c0      0x230 build/cooja///mtype972.a(frame802154e-ie)
                                        0x248 (size before relaxing)
 .eh_frame      0x000000000003a5f0      0x18c build/cooja///mtype972.a(uip-sr.o)
                                        0x1a4 (size before relaxing)
 .eh_frame      0x000000000003a77c       0x38 /usr/lib/gcc/i686-linux-gnu/4.8/libgcc.a(_divdi3.o)
                                         0x50 (size before relaxing)
 .eh_frame      0x000000000003a7b4       0x6c /usr/lib/gcc/i686-linux-gnu/4.8/libgcc.a(_udivdi3.o)
                                         0x84 (size before relaxing)
 .eh_frame      0x000000000003a820        0x4 /usr/lib/gcc/i686-linux-gnu/4.8/crtendS.o

.gcc_except_table
 *(.gcc_except_table .gcc_except_table.*)

.exception_ranges
 *(.exception_ranges .exception_ranges*)
                0x000000000003a824                . = (ALIGN (0x1000) - ((0x1000 - .) & 0xfff))
                0x000000000003bef8                . = DATA_SEGMENT_ALIGN (0x1000, 0x1000)

.eh_frame
 *(.eh_frame)

.gcc_except_table
 *(.gcc_except_table .gcc_except_table.*)

.exception_ranges
 *(.exception_ranges .exception_ranges*)

.tdata
 *(.tdata .tdata.* .gnu.linkonce.td.*)

.tbss
 *(.tbss .tbss.* .gnu.linkonce.tb.*)
 *(.tcommon)

.preinit_array
 *(.preinit_array)

.init_array     0x000000000003bef8        0x4
 *(SORT(.init_array.*) SORT(.ctors.*))
 *(.init_array EXCLUDE_FILE(*crtend?.o *crtend.o *crtbegin?.o *crtbegin.o) .ctors)
 .init_array    0x000000000003bef8        0x4 /usr/lib/gcc/i686-linux-gnu/4.8/crtbeginS.o

.fini_array     0x000000000003befc        0x4
 *(SORT(.fini_array.*) SORT(.dtors.*))
 *(.fini_array EXCLUDE_FILE(*crtend?.o *crtend.o *crtbegin?.o *crtbegin.o) .dtors)
 .fini_array    0x000000000003befc        0x4 /usr/lib/gcc/i686-linux-gnu/4.8/crtbeginS.o

.ctors
 *crtbegin.o(.ctors)
 *crtbegin?.o(.ctors)
 *(EXCLUDE_FILE(*crtend?.o *crtend.o) .ctors)
 *(SORT(.ctors.*))
 *(.ctors)

.dtors
 *crtbegin.o(.dtors)
 *crtbegin?.o(.dtors)
 *(EXCLUDE_FILE(*crtend?.o *crtend.o) .dtors)
 *(SORT(.dtors.*))
 *(.dtors)

.jcr            0x000000000003bf00        0x4
 *(.jcr)
 .jcr           0x000000000003bf00        0x0 /usr/lib/gcc/i686-linux-gnu/4.8/crtbeginS.o
 .jcr           0x000000000003bf00        0x4 /usr/lib/gcc/i686-linux-gnu/4.8/crtendS.o

.data.rel.ro
 *(.data.rel.ro.local* .gnu.linkonce.d.rel.ro.local.*)
 *(.data.rel.ro .data.rel.ro.* .gnu.linkonce.d.rel.ro.*)

.dynamic        0x000000000003bf04       0xe8
 *(.dynamic)
 .dynamic       0x000000000003bf04       0xe8 /usr/lib/gcc/i686-linux-gnu/4.8/../../../i386-linux-gnu/crti.o
                0x000000000003bf04                _DYNAMIC

.got            0x000000000003bfec       0x14
 *(.got)
 .got           0x000000000003bfec       0x14 /usr/lib/gcc/i686-linux-gnu/4.8/../../../i386-linux-gnu/crti.o
 *(.igot)
                0x000000000003cff4                . = DATA_SEGMENT_RELRO_END (., (SIZEOF (.got.plt) >= 0xc)?0xc:0x0)

.got.plt        0x000000000003c000       0x14
 *(.got.plt)
 .got.plt       0x000000000003c000       0x14 /usr/lib/gcc/i686-linux-gnu/4.8/../../../i386-linux-gnu/crti.o
                0x000000000003c000                _GLOBAL_OFFSET_TABLE_
 *(.igot.plt)

.data           0x000000000003c020      0x400
 *(.data .data.* .gnu.linkonce.d.*)
 .data          0x000000000003c020        0x0 /usr/lib/gcc/i686-linux-gnu/4.8/../../../i386-linux-gnu/crti.o
 .data          0x000000000003c020        0x0 /usr/lib/gcc/i686-linux-gnu/4.8/crtbeginS.o
 .data.rel      0x000000000003c020        0x4 /usr/lib/gcc/i686-linux-gnu/4.8/crtbeginS.o
                0x000000000003c020                __dso_handle
 .data          0x000000000003c024       0x10 udp-server.o
                0x000000000003c024                udp_server_process
 *fill*         0x000000000003c034        0xc 
 .data          0x000000000003c040       0x44 build/cooja///mtype972.o
                0x000000000003c040                simInterfaces
                0x000000000003c074                sensors
 .data          0x000000000003c084        0x0 build/cooja///mtype972.a(simEnvChange.o)
 .data          0x000000000003c084        0x0 build/cooja///mtype972.a(cooja_mt.o)
 .data          0x000000000003c084        0x0 build/cooja///mtype972.a(cooja_mtarch.o)
 .data          0x000000000003c084        0x0 build/cooja///mtype972.a(rtimer-arch.o)
 .data          0x000000000003c084        0x0 build/cooja///mtype972.a(beep.o)
 .data          0x000000000003c084        0x0 build/cooja///mtype972.a(button-sensor.o)
 .data          0x000000000003c084        0x0 build/cooja///mtype972.a(leds-arch.o)
 .data          0x000000000003c084        0x0 build/cooja///mtype972.a(moteid.o)
 .data          0x000000000003c084        0x0 build/cooja///mtype972.a(pir-sensor.o)
 .data          0x000000000003c084        0x0 build/cooja///mtype972.a(rs232.o)
 .data          0x000000000003c084        0x0 build/cooja///mtype972.a(vib-sensor.o)
 .data          0x000000000003c084        0x0 build/cooja///mtype972.a(clock.o)
 .data          0x000000000003c084        0x0 build/cooja///mtype972.a(cooja-log.o)
 .data          0x000000000003c084        0x0 build/cooja///mtype972.a(cfs-cooja.o)
 .data          0x000000000003c084       0x2c build/cooja///mtype972.a(cooja-radio.o)
                0x000000000003c084                simRadioHWOn
                0x000000000003c088                simSignalStrength
                0x000000000003c08c                simLastSignalStrength
                0x000000000003c090                simPower
                0x000000000003c094                simRadioChannel
                0x000000000003c098                simLQI
                0x000000000003c0a0                cooja_radio_process
 .data          0x000000000003c0b0        0x0 build/cooja///mtype972.a(eeprom.o)
 .data          0x000000000003c0b0        0x0 build/cooja///mtype972.a(random.o)
 .data          0x000000000003c0b0       0x10 build/cooja///mtype972.a(sensors.o)
                0x000000000003c0b0                sensors_process
 .data          0x000000000003c0c0       0x14 build/cooja///mtype972.a(orchestra-rule-)
                0x000000000003c0c0                default_common
 .data          0x000000000003c0d4       0x14 build/cooja///mtype972.a(orchestra-rule-)
                0x000000000003c0d4                eb_per_time_source
 .data          0x000000000003c0e8       0x14 build/cooja///mtype972.a(orchestra-rule-)
                0x000000000003c0e8                unicast_per_neighbor_rpl_ns
 .data          0x000000000003c0fc       0x14 build/cooja///mtype972.a(orchestra-rule-)
                0x000000000003c0fc                unicast_per_neighbor_rpl_storing
 .data          0x000000000003c110       0x18 build/cooja///mtype972.a(orchestra.o)
                0x000000000003c11c                all_rules
 .data          0x000000000003c128        0x0 build/cooja///mtype972.a(contiki-main.o)
 .data          0x000000000003c128        0x0 build/cooja///mtype972.a(autostart.o)
 .data          0x000000000003c128       0x14 build/cooja///mtype972.a(ctimer.o)
                0x000000000003c12c                ctimer_process
 .data          0x000000000003c13c        0x0 build/cooja///mtype972.a(energest.o)
 .data          0x000000000003c13c       0x10 build/cooja///mtype972.a(etimer.o)
                0x000000000003c13c                etimer_process
 *fill*         0x000000000003c14c       0x14 
 .data          0x000000000003c160       0xb0 build/cooja///mtype972.a(log.o)
                0x000000000003c160                curr_log_level_main
                0x000000000003c180                all_modules
 .data          0x000000000003c210        0x0 build/cooja///mtype972.a(node-id.o)
 .data          0x000000000003c210        0x0 build/cooja///mtype972.a(process.o)
 .data          0x000000000003c210        0x0 build/cooja///mtype972.a(rtimer.o)
 .data          0x000000000003c210        0x0 build/cooja///mtype972.a(timer.o)
 .data          0x000000000003c210       0x10 build/cooja///mtype972.a(serial-line.o)
                0x000000000003c210                serial_line_process
 .data          0x000000000003c220        0x0 build/cooja///mtype972.a(list.o)
 .data          0x000000000003c220        0x0 build/cooja///mtype972.a(ringbuf.o)
 .data          0x000000000003c220        0x0 build/cooja///mtype972.a(linkaddr.o)
 .data          0x000000000003c220       0x10 build/cooja///mtype972.a(nbr-table.o)
 .data          0x000000000003c230        0x4 build/cooja///mtype972.a(netstack.o)
 .data          0x000000000003c234        0x4 build/cooja///mtype972.a(packetbuf.o)
 .data          0x000000000003c238       0x18 build/cooja///mtype972.a(queuebuf.o)
 .data          0x000000000003c250       0x1c build/cooja///mtype972.a(tsch-schedule.o)
 .data          0x000000000003c26c        0x4 build/cooja///mtype972.a(tsch-slot-opera)
 .data          0x000000000003c270       0x30 build/cooja///mtype972.a(tsch.o)
                0x000000000003c270                tsch_process
                0x000000000003c280                tsch_send_eb_process
                0x000000000003c290                tsch_pending_events_process
 .data          0x000000000003c2a0        0x0 build/cooja///mtype972.a(sicslowpan.o)
 .data          0x000000000003c2a0       0x10 build/cooja///mtype972.a(simple-udp.o)
                0x000000000003c2a0                simple_udp_process
 .data          0x000000000003c2b0       0x10 build/cooja///mtype972.a(tcpip.o)
                0x000000000003c2b0                tcpip_process
 .data          0x000000000003c2c0       0x14 build/cooja///mtype972.a(uip-ds6-nbr.o)
 .data          0x000000000003c2d4       0x44 build/cooja///mtype972.a(uip-ds6-route.o)
                0x000000000003c2e4                nbr_routes
 .data          0x000000000003c318        0x0 build/cooja///mtype972.a(uip-ds6.o)
 .data          0x000000000003c318        0xc build/cooja///mtype972.a(uip-packetqueue)
 .data          0x000000000003c324        0x0 build/cooja///mtype972.a(uip-udp-packet.)
 .data          0x000000000003c324        0x0 build/cooja///mtype972.a(uip6.o)
 .data          0x000000000003c324        0x0 build/cooja///mtype972.a(uipbuf.o)
 .data          0x000000000003c324        0x0 build/cooja///mtype972.a(uiplib.o)
 .data          0x000000000003c324        0x0 build/cooja///mtype972.a(rpl-nbr-policy.)
 .data          0x000000000003c324        0x0 build/cooja///mtype972.a(rpl.o)
 .data          0x000000000003c324        0x0 build/cooja///mtype972.a(watchdog.o)
 .data          0x000000000003c324       0x10 build/cooja///mtype972.a(serial-shell.o)
                0x000000000003c324                serial_shell_process
 .data          0x000000000003c334        0x0 build/cooja///mtype972.a(shell.o)
 .data          0x000000000003c334        0x0 build/cooja///mtype972.a(stimer.o)
 .data          0x000000000003c334        0x0 build/cooja///mtype972.a(memb.o)
 .data          0x000000000003c334        0x0 build/cooja///mtype972.a(ringbufindex.o)
 .data          0x000000000003c334       0x14 build/cooja///mtype972.a(link-stats.o)
 .data          0x000000000003c348        0x0 build/cooja///mtype972.a(mac-sequence.o)
 .data          0x000000000003c348        0x0 build/cooja///mtype972.a(mac.o)
 .data          0x000000000003c348        0x2 build/cooja///mtype972.a(frame802154.o)
 .data          0x000000000003c34a        0x0 build/cooja///mtype972.a(framer-802154.o)
 .data          0x000000000003c34a        0x0 build/cooja///mtype972.a(tsch-adaptive-t)
 .data          0x000000000003c34a        0x0 build/cooja///mtype972.a(tsch-log.o)
 .data          0x000000000003c34a        0x0 build/cooja///mtype972.a(tsch-packet.o)
 *fill*         0x000000000003c34a        0x2 
 .data          0x000000000003c34c       0x1c build/cooja///mtype972.a(tsch-queue.o)
 .data          0x000000000003c368        0x0 build/cooja///mtype972.a(tsch-rpl.o)
 .data          0x000000000003c368        0x0 build/cooja///mtype972.a(tsch-timeslot-t)
 .data          0x000000000003c368       0x20 build/cooja///mtype972.a(uip-icmp6.o)
 .data          0x000000000003c388        0xc build/cooja///mtype972.a(uip-nd6.o)
 .data          0x000000000003c394        0x0 build/cooja///mtype972.a(rpl-dag-root.o)
 .data          0x000000000003c394       0x14 build/cooja///mtype972.a(rpl-dag.o)
                0x000000000003c3a4                rpl_parents
 .data          0x000000000003c3a8        0x0 build/cooja///mtype972.a(rpl-ext-header.)
 .data          0x000000000003c3a8       0x34 build/cooja///mtype972.a(rpl-icmp6.o)
 *fill*         0x000000000003c3dc        0x4 
 .data          0x000000000003c3e0       0x24 build/cooja///mtype972.a(rpl-mrhof.o)
                0x000000000003c3e0                rpl_mrhof
 .data          0x000000000003c404        0x0 build/cooja///mtype972.a(rpl-timers.o)
 .data          0x000000000003c404        0xc build/cooja///mtype972.a(shell-commands.)
 .data          0x000000000003c410        0x0 build/cooja///mtype972.a(frame802154e-ie)
 .data          0x000000000003c410       0x10 build/cooja///mtype972.a(uip-sr.o)
 .data          0x000000000003c420        0x0 /usr/lib/gcc/i686-linux-gnu/4.8/libgcc.a(_divdi3.o)
 .data          0x000000000003c420        0x0 /usr/lib/gcc/i686-linux-gnu/4.8/libgcc.a(_udivdi3.o)
 .data          0x000000000003c420        0x0 /usr/lib/gcc/i686-linux-gnu/4.8/crtendS.o
 .data          0x000000000003c420        0x0 /usr/lib/gcc/i686-linux-gnu/4.8/../../../i386-linux-gnu/crtn.o

.tm_clone_table
                0x000000000003c420        0x0
 .tm_clone_table
                0x000000000003c420        0x0 /usr/lib/gcc/i686-linux-gnu/4.8/crtbeginS.o
 .tm_clone_table
                0x000000000003c420        0x0 /usr/lib/gcc/i686-linux-gnu/4.8/crtendS.o

.data1
 *(.data1)
                0x000000000003c420                _edata = .
                0x000000000003c420                PROVIDE (edata, .)
                0x000000000003c420                . = .
                0x000000000003c420                __bss_start = .

.bss            0x000000000003c420    0x2bdb8
 *(.dynbss)
 .dynbss        0x0000000000000000        0x0 /usr/lib/gcc/i686-linux-gnu/4.8/../../../i386-linux-gnu/crti.o
 *(.bss .bss.* .gnu.linkonce.b.*)
 .bss           0x000000000003c420        0x0 /usr/lib/gcc/i686-linux-gnu/4.8/../../../i386-linux-gnu/crti.o
 .bss           0x000000000003c420        0x1 /usr/lib/gcc/i686-linux-gnu/4.8/crtbeginS.o
 *fill*         0x000000000003c421       0x1f 
 .bss           0x000000000003c440       0x24 udp-server.o
 *fill*         0x000000000003c464       0x1c 
 .bss           0x000000000003c480     0x2030 build/cooja///mtype972.o
 .bss           0x000000000003e4b0        0x1 build/cooja///mtype972.a(simEnvChange.o)
                0x000000000003e4b0                simDontFallAsleep
 *fill*         0x000000000003e4b1        0x3 
 .bss           0x000000000003e4b4        0x4 build/cooja///mtype972.a(cooja_mt.o)
 .bss           0x000000000003e4b8        0x4 build/cooja///mtype972.a(cooja_mtarch.o)
 .bss           0x000000000003e4bc        0x0 build/cooja///mtype972.a(rtimer-arch.o)
 .bss           0x000000000003e4bc        0x0 build/cooja///mtype972.a(beep.o)
 .bss           0x000000000003e4bc        0x8 build/cooja///mtype972.a(button-sensor.o)
 .bss           0x000000000003e4c4        0x0 build/cooja///mtype972.a(leds-arch.o)
 .bss           0x000000000003e4c4        0x0 build/cooja///mtype972.a(moteid.o)
 .bss           0x000000000003e4c4        0x1 build/cooja///mtype972.a(pir-sensor.o)
                0x000000000003e4c4                simPirValue
 *fill*         0x000000000003e4c5        0x3 
 .bss           0x000000000003e4c8        0x4 build/cooja///mtype972.a(rs232.o)
 .bss           0x000000000003e4cc        0x1 build/cooja///mtype972.a(vib-sensor.o)
                0x000000000003e4cc                simVibValue
 .bss           0x000000000003e4cd        0x0 build/cooja///mtype972.a(clock.o)
 *fill*         0x000000000003e4cd       0x13 
 .bss           0x000000000003e4e0     0x2020 build/cooja///mtype972.a(cooja-log.o)
 .bss           0x0000000000040500      0xfc0 build/cooja///mtype972.a(cfs-cooja.o)
                0x0000000000040500                simCFSData
                0x00000000000414a0                simCFSSize
                0x00000000000414a4                simCFSChanged
                0x00000000000414a8                simCFSRead
                0x00000000000414ac                simCFSWritten
 .bss           0x00000000000414c0       0x24 build/cooja///mtype972.a(cooja-radio.o)
                0x00000000000414c0                simReceiving
                0x00000000000414c4                simInSize
                0x00000000000414c8                simLastPacketTimestamp
                0x00000000000414d0                simOutSize
 .bss           0x00000000000414e4        0xc build/cooja///mtype972.a(eeprom.o)
                0x00000000000414e4                simEEPROMChanged
                0x00000000000414e8                simEEPROMRead
                0x00000000000414ec                simEEPROMWritten
 .bss           0x00000000000414f0        0x0 build/cooja///mtype972.a(random.o)
 .bss           0x00000000000414f0        0xc build/cooja///mtype972.a(sensors.o)
 .bss           0x00000000000414fc        0x4 build/cooja///mtype972.a(orchestra-rule-)
 .bss           0x0000000000041500        0x8 build/cooja///mtype972.a(orchestra-rule-)
 .bss           0x0000000000041508        0x8 build/cooja///mtype972.a(orchestra-rule-)
 .bss           0x0000000000041510        0x8 build/cooja///mtype972.a(orchestra-rule-)
 .bss           0x0000000000041518        0x4 build/cooja///mtype972.a(orchestra.o)
                0x0000000000041518                orchestra_parent_knows_us
 .bss           0x000000000004151c        0x0 build/cooja///mtype972.a(contiki-main.o)
 .bss           0x000000000004151c        0x0 build/cooja///mtype972.a(autostart.o)
 .bss           0x000000000004151c        0x5 build/cooja///mtype972.a(ctimer.o)
 .bss           0x0000000000041521        0x0 build/cooja///mtype972.a(energest.o)
 *fill*         0x0000000000041521        0x3 
 .bss           0x0000000000041524        0x8 build/cooja///mtype972.a(etimer.o)
 .bss           0x000000000004152c       0x28 build/cooja///mtype972.a(log.o)
                0x000000000004152c                curr_log_level_rpl
                0x0000000000041530                curr_log_level_tcpip
                0x0000000000041534                curr_log_level_ipv6
                0x0000000000041538                curr_log_level_6lowpan
                0x000000000004153c                curr_log_level_nullnet
                0x0000000000041540                curr_log_level_mac
                0x0000000000041544                curr_log_level_framer
                0x0000000000041548                curr_log_level_6top
                0x000000000004154c                curr_log_level_coap
                0x0000000000041550                curr_log_level_lwm2m
 .bss           0x0000000000041554        0x2 build/cooja///mtype972.a(node-id.o)
                0x0000000000041554                node_id
 *fill*         0x0000000000041556        0xa 
 .bss           0x0000000000041560      0x1a1 build/cooja///mtype972.a(process.o)
                0x0000000000041560                process_list
                0x0000000000041564                process_current
 *fill*         0x0000000000041701        0x3 
 .bss           0x0000000000041704        0x4 build/cooja///mtype972.a(rtimer.o)
 .bss           0x0000000000041708        0x0 build/cooja///mtype972.a(timer.o)
 *fill*         0x0000000000041708       0x18 
 .bss           0x0000000000041720      0x140 build/cooja///mtype972.a(serial-line.o)
 .bss           0x0000000000041860        0x0 build/cooja///mtype972.a(list.o)
 .bss           0x0000000000041860        0x0 build/cooja///mtype972.a(ringbuf.o)
 .bss           0x0000000000041860        0x0 build/cooja///mtype972.a(linkaddr.o)
 .bss           0x0000000000041860     0x1214 build/cooja///mtype972.a(nbr-table.o)
 .bss           0x0000000000042a74        0x4 build/cooja///mtype972.a(netstack.o)
 *fill*         0x0000000000042a78        0x8 
 .bss           0x0000000000042a80       0xa0 build/cooja///mtype972.a(packetbuf.o)
 .bss           0x0000000000042b20     0x2d80 build/cooja///mtype972.a(queuebuf.o)
 .bss           0x00000000000458a0      0x4ac build/cooja///mtype972.a(tsch-schedule.o)
 *fill*         0x0000000000045d4c       0x14 
 .bss           0x0000000000045d60      0x1b8 build/cooja///mtype972.a(tsch-slot-opera)
                0x0000000000045d60                last_timesource_neighbor
                0x0000000000045d64                current_link
                0x0000000000045d68                tsch_current_burst_count
 *fill*         0x0000000000045f18        0x8 
 .bss           0x0000000000045f20      0x124 build/cooja///mtype972.a(tsch.o)
                0x0000000000045f20                tsch_is_started
                0x0000000000045f24                tsch_is_initialized
                0x0000000000045f28                tsch_is_coordinator
                0x0000000000045f2c                tsch_is_associated
                0x0000000000045f30                tsch_association_count
                0x0000000000045f34                tsch_is_pan_secured
 *fill*         0x0000000000046044       0x1c 
 .bss           0x0000000000046060      0x724 build/cooja///mtype972.a(sicslowpan.o)
 *fill*         0x0000000000046784       0x1c 
 .bss           0x00000000000467a0      0x520 build/cooja///mtype972.a(simple-udp.o)
 .bss           0x0000000000046cc0       0x10 build/cooja///mtype972.a(tcpip.o)
 *fill*         0x0000000000046cd0       0x10 
 .bss           0x0000000000046ce0     0x1c20 build/cooja///mtype972.a(uip-ds6-nbr.o)
 .bss           0x0000000000048900     0x44a4 build/cooja///mtype972.a(uip-ds6-route.o)
 .bss           0x000000000004cda4       0x20 build/cooja///mtype972.a(uip-ds6.o)
 *fill*         0x000000000004cdc4       0x1c 
 .bss           0x000000000004cde0      0xa78 build/cooja///mtype972.a(uip-packetqueue)
 .bss           0x000000000004d858        0x0 build/cooja///mtype972.a(uip-udp-packet.)
 .bss           0x000000000004d858        0x6 build/cooja///mtype972.a(uip6.o)
                0x000000000004d858                uip_ext_bitmap
                0x000000000004d859                uip_ext_len
                0x000000000004d85a                uip_last_proto
 .bss           0x000000000004d85e       0x18 build/cooja///mtype972.a(uipbuf.o)
 .bss           0x000000000004d876        0x0 build/cooja///mtype972.a(uiplib.o)
 *fill*         0x000000000004d876        0x2 
 .bss           0x000000000004d878       0x12 build/cooja///mtype972.a(rpl-nbr-policy.)
 *fill*         0x000000000004d88a        0x2 
 .bss           0x000000000004d88c        0x4 build/cooja///mtype972.a(rpl.o)
 .bss           0x000000000004d890        0x0 build/cooja///mtype972.a(watchdog.o)
 .bss           0x000000000004d890        0x2 build/cooja///mtype972.a(serial-shell.o)
 *fill*         0x000000000004d892        0x2 
 .bss           0x000000000004d894        0xa build/cooja///mtype972.a(shell.o)
 .bss           0x000000000004d89e        0x0 build/cooja///mtype972.a(stimer.o)
 .bss           0x000000000004d89e        0x0 build/cooja///mtype972.a(memb.o)
 .bss           0x000000000004d89e        0x0 build/cooja///mtype972.a(ringbufindex.o)
 *fill*         0x000000000004d89e        0x2 
 .bss           0x000000000004d8a0      0xe10 build/cooja///mtype972.a(link-stats.o)
 *fill*         0x000000000004e6b0       0x10 
 .bss           0x000000000004e6c0      0x100 build/cooja///mtype972.a(mac-sequence.o)
 .bss           0x000000000004e7c0        0x0 build/cooja///mtype972.a(mac.o)
 .bss           0x000000000004e7c0        0x0 build/cooja///mtype972.a(frame802154.o)