Archive member included to satisfy reference by file (symbol)

build/cooja///mtype635.a(simEnvChange.o)
                              build/cooja///mtype635.o (simDontFallAsleep)
build/cooja///mtype635.a(cooja_mt.o)
                              build/cooja///mtype635.o (cooja_mt_start)
build/cooja///mtype635.a(cooja_mtarch.o)
                              build/cooja///mtype635.a(cooja_mt.o) (cooja_mtarch_start)
build/cooja///mtype635.a(rtimer-arch.o)
                              build/cooja///mtype635.o (rtimer_arch_check)
build/cooja///mtype635.a(beep.o)
                              build/cooja///mtype635.o (beep_interface)
build/cooja///mtype635.a(button-sensor.o)
                              build/cooja///mtype635.o (button_interface)
build/cooja///mtype635.a(leds-arch.o)
                              build/cooja///mtype635.o (leds_interface)
build/cooja///mtype635.a(moteid.o)
                              build/cooja///mtype635.o (moteid_interface)
build/cooja///mtype635.a(pir-sensor.o)
                              build/cooja///mtype635.o (pir_interface)
build/cooja///mtype635.a(rs232.o)
                              build/cooja///mtype635.o (rs232_interface)
build/cooja///mtype635.a(vib-sensor.o)
                              build/cooja///mtype635.o (vib_interface)
build/cooja///mtype635.a(clock.o)
                              build/cooja///mtype635.o (clock_interface)
build/cooja///mtype635.a(cooja-log.o)
                              build/cooja///mtype635.o (simlog_interface)
build/cooja///mtype635.a(cfs-cooja.o)
                              build/cooja///mtype635.o (cfs_interface)
build/cooja///mtype635.a(cooja-radio.o)
                              build/cooja///mtype635.o (radio_interface)
build/cooja///mtype635.a(eeprom.o)
                              build/cooja///mtype635.o (eeprom_interface)
build/cooja///mtype635.a(random.o)
                              build/cooja///mtype635.a(moteid.o) (random_init)
build/cooja///mtype635.a(sensors.o)
                              build/cooja///mtype635.a(button-sensor.o) (sensors_changed)
build/cooja///mtype635.a(orchestra-rule-)
                              udp-client.o (default_common)
build/cooja///mtype635.a(orchestra-rule-)
                              udp-client.o (eb_per_time_source)
build/cooja///mtype635.a(orchestra-rule-)
                              udp-client.o (unicast_per_neighbor_rpl_ns)
build/cooja///mtype635.a(orchestra-rule-)
                              udp-client.o (unicast_per_neighbor_rpl_storing)
build/cooja///mtype635.a(orchestra.o)
                              build/cooja///mtype635.a(orchestra-rule-) (orchestra_parent_linkaddr)
build/cooja///mtype635.a(contiki-main.o)
                              build/cooja///mtype635.o (main)
build/cooja///mtype635.a(autostart.o)
                              build/cooja///mtype635.a(contiki-main.o) (autostart_start)
build/cooja///mtype635.a(ctimer.o)
                              build/cooja///mtype635.a(contiki-main.o) (ctimer_init)
build/cooja///mtype635.a(energest.o)
                              build/cooja///mtype635.a(contiki-main.o) (energest_init)
build/cooja///mtype635.a(etimer.o)
                              build/cooja///mtype635.a(contiki-main.o) (etimer_process)
build/cooja///mtype635.a(log.o)
                              build/cooja///mtype635.a(contiki-main.o) (curr_log_level_main)
build/cooja///mtype635.a(node-id.o)
                              build/cooja///mtype635.a(contiki-main.o) (node_id)
build/cooja///mtype635.a(process.o)
                              udp-client.o (process_current)
build/cooja///mtype635.a(rtimer.o)
                              build/cooja///mtype635.a(contiki-main.o) (rtimer_init)
build/cooja///mtype635.a(timer.o)
                              build/cooja///mtype635.a(button-sensor.o) (timer_set)
build/cooja///mtype635.a(serial-line.o)
                              build/cooja///mtype635.a(rs232.o) (serial_line_input_byte)
build/cooja///mtype635.a(list.o)
                              build/cooja///mtype635.a(ctimer.o) (list_init)
build/cooja///mtype635.a(ringbuf.o)
                              build/cooja///mtype635.a(serial-line.o) (ringbuf_init)
build/cooja///mtype635.a(linkaddr.o)
                              build/cooja///mtype635.a(orchestra-rule-) (linkaddr_node_addr)
build/cooja///mtype635.a(nbr-table.o)
                              build/cooja///mtype635.a(orchestra-rule-) (nbr_table_head)
build/cooja///mtype635.a(netstack.o)
                              build/cooja///mtype635.a(contiki-main.o) (netstack_init)
build/cooja///mtype635.a(packetbuf.o)
                              build/cooja///mtype635.a(cooja-radio.o) (packetbuf_clear)
build/cooja///mtype635.a(queuebuf.o)
                              build/cooja///mtype635.a(contiki-main.o) (queuebuf_init)
build/cooja///mtype635.a(tsch-schedule.o)
                              build/cooja///mtype635.a(orchestra-rule-) (tsch_schedule_add_slotframe)
[...]
Memory Configuration

Name             Origin             Length             Attributes
*default*        0x0000000000000000 0xffffffffffffffff

Linker script and memory map

LOAD /usr/lib/gcc/i686-linux-gnu/4.8/../../../i386-linux-gnu/crti.o
LOAD /usr/lib/gcc/i686-linux-gnu/4.8/crtbeginS.o
LOAD udp-client.o
LOAD build/cooja///mtype635.o
LOAD build/cooja///mtype635.a
LOAD /usr/lib/gcc/i686-linux-gnu/4.8/libgcc.a
LOAD /usr/lib/gcc/i686-linux-gnu/4.8/libgcc_s.so
LOAD /usr/lib/gcc/i686-linux-gnu/4.8/../../../i386-linux-gnu/libc.so
START GROUP
LOAD /lib/i386-linux-gnu/libc.so.6
LOAD /usr/lib/i386-linux-gnu/libc_nonshared.a
LOAD /lib/i386-linux-gnu/ld-linux.so.2
END GROUP
LOAD /usr/lib/gcc/i686-linux-gnu/4.8/libgcc.a
LOAD /usr/lib/gcc/i686-linux-gnu/4.8/libgcc_s.so
LOAD /usr/lib/gcc/i686-linux-gnu/4.8/crtendS.o
LOAD /usr/lib/gcc/i686-linux-gnu/4.8/../../../i386-linux-gnu/crtn.o
                0x0000000000000114                . = (0x0 + SIZEOF_HEADERS)

.note.gnu.build-id
                0x0000000000000114       0x24
 *(.note.gnu.build-id)
 .note.gnu.build-id
                0x0000000000000114       0x24 /usr/lib/gcc/i686-linux-gnu/4.8/../../../i386-linux-gnu/crti.o

.hash
 *(.hash)

.gnu.hash       0x0000000000000138     0x159c
 *(.gnu.hash)
 .gnu.hash      0x0000000000000138     0x159c /usr/lib/gcc/i686-linux-gnu/4.8/../../../i386-linux-gnu/crti.o

.dynsym         0x00000000000016d4     0x2ee0
 *(.dynsym)
 .dynsym        0x00000000000016d4     0x2ee0 /usr/lib/gcc/i686-linux-gnu/4.8/../../../i386-linux-gnu/crti.o

.dynstr         0x00000000000045b4     0x3639
 *(.dynstr)
 .dynstr        0x00000000000045b4     0x3639 /usr/lib/gcc/i686-linux-gnu/4.8/../../../i386-linux-gnu/crti.o

.gnu.version    0x0000000000007bee      0x5dc
 *(.gnu.version)
 .gnu.version   0x0000000000007bee      0x5dc /usr/lib/gcc/i686-linux-gnu/4.8/../../../i386-linux-gnu/crti.o

.gnu.version_d  0x00000000000081cc        0x0
 *(.gnu.version_d)
 .gnu.version_d
                0x0000000000000000        0x0 /usr/lib/gcc/i686-linux-gnu/4.8/../../../i386-linux-gnu/crti.o

.gnu.version_r  0x00000000000081cc       0x40
 *(.gnu.version_r)
 .gnu.version_r
                0x00000000000081cc       0x40 /usr/lib/gcc/i686-linux-gnu/4.8/../../../i386-linux-gnu/crti.o

.rel.dyn        0x000000000000820c     0xaa50
 *(.rel.init)
 .rel.init      0x0000000000000000        0x0 /usr/lib/gcc/i686-linux-gnu/4.8/../../../i386-linux-gnu/crti.o
 *(.rel.text .rel.text.* .rel.gnu.linkonce.t.*)
 .rel.text      0x000000000000820c     0xa130 /usr/lib/gcc/i686-linux-gnu/4.8/../../../i386-linux-gnu/crti.o
 *(.rel.fini)
 .rel.fini      0x0000000000000000        0x0 /usr/lib/gcc/i686-linux-gnu/4.8/../../../i386-linux-gnu/crti.o
 *(.rel.rodata .rel.rodata.* .rel.gnu.linkonce.r.*)
 .rel.rodata    0x000000000001233c      0x470 /usr/lib/gcc/i686-linux-gnu/4.8/../../../i386-linux-gnu/crti.o
 *(.rel.data.rel.ro .rel.data.rel.ro.* .rel.gnu.linkonce.d.rel.ro.*)
 *(.rel.data .rel.data.* .rel.gnu.linkonce.d.*)
 .rel.data.rel  0x00000000000127ac        0x8 /usr/lib/gcc/i686-linux-gnu/4.8/../../../i386-linux-gnu/crti.o
 .rel.data      0x00000000000127b4      0x470 /usr/lib/gcc/i686-linux-gnu/4.8/../../../i386-linux-gnu/crti.o
 *(.rel.tdata .rel.tdata.* .rel.gnu.linkonce.td.*)
 *(.rel.tbss .rel.tbss.* .rel.gnu.linkonce.tb.*)
 *(.rel.ctors)
 *(.rel.dtors)
 *(.rel.got)
 .rel.got       0x0000000000012c24       0x28 /usr/lib/gcc/i686-linux-gnu/4.8/../../../i386-linux-gnu/crti.o
 *(.rel.bss .rel.bss.* .rel.gnu.linkonce.b.*)
 *(.rel.ifunc)
 .rel.ifunc     0x0000000000000000        0x0 /usr/lib/gcc/i686-linux-gnu/4.8/../../../i386-linux-gnu/crti.o
 .rel.fini_array
                0x0000000000012c4c        0x8 /usr/lib/gcc/i686-linux-gnu/4.8/../../../i386-linux-gnu/crti.o
 .rel.init_array
                0x0000000000012c54        0x8 /usr/lib/gcc/i686-linux-gnu/4.8/../../../i386-linux-gnu/crti.o

.rel.plt        0x0000000000012c5c       0x10
 *(.rel.plt)
 .rel.plt       0x0000000000012c5c       0x10 /usr/lib/gcc/i686-linux-gnu/4.8/../../../i386-linux-gnu/crti.o
 *(.rel.iplt)

.init           0x0000000000012c6c       0x23
 *(SORT(.init))
 .init          0x0000000000012c6c       0x1e /usr/lib/gcc/i686-linux-gnu/4.8/../../../i386-linux-gnu/crti.o
                0x0000000000012c6c                _init
 .init          0x0000000000012c8a        0x5 /usr/lib/gcc/i686-linux-gnu/4.8/../../../i386-linux-gnu/crtn.o

.plt            0x0000000000012c90       0x30
 *(.plt)
 .plt           0x0000000000012c90       0x30 /usr/lib/gcc/i686-linux-gnu/4.8/../../../i386-linux-gnu/crti.o
 *(.iplt)

.text           0x0000000000012cc0    0x1e754
 *(.text.unlikely .text.*_unlikely .text.unlikely.*)
 *(.text.exit .text.exit.*)
 *(.text.startup .text.startup.*)
 *(.text.hot .text.hot.*)
 *(.text .stub .text.* .gnu.linkonce.t.*)
 .text          0x0000000000012cc0        0x0 /usr/lib/gcc/i686-linux-gnu/4.8/../../../i386-linux-gnu/crti.o
 .gnu.linkonce.t.__x86.get_pc_thunk.bx
                0x0000000000012cc0        0x4 /usr/lib/gcc/i686-linux-gnu/4.8/../../../i386-linux-gnu/crti.o
                0x0000000000012cc0                __x86.get_pc_thunk.bx
 *fill*         0x0000000000012cc4        0xc 
 .text          0x0000000000012cd0      0x11b /usr/lib/gcc/i686-linux-gnu/4.8/crtbeginS.o
 .text          0x0000000000012deb      0x288 udp-client.o
 .text          0x0000000000013073      0x291 build/cooja///mtype635.o
                0x0000000000013105                platform_init_stage_one
                0x000000000001310b                platform_init_stage_two
                0x0000000000013118                platform_init_stage_three
                0x000000000001312a                platform_main_loop
                0x000000000001319c                Java_org_contikios_cooja_corecomm_Lib9_init
                0x00000000000131dc                Java_org_contikios_cooja_corecomm_Lib9_getMemory
                0x000000000001321c                Java_org_contikios_cooja_corecomm_Lib9_setMemory
                0x0000000000013293                Java_org_contikios_cooja_corecomm_Lib9_tick
                0x00000000000132f2                Java_org_contikios_cooja_corecomm_Lib9_setReferenceAddress
 .text          0x0000000000013304       0x63 build/cooja///mtype635.a(simEnvChange.o)
                0x0000000000013304                doActionsBeforeTick
                0x0000000000013335                doActionsAfterTick
 .text          0x0000000000013367       0x80 build/cooja///mtype635.a(cooja_mt.o)
                0x0000000000013367                cooja_mt_start
                0x0000000000013394                cooja_mt_exec
                0x00000000000133c5                cooja_mt_yield
 .text          0x00000000000133e7       0xc3 build/cooja///mtype635.a(cooja_mtarch.o)
                0x00000000000133e7                cooja_mtarch_start
                0x0000000000013462                cooja_sw
                0x0000000000013484                cooja_mtarch_exec
                0x00000000000134a0                cooja_mtarch_yield
 .text          0x00000000000134aa       0xc3 build/cooja///mtype635.a(rtimer-arch.o)
                0x00000000000134aa                rtimer_arch_init
                0x00000000000134cd                rtimer_arch_schedule
                0x00000000000134fc                rtimer_arch_next
                0x000000000001350c                rtimer_arch_pending
                0x0000000000013516                rtimer_arch_check
                0x000000000001355d                rtimer_arch_now
 .text          0x000000000001356d       0x76 build/cooja///mtype635.a(beep.o)
                0x000000000001356d                beep_alarm
                0x0000000000013579                beep_beep
                0x0000000000013585                beep
                0x0000000000013591                beep_down
                0x000000000001359d                beep_on
                0x00000000000135a9                beep_off
                0x00000000000135b5                beep_spinup
                0x00000000000135c1                beep_quick
                0x00000000000135cd                beep_long
 .text          0x00000000000135e3      0x103 build/cooja///mtype635.a(button-sensor.o)
 .text          0x00000000000136e6       0x45 build/cooja///mtype635.a(leds-arch.o)
                0x00000000000136e6                leds_arch_init
                0x00000000000136f2                leds_arch_get
                0x00000000000136fe                leds_arch_set
 .text          0x000000000001372b       0x2f build/cooja///mtype635.a(moteid.o)
 .text          0x000000000001375a       0xb1 build/cooja///mtype635.a(pir-sensor.o)
 .text          0x000000000001380b      0x131 build/cooja///mtype635.a(rs232.o)
                0x000000000001380b                rs232_init
                0x0000000000013810                rs232_set_speed
                0x000000000001381e                rs232_set_input
                0x000000000001382b                rs232_send
                0x000000000001384d                rs232_print
                0x0000000000013868                slip_arch_writeb
 .text          0x000000000001393c       0xb1 build/cooja///mtype635.a(vib-sensor.o)
 .text          0x00000000000139ed       0x34 build/cooja///mtype635.a(clock.o)
                0x00000000000139ed                clock_init
                0x00000000000139f2                clock_time
                0x00000000000139fc                clock_seconds
                0x0000000000013a12                clock_delay
 .text          0x0000000000013a21      0x1ed build/cooja///mtype635.a(cooja-log.o)
                0x0000000000013a21                simlog_char
                0x0000000000013a63                simlog
                0x0000000000013ad0                log_message
                0x0000000000013af8                log_set_putchar_with_slip
                0x0000000000013b05                log_putchar
                0x0000000000013b89                log_puts
                0x0000000000013bad                log_printf
 .text          0x0000000000013c0e      0x2c4 build/cooja///mtype635.a(cfs-cooja.o)
                0x0000000000013c0e                cfs_open
                0x0000000000013c77                cfs_close
                0x0000000000013c83                cfs_read
                0x0000000000013d21                cfs_write
                0x0000000000013dfe                cfs_seek
                0x0000000000013e86                cfs_remove
                0x0000000000013eaf                cfs_opendir
                0x0000000000013eb9                cfs_readdir
                0x0000000000013ec3                cfs_closedir
 .text          0x0000000000013ed2      0x5db build/cooja///mtype635.a(cooja-radio.o)
                0x0000000000013f10                radio_set_channel
                0x0000000000013f1d                radio_set_txpower
                0x0000000000013f34                radio_signal_strength_last
                0x0000000000013f3e                radio_signal_strength_current
                0x0000000000013f48                radio_LQI
 .text          0x00000000000144ad       0xef build/cooja///mtype635.a(eeprom.o)
                0x00000000000144ad                eeprom_init
                0x00000000000144b2                eeprom_read
                0x0000000000014522                eeprom_write
 .text          0x000000000001459c       0x28 build/cooja///mtype635.a(random.o)
                0x000000000001459c                random_init
                0x00000000000145b7                random_rand
 .text          0x00000000000145c4      0x2a1 build/cooja///mtype635.a(sensors.o)
                0x00000000000145ff                sensors_first
                0x0000000000014609                sensors_next
                0x0000000000014626                sensors_changed
                0x0000000000014655                sensors_find
 .text          0x0000000000014865       0xa7 build/cooja///mtype635.a(orchestra-rule-)
 .text          0x000000000001490c      0x21d build/cooja///mtype635.a(orchestra-rule-)
 .text          0x0000000000014b29      0x187 build/cooja///mtype635.a(orchestra-rule-)
 .text          0x0000000000014cb0      0x3f7 build/cooja///mtype635.a(orchestra-rule-)
 .text          0x00000000000150a7      0x271 build/cooja///mtype635.a(orchestra.o)
                0x0000000000015129                orchestra_callback_child_added
                0x000000000001516c                orchestra_callback_child_removed
                0x00000000000151af                orchestra_callback_packet_ready
                0x0000000000015239                orchestra_callback_new_time_source
                0x0000000000015295                orchestra_init
 .text          0x0000000000015318      0x31e build/cooja///mtype635.a(contiki-main.o)
                0x0000000000015318                main
 .text          0x0000000000015636       0x8e build/cooja///mtype635.a(autostart.o)
                0x0000000000015636                autostart_start
                0x0000000000015681                autostart_exit
 .text          0x00000000000156c4      0x334 build/cooja///mtype635.a(ctimer.o)
                0x00000000000157db                ctimer_init
                0x000000000001580b                ctimer_set
                0x000000000001583c                ctimer_set_with_process
                0x00000000000158b8                ctimer_reset
                0x0000000000015907                ctimer_restart
                0x0000000000015956                ctimer_stop
                0x00000000000159a1                ctimer_expired
 .text          0x00000000000159f8       0x19 build/cooja///mtype635.a(energest.o)
                0x00000000000159f8                energest_init
                0x00000000000159fd                energest_flush
                0x0000000000015a02                energest_get_total_time
 .text          0x0000000000015a11      0x40b build/cooja///mtype635.a(etimer.o)
                0x0000000000015c24                etimer_request_poll
                0x0000000000015ca8                etimer_set
                0x0000000000015ccd                etimer_reset_with_new_interval
                0x0000000000015cf4                etimer_reset
                0x0000000000015d12                etimer_restart
                0x0000000000015d30                etimer_adjust
                0x0000000000015d4c                etimer_expired
                0x0000000000015d5f                etimer_expiration_time
                0x0000000000015d71                etimer_start_time
                0x0000000000015d7b                etimer_pending
                0x0000000000015d8d                etimer_next_expiration_time
                0x0000000000015da7                etimer_stop
 .text          0x0000000000015e1c      0x3a3 build/cooja///mtype635.a(log.o)
                0x0000000000015e1c                log_6addr
                0x0000000000015e73                log_6addr_compact_snprint
                0x0000000000015f23                log_6addr_compact
                0x0000000000015f7a                log_lladdr
                0x0000000000015fe3                log_lladdr_compact
                0x0000000000016045                log_set_level
                0x0000000000016101                log_get_level
                0x000000000001617d                log_level_to_str
 .text          0x00000000000161bf       0x24 build/cooja///mtype635.a(node-id.o)
                0x00000000000161bf                node_id_init
 .text          0x00000000000161e3      0x51a build/cooja///mtype635.a(process.o)
                0x00000000000161e3                process_alloc_event
                0x00000000000161f8                process_start
                0x00000000000163e1                process_exit
                0x00000000000163fd                process_init
                0x000000000001659f                process_run
                0x00000000000165d2                process_nevents
                0x00000000000165ed                process_post
                0x0000000000016682                process_post_synch
                0x00000000000166ba                process_poll
                0x00000000000166e9                process_is_running
 .text          0x00000000000166fd       0xe6 build/cooja///mtype635.a(rtimer.o)
                0x00000000000166fd                rtimer_init
                0x000000000001670a                rtimer_set
                0x0000000000016786                rtimer_run_next
 .text          0x00000000000167e3       0xa3 build/cooja///mtype635.a(timer.o)
                0x00000000000167e3                timer_set
                0x00000000000167fe                timer_reset
                0x0000000000016827                timer_restart
                0x0000000000016839                timer_expired
                0x0000000000016862                timer_remaining
 .text          0x0000000000016886      0x1fb build/cooja///mtype635.a(serial-line.o)
                0x0000000000016886                serial_line_input_byte
                0x0000000000016a49                serial_line_init
 .text          0x0000000000016a81      0x28a build/cooja///mtype635.a(list.o)
                0x0000000000016a81                list_init
                0x0000000000016a8f                list_head
                0x0000000000016a99                list_copy
                0x0000000000016aa8                list_tail
                0x0000000000016ade                list_add
                0x0000000000016b27                list_push
                0x0000000000016b53                list_chop
                0x0000000000016bbd                list_pop
                0x0000000000016be5                list_remove
                0x0000000000016c4c                list_length
                0x0000000000016c7a                list_insert
                0x0000000000016cc0                list_item_next
                0x0000000000016cd7                list_contains
 .text          0x0000000000016d0b      0x155 build/cooja///mtype635.a(ringbuf.o)
                0x0000000000016d0b                ringbuf_init
                0x0000000000016d3c                ringbuf_put
                0x0000000000016dba                ringbuf_get
                0x0000000000016e27                ringbuf_size
                0x0000000000016e39                ringbuf_elements
 .text          0x0000000000016e60       0x67 build/cooja///mtype635.a(linkaddr.o)
                0x0000000000016e60                linkaddr_copy
                0x0000000000016e82                linkaddr_cmp
                0x0000000000016eac                linkaddr_set_node_addr
 .text          0x0000000000016ec7      0x7d6 build/cooja///mtype635.a(nbr-table.o)
                0x0000000000017336                nbr_table_register
                0x00000000000173a0                nbr_table_is_registered
                0x00000000000173db                nbr_table_head
                0x0000000000017437                nbr_table_next
                0x000000000001749e                nbr_table_add_lladdr
                0x000000000001757a                nbr_table_get_from_lladdr
                0x00000000000175c7                nbr_table_remove
                0x0000000000017619                nbr_table_lock
                0x0000000000017643                nbr_table_unlock
                0x000000000001766d                nbr_table_get_lladdr
 .text          0x000000000001769d       0xe2 build/cooja///mtype635.a(netstack.o)
                0x000000000001769d                netstack_process_ip_callback
                0x0000000000017724                netstack_ip_packet_processor_add
                0x0000000000017746                uip_ds6_ip_packet_processor_rm
                0x0000000000017762                netstack_init
 .text          0x000000000001777f      0x3e1 build/cooja///mtype635.a(packetbuf.o)
                0x000000000001777f                packetbuf_clear
                0x00000000000177a9                packetbuf_copyfrom
                0x00000000000177fb                packetbuf_copyto
                0x0000000000017892                packetbuf_hdralloc
                0x000000000001790f                packetbuf_hdrreduce
                0x0000000000017957                packetbuf_set_datalen
                0x0000000000017970                packetbuf_dataptr
                0x000000000001798d                packetbuf_hdrptr
                0x0000000000017997                packetbuf_datalen
                0x00000000000179a3                packetbuf_hdrlen
                0x00000000000179ba                packetbuf_totlen
                0x00000000000179d0                packetbuf_remaininglen
                0x00000000000179e3                packetbuf_attr_clear
                0x0000000000017a35                packetbuf_attr_copyto
                0x0000000000017a73                packetbuf_attr_copyfrom
                0x0000000000017ab1                packetbuf_set_attr
                0x0000000000017adb                packetbuf_attr
                0x0000000000017af5                packetbuf_set_addr
                0x0000000000017b27                packetbuf_addr
                0x0000000000017b44                packetbuf_holds_broadcast
 .text          0x0000000000017b60      0x2b4 build/cooja///mtype635.a(queuebuf.o)
                0x0000000000017b6a                queuebuf_init
                0x0000000000017b8a                queuebuf_numfree
                0x0000000000017b9e                queuebuf_new_from_packetbuf
                0x0000000000017c2e                queuebuf_update_attr_from_packetbuf
                0x0000000000017c61                queuebuf_update_from_packetbuf
                0x0000000000017cab                queuebuf_free
                0x0000000000017cf2                queuebuf_to_packetbuf
                0x0000000000017d58                queuebuf_dataptr
                0x0000000000017d8f                queuebuf_datalen
                0x0000000000017db2                queuebuf_addr
                0x0000000000017de4                queuebuf_attr
                0x0000000000017e0f                queuebuf_debug_print
 .text          0x0000000000017e14      0xb55 build/cooja///mtype635.a(tsch-schedule.o)
                0x0000000000017e14                tsch_schedule_add_slotframe
                0x0000000000017eff                tsch_schedule_remove_all_slotframes
                0x0000000000017f3a                tsch_schedule_remove_slotframe
                0x0000000000017fb4                tsch_schedule_get_slotframe_by_handle
                0x0000000000018009                tsch_schedule_get_link_by_handle
                0x0000000000018198                tsch_schedule_add_link
                0x0000000000018324                tsch_schedule_remove_link
                0x0000000000018442                tsch_schedule_remove_link_by_timeslot
                0x0000000000018489                tsch_schedule_get_link_by_timeslot
                0x00000000000184ea                tsch_schedule_get_next_active_link
                0x0000000000018700                tsch_schedule_init
                0x0000000000018747                tsch_schedule_create_minimal
                0x000000000001879e                tsch_schedule_slotframe_head
                0x00000000000187b3                tsch_schedule_slotframe_next
                0x00000000000187c6                tsch_schedule_print
 .text          0x0000000000018969     0x1ece build/cooja///mtype635.a(tsch-slot-opera)
                0x0000000000018969                tsch_is_locked
                0x0000000000018973                tsch_get_lock
                0x0000000000018a82                tsch_release_lock
                0x0000000000018a91                tsch_calculate_channel
                0x000000000001a6c0                tsch_slot_operation_start
                0x000000000001a7d5                tsch_slot_operation_sync
 .text          0x000000000001a837     0x15d5 build/cooja///mtype635.a(tsch.o)
                0x000000000001a837                tsch_set_coordinator
                0x000000000001a867                tsch_set_pan_secured
                0x000000000001a876                tsch_set_join_priority
                0x000000000001a88d                tsch_set_ka_timeout
                0x000000000001a8b6                tsch_set_eb_period
                0x000000000001ab03                tsch_schedule_keepalive
                0x000000000001ab94                tsch_schedule_keepalive_immediately
                0x000000000001b006                tsch_disassociate
                0x000000000001b471                tsch_scan
 .text          0x000000000001be0c     0x2b0b build/cooja///mtype635.a(sicslowpan.o)
                0x000000000001c303                netstack_sniffer_add
                0x000000000001c310                netstack_sniffer_remove
                0x000000000001e8ec                sicslowpan_init
                0x000000000001e90d                sicslowpan_get_last_rssi
 .text          0x000000000001e917      0x3f2 build/cooja///mtype635.a(simple-udp.o)
                0x000000000001e945                simple_udp_send
                0x000000000001e9b2                simple_udp_sendto
                0x000000000001ea17                simple_udp_sendto_port
                0x000000000001ea7a                simple_udp_register
 .text          0x000000000001ed09      0x6c2 build/cooja///mtype635.a(tcpip.o)
                0x000000000001ed22                tcpip_output
                0x000000000001ed9e                udp_attach
                0x000000000001edbb                udp_new
                0x000000000001ee05                udp_broadcast_new
                0x000000000001ef6f                tcpip_input
                0x000000000001f0db                tcpip_ipv6_output
                0x000000000001f2c0                tcpip_poll_udp
                0x000000000001f2e3                tcpip_uipcall
 .text          0x000000000001f3cb      0x368 build/cooja///mtype635.a(uip-ds6-nbr.o)
                0x000000000001f3cb                uip_ds6_neighbors_init
                0x000000000001f3ed                uip_ds6_nbr_add
                0x000000000001f477                uip_ds6_nbr_rm
                0x000000000001f4bb                uip_ds6_nbr_update_ll
                0x000000000001f5bc                uip_ds6_nbr_get_ipaddr
                0x000000000001f5d1                uip_ds6_nbr_get_ll
                0x000000000001f5ed                uip_ds6_nbr_num
                0x000000000001f632                uip_ds6_nbr_head
                0x000000000001f647                uip_ds6_nbr_next
                0x000000000001f663                uip_ds6_nbr_lookup
                0x000000000001f6be                uip_ds6_nbr_ll_lookup
                0x000000000001f6da                uip_ds6_nbr_ipaddr_from_lladdr
                0x000000000001f700                uip_ds6_nbr_lladdr_from_ipaddr
                0x000000000001f72e                uip_ds6_link_callback
 .text          0x000000000001f733      0xa06 build/cooja///mtype635.a(uip-ds6-route.o)
                0x000000000001f827                uip_ds6_notification_add
                0x000000000001f858                uip_ds6_notification_rm
                0x000000000001f874                uip_ds6_route_init
                0x000000000001f8fc                uip_ds6_route_nexthop
                0x000000000001f924                uip_ds6_route_head
                0x000000000001f939                uip_ds6_route_next
                0x000000000001f95f                uip_ds6_route_is_nexthop
                0x000000000001f99e                uip_ds6_route_num_routes
                0x000000000001f9a8                uip_ds6_route_lookup
                0x000000000001fa7a                uip_ds6_route_add
                0x000000000001fcd1                uip_ds6_route_rm
                0x000000000001fe73                uip_ds6_route_rm_by_nexthop
                0x000000000001feab                uip_ds6_defrt_head
                0x000000000001fec0                uip_ds6_defrt_add
                0x000000000001ff81                uip_ds6_defrt_rm
                0x0000000000020000                uip_ds6_defrt_lookup
                0x0000000000020066                uip_ds6_defrt_choose
                0x00000000000200d1                uip_ds6_defrt_periodic
 .text          0x0000000000020139      0xbe8 build/cooja///mtype635.a(uip-ds6.o)
                0x0000000000020139                uip_ds6_init
                0x000000000002030c                uip_ds6_periodic
                0x0000000000020385                uip_ds6_list_loop
                0x0000000000020448                uip_ds6_prefix_add
                0x0000000000020506                uip_ds6_prefix_rm
                0x0000000000020518                uip_ds6_prefix_lookup
                0x0000000000020569                uip_ds6_is_addr_onlink
                0x00000000000205dd                uip_ds6_addr_add
                0x000000000002070b                uip_ds6_addr_rm
                0x00000000000207ab                uip_ds6_addr_lookup
                0x00000000000207f6                uip_ds6_get_link_local
                0x0000000000020875                uip_ds6_get_global
                0x00000000000208f4                uip_ds6_maddr_add
                0x0000000000020966                uip_ds6_maddr_rm
                0x0000000000020978                uip_ds6_maddr_lookup
                0x00000000000209c3                uip_ds6_aaddr_add
                0x0000000000020a35                uip_ds6_aaddr_rm
                0x0000000000020a47                uip_ds6_aaddr_lookup
                0x0000000000020a92                uip_ds6_select_src
                0x0000000000020bd7                uip_ds6_set_addr_iid
                0x0000000000020c0e                uip_ds6_set_lladdr_from_iid
                0x0000000000020c43                get_match_length
                0x0000000000020cd5                uip_ds6_compute_reachable_time
 .text          0x0000000000020d21      0x141 build/cooja///mtype635.a(uip-packetqueue)
                0x0000000000020d4d                uip_packetqueue_new
                0x0000000000020d5b                uip_packetqueue_alloc
                0x0000000000020dbb                uip_packetqueue_free
                0x0000000000020dfc                uip_packetqueue_buf
                0x0000000000020e19                uip_packetqueue_buflen
                0x0000000000020e3a                uip_packetqueue_set_buflen
 .text          0x0000000000020e62      0x12d build/cooja///mtype635.a(uip-udp-packet.)
                0x0000000000020e62                uip_udp_packet_send
                0x0000000000020ebe                uip_udp_packet_sendto
 .text          0x0000000000020f8f     0x11d3 build/cooja///mtype635.a(uip6.o)
                0x000000000002103e                uip_chksum
                0x0000000000021117                uip_icmp6chksum
                0x000000000002112b                uip_udpchksum
                0x000000000002113f                uip_init
                0x0000000000021187                uip_remove_ext_hdr
                0x0000000000021246                uip_udp_new
                0x0000000000021577                uip_process
                0x0000000000022036                uip_htons
                0x0000000000022058                uip_htonl
                0x0000000000022098                uip_send
 .text          0x0000000000022162      0x4e6 build/cooja///mtype635.a(uipbuf.o)
                0x0000000000022162                uipbuf_clear
                0x0000000000022186                uipbuf_add_ext_hdr
                0x00000000000221f3                uipbuf_set_len
                0x0000000000022220                uipbuf_set_len_field
                0x000000000002224b                uipbuf_get_len_field
                0x000000000002226b                uipbuf_get_next_header
                0x000000000002239d                uipbuf_get_last_header
                0x0000000000022430                uipbuf_search_header
                0x00000000000224dc                uipbuf_get_attr
                0x0000000000022503                uipbuf_set_attr
                0x000000000002253a                uipbuf_set_default_attr
                0x0000000000022571                uipbuf_clear_attr
                0x0000000000022594                uipbuf_set_attr_flag
                0x00000000000225b4                uipbuf_clr_attr_flag
                0x00000000000225d8                uipbuf_is_attr_flag
                0x00000000000225fc                uipbuf_init
 .text          0x0000000000022648      0x502 build/cooja///mtype635.a(uiplib.o)
                0x0000000000022648                uiplib_ip6addrconv
                0x0000000000022808                uiplib_ip4addrconv
                0x00000000000228cb                uiplib_ipaddr_print
                0x0000000000022922                uiplib_ipaddr_snprint
 .text          0x0000000000022b4a      0x2b3 build/cooja///mtype635.a(rpl-nbr-policy.)
                0x0000000000022cb0                find_removable_dis
                0x0000000000022cd5                find_removable_dio
                0x0000000000022d56                find_removable_dao
                0x0000000000022da6                rpl_nbr_policy_find_removable
 .text          0x0000000000022dfd      0x6c0 build/cooja///mtype635.a(rpl.o)
                0x0000000000022dfd                rpl_get_mode
                0x0000000000022e07                rpl_set_mode
                0x0000000000022e95                rpl_purge_routes
                0x0000000000022f9a                rpl_remove_routes
                0x0000000000022fe0                rpl_remove_routes_by_nexthop
                0x0000000000023041                rpl_add_route
                0x00000000000230d4                rpl_link_callback
                0x00000000000231b9                rpl_ipv6_neighbor_callback
                0x0000000000023228                rpl_purge_dags
 .text          0x00000000000234bd       0x2b build/cooja///mtype635.a(watchdog.o)
                0x00000000000234bd                watchdog_init
                0x00000000000234c2                watchdog_start
                0x00000000000234c7                watchdog_periodic
                0x00000000000234de                watchdog_stop
                0x00000000000234e3                watchdog_reboot
 .text          0x00000000000234e8       0xda build/cooja///mtype635.a(serial-shell.o)
                0x00000000000235a6                serial_shell_init
 .text          0x00000000000235c2      0x406 build/cooja///mtype635.a(shell.o)
                0x00000000000235c2                shell_output_6addr
                0x0000000000023654                shell_output_lladdr
                0x00000000000237ee                shell_input
                0x00000000000239bb                shell_init
 .text          0x00000000000239c8       0xb5 build/cooja///mtype635.a(stimer.o)
                0x00000000000239c8                stimer_set
                0x00000000000239e3                stimer_reset
                0x0000000000023a0c                stimer_restart
                0x0000000000023a1e                stimer_expired
                0x0000000000023a45                stimer_remaining
                0x0000000000023a69                stimer_elapsed
 .text          0x0000000000023a7d      0x1c1 build/cooja///mtype635.a(memb.o)
                0x0000000000023a7d                memb_init
                0x0000000000023adb                memb_alloc
                0x0000000000023b40                memb_free
                0x0000000000023bbb                memb_inmemb
                0x0000000000023bfa                memb_numfree
 .text          0x0000000000023c3e      0x1eb build/cooja///mtype635.a(ringbufindex.o)
                0x0000000000023c3e                ringbufindex_init
                0x0000000000023c66                ringbufindex_put
                0x0000000000023cc1                ringbufindex_peek_put
                0x0000000000023d05                ringbufindex_get
                0x0000000000023d65                ringbufindex_peek_get
                0x0000000000023da0                ringbufindex_size
                0x0000000000023db1                ringbufindex_elements
                0x0000000000023dd7                ringbufindex_full
                0x0000000000023e0e                ringbufindex_empty
 .text          0x0000000000023e29      0x39d build/cooja///mtype635.a(link-stats.o)
                0x0000000000023e29                link_stats_from_lladdr
                0x0000000000023e45                link_stats_get_lladdr
                0x0000000000023e61                link_stats_is_fresh
                0x0000000000023e99                guess_etx_from_rssi
                0x0000000000023f15                link_stats_packet_sent
                0x000000000002402b                link_stats_input_callback
                0x000000000002413a                link_stats_reset
                0x0000000000024185                link_stats_init
 .text          0x00000000000241c6      0x168 build/cooja///mtype635.a(mac-sequence.o)
                0x00000000000241c6                mac_sequence_is_duplicate
                0x0000000000024264                mac_sequence_register_seqno
 .text          0x000000000002432e       0x27 build/cooja///mtype635.a(mac.o)
                0x000000000002432e                mac_call_sent_callback
 .text          0x0000000000024355      0xa8d build/cooja///mtype635.a(frame802154.o)
                0x0000000000024386                frame802154_get_pan_id
                0x0000000000024392                frame802154_set_pan_id
                0x00000000000243ab                frame802154_has_panid
                0x0000000000024558                frame802154_check_dest_panid
                0x00000000000245c7                frame802154_is_broadcast_addr
                0x0000000000024614                frame802154_extract_linkaddr
                0x0000000000024854                frame802154_hdrlen
                0x00000000000248a5                frame802154_create_fcf
                0x000000000002495c                frame802154_create
                0x0000000000024aa9                frame802154_parse_fcf
                0x0000000000024b62                frame802154_parse
 .text          0x0000000000024de2      0x42b build/cooja///mtype635.a(framer-802154.o)
                0x0000000000024f70                framer_802154_setup_params
 .text          0x000000000002520d      0x3f8 build/cooja///mtype635.a(tsch-adaptive-t)
                0x000000000002520d                tsch_adaptive_timesync_get_drift_ppm
                0x00000000000253ae                tsch_timesync_update
                0x0000000000025598                tsch_timesync_adaptive_compensate
 .text          0x0000000000025605      0x481 build/cooja///mtype635.a(tsch-log.o)
                0x0000000000025605                tsch_log_process_pending
                0x0000000000025989                tsch_log_prepare_add
                0x0000000000025a0c                tsch_log_commit
                0x0000000000025a36                tsch_log_init
                0x0000000000025a65                tsch_log_stop
 .text          0x0000000000025a86      0x8c8 build/cooja///mtype635.a(tsch-packet.o)
                0x0000000000025ab0                tsch_packet_eackbuf_attr
                0x0000000000025aca                tsch_packet_create_eack
                0x0000000000025ce2                tsch_packet_parse_eack
                0x0000000000025e9f                tsch_packet_create_eb
                0x000000000002617f                tsch_packet_update_eb
                0x0000000000026205                tsch_packet_parse_eb
                0x0000000000026325                tsch_packet_set_frame_pending
                0x000000000002633a                tsch_packet_get_frame_pending
 .text          0x000000000002634e      0x9fa build/cooja///mtype635.a(tsch-queue.o)
                0x000000000002634e                tsch_queue_add_nbr
                0x000000000002644c                tsch_queue_get_nbr
                0x00000000000264a6                tsch_queue_get_time_source
                0x00000000000264f2                tsch_queue_update_time_source
                0x0000000000026664                tsch_queue_add_packet
                0x000000000002675f                tsch_queue_global_packet_count
                0x000000000002677c                tsch_queue_packet_count
                0x00000000000267bf                tsch_queue_remove_packet_from_queue
                0x000000000002680d                tsch_queue_free_packet
                0x000000000002683b                tsch_queue_packet_sent
                0x00000000000268f0                tsch_queue_reset
                0x0000000000026943                tsch_queue_free_unused_neighbors
                0x00000000000269bb                tsch_queue_is_empty
                0x00000000000269f2                tsch_queue_get_packet_for_nbr
                0x0000000000026b0e                tsch_queue_get_packet_for_dest_addr
                0x0000000000026b40                tsch_queue_get_unicast_packet_for_any
                0x0000000000026bc7                tsch_queue_backoff_expired
                0x0000000000026bdb                tsch_queue_backoff_reset
                0x0000000000026bee                tsch_queue_backoff_inc
                0x0000000000026c58                tsch_queue_update_all_backoff_windows
                0x0000000000026cf9                tsch_queue_init
 .text          0x0000000000026d48      0x12d build/cooja///mtype635.a(tsch-rpl.o)
                0x0000000000026d48                tsch_rpl_callback_ka_sent
                0x0000000000026d7a                tsch_rpl_callback_joining_network
                0x0000000000026d7f                tsch_rpl_callback_leaving_network
                0x0000000000026d9a                tsch_rpl_callback_new_dio_interval
                0x0000000000026e42                tsch_rpl_callback_parent_switch
 .text          0x0000000000026e75        0x0 build/cooja///mtype635.a(tsch-timeslot-t)
 .text          0x0000000000026e75      0x6e7 build/cooja///mtype635.a(uip-icmp6.o)
                0x0000000000026ee3                uip_icmp6_input
                0x0000000000026f39                uip_icmp6_register_input_handler
                0x0000000000027089                uip_icmp6_error_output
                0x000000000002731f                uip_icmp6_send
                0x00000000000274ef                uip_icmp6_echo_reply_callback_add
                0x0000000000027520                uip_icmp6_echo_reply_callback_rm
                0x000000000002753c                uip_icmp6_init
 .text          0x000000000002755c      0x694 build/cooja///mtype635.a(uip-nd6.o)
                0x0000000000027bdc                uip_nd6_init
 .text          0x0000000000027bf0      0x2f9 build/cooja///mtype635.a(rpl-dag-root.o)
                0x0000000000027cb9                rpl_dag_root_set_prefix
                0x0000000000027ce5                rpl_dag_root_start
                0x0000000000027e9d                rpl_dag_root_is_root
 .text          0x0000000000027ee9     0x27b2 build/cooja///mtype635.a(rpl-dag.o)
                0x0000000000027ee9                rpl_print_neighbor_list
                0x00000000000280ce                rpl_get_nbr
                0x000000000002810f                rpl_dag_init
                0x000000000002812c                rpl_get_parent
                0x000000000002814e                rpl_get_parent_rank
                0x0000000000028181                rpl_get_parent_link_metric
                0x00000000000281d8                rpl_rank_via_parent
                0x000000000002822f                rpl_get_parent_lladdr
                0x000000000002824b                rpl_parent_get_ipaddr
                0x000000000002826c                rpl_get_parent_link_stats
                0x000000000002828d                rpl_parent_is_fresh
                0x00000000000282ae                rpl_parent_is_reachable
                0x000000000002860a                rpl_set_root
                0x0000000000028876                rpl_repair_root
                0x0000000000028ab2                rpl_set_prefix
                0x0000000000028bca                rpl_set_default_route
                0x0000000000028c38                rpl_alloc_instance
                0x0000000000028ccb                rpl_alloc_dag
                0x0000000000028d7c                rpl_set_default_instance
                0x0000000000028d89                rpl_get_default_instance
                0x0000000000028d93                rpl_free_instance
                0x0000000000028e42                rpl_free_dag
                0x0000000000028ec3                rpl_add_parent
                0x0000000000028f70                rpl_find_parent
                0x0000000000028fc8                rpl_find_parent_any_dag
                0x0000000000029004                rpl_select_dag
                0x00000000000293b6                rpl_select_parent
                0x00000000000294a0                rpl_remove_parent
                0x00000000000294c7                rpl_nullify_parent
                0x0000000000029588                rpl_move_parent
                0x0000000000029640                rpl_has_joined
                0x0000000000029655                rpl_has_downward_route
                0x00000000000296b8                rpl_get_dag
                0x00000000000297a4                rpl_get_any_dag
                0x0000000000029806                rpl_get_instance
                0x0000000000029869                rpl_find_of
                0x00000000000298a6                rpl_join_instance
                0x0000000000029b66                rpl_add_dag
                0x0000000000029f36                rpl_local_repair
                0x000000000002a00e                rpl_recalculate_ranks
                0x000000000002a094                rpl_process_parent_event
                0x000000000002a1c1                rpl_process_dio
 .text          0x000000000002a69b      0xaac build/cooja///mtype635.a(rpl-ext-header.)
                0x000000000002a69b                rpl_ext_header_hbh_update
                0x000000000002a87b                rpl_ext_header_srh_get_next_hop
                0x000000000002a885                rpl_ext_header_srh_update
                0x000000000002af18                rpl_ext_header_remove
                0x000000000002b07b                rpl_ext_header_update
 .text          0x000000000002b147     0x1b4a build/cooja///mtype635.a(rpl-icmp6.o)
                0x000000000002b3fb                rpl_icmp6_update_nbr_table
                0x000000000002b4e0                dis_output
                0x000000000002bb0b                dio_output
                0x000000000002c848                dao_output
                0x000000000002c903                dao_output_target
                0x000000000002cc45                dao_ack_output
                0x000000000002cc59                rpl_icmp6_register_handlers
 .text          0x000000000002cc91      0x2ea build/cooja///mtype635.a(rpl-mrhof.o)
 .text          0x000000000002cf7b      0x907 build/cooja///mtype635.a(rpl-timers.o)
                0x000000000002d222                rpl_reset_periodic_timer
                0x000000000002d277                rpl_reset_dio_timer
                0x000000000002d49e                rpl_schedule_dao
                0x000000000002d4b9                rpl_schedule_dao_immediately
                0x000000000002d4d4                rpl_cancel_dao
                0x000000000002d536                rpl_schedule_unicast_dio_immediately
                0x000000000002d566                get_probing_delay
                0x000000000002d591                get_probing_target
                0x000000000002d7f4                rpl_schedule_probing
                0x000000000002d82e                rpl_schedule_probing_now
 .text          0x000000000002d882     0x236d build/cooja///mtype635.a(shell-commands.)
                0x000000000002faea                shell_commands_init
                0x000000000002fb28                shell_command_set_register
                0x000000000002fb44                shell_command_set_deregister
                0x000000000002fb87                shell_command_lookup
 .text          0x000000000002fbef      0xec4 build/cooja///mtype635.a(frame802154e-ie)
                0x000000000002fcf8                frame80215e_create_ie_header_ack_nack_time_correction
                0x000000000002fd82                frame80215e_create_ie_header_list_termination_1
                0x000000000002fdca                frame80215e_create_ie_header_list_termination_2
                0x000000000002fe12                frame80215e_create_ie_payload_list_termination
                0x000000000002fe5a                frame80215e_create_ie_mlme
                0x000000000002fea8                frame80215e_create_ie_tsch_synchronization
                0x000000000002ff56                frame80215e_create_ie_tsch_slotframe_and_link
                0x0000000000030137                frame80215e_create_ie_tsch_timeslot
                0x000000000003020a                frame80215e_create_ie_tsch_channel_hopping_sequence
                0x0000000000030792                frame802154e_parse_information_elements
 .text          0x0000000000030ab3      0x6b5 build/cooja///mtype635.a(uip-sr.o)
                0x0000000000030ab3                uip_sr_num_nodes
                0x0000000000030b47                uip_sr_get_node
                0x0000000000030b9c                uip_sr_is_addr_reachable
                0x0000000000030c47                uip_sr_expire_parent
                0x0000000000030c94                uip_sr_update_node
                0x0000000000030dde                uip_sr_init
                0x0000000000030e09                uip_sr_node_head
                0x0000000000030e1e                uip_sr_node_next
                0x0000000000030e31                uip_sr_periodic
                0x0000000000030f27                uip_sr_free_all
                0x0000000000030f8f                uip_sr_link_snprint
 *fill*         0x0000000000031168        0x8 
 .text          0x0000000000031170      0x172 /usr/lib/gcc/i686-linux-gnu/4.8/libgcc.a(_divdi3.o)
                0x0000000000031170                __divdi3
 *fill*         0x00000000000312e2        0xe 
 .text          0x00000000000312f0      0x124 /usr/lib/gcc/i686-linux-gnu/4.8/libgcc.a(_udivdi3.o)
                0x00000000000312f0                __udivdi3
 .text          0x0000000000031414        0x0 /usr/lib/gcc/i686-linux-gnu/4.8/crtendS.o
 .text          0x0000000000031414        0x0 /usr/lib/gcc/i686-linux-gnu/4.8/../../../i386-linux-gnu/crtn.o
 *(.gnu.warning)

.fini           0x0000000000031414       0x14
 *(SORT(.fini))
 .fini          0x0000000000031414        0xf /usr/lib/gcc/i686-linux-gnu/4.8/../../../i386-linux-gnu/crti.o
                0x0000000000031414                _fini
 .fini          0x0000000000031423        0x5 /usr/lib/gcc/i686-linux-gnu/4.8/../../../i386-linux-gnu/crtn.o
                0x0000000000031428                PROVIDE (__etext, .)
                0x0000000000031428                PROVIDE (_etext, .)
                0x0000000000031428                PROVIDE (etext, .)

.rodata         0x0000000000031440     0x124c
 *(.rodata .rodata.* .gnu.linkonce.r.*)
 .rodata        0x0000000000031440       0x80 udp-client.o
                0x000000000003144c                autostart_processes
 .rodata        0x00000000000314c0        0x8 build/cooja///mtype635.a(beep.o)
                0x00000000000314c0                beep_interface
 .rodata        0x00000000000314c8       0x20 build/cooja///mtype635.a(button-sensor.o)
                0x00000000000314c8                button_interface
                0x00000000000314d8                button_sensor
 .rodata        0x00000000000314e8        0x8 build/cooja///mtype635.a(leds-arch.o)
                0x00000000000314e8                leds_interface
 .rodata        0x00000000000314f0        0x8 build/cooja///mtype635.a(moteid.o)
                0x00000000000314f0                moteid_interface
 .rodata        0x00000000000314f8       0x1c build/cooja///mtype635.a(pir-sensor.o)
                0x00000000000314f8                pir_interface
                0x0000000000031504                pir_sensor
 .rodata        0x0000000000031514        0xe build/cooja///mtype635.a(rs232.o)
                0x0000000000031514                rs232_interface
 *fill*         0x0000000000031522        0x2 
 .rodata        0x0000000000031524       0x24 build/cooja///mtype635.a(vib-sensor.o)
                0x0000000000031524                vib_interface
                0x0000000000031538                vib_sensor
 .rodata        0x0000000000031548        0x8 build/cooja///mtype635.a(clock.o)
                0x0000000000031548                clock_interface
 .rodata        0x0000000000031550        0x8 build/cooja///mtype635.a(cooja-log.o)
                0x0000000000031550                simlog_interface
 .rodata        0x0000000000031558       0x2f build/cooja///mtype635.a(cfs-cooja.o)
                0x0000000000031558                cfs_interface
 *fill*         0x0000000000031587       0x19 
 .rodata        0x00000000000315a0       0x78 build/cooja///mtype635.a(cooja-radio.o)
                0x00000000000315a0                radio_interface
                0x00000000000315e0                cooja_radio_driver
 .rodata        0x0000000000031618        0x8 build/cooja///mtype635.a(eeprom.o)
                0x0000000000031618                eeprom_interface
 .rodata        0x0000000000031620        0x8 build/cooja///mtype635.a(sensors.o)
 .rodata        0x0000000000031628       0x44 build/cooja///mtype635.a(orchestra.o)
 .rodata        0x000000000003166c       0xf0 build/cooja///mtype635.a(contiki-main.o)
 .rodata        0x000000000003175c        0xf build/cooja///mtype635.a(ctimer.o)
 .rodata        0x000000000003176b        0xc build/cooja///mtype635.a(etimer.o)
 *fill*         0x0000000000031777        0x1 
 .rodata        0x0000000000031778       0xc0 build/cooja///mtype635.a(log.o)
 .rodata        0x0000000000031838        0xe build/cooja///mtype635.a(serial-line.o)
 .rodata        0x0000000000031846        0x8 build/cooja///mtype635.a(linkaddr.o)
                0x0000000000031846                linkaddr_null
 *fill*         0x000000000003184e        0x2 
 .rodata        0x0000000000031850       0xe0 build/cooja///mtype635.a(tsch-schedule.o)
 .rodata        0x0000000000031930      0x113 build/cooja///mtype635.a(tsch-slot-opera)
 *fill*         0x0000000000031a43        0x1 
 .rodata        0x0000000000031a44       0x68 build/cooja///mtype635.a(tsch.o)
                0x0000000000031a44                tsch_broadcast_address
                0x0000000000031a4c                tsch_eb_address
                0x0000000000031a90                tschmac_driver
 .rodata        0x0000000000031aac       0x30 build/cooja///mtype635.a(sicslowpan.o)
                0x0000000000031aac                unc_llconf
                0x0000000000031ab0                unc_ctxconf
                0x0000000000031ab4                unc_mxconf
                0x0000000000031ab8                llprefix
                0x0000000000031acc                sicslowpan_driver
 .rodata        0x0000000000031adc       0x13 build/cooja///mtype635.a(simple-udp.o)
 .rodata        0x0000000000031aef        0xd build/cooja///mtype635.a(tcpip.o)
 .rodata        0x0000000000031afc       0xb9 build/cooja///mtype635.a(uip-ds6-route.o)
 .rodata        0x0000000000031bb5       0x2d build/cooja///mtype635.a(uiplib.o)
 *fill*         0x0000000000031be2       0x1e 
 .rodata        0x0000000000031c00       0x70 build/cooja///mtype635.a(rpl.o)
                0x0000000000031c20                rpl_classic_driver
 .rodata        0x0000000000031c70       0x18 build/cooja///mtype635.a(serial-shell.o)
 .rodata        0x0000000000031c88        0x8 build/cooja///mtype635.a(shell.o)
 .rodata        0x0000000000031c90        0xc build/cooja///mtype635.a(framer-802154.o)
                0x0000000000031c90                framer_802154
 .rodata        0x0000000000031c9c       0x50 build/cooja///mtype635.a(tsch-adaptive-t)
 .rodata        0x0000000000031cec      0x110 build/cooja///mtype635.a(tsch-log.o)
 .rodata        0x0000000000031dfc        0xd build/cooja///mtype635.a(tsch-rpl.o)
 *fill*         0x0000000000031e09        0x1 
 .rodata        0x0000000000031e0a       0x18 build/cooja///mtype635.a(tsch-timeslot-t)
                0x0000000000031e0a                tsch_timeslot_timing_us_10000
 *fill*         0x0000000000031e22        0x2 
 .rodata        0x0000000000031e24       0x89 build/cooja///mtype635.a(rpl-dag.o)
 *fill*         0x0000000000031ead       0x13 
 .rodata        0x0000000000031ec0      0x788 build/cooja///mtype635.a(shell-commands.)
                0x00000000000325a0                builtin_shell_commands
 .rodata        0x0000000000032648       0x44 build/cooja///mtype635.a(uip-sr.o)

.rodata1
 *(.rodata1)

.eh_frame_hdr   0x000000000003268c     0x19fc
 *(.eh_frame_hdr)
 .eh_frame_hdr  0x000000000003268c     0x19fc udp-client.o

.eh_frame       0x0000000000034088     0x6a9c
 *(.eh_frame)
 .eh_frame      0x0000000000034088       0x3c /usr/lib/gcc/i686-linux-gnu/4.8/../../../i386-linux-gnu/crti.o
                                         0x40 (size before relaxing)
 .eh_frame      0x00000000000340c4       0x40 udp-client.o
                                         0x58 (size before relaxing)
 .eh_frame      0x0000000000034104      0x178 build/cooja///mtype635.o
                                        0x190 (size before relaxing)
 .eh_frame      0x000000000003427c       0x40 build/cooja///mtype635.a(simEnvChange.o)
                                         0x58 (size before relaxing)
 .eh_frame      0x00000000000342bc       0x60 build/cooja///mtype635.a(cooja_mt.o)
                                         0x78 (size before relaxing)
 .eh_frame      0x000000000003431c       0x80 build/cooja///mtype635.a(cooja_mtarch.o)
                                         0x98 (size before relaxing)
 .eh_frame      0x000000000003439c       0xc8 build/cooja///mtype635.a(rtimer-arch.o)
                                         0xe0 (size before relaxing)
 .eh_frame      0x0000000000034464      0x160 build/cooja///mtype635.a(beep.o)
                                        0x178 (size before relaxing)
 .eh_frame      0x00000000000345c4       0xa0 build/cooja///mtype635.a(button-sensor.o)
                                         0xb8 (size before relaxing)
 .eh_frame      0x0000000000034664       0xa0 build/cooja///mtype635.a(leds-arch.o)
                                         0xb8 (size before relaxing)
 .eh_frame      0x0000000000034704       0x40 build/cooja///mtype635.a(moteid.o)
                                         0x58 (size before relaxing)
 .eh_frame      0x0000000000034744       0xa0 build/cooja///mtype635.a(pir-sensor.o)
                                         0xb8 (size before relaxing)
 .eh_frame      0x00000000000347e4      0x100 build/cooja///mtype635.a(rs232.o)
                                        0x118 (size before relaxing)
 .eh_frame      0x00000000000348e4       0xa0 build/cooja///mtype635.a(vib-sensor.o)
                                         0xb8 (size before relaxing)
 .eh_frame      0x0000000000034984       0xc0 build/cooja///mtype635.a(clock.o)
                                         0xd8 (size before relaxing)
 .eh_frame      0x0000000000034a44      0x120 build/cooja///mtype635.a(cooja-log.o)
                                        0x138 (size before relaxing)
 .eh_frame      0x0000000000034b64      0x160 build/cooja///mtype635.a(cfs-cooja.o)
                                        0x178 (size before relaxing)
 .eh_frame      0x0000000000034cc4      0x340 build/cooja///mtype635.a(cooja-radio.o)
                                        0x358 (size before relaxing)
 .eh_frame      0x0000000000035004       0xa0 build/cooja///mtype635.a(eeprom.o)
                                         0xb8 (size before relaxing)
 .eh_frame      0x00000000000350a4       0x40 build/cooja///mtype635.a(random.o)
                                         0x58 (size before relaxing)
 .eh_frame      0x00000000000350e4       0xc0 build/cooja///mtype635.a(sensors.o)
                                         0xd8 (size before relaxing)
 .eh_frame      0x00000000000351a4       0x40 build/cooja///mtype635.a(orchestra-rule-)
                                         0x58 (size before relaxing)
 .eh_frame      0x00000000000351e4       0x80 build/cooja///mtype635.a(orchestra-rule-)
                                         0x98 (size before relaxing)
 .eh_frame      0x0000000000035264       0xc4 build/cooja///mtype635.a(orchestra-rule-)
                                         0xdc (size before relaxing)
 .eh_frame      0x0000000000035328      0x12c build/cooja///mtype635.a(orchestra-rule-)
                                        0x144 (size before relaxing)
 .eh_frame      0x0000000000035454       0xe0 build/cooja///mtype635.a(orchestra.o)
                                         0xf8 (size before relaxing)
 .eh_frame      0x0000000000035534       0x20 build/cooja///mtype635.a(contiki-main.o)
                                         0x38 (size before relaxing)
 .eh_frame      0x0000000000035554       0x40 build/cooja///mtype635.a(autostart.o)
                                         0x58 (size before relaxing)
 .eh_frame      0x0000000000035594      0x100 build/cooja///mtype635.a(ctimer.o)
                                        0x118 (size before relaxing)
 .eh_frame      0x0000000000035694       0x60 build/cooja///mtype635.a(energest.o)
                                         0x78 (size before relaxing)
 .eh_frame      0x00000000000356f4      0x1e0 build/cooja///mtype635.a(etimer.o)
                                        0x1f8 (size before relaxing)
 .eh_frame      0x00000000000358d4      0x100 build/cooja///mtype635.a(log.o)
                                        0x118 (size before relaxing)
 .eh_frame      0x00000000000359d4       0x20 build/cooja///mtype635.a(node-id.o)
                                         0x38 (size before relaxing)
 .eh_frame      0x00000000000359f4      0x1c8 build/cooja///mtype635.a(process.o)
                                        0x1e0 (size before relaxing)
 .eh_frame      0x0000000000035bbc       0x60 build/cooja///mtype635.a(rtimer.o)
                                         0x78 (size before relaxing)
 .eh_frame      0x0000000000035c1c       0xa4 build/cooja///mtype635.a(timer.o)
                                         0xbc (size before relaxing)
 .eh_frame      0x0000000000035cc0       0x60 build/cooja///mtype635.a(serial-line.o)
                                         0x78 (size before relaxing)
 .eh_frame      0x0000000000035d20      0x1a0 build/cooja///mtype635.a(list.o)
                                        0x1b8 (size before relaxing)
 .eh_frame      0x0000000000035ec0       0xa0 build/cooja///mtype635.a(ringbuf.o)
                                         0xb8 (size before relaxing)
 .eh_frame      0x0000000000035f60       0x60 build/cooja///mtype635.a(linkaddr.o)
                                         0x78 (size before relaxing)
 .eh_frame      0x0000000000035fc0      0x2ac build/cooja///mtype635.a(nbr-table.o)
                                        0x2c4 (size before relaxing)
 .eh_frame      0x000000000003626c       0x80 build/cooja///mtype635.a(netstack.o)
                                         0x98 (size before relaxing)
 .eh_frame      0x00000000000362ec      0x28c build/cooja///mtype635.a(packetbuf.o)
                                        0x2a4 (size before relaxing)
 .eh_frame      0x0000000000036578      0x1a0 build/cooja///mtype635.a(queuebuf.o)
                                        0x1b8 (size before relaxing)
 .eh_frame      0x0000000000036718      0x238 build/cooja///mtype635.a(tsch-schedule.o)
                                        0x250 (size before relaxing)
 .eh_frame      0x0000000000036950      0x218 build/cooja///mtype635.a(tsch-slot-opera)
                                        0x230 (size before relaxing)
 .eh_frame      0x0000000000036b68      0x38c build/cooja///mtype635.a(tsch.o)
                                        0x3a4 (size before relaxing)
 .eh_frame      0x0000000000036ef4      0x310 build/cooja///mtype635.a(sicslowpan.o)
                                        0x328 (size before relaxing)
 .eh_frame      0x0000000000037204       0xd0 build/cooja///mtype635.a(simple-udp.o)
                                         0xe8 (size before relaxing)
 .eh_frame      0x00000000000372d4      0x244 build/cooja///mtype635.a(tcpip.o)
                                        0x25c (size before relaxing)
 .eh_frame      0x0000000000037518      0x1c0 build/cooja///mtype635.a(uip-ds6-nbr.o)
                                        0x1d8 (size before relaxing)
 .eh_frame      0x00000000000376d8      0x2e0 build/cooja///mtype635.a(uip-ds6-route.o)
                                        0x2f8 (size before relaxing)
 .eh_frame      0x00000000000379b8      0x2e8 build/cooja///mtype635.a(uip-ds6.o)
                                        0x300 (size before relaxing)
 .eh_frame      0x0000000000037ca0       0xe0 build/cooja///mtype635.a(uip-packetqueue)
                                         0xf8 (size before relaxing)
 .eh_frame      0x0000000000037d80       0x40 build/cooja///mtype635.a(uip-udp-packet.)
                                         0x58 (size before relaxing)
 .eh_frame      0x0000000000037dc0      0x1f0 build/cooja///mtype635.a(uip6.o)
                                        0x208 (size before relaxing)
 .eh_frame      0x0000000000037fb0      0x200 build/cooja///mtype635.a(uipbuf.o)
                                        0x218 (size before relaxing)
 .eh_frame      0x00000000000381b0       0x90 build/cooja///mtype635.a(uiplib.o)
                                         0xa8 (size before relaxing)
 .eh_frame      0x0000000000038240       0xa0 build/cooja///mtype635.a(rpl-nbr-policy.)
                                         0xb8 (size before relaxing)
 .eh_frame      0x00000000000382e0      0x200 build/cooja///mtype635.a(rpl.o)
                                        0x218 (size before relaxing)
 .eh_frame      0x00000000000384e0       0xa0 build/cooja///mtype635.a(watchdog.o)
                                         0xb8 (size before relaxing)
 .eh_frame      0x0000000000038580       0x60 build/cooja///mtype635.a(serial-shell.o)
                                         0x78 (size before relaxing)
 .eh_frame      0x00000000000385e0       0xa0 build/cooja///mtype635.a(shell.o)
                                         0xb8 (size before relaxing)
 .eh_frame      0x0000000000038680       0xc4 build/cooja///mtype635.a(stimer.o)
                                         0xdc (size before relaxing)
 .eh_frame      0x0000000000038744       0xa0 build/cooja///mtype635.a(memb.o)
                                         0xb8 (size before relaxing)
 .eh_frame      0x00000000000387e4      0x120 build/cooja///mtype635.a(ringbufindex.o)
                                        0x138 (size before relaxing)
 .eh_frame      0x0000000000038904      0x120 build/cooja///mtype635.a(link-stats.o)
                                        0x138 (size before relaxing)
 .eh_frame      0x0000000000038a24       0x48 build/cooja///mtype635.a(mac-sequence.o)
                                         0x60 (size before relaxing)
 .eh_frame      0x0000000000038a6c       0x20 build/cooja///mtype635.a(mac.o)
                                         0x38 (size before relaxing)
 .eh_frame      0x0000000000038a8c      0x1a4 build/cooja///mtype635.a(frame802154.o)
                                        0x1bc (size before relaxing)
 .eh_frame      0x0000000000038c30       0xa8 build/cooja///mtype635.a(framer-802154.o)
                                         0xc0 (size before relaxing)
 .eh_frame      0x0000000000038cd8       0xd8 build/cooja///mtype635.a(tsch-adaptive-t)
                                         0xf0 (size before relaxing)
 .eh_frame      0x0000000000038db0       0xb0 build/cooja///mtype635.a(tsch-log.o)
                                         0xc8 (size before relaxing)
 .eh_frame      0x0000000000038e60      0x144 build/cooja///mtype635.a(tsch-packet.o)
                                        0x15c (size before relaxing)
 .eh_frame      0x0000000000038fa4      0x2e8 build/cooja///mtype635.a(tsch-queue.o)
                                        0x300 (size before relaxing)
 .eh_frame      0x000000000003928c       0xa4 build/cooja///mtype635.a(tsch-rpl.o)
                                         0xbc (size before relaxing)
 .eh_frame      0x0000000000039330      0x158 build/cooja///mtype635.a(uip-icmp6.o)
                                        0x170 (size before relaxing)
 .eh_frame      0x0000000000039488       0x88 build/cooja///mtype635.a(uip-nd6.o)
                                         0xa0 (size before relaxing)
 .eh_frame      0x0000000000039510       0x80 build/cooja///mtype635.a(rpl-dag-root.o)
                                         0x98 (size before relaxing)
 .eh_frame      0x0000000000039590      0x740 build/cooja///mtype635.a(rpl-dag.o)
                                        0x758 (size before relaxing)
 .eh_frame      0x0000000000039cd0      0x12c build/cooja///mtype635.a(rpl-ext-header.)
                                        0x144 (size before relaxing)
 .eh_frame      0x0000000000039dfc      0x298 build/cooja///mtype635.a(rpl-icmp6.o)
                                        0x2b0 (size before relaxing)
 .eh_frame      0x000000000003a094      0x124 build/cooja///mtype635.a(rpl-mrhof.o)
                                        0x13c (size before relaxing)
 .eh_frame      0x000000000003a1b8      0x26c build/cooja///mtype635.a(rpl-timers.o)
                                        0x284 (size before relaxing)
 .eh_frame      0x000000000003a424      0x29c build/cooja///mtype635.a(shell-commands.)
                                        0x2b4 (size before relaxing)
 .eh_frame      0x000000000003a6c0      0x230 build/cooja///mtype635.a(frame802154e-ie)
                                        0x248 (size before relaxing)
 .eh_frame      0x000000000003a8f0      0x18c build/cooja///mtype635.a(uip-sr.o)
                                        0x1a4 (size before relaxing)
 .eh_frame      0x000000000003aa7c       0x38 /usr/lib/gcc/i686-linux-gnu/4.8/libgcc.a(_divdi3.o)
                                         0x50 (size before relaxing)
 .eh_frame      0x000000000003aab4       0x6c /usr/lib/gcc/i686-linux-gnu/4.8/libgcc.a(_udivdi3.o)
                                         0x84 (size before relaxing)
 .eh_frame      0x000000000003ab20        0x4 /usr/lib/gcc/i686-linux-gnu/4.8/crtendS.o

.gcc_except_table
 *(.gcc_except_table .gcc_except_table.*)

.exception_ranges
 *(.exception_ranges .exception_ranges*)
                0x000000000003ab24                . = (ALIGN (0x1000) - ((0x1000 - .) & 0xfff))
                0x000000000003bef8                . = DATA_SEGMENT_ALIGN (0x1000, 0x1000)

.eh_frame
 *(.eh_frame)

.gcc_except_table
 *(.gcc_except_table .gcc_except_table.*)

.exception_ranges
 *(.exception_ranges .exception_ranges*)

.tdata
 *(.tdata .tdata.* .gnu.linkonce.td.*)

.tbss
 *(.tbss .tbss.* .gnu.linkonce.tb.*)
 *(.tcommon)

.preinit_array
 *(.preinit_array)

.init_array     0x000000000003bef8        0x4
 *(SORT(.init_array.*) SORT(.ctors.*))
 *(.init_array EXCLUDE_FILE(*crtend?.o *crtend.o *crtbegin?.o *crtbegin.o) .ctors)
 .init_array    0x000000000003bef8        0x4 /usr/lib/gcc/i686-linux-gnu/4.8/crtbeginS.o

.fini_array     0x000000000003befc        0x4
 *(SORT(.fini_array.*) SORT(.dtors.*))
 *(.fini_array EXCLUDE_FILE(*crtend?.o *crtend.o *crtbegin?.o *crtbegin.o) .dtors)
 .fini_array    0x000000000003befc        0x4 /usr/lib/gcc/i686-linux-gnu/4.8/crtbeginS.o

.ctors
 *crtbegin.o(.ctors)
 *crtbegin?.o(.ctors)
 *(EXCLUDE_FILE(*crtend?.o *crtend.o) .ctors)
 *(SORT(.ctors.*))
 *(.ctors)

.dtors
 *crtbegin.o(.dtors)
 *crtbegin?.o(.dtors)
 *(EXCLUDE_FILE(*crtend?.o *crtend.o) .dtors)
 *(SORT(.dtors.*))
 *(.dtors)

.jcr            0x000000000003bf00        0x4
 *(.jcr)
 .jcr           0x000000000003bf00        0x0 /usr/lib/gcc/i686-linux-gnu/4.8/crtbeginS.o
 .jcr           0x000000000003bf00        0x4 /usr/lib/gcc/i686-linux-gnu/4.8/crtendS.o

.data.rel.ro
 *(.data.rel.ro.local* .gnu.linkonce.d.rel.ro.local.*)
 *(.data.rel.ro .data.rel.ro.* .gnu.linkonce.d.rel.ro.*)

.dynamic        0x000000000003bf04       0xe8
 *(.dynamic)
 .dynamic       0x000000000003bf04       0xe8 /usr/lib/gcc/i686-linux-gnu/4.8/../../../i386-linux-gnu/crti.o
                0x000000000003bf04                _DYNAMIC

.got            0x000000000003bfec       0x14
 *(.got)
 .got           0x000000000003bfec       0x14 /usr/lib/gcc/i686-linux-gnu/4.8/../../../i386-linux-gnu/crti.o
 *(.igot)
                0x000000000003cff4                . = DATA_SEGMENT_RELRO_END (., (SIZEOF (.got.plt) >= 0xc)?0xc:0x0)

.got.plt        0x000000000003c000       0x14
 *(.got.plt)
 .got.plt       0x000000000003c000       0x14 /usr/lib/gcc/i686-linux-gnu/4.8/../../../i386-linux-gnu/crti.o
                0x000000000003c000                _GLOBAL_OFFSET_TABLE_
 *(.igot.plt)

.data           0x000000000003c020      0x400
 *(.data .data.* .gnu.linkonce.d.*)
 .data          0x000000000003c020        0x0 /usr/lib/gcc/i686-linux-gnu/4.8/../../../i386-linux-gnu/crti.o
 .data          0x000000000003c020        0x0 /usr/lib/gcc/i686-linux-gnu/4.8/crtbeginS.o
 .data.rel      0x000000000003c020        0x4 /usr/lib/gcc/i686-linux-gnu/4.8/crtbeginS.o
                0x000000000003c020                __dso_handle
 .data          0x000000000003c024       0x10 udp-client.o
                0x000000000003c024                udp_client_process
 *fill*         0x000000000003c034        0xc 
 .data          0x000000000003c040       0x44 build/cooja///mtype635.o
                0x000000000003c040                simInterfaces
                0x000000000003c074                sensors
 .data          0x000000000003c084        0x0 build/cooja///mtype635.a(simEnvChange.o)
 .data          0x000000000003c084        0x0 build/cooja///mtype635.a(cooja_mt.o)
 .data          0x000000000003c084        0x0 build/cooja///mtype635.a(cooja_mtarch.o)
 .data          0x000000000003c084        0x0 build/cooja///mtype635.a(rtimer-arch.o)
 .data          0x000000000003c084        0x0 build/cooja///mtype635.a(beep.o)
 .data          0x000000000003c084        0x0 build/cooja///mtype635.a(button-sensor.o)
 .data          0x000000000003c084        0x0 build/cooja///mtype635.a(leds-arch.o)
 .data          0x000000000003c084        0x0 build/cooja///mtype635.a(moteid.o)
 .data          0x000000000003c084        0x0 build/cooja///mtype635.a(pir-sensor.o)
 .data          0x000000000003c084        0x0 build/cooja///mtype635.a(rs232.o)
 .data          0x000000000003c084        0x0 build/cooja///mtype635.a(vib-sensor.o)
 .data          0x000000000003c084        0x0 build/cooja///mtype635.a(clock.o)
 .data          0x000000000003c084        0x0 build/cooja///mtype635.a(cooja-log.o)
 .data          0x000000000003c084        0x0 build/cooja///mtype635.a(cfs-cooja.o)
 .data          0x000000000003c084       0x2c build/cooja///mtype635.a(cooja-radio.o)
                0x000000000003c084                simRadioHWOn
                0x000000000003c088                simSignalStrength
                0x000000000003c08c                simLastSignalStrength
                0x000000000003c090                simPower
                0x000000000003c094                simRadioChannel
                0x000000000003c098                simLQI
                0x000000000003c0a0                cooja_radio_process
 .data          0x000000000003c0b0        0x0 build/cooja///mtype635.a(eeprom.o)
 .data          0x000000000003c0b0        0x0 build/cooja///mtype635.a(random.o)
 .data          0x000000000003c0b0       0x10 build/cooja///mtype635.a(sensors.o)
                0x000000000003c0b0                sensors_process
 .data          0x000000000003c0c0       0x14 build/cooja///mtype635.a(orchestra-rule-)
                0x000000000003c0c0                default_common
 .data          0x000000000003c0d4       0x14 build/cooja///mtype635.a(orchestra-rule-)
                0x000000000003c0d4                eb_per_time_source
 .data          0x000000000003c0e8       0x14 build/cooja///mtype635.a(orchestra-rule-)
                0x000000000003c0e8                unicast_per_neighbor_rpl_ns
 .data          0x000000000003c0fc       0x14 build/cooja///mtype635.a(orchestra-rule-)
                0x000000000003c0fc                unicast_per_neighbor_rpl_storing
 .data          0x000000000003c110       0x18 build/cooja///mtype635.a(orchestra.o)
                0x000000000003c11c                all_rules
 .data          0x000000000003c128        0x0 build/cooja///mtype635.a(contiki-main.o)
 .data          0x000000000003c128        0x0 build/cooja///mtype635.a(autostart.o)
 .data          0x000000000003c128       0x14 build/cooja///mtype635.a(ctimer.o)
                0x000000000003c12c                ctimer_process
 .data          0x000000000003c13c        0x0 build/cooja///mtype635.a(energest.o)
 .data          0x000000000003c13c       0x10 build/cooja///mtype635.a(etimer.o)
                0x000000000003c13c                etimer_process
 *fill*         0x000000000003c14c       0x14 
 .data          0x000000000003c160       0xb0 build/cooja///mtype635.a(log.o)
                0x000000000003c160                curr_log_level_main
                0x000000000003c180                all_modules
 .data          0x000000000003c210        0x0 build/cooja///mtype635.a(node-id.o)
 .data          0x000000000003c210        0x0 build/cooja///mtype635.a(process.o)
 .data          0x000000000003c210        0x0 build/cooja///mtype635.a(rtimer.o)
 .data          0x000000000003c210        0x0 build/cooja///mtype635.a(timer.o)
 .data          0x000000000003c210       0x10 build/cooja///mtype635.a(serial-line.o)
                0x000000000003c210                serial_line_process
 .data          0x000000000003c220        0x0 build/cooja///mtype635.a(list.o)
 .data          0x000000000003c220        0x0 build/cooja///mtype635.a(ringbuf.o)
 .data          0x000000000003c220        0x0 build/cooja///mtype635.a(linkaddr.o)
 .data          0x000000000003c220       0x10 build/cooja///mtype635.a(nbr-table.o)
 .data          0x000000000003c230        0x4 build/cooja///mtype635.a(netstack.o)
 .data          0x000000000003c234        0x4 build/cooja///mtype635.a(packetbuf.o)
 .data          0x000000000003c238       0x18 build/cooja///mtype635.a(queuebuf.o)
 .data          0x000000000003c250       0x1c build/cooja///mtype635.a(tsch-schedule.o)
 .data          0x000000000003c26c        0x4 build/cooja///mtype635.a(tsch-slot-opera)
 .data          0x000000000003c270       0x30 build/cooja///mtype635.a(tsch.o)
                0x000000000003c270                tsch_process
                0x000000000003c280                tsch_send_eb_process
                0x000000000003c290                tsch_pending_events_process
 .data          0x000000000003c2a0        0x0 build/cooja///mtype635.a(sicslowpan.o)
 .data          0x000000000003c2a0       0x10 build/cooja///mtype635.a(simple-udp.o)
                0x000000000003c2a0                simple_udp_process
 .data          0x000000000003c2b0       0x10 build/cooja///mtype635.a(tcpip.o)
                0x000000000003c2b0                tcpip_process
 .data          0x000000000003c2c0       0x14 build/cooja///mtype635.a(uip-ds6-nbr.o)
 .data          0x000000000003c2d4       0x44 build/cooja///mtype635.a(uip-ds6-route.o)
                0x000000000003c2e4                nbr_routes
 .data          0x000000000003c318        0x0 build/cooja///mtype635.a(uip-ds6.o)
 .data          0x000000000003c318        0xc build/cooja///mtype635.a(uip-packetqueue)
 .data          0x000000000003c324        0x0 build/cooja///mtype635.a(uip-udp-packet.)
 .data          0x000000000003c324        0x0 build/cooja///mtype635.a(uip6.o)
 .data          0x000000000003c324        0x0 build/cooja///mtype635.a(uipbuf.o)
 .data          0x000000000003c324        0x0 build/cooja///mtype635.a(uiplib.o)
 .data          0x000000000003c324        0x0 build/cooja///mtype635.a(rpl-nbr-policy.)
 .data          0x000000000003c324        0x0 build/cooja///mtype635.a(rpl.o)
 .data          0x000000000003c324        0x0 build/cooja///mtype635.a(watchdog.o)
 .data          0x000000000003c324       0x10 build/cooja///mtype635.a(serial-shell.o)
                0x000000000003c324                serial_shell_process
 .data          0x000000000003c334        0x0 build/cooja///mtype635.a(shell.o)
 .data          0x000000000003c334        0x0 build/cooja///mtype635.a(stimer.o)
 .data          0x000000000003c334        0x0 build/cooja///mtype635.a(memb.o)
 .data          0x000000000003c334        0x0 build/cooja///mtype635.a(ringbufindex.o)
 .data          0x000000000003c334       0x14 build/cooja///mtype635.a(link-stats.o)
 .data          0x000000000003c348        0x0 build/cooja///mtype635.a(mac-sequence.o)
 .data          0x000000000003c348        0x0 build/cooja///mtype635.a(mac.o)
 .data          0x000000000003c348        0x2 build/cooja///mtype635.a(frame802154.o)
 .data          0x000000000003c34a        0x0 build/cooja///mtype635.a(framer-802154.o)
 .data          0x000000000003c34a        0x0 build/cooja///mtype635.a(tsch-adaptive-t)
 .data          0x000000000003c34a        0x0 build/cooja///mtype635.a(tsch-log.o)
 .data          0x000000000003c34a        0x0 build/cooja///mtype635.a(tsch-packet.o)
 *fill*         0x000000000003c34a        0x2 
 .data          0x000000000003c34c       0x1c build/cooja///mtype635.a(tsch-queue.o)
 .data          0x000000000003c368        0x0 build/cooja///mtype635.a(tsch-rpl.o)
 .data          0x000000000003c368        0x0 build/cooja///mtype635.a(tsch-timeslot-t)
 .data          0x000000000003c368       0x20 build/cooja///mtype635.a(uip-icmp6.o)
 .data          0x000000000003c388        0xc build/cooja///mtype635.a(uip-nd6.o)
 .data          0x000000000003c394        0x0 build/cooja///mtype635.a(rpl-dag-root.o)
 .data          0x000000000003c394       0x14 build/cooja///mtype635.a(rpl-dag.o)
                0x000000000003c3a4                rpl_parents
 .data          0x000000000003c3a8        0x0 build/cooja///mtype635.a(rpl-ext-header.)
 .data          0x000000000003c3a8       0x34 build/cooja///mtype635.a(rpl-icmp6.o)
 *fill*         0x000000000003c3dc        0x4 
 .data          0x000000000003c3e0       0x24 build/cooja///mtype635.a(rpl-mrhof.o)
                0x000000000003c3e0                rpl_mrhof
 .data          0x000000000003c404        0x0 build/cooja///mtype635.a(rpl-timers.o)
 .data          0x000000000003c404        0xc build/cooja///mtype635.a(shell-commands.)
 .data          0x000000000003c410        0x0 build/cooja///mtype635.a(frame802154e-ie)
 .data          0x000000000003c410       0x10 build/cooja///mtype635.a(uip-sr.o)
 .data          0x000000000003c420        0x0 /usr/lib/gcc/i686-linux-gnu/4.8/libgcc.a(_divdi3.o)
 .data          0x000000000003c420        0x0 /usr/lib/gcc/i686-linux-gnu/4.8/libgcc.a(_udivdi3.o)
 .data          0x000000000003c420        0x0 /usr/lib/gcc/i686-linux-gnu/4.8/crtendS.o
 .data          0x000000000003c420        0x0 /usr/lib/gcc/i686-linux-gnu/4.8/../../../i386-linux-gnu/crtn.o

.tm_clone_table
                0x000000000003c420        0x0
 .tm_clone_table
                0x000000000003c420        0x0 /usr/lib/gcc/i686-linux-gnu/4.8/crtbeginS.o
 .tm_clone_table
                0x000000000003c420        0x0 /usr/lib/gcc/i686-linux-gnu/4.8/crtendS.o

.data1
 *(.data1)
                0x000000000003c420                _edata = .
                0x000000000003c420                PROVIDE (edata, .)
                0x000000000003c420                . = .
                0x000000000003c420                __bss_start = .

.bss            0x000000000003c420    0x2bdd8
 *(.dynbss)
 .dynbss        0x0000000000000000        0x0 /usr/lib/gcc/i686-linux-gnu/4.8/../../../i386-linux-gnu/crti.o
 *(.bss .bss.* .gnu.linkonce.b.*)
 .bss           0x000000000003c420        0x0 /usr/lib/gcc/i686-linux-gnu/4.8/../../../i386-linux-gnu/crti.o
 .bss           0x000000000003c420        0x1 /usr/lib/gcc/i686-linux-gnu/4.8/crtbeginS.o
 *fill*         0x000000000003c421       0x1f 
 .bss           0x000000000003c440       0x60 udp-client.o
 .bss           0x000000000003c4a0     0x2030 build/cooja///mtype635.o
 .bss           0x000000000003e4d0        0x1 build/cooja///mtype635.a(simEnvChange.o)
                0x000000000003e4d0                simDontFallAsleep
 *fill*         0x000000000003e4d1        0x3 
 .bss           0x000000000003e4d4        0x4 build/cooja///mtype635.a(cooja_mt.o)
 .bss           0x000000000003e4d8        0x4 build/cooja///mtype635.a(cooja_mtarch.o)
 .bss           0x000000000003e4dc        0x0 build/cooja///mtype635.a(rtimer-arch.o)
 .bss           0x000000000003e4dc        0x0 build/cooja///mtype635.a(beep.o)
 .bss           0x000000000003e4dc        0x8 build/cooja///mtype635.a(button-sensor.o)
 .bss           0x000000000003e4e4        0x0 build/cooja///mtype635.a(leds-arch.o)
 .bss           0x000000000003e4e4        0x0 build/cooja///mtype635.a(moteid.o)
 .bss           0x000000000003e4e4        0x1 build/cooja///mtype635.a(pir-sensor.o)
                0x000000000003e4e4                simPirValue
 *fill*         0x000000000003e4e5        0x3 
 .bss           0x000000000003e4e8        0x4 build/cooja///mtype635.a(rs232.o)
 .bss           0x000000000003e4ec        0x1 build/cooja///mtype635.a(vib-sensor.o)
                0x000000000003e4ec                simVibValue
 .bss           0x000000000003e4ed        0x0 build/cooja///mtype635.a(clock.o)
 *fill*         0x000000000003e4ed       0x13 
 .bss           0x000000000003e500     0x2020 build/cooja///mtype635.a(cooja-log.o)
 .bss           0x0000000000040520      0xfc0 build/cooja///mtype635.a(cfs-cooja.o)
                0x0000000000040520                simCFSData
                0x00000000000414c0                simCFSSize
                0x00000000000414c4                simCFSChanged
                0x00000000000414c8                simCFSRead
                0x00000000000414cc                simCFSWritten
 .bss           0x00000000000414e0       0x24 build/cooja///mtype635.a(cooja-radio.o)
                0x00000000000414e0                simReceiving
                0x00000000000414e4                simInSize
                0x00000000000414e8                simLastPacketTimestamp
                0x00000000000414f0                simOutSize
 .bss           0x0000000000041504        0xc build/cooja///mtype635.a(eeprom.o)
                0x0000000000041504                simEEPROMChanged
                0x0000000000041508                simEEPROMRead
                0x000000000004150c                simEEPROMWritten
 .bss           0x0000000000041510        0x0 build/cooja///mtype635.a(random.o)
 .bss           0x0000000000041510        0xc build/cooja///mtype635.a(sensors.o)
 .bss           0x000000000004151c        0x4 build/cooja///mtype635.a(orchestra-rule-)
 .bss           0x0000000000041520        0x8 build/cooja///mtype635.a(orchestra-rule-)
 .bss           0x0000000000041528        0x8 build/cooja///mtype635.a(orchestra-rule-)
 .bss           0x0000000000041530        0x8 build/cooja///mtype635.a(orchestra-rule-)
 .bss           0x0000000000041538        0x4 build/cooja///mtype635.a(orchestra.o)
                0x0000000000041538                orchestra_parent_knows_us
 .bss           0x000000000004153c        0x0 build/cooja///mtype635.a(contiki-main.o)
 .bss           0x000000000004153c        0x0 build/cooja///mtype635.a(autostart.o)
 .bss           0x000000000004153c        0x5 build/cooja///mtype635.a(ctimer.o)
 .bss           0x0000000000041541        0x0 build/cooja///mtype635.a(energest.o)
 *fill*         0x0000000000041541        0x3 
 .bss           0x0000000000041544        0x8 build/cooja///mtype635.a(etimer.o)
 .bss           0x000000000004154c       0x28 build/cooja///mtype635.a(log.o)
                0x000000000004154c                curr_log_level_rpl
                0x0000000000041550                curr_log_level_tcpip
                0x0000000000041554                curr_log_level_ipv6
                0x0000000000041558                curr_log_level_6lowpan
                0x000000000004155c                curr_log_level_nullnet
                0x0000000000041560                curr_log_level_mac
                0x0000000000041564                curr_log_level_framer
                0x0000000000041568                curr_log_level_6top
                0x000000000004156c                curr_log_level_coap
                0x0000000000041570                curr_log_level_lwm2m
 .bss           0x0000000000041574        0x2 build/cooja///mtype635.a(node-id.o)
                0x0000000000041574                node_id
 *fill*         0x0000000000041576        0xa 
 .bss           0x0000000000041580      0x1a1 build/cooja///mtype635.a(process.o)
                0x0000000000041580                process_list
                0x0000000000041584                process_current
 *fill*         0x0000000000041721        0x3 
 .bss           0x0000000000041724        0x4 build/cooja///mtype635.a(rtimer.o)
 .bss           0x0000000000041728        0x0 build/cooja///mtype635.a(timer.o)
 *fill*         0x0000000000041728       0x18 
 .bss           0x0000000000041740      0x140 build/cooja///mtype635.a(serial-line.o)
 .bss           0x0000000000041880        0x0 build/cooja///mtype635.a(list.o)
 .bss           0x0000000000041880        0x0 build/cooja///mtype635.a(ringbuf.o)
 .bss           0x0000000000041880        0x0 build/cooja///mtype635.a(linkaddr.o)
 .bss           0x0000000000041880     0x1214 build/cooja///mtype635.a(nbr-table.o)
 .bss           0x0000000000042a94        0x4 build/cooja///mtype635.a(netstack.o)
 *fill*         0x0000000000042a98        0x8 
 .bss           0x0000000000042aa0       0xa0 build/cooja///mtype635.a(packetbuf.o)
 .bss           0x0000000000042b40     0x2d80 build/cooja///mtype635.a(queuebuf.o)
 .bss           0x00000000000458c0      0x4ac build/cooja///mtype635.a(tsch-schedule.o)
 *fill*         0x0000000000045d6c       0x14 
 .bss           0x0000000000045d80      0x1b8 build/cooja///mtype635.a(tsch-slot-opera)
                0x0000000000045d80                last_timesource_neighbor
                0x0000000000045d84                current_link
                0x0000000000045d88                tsch_current_burst_count
 *fill*         0x0000000000045f38        0x8 
 .bss           0x0000000000045f40      0x124 build/cooja///mtype635.a(tsch.o)
                0x0000000000045f40                tsch_is_started
                0x0000000000045f44                tsch_is_initialized
                0x0000000000045f48                tsch_is_coordinator
                0x0000000000045f4c                tsch_is_associated
                0x0000000000045f50                tsch_association_count
                0x0000000000045f54                tsch_is_pan_secured
 *fill*         0x0000000000046064       0x1c 
 .bss           0x0000000000046080      0x724 build/cooja///mtype635.a(sicslowpan.o)
 *fill*         0x00000000000467a4       0x1c 
 .bss           0x00000000000467c0      0x520 build/cooja///mtype635.a(simple-udp.o)
 .bss           0x0000000000046ce0       0x10 build/cooja///mtype635.a(tcpip.o)
 *fill*         0x0000000000046cf0       0x10 
 .bss           0x0000000000046d00     0x1c20 build/cooja///mtype635.a(uip-ds6-nbr.o)
 .bss           0x0000000000048920     0x44a4 build/cooja///mtype635.a(uip-ds6-route.o)
 .bss           0x000000000004cdc4       0x20 build/cooja///mtype635.a(uip-ds6.o)
 *fill*         0x000000000004cde4       0x1c 
 .bss           0x000000000004ce00      0xa78 build/cooja///mtype635.a(uip-packetqueue)
 .bss           0x000000000004d878        0x0 build/cooja///mtype635.a(uip-udp-packet.)
 .bss           0x000000000004d878        0x6 build/cooja///mtype635.a(uip6.o)
                0x000000000004d878                uip_ext_bitmap
                0x000000000004d879                uip_ext_len
                0x000000000004d87a                uip_last_proto
 .bss           0x000000000004d87e       0x18 build/cooja///mtype635.a(uipbuf.o)
 .bss           0x000000000004d896        0x0 build/cooja///mtype635.a(uiplib.o)
 *fill*         0x000000000004d896        0x2 
 .bss           0x000000000004d898       0x12 build/cooja///mtype635.a(rpl-nbr-policy.)
 *fill*         0x000000000004d8aa        0x2 
 .bss           0x000000000004d8ac        0x4 build/cooja///mtype635.a(rpl.o)
 .bss           0x000000000004d8b0        0x0 build/cooja///mtype635.a(watchdog.o)
 .bss           0x000000000004d8b0        0x2 build/cooja///mtype635.a(serial-shell.o)
 *fill*         0x000000000004d8b2        0x2 
 .bss           0x000000000004d8b4        0xa build/cooja///mtype635.a(shell.o)
 .bss           0x000000000004d8be        0x0 build/cooja///mtype635.a(stimer.o)
 .bss           0x000000000004d8be        0x0 build/cooja///mtype635.a(memb.o)
 .bss           0x000000000004d8be        0x0 build/cooja///mtype635.a(ringbufindex.o)
 *fill*         0x000000000004d8be        0x2 
 .bss           0x000000000004d8c0      0xe10 build/cooja///mtype635.a(link-stats.o)
 *fill*         0x000000000004e6d0       0x10 
 .bss           0x000000000004e6e0      0x100 build/cooja///mtype635.a(mac-sequence.o)
 .bss           0x000000000004e7e0        0x0 build/cooja///mtype635.a(mac.o)
 .bss           0x000000000004e7e0        0x0 build/cooja///mtype635.a(frame802154.o)
 .bss           0x000000000004e7e0        0x2 build/cooja///mtype635.a(framer-802154.o)